Build started 28/03/2026 1:59:08 CH.
Logging verbosity is set to: Detailed.     0>Process = "C:\Program Files\dotnet\dotnet.exe"
       MSBuild executable path = "C:\Program Files\dotnet\sdk\9.0.308\MSBuild.dll"
       Command line arguments = "C:\Program Files\dotnet\sdk\9.0.308\MSBuild.dll -maxcpucount -verbosity:m -tlp:default=auto -nologo -restore -consoleloggerparameters:Summary -fl -flp:logfile=build_errors.log -distributedlogger:Microsoft.DotNet.Tools.MSBuild.MSBuildLogger,C:\Program Files\dotnet\sdk\9.0.308\dotnet.dll*Microsoft.DotNet.Tools.MSBuild.MSBuildForwardingLogger,C:\Program Files\dotnet\sdk\9.0.308\dotnet.dll"
       Current directory = "C:\Users\DELL\OneDrive\Desktop\Web spa\Long(ThanhToan_DatLich"
       MSBuild version = "17.14.28+09c1be848"
       Based on the Windows registry key LongPathsEnabled, the LongPaths feature is disabled.
       Based on the Windows registry key VerifiedAndReputablePolicyState, SAC state = 0: turned off.
       C:\Users\DELL\OneDrive\Desktop\Web spa\Long(ThanhToan_DatLich\SpaN5.sln.metaproj : message : Property 'MSBuildExtensionsPath' with value 'C:\Program Files\dotnet\sdk\9.0.308\' expanded from the environment.
       Assembly loaded during Evaluation: System.Threading.Tasks.Parallel, Version=9.0.0.0, Culture=neutral, PublicKeyToken=b03f5f7f11d50a3a (location: C:\Program Files\dotnet\shared\Microsoft.NETCore.App\9.0.11\System.Threading.Tasks.Parallel.dll, MVID: f258132d-614b-4953-b99c-9d0ef2e1ac97, AssemblyLoadContext: Default)
       C:\Program Files\dotnet\sdk\9.0.308\NuGet.targets(112,5): message : Property reassignment: $(_GenerateRestoreGraphProjectEntryInputProperties)="
       C:\Program Files\dotnet\sdk\9.0.308\NuGet.targets(112,5): message :       ExcludeRestorePackageImports=true;
       C:\Program Files\dotnet\sdk\9.0.308\NuGet.targets(112,5): message :       _RestoreSolutionFileUsed=true;
       C:\Program Files\dotnet\sdk\9.0.308\NuGet.targets(112,5): message :       SolutionDir=C:\Users\DELL\OneDrive\Desktop\Web spa\Long(ThanhToan_DatLich\;
       C:\Program Files\dotnet\sdk\9.0.308\NuGet.targets(112,5): message :       SolutionName=SpaN5;
       C:\Program Files\dotnet\sdk\9.0.308\NuGet.targets(112,5): message :       SolutionFileName=SpaN5.sln;
       C:\Program Files\dotnet\sdk\9.0.308\NuGet.targets(112,5): message :       SolutionPath=C:\Users\DELL\OneDrive\Desktop\Web spa\Long(ThanhToan_DatLich\SpaN5.sln;
       C:\Program Files\dotnet\sdk\9.0.308\NuGet.targets(112,5): message :       SolutionExt=.sln;
       C:\Program Files\dotnet\sdk\9.0.308\NuGet.targets(112,5): message :     " (previous value: "ExcludeRestorePackageImports=true") at C:\Program Files\dotnet\sdk\9.0.308\NuGet.targets (112,5)
       Assembly loaded during Evaluation: System.Numerics.Vectors, Version=9.0.0.0, Culture=neutral, PublicKeyToken=b03f5f7f11d50a3a (location: C:\Program Files\dotnet\shared\Microsoft.NETCore.App\9.0.11\System.Numerics.Vectors.dll, MVID: 120660e3-ff78-4e4f-91c0-260b0a60cb3c, AssemblyLoadContext: Default)
       Overriding target "Restore" in project "C:\Users\DELL\OneDrive\Desktop\Web spa\Long(ThanhToan_DatLich\SpaN5.sln.metaproj" with target "Restore" from project "C:\Program Files\dotnet\sdk\9.0.308\NuGet.targets".
       The target "Store" listed in a BeforeTargets attribute at "C:\Program Files\dotnet\sdk\9.0.308\Current\SolutionFile\ImportAfter\Microsoft.NET.Sdk.Solution.targets (33,11)" does not exist in the project, and will be ignored.
       The target "VSTest" listed in a BeforeTargets attribute at "C:\Program Files\dotnet\sdk\9.0.308\Current\SolutionFile\ImportAfter\Microsoft.NET.Sdk.Solution.targets (33,11)" does not exist in the project, and will be ignored.
       The target "_CheckForInvalidConfigurationAndPlatform" listed in a BeforeTargets attribute at "C:\Program Files\dotnet\sdk\9.0.308\NuGet.targets (711,11)" does not exist in the project, and will be ignored.
     1>Project "C:\Users\DELL\OneDrive\Desktop\Web spa\Long(ThanhToan_DatLich\SpaN5.sln" on node 1 (Restore target(s)).
     1>Target "ValidateSolutionConfiguration" in file "C:\Users\DELL\OneDrive\Desktop\Web spa\Long(ThanhToan_DatLich\SpaN5.sln.metaproj" from project "C:\Users\DELL\OneDrive\Desktop\Web spa\Long(ThanhToan_DatLich\SpaN5.sln" (entry point):
     1>Task "Error" skipped, due to false condition; (('$(CurrentSolutionConfigurationContents)' == '') and ('$(SkipInvalidConfigurations)' != 'true')) was evaluated as (('<SolutionConfiguration>
  <ProjectConfiguration Project="{2850A0F2-8150-405F-A810-9630E164E097}" AbsolutePath="C:\Users\DELL\OneDrive\Desktop\Web spa\Long(ThanhToan_DatLich\SpaN5.csproj" BuildProjectInSolution="True">Debug|AnyCPU</ProjectConfiguration>
</SolutionConfiguration>' == '') and ('' != 'true')).
       Task "Warning" skipped, due to false condition; (('$(CurrentSolutionConfigurationContents)' == '') and ('$(SkipInvalidConfigurations)' == 'true')) was evaluated as (('<SolutionConfiguration>
         <ProjectConfiguration Project="{2850A0F2-8150-405F-A810-9630E164E097}" AbsolutePath="C:\Users\DELL\OneDrive\Desktop\Web spa\Long(ThanhToan_DatLich\SpaN5.csproj" BuildProjectInSolution="True">Debug|AnyCPU</ProjectConfiguration>
       </SolutionConfiguration>' == '') and ('' == 'true')).
       Using "Message" task from assembly "Microsoft.Build.Tasks.Core, Version=15.1.0.0, Culture=neutral, PublicKeyToken=b03f5f7f11d50a3a".
       Task "Message"
         Building solution configuration "Debug|Any CPU".
       Done executing task "Message".
     1>Done building target "ValidateSolutionConfiguration" in project "SpaN5.sln".
     1>Target "ValidateToolsVersions" in file "C:\Users\DELL\OneDrive\Desktop\Web spa\Long(ThanhToan_DatLich\SpaN5.sln.metaproj" from project "C:\Users\DELL\OneDrive\Desktop\Web spa\Long(ThanhToan_DatLich\SpaN5.sln" (entry point):
       Task "Error" skipped, due to false condition; ('$(MSBuildToolsVersion)' == '2.0' and ('$(ProjectToolsVersion)' != '2.0' and '$(ProjectToolsVersion)' != '')) was evaluated as ('Current' == '2.0' and ('' != '2.0' and '' != '')).
     1>Done building target "ValidateToolsVersions" in project "SpaN5.sln".
     1>Target "ValidateProjects" in file "C:\Users\DELL\OneDrive\Desktop\Web spa\Long(ThanhToan_DatLich\SpaN5.sln.metaproj" from project "C:\Users\DELL\OneDrive\Desktop\Web spa\Long(ThanhToan_DatLich\SpaN5.sln" (entry point):
     1>Done building target "ValidateProjects" in project "SpaN5.sln".
     1>Target "_LoadRestoreGraphEntryPoints" in file "C:\Program Files\dotnet\sdk\9.0.308\NuGet.targets" from project "C:\Users\DELL\OneDrive\Desktop\Web spa\Long(ThanhToan_DatLich\SpaN5.sln" (target "_FilterRestoreGraphProjectInputItems" depends on it):
       Assembly loaded during TaskRun: NuGet.Build.Tasks, Version=6.14.0.116, Culture=neutral, PublicKeyToken=31bf3856ad364e35 (location: C:\Program Files\dotnet\sdk\9.0.308\NuGet.Build.Tasks.dll, MVID: c545d64d-0cbb-4fc0-971c-b5c1c1e75cf3, AssemblyLoadContext: MSBuild plugin C:\Program Files\dotnet\sdk\9.0.308\NuGet.Build.Tasks.dll)
       Assembly loaded during TaskRun: System.Reflection.Metadata, Version=9.0.0.0, Culture=neutral, PublicKeyToken=b03f5f7f11d50a3a (location: C:\Program Files\dotnet\shared\Microsoft.NETCore.App\9.0.11\System.Reflection.Metadata.dll, MVID: 89d82001-24c8-4abb-843a-1416ffadeb03, AssemblyLoadContext: Default)
       Assembly loaded during TaskRun: NuGet.Common, Version=6.14.0.116, Culture=neutral, PublicKeyToken=31bf3856ad364e35 (location: C:\Program Files\dotnet\sdk\9.0.308\NuGet.Common.dll, MVID: 0fbb79ae-e358-4591-bc91-e34371a3d05b, AssemblyLoadContext: MSBuild plugin C:\Program Files\dotnet\sdk\9.0.308\NuGet.Build.Tasks.dll)
       Assembly loaded during TaskRun: NuGet.Commands, Version=6.14.0.116, Culture=neutral, PublicKeyToken=31bf3856ad364e35 (location: C:\Program Files\dotnet\sdk\9.0.308\NuGet.Commands.dll, MVID: e743f127-1013-45a0-a669-058903e72acf, AssemblyLoadContext: MSBuild plugin C:\Program Files\dotnet\sdk\9.0.308\NuGet.Build.Tasks.dll)
       Assembly loaded during TaskRun: NuGet.ProjectModel, Version=6.14.0.116, Culture=neutral, PublicKeyToken=31bf3856ad364e35 (location: C:\Program Files\dotnet\sdk\9.0.308\NuGet.ProjectModel.dll, MVID: 08d0df58-191b-4580-9b46-c281ab5b9b36, AssemblyLoadContext: MSBuild plugin C:\Program Files\dotnet\sdk\9.0.308\NuGet.Build.Tasks.dll)
       Using "GetRestoreSolutionProjectsTask" task from assembly "C:\Program Files\dotnet\sdk\9.0.308\NuGet.Build.Tasks.dll".
       Task "GetRestoreSolutionProjectsTask"
       Done executing task "GetRestoreSolutionProjectsTask".
     1>Done building target "_LoadRestoreGraphEntryPoints" in project "SpaN5.sln".
     1>Target "_FilterRestoreGraphProjectInputItems" in file "C:\Program Files\dotnet\sdk\9.0.308\NuGet.targets" from project "C:\Users\DELL\OneDrive\Desktop\Web spa\Long(ThanhToan_DatLich\SpaN5.sln" (target "_GenerateRestoreGraph" depends on it):
       Using "RemoveDuplicates" task from assembly "Microsoft.Build.Tasks.Core, Version=15.1.0.0, Culture=neutral, PublicKeyToken=b03f5f7f11d50a3a".
       Task "RemoveDuplicates"
       Done executing task "RemoveDuplicates".
       Using "MSBuild" task from assembly "Microsoft.Build.Tasks.Core, Version=15.1.0.0, Culture=neutral, PublicKeyToken=b03f5f7f11d50a3a".
       Task "MSBuild"
         Global Properties:
           ExcludeRestorePackageImports=true
           _RestoreSolutionFileUsed=true
           SolutionDir=C:\Users\DELL\OneDrive\Desktop\Web spa\Long%28ThanhToan_DatLich\
           SolutionName=SpaN5
           SolutionFileName=SpaN5.sln
           SolutionPath=C:\Users\DELL\OneDrive\Desktop\Web spa\Long%28ThanhToan_DatLich\SpaN5.sln
           SolutionExt=.sln
         Additional Properties for project "C:\Users\DELL\OneDrive\Desktop\Web spa\Long(ThanhToan_DatLich\SpaN5.csproj":
           Configuration=Debug
           Platform=AnyCPU
     0>The SDK "Microsoft.NET.Sdk.Web" was successfully resolved by the "DefaultSdkResolver" resolver to location "C:\Program Files\dotnet\sdk\9.0.308\Sdks\Microsoft.NET.Sdk.Web\Sdk" and version "".
       Assembly loaded during Evaluation: NuGet.Frameworks, Version=6.14.0.116, Culture=neutral, PublicKeyToken=31bf3856ad364e35 (location: C:\Program Files\dotnet\sdk\9.0.308\NuGet.Frameworks.dll, MVID: 6b5909cd-5145-46c4-9595-25461e82c126, AssemblyLoadContext: Assembly.LoadFile(C:\Program Files\dotnet\sdk\9.0.308\NuGet.Frameworks.dll))
       The SDK "Microsoft.NET.Sdk" was successfully resolved by the "DefaultSdkResolver" resolver to location "C:\Program Files\dotnet\sdk\9.0.308\Sdks\Microsoft.NET.Sdk\Sdk" and version "".
       C:\Program Files\dotnet\sdk\9.0.308\Sdks\Microsoft.NET.Sdk\Sdk\Sdk.props(49,11): message : Property 'MSBuildExtensionsPath' with value 'C:\Program Files\dotnet\sdk\9.0.308\' expanded from the environment.
       C:\Program Files\dotnet\sdk\9.0.308\Current\Microsoft.Common.props(60,5): message : Property reassignment: $(MSBuildProjectExtensionsPath)="C:\Users\DELL\OneDrive\Desktop\Web spa\Long(ThanhToan_DatLich\obj\" (previous value: "obj\") at C:\Program Files\dotnet\sdk\9.0.308\Current\Microsoft.Common.props (60,5)
       C:\Program Files\dotnet\sdk\9.0.308\Current\Microsoft.Common.props(84,119): message : Property 'MSBuildUserExtensionsPath' with value 'C:\Users\DELL\AppData\Local\Microsoft\MSBuild' expanded from the environment.
       The "Configuration" property is a global property, and cannot be modified.
       The "Platform" property is a global property, and cannot be modified.
       The "Configuration" property is a global property, and cannot be modified.
       The "Platform" property is a global property, and cannot be modified.
       C:\Program Files\dotnet\sdk\9.0.308\Sdks\Microsoft.NET.Sdk\targets\Microsoft.NET.Sdk.props(90,5): message : Property reassignment: $(AssemblySearchPaths)="{CandidateAssemblyFiles};{HintPathFromItem}" (previous value: "{CandidateAssemblyFiles}") at C:\Program Files\dotnet\sdk\9.0.308\Sdks\Microsoft.NET.Sdk\targets\Microsoft.NET.Sdk.props (90,5)
       C:\Program Files\dotnet\sdk\9.0.308\Sdks\Microsoft.NET.Sdk\targets\Microsoft.NET.Sdk.props(91,5): message : Property reassignment: $(AssemblySearchPaths)="{CandidateAssemblyFiles};{HintPathFromItem};{TargetFrameworkDirectory}" (previous value: "{CandidateAssemblyFiles};{HintPathFromItem}") at C:\Program Files\dotnet\sdk\9.0.308\Sdks\Microsoft.NET.Sdk\targets\Microsoft.NET.Sdk.props (91,5)
       C:\Program Files\dotnet\sdk\9.0.308\Sdks\Microsoft.NET.Sdk\targets\Microsoft.NET.Sdk.props(92,5): message : Property reassignment: $(AssemblySearchPaths)="{CandidateAssemblyFiles};{HintPathFromItem};{TargetFrameworkDirectory};{RawFileName}" (previous value: "{CandidateAssemblyFiles};{HintPathFromItem};{TargetFrameworkDirectory}") at C:\Program Files\dotnet\sdk\9.0.308\Sdks\Microsoft.NET.Sdk\targets\Microsoft.NET.Sdk.props (92,5)
       The "DefaultSdkResolver" resolver attempted to resolve the SDK "Microsoft.NET.SDK.WorkloadAutoImportPropsLocator".
       Warnings: null
       Errors: MSB4276: The default SDK resolver failed to resolve SDK "Microsoft.NET.SDK.WorkloadAutoImportPropsLocator" because directory "C:\Program Files\dotnet\sdk\9.0.308\Sdks\Microsoft.NET.SDK.WorkloadAutoImportPropsLocator\Sdk" did not exist.
       Assembly loaded during Evaluation: Microsoft.Build.NuGetSdkResolver, Version=6.14.0.116, Culture=neutral, PublicKeyToken=31bf3856ad364e35 (location: C:\Program Files\dotnet\sdk\9.0.308\Microsoft.Build.NuGetSdkResolver.dll, MVID: ee5cca45-a90e-417e-aaf7-f0e96f222226, AssemblyLoadContext: MSBuild plugin C:\Program Files\dotnet\sdk\9.0.308\Microsoft.Build.NuGetSdkResolver.dll)
       Assembly loaded during Evaluation: NuGet.Common, Version=6.14.0.116, Culture=neutral, PublicKeyToken=31bf3856ad364e35 (location: C:\Program Files\dotnet\sdk\9.0.308\NuGet.Common.dll, MVID: 0fbb79ae-e358-4591-bc91-e34371a3d05b, AssemblyLoadContext: MSBuild plugin C:\Program Files\dotnet\sdk\9.0.308\Microsoft.Build.NuGetSdkResolver.dll)
       Assembly loaded during Evaluation: Microsoft.NET.Sdk.WorkloadMSBuildSdkResolver, Version=9.0.308.0, Culture=neutral, PublicKeyToken=31bf3856ad364e35 (location: C:\Program Files\dotnet\sdk\9.0.308\Microsoft.NET.Sdk.WorkloadMSBuildSdkResolver.dll, MVID: de80750d-b56e-4389-a05e-16dd6c5dec69, AssemblyLoadContext: MSBuild plugin C:\Program Files\dotnet\sdk\9.0.308\Microsoft.NET.Sdk.WorkloadMSBuildSdkResolver.dll)
       Assembly loaded during Evaluation: Microsoft.DotNet.Cli.Utils, Version=9.0.308.0, Culture=neutral, PublicKeyToken=adb9793829ddae60 (location: C:\Program Files\dotnet\sdk\9.0.308\Microsoft.DotNet.Cli.Utils.dll, MVID: 2ebb2876-03cb-448a-8a26-71bfcb1cdd62, AssemblyLoadContext: MSBuild plugin C:\Program Files\dotnet\sdk\9.0.308\Microsoft.NET.Sdk.WorkloadMSBuildSdkResolver.dll)
       Assembly loaded during Evaluation: Microsoft.NET.Sdk.WorkloadManifestReader, Version=9.0.308.0, Culture=neutral, PublicKeyToken=adb9793829ddae60 (location: C:\Program Files\dotnet\sdk\9.0.308\Microsoft.NET.Sdk.WorkloadManifestReader.dll, MVID: 116b6b15-b12d-443f-88a9-4a46c36ffe56, AssemblyLoadContext: MSBuild plugin C:\Program Files\dotnet\sdk\9.0.308\Microsoft.NET.Sdk.WorkloadMSBuildSdkResolver.dll)
       Assembly loaded during Evaluation: Microsoft.Deployment.DotNet.Releases, Version=2.0.0.0, Culture=neutral, PublicKeyToken=31bf3856ad364e35 (location: C:\Program Files\dotnet\sdk\9.0.308\Microsoft.Deployment.DotNet.Releases.dll, MVID: 400d16c0-099c-46d2-bc0e-802a0637399b, AssemblyLoadContext: MSBuild plugin C:\Program Files\dotnet\sdk\9.0.308\Microsoft.NET.Sdk.WorkloadMSBuildSdkResolver.dll)
       The SDK "Microsoft.NET.SDK.WorkloadAutoImportPropsLocator" was successfully resolved by the "Microsoft.DotNet.MSBuildWorkloadSdkResolver" resolver to location "null" and version "null".
       C:\Program Files\dotnet\sdk\9.0.308\Sdks\Microsoft.NET.Sdk\targets\Microsoft.NET.PackProjectTool.props(15,5): message : Property reassignment: $(TargetsForTfmSpecificContentInPackage)=";PackTool;_PackProjectToolValidation" (previous value: ";PackTool") at C:\Program Files\dotnet\sdk\9.0.308\Sdks\Microsoft.NET.Sdk\targets\Microsoft.NET.PackProjectTool.props (15,5)
       The SDK "Microsoft.NET.Sdk.Razor" was successfully resolved by the "DefaultSdkResolver" resolver to location "C:\Program Files\dotnet\sdk\9.0.308\Sdks\Microsoft.NET.Sdk.Razor\Sdk" and version "".
       The SDK "Microsoft.NET.Sdk.StaticWebAssets" was successfully resolved by the "DefaultSdkResolver" resolver to location "C:\Program Files\dotnet\sdk\9.0.308\Sdks\Microsoft.NET.Sdk.StaticWebAssets\Sdk" and version "".
       C:\Program Files\dotnet\sdk\9.0.308\Sdks\Microsoft.NET.Sdk.StaticWebAssets\Sdk\Sdk.StaticWebAssets.StaticAssets.ProjectSystem.props(23,5): message : Property reassignment: $(DefaultItemExcludes)=";**\node_modules\**;node_modules\**;**\jspm_packages\**;jspm_packages\**" (previous value: ";**\node_modules\**;node_modules\**") at C:\Program Files\dotnet\sdk\9.0.308\Sdks\Microsoft.NET.Sdk.StaticWebAssets\Sdk\Sdk.StaticWebAssets.StaticAssets.ProjectSystem.props (23,5)
       C:\Program Files\dotnet\sdk\9.0.308\Sdks\Microsoft.NET.Sdk.StaticWebAssets\Sdk\Sdk.StaticWebAssets.StaticAssets.ProjectSystem.props(24,5): message : Property reassignment: $(DefaultItemExcludes)=";**\node_modules\**;node_modules\**;**\jspm_packages\**;jspm_packages\**;**\bower_components\**;bower_components\**" (previous value: ";**\node_modules\**;node_modules\**;**\jspm_packages\**;jspm_packages\**") at C:\Program Files\dotnet\sdk\9.0.308\Sdks\Microsoft.NET.Sdk.StaticWebAssets\Sdk\Sdk.StaticWebAssets.StaticAssets.ProjectSystem.props (24,5)
       C:\Program Files\dotnet\sdk\9.0.308\Sdks\Microsoft.NET.Sdk.StaticWebAssets\Sdk\Sdk.StaticWebAssets.StaticAssets.ProjectSystem.props(25,5): message : Property reassignment: $(DefaultItemExcludes)=";**\node_modules\**;node_modules\**;**\jspm_packages\**;jspm_packages\**;**\bower_components\**;bower_components\**;**\packages.lock.json" (previous value: ";**\node_modules\**;node_modules\**;**\jspm_packages\**;jspm_packages\**;**\bower_components\**;bower_components\**") at C:\Program Files\dotnet\sdk\9.0.308\Sdks\Microsoft.NET.Sdk.StaticWebAssets\Sdk\Sdk.StaticWebAssets.StaticAssets.ProjectSystem.props (25,5)
       The SDK "Microsoft.NET.Sdk.Web.ProjectSystem" was successfully resolved by the "DefaultSdkResolver" resolver to location "C:\Program Files\dotnet\sdk\9.0.308\Sdks\Microsoft.NET.Sdk.Web.ProjectSystem\Sdk" and version "".
       C:\Program Files\dotnet\sdk\9.0.308\Sdks\Microsoft.NET.Sdk.Web.ProjectSystem\targets\Microsoft.NET.Sdk.Web.ProjectSystem.props(16,5): message : Property reassignment: $(OutputType)="Exe" (previous value: "Library") at C:\Program Files\dotnet\sdk\9.0.308\Sdks\Microsoft.NET.Sdk.Web.ProjectSystem\targets\Microsoft.NET.Sdk.Web.ProjectSystem.props (16,5)
       The SDK "Microsoft.NET.Sdk.Publish" was successfully resolved by the "DefaultSdkResolver" resolver to location "C:\Program Files\dotnet\sdk\9.0.308\Sdks\Microsoft.NET.Sdk.Publish\Sdk" and version "".
       The "Configuration" property is a global property, and cannot be modified.
       The "Platform" property is a global property, and cannot be modified.
       C:\Program Files\dotnet\sdk\9.0.308\Sdks\Microsoft.NET.Sdk\targets\Microsoft.NET.Sdk.ImportPublishProfile.targets(28,5): message : Property reassignment: $(PublishProfileImported)="false" (previous value: "true") at C:\Program Files\dotnet\sdk\9.0.308\Sdks\Microsoft.NET.Sdk\targets\Microsoft.NET.Sdk.ImportPublishProfile.targets (28,5)
       C:\Program Files\dotnet\sdk\9.0.308\Sdks\Microsoft.NET.Sdk\targets\Microsoft.NET.TargetFrameworkInference.targets(69,5): message : Property reassignment: $(TargetPlatformVersion)="" (previous value: "0.0") at C:\Program Files\dotnet\sdk\9.0.308\Sdks\Microsoft.NET.Sdk\targets\Microsoft.NET.TargetFrameworkInference.targets (69,5)
       C:\Program Files\dotnet\sdk\9.0.308\Sdks\Microsoft.NET.Sdk\targets\Microsoft.NET.DefaultOutputPaths.targets(121,5): message : Property reassignment: $(DefaultItemExcludes)=";**\node_modules\**;node_modules\**;**\jspm_packages\**;jspm_packages\**;**\bower_components\**;bower_components\**;**\packages.lock.json;bin\Debug\/**" (previous value: ";**\node_modules\**;node_modules\**;**\jspm_packages\**;jspm_packages\**;**\bower_components\**;bower_components\**;**\packages.lock.json") at C:\Program Files\dotnet\sdk\9.0.308\Sdks\Microsoft.NET.Sdk\targets\Microsoft.NET.DefaultOutputPaths.targets (121,5)
       C:\Program Files\dotnet\sdk\9.0.308\Sdks\Microsoft.NET.Sdk\targets\Microsoft.NET.DefaultOutputPaths.targets(122,5): message : Property reassignment: $(DefaultItemExcludes)=";**\node_modules\**;node_modules\**;**\jspm_packages\**;jspm_packages\**;**\bower_components\**;bower_components\**;**\packages.lock.json;bin\Debug\/**;obj\Debug\/**" (previous value: ";**\node_modules\**;node_modules\**;**\jspm_packages\**;jspm_packages\**;**\bower_components\**;bower_components\**;**\packages.lock.json;bin\Debug\/**") at C:\Program Files\dotnet\sdk\9.0.308\Sdks\Microsoft.NET.Sdk\targets\Microsoft.NET.DefaultOutputPaths.targets (122,5)
       C:\Program Files\dotnet\sdk\9.0.308\Sdks\Microsoft.NET.Sdk\targets\Microsoft.NET.DefaultOutputPaths.targets(137,5): message : Property reassignment: $(OutputPath)="bin\Debug\net8.0\" (previous value: "bin\Debug\") at C:\Program Files\dotnet\sdk\9.0.308\Sdks\Microsoft.NET.Sdk\targets\Microsoft.NET.DefaultOutputPaths.targets (137,5)
       C:\Program Files\dotnet\sdk\9.0.308\Sdks\Microsoft.NET.Sdk\targets\Microsoft.NET.DefaultOutputPaths.targets(142,5): message : Property reassignment: $(IntermediateOutputPath)="obj\Debug\net8.0\" (previous value: "obj\Debug\") at C:\Program Files\dotnet\sdk\9.0.308\Sdks\Microsoft.NET.Sdk\targets\Microsoft.NET.DefaultOutputPaths.targets (142,5)
       The "DefaultSdkResolver" resolver attempted to resolve the SDK "Microsoft.NET.SDK.WorkloadManifestTargetsLocator".
       Warnings: null
       Errors: MSB4276: The default SDK resolver failed to resolve SDK "Microsoft.NET.SDK.WorkloadManifestTargetsLocator" because directory "C:\Program Files\dotnet\sdk\9.0.308\Sdks\Microsoft.NET.SDK.WorkloadManifestTargetsLocator\Sdk" did not exist.
       The SDK "Microsoft.NET.SDK.WorkloadManifestTargetsLocator" was successfully resolved by the "Microsoft.DotNet.MSBuildWorkloadSdkResolver" resolver to location "C:\Program Files\dotnet\sdk-manifests\9.0.100\microsoft.net.sdk.android\35.0.78" and version "null".
       C:\Program Files\dotnet\sdk\9.0.308\Sdks\Microsoft.NET.Sdk\targets\Microsoft.NET.Sdk.BeforeCommon.targets(187,5): message : Property reassignment: $(_FrameworkIdentifierForImplicitDefine)="NET" (previous value: "NETCOREAPP") at C:\Program Files\dotnet\sdk\9.0.308\Sdks\Microsoft.NET.Sdk\targets\Microsoft.NET.Sdk.BeforeCommon.targets (187,5)
       C:\Program Files\dotnet\sdk\9.0.308\Sdks\Microsoft.NET.Sdk\targets\Microsoft.NET.Sdk.BeforeCommon.targets(192,5): message : Property reassignment: $(_FrameworkVersionForImplicitDefine)="8_0" (previous value: "8.0") at C:\Program Files\dotnet\sdk\9.0.308\Sdks\Microsoft.NET.Sdk\targets\Microsoft.NET.Sdk.BeforeCommon.targets (192,5)
       C:\Program Files\dotnet\sdk\9.0.308\Roslyn\Microsoft.CSharp.Core.targets(200,5): message : Property reassignment: $(CommandLineArgsForDesignTimeEvaluation)="-langversion:12.0 -define:TRACE" (previous value: "-langversion:12.0") at C:\Program Files\dotnet\sdk\9.0.308\Roslyn\Microsoft.CSharp.Core.targets (200,5)
       The "Platform" property is a global property, and cannot be modified.
       The "Configuration" property is a global property, and cannot be modified.
       C:\Program Files\dotnet\sdk\9.0.308\Microsoft.Common.CurrentVersion.targets(175,5): message : Property reassignment: $(_DebugSymbolsProduced)="true" (previous value: "false") at C:\Program Files\dotnet\sdk\9.0.308\Microsoft.Common.CurrentVersion.targets (175,5)
       C:\Program Files\dotnet\sdk\9.0.308\Microsoft.Common.CurrentVersion.targets(185,5): message : Property reassignment: $(_DocumentationFileProduced)="false" (previous value: "true") at C:\Program Files\dotnet\sdk\9.0.308\Microsoft.Common.CurrentVersion.targets (185,5)
       The "SolutionName" property is a global property, and cannot be modified.
       The "SolutionFileName" property is a global property, and cannot be modified.
       The "SolutionPath" property is a global property, and cannot be modified.
       The "SolutionDir" property is a global property, and cannot be modified.
       The "SolutionExt" property is a global property, and cannot be modified.
       C:\Program Files\dotnet\sdk\9.0.308\Microsoft.Common.CurrentVersion.targets(393,5): message : Property reassignment: $(MSBuildCopyMarkerName)="SpaN5.csproj.Up2Date" (previous value: "SpaN5.csproj") at C:\Program Files\dotnet\sdk\9.0.308\Microsoft.Common.CurrentVersion.targets (393,5)
       C:\Program Files\dotnet\sdk\9.0.308\Microsoft.Common.CurrentVersion.targets(541,5): message : Property reassignment: $(ProcessorArchitecture)="msil" (previous value: "") at C:\Program Files\dotnet\sdk\9.0.308\Microsoft.Common.CurrentVersion.targets (541,5)
       C:\Program Files\dotnet\sdk\9.0.308\Microsoft.Common.CurrentVersion.targets(580,5): message : Property reassignment: $(DelaySign)="" (previous value: "false") at C:\Program Files\dotnet\sdk\9.0.308\Microsoft.Common.CurrentVersion.targets (580,5)
       C:\Program Files\dotnet\sdk\9.0.308\Microsoft.Common.CurrentVersion.targets(2619,5): message : Property 'LOCALAPPDATA' with value 'C:\Users\DELL\AppData\Local' expanded from the environment.
       C:\Program Files\dotnet\sdk\9.0.308\Microsoft.Common.CurrentVersion.targets(3947,5): message : Property reassignment: $(_SGenGenerateSerializationAssembliesConfig)="Auto" (previous value: "") at C:\Program Files\dotnet\sdk\9.0.308\Microsoft.Common.CurrentVersion.targets (3947,5)
       C:\Program Files\dotnet\sdk\9.0.308\Microsoft.Common.CurrentVersion.targets(3948,5): message : Property reassignment: $(_SGenGenerateSerializationAssembliesConfig)="Off" (previous value: "Auto") at C:\Program Files\dotnet\sdk\9.0.308\Microsoft.Common.CurrentVersion.targets (3948,5)
       C:\Program Files\dotnet\sdk\9.0.308\Microsoft.Common.CurrentVersion.targets(5159,5): message : Property reassignment: $(_TargetsThatPrepareProjectReferences)="
       C:\Program Files\dotnet\sdk\9.0.308\Microsoft.Common.CurrentVersion.targets(5159,5): message :       AssignProjectConfiguration;
       C:\Program Files\dotnet\sdk\9.0.308\Microsoft.Common.CurrentVersion.targets(5159,5): message :       _SplitProjectReferencesByFileExistence
       C:\Program Files\dotnet\sdk\9.0.308\Microsoft.Common.CurrentVersion.targets(5159,5): message :     " (previous value: "_SplitProjectReferencesByFileExistence") at C:\Program Files\dotnet\sdk\9.0.308\Microsoft.Common.CurrentVersion.targets (5159,5)
       C:\Program Files\dotnet\sdk\9.0.308\Microsoft.Common.CurrentVersion.targets(6954,5): message : Property 'MSBuildExtensionsPath32' with value 'C:\Program Files\dotnet\sdk\9.0.308' expanded from the environment.
       The "_RestoreSolutionFileUsed" property is a global property, and cannot be modified.
       C:\Program Files\dotnet\sdk\9.0.308\NuGet.targets(112,5): message : Property reassignment: $(_GenerateRestoreGraphProjectEntryInputProperties)="
       C:\Program Files\dotnet\sdk\9.0.308\NuGet.targets(112,5): message :       ExcludeRestorePackageImports=true;
       C:\Program Files\dotnet\sdk\9.0.308\NuGet.targets(112,5): message :       _RestoreSolutionFileUsed=true;
       C:\Program Files\dotnet\sdk\9.0.308\NuGet.targets(112,5): message :       SolutionDir=C:\Users\DELL\OneDrive\Desktop\Web spa\Long(ThanhToan_DatLich\;
       C:\Program Files\dotnet\sdk\9.0.308\NuGet.targets(112,5): message :       SolutionName=SpaN5;
       C:\Program Files\dotnet\sdk\9.0.308\NuGet.targets(112,5): message :       SolutionFileName=SpaN5.sln;
       C:\Program Files\dotnet\sdk\9.0.308\NuGet.targets(112,5): message :       SolutionPath=C:\Users\DELL\OneDrive\Desktop\Web spa\Long(ThanhToan_DatLich\SpaN5.sln;
       C:\Program Files\dotnet\sdk\9.0.308\NuGet.targets(112,5): message :       SolutionExt=.sln;
       C:\Program Files\dotnet\sdk\9.0.308\NuGet.targets(112,5): message :     " (previous value: "ExcludeRestorePackageImports=true") at C:\Program Files\dotnet\sdk\9.0.308\NuGet.targets (112,5)
       C:\Program Files\dotnet\sdk\9.0.308\Sdks\Microsoft.NET.Sdk\targets\Microsoft.PackageDependencyResolution.targets(24,5): message : Property reassignment: $(ProjectAssetsFile)="C:\Users\DELL\OneDrive\Desktop\Web spa\Long(ThanhToan_DatLich\obj\project.assets.json" (previous value: "C:\Users\DELL\OneDrive\Desktop\Web spa\Long(ThanhToan_DatLich\obj\/project.assets.json") at C:\Program Files\dotnet\sdk\9.0.308\Sdks\Microsoft.NET.Sdk\targets\Microsoft.PackageDependencyResolution.targets (24,5)
       C:\Program Files\dotnet\sdk\9.0.308\Sdks\Microsoft.NET.Sdk\targets\Microsoft.PackageDependencyResolution.targets(29,5): message : Property reassignment: $(ProjectAssetsCacheFile)="C:\Users\DELL\OneDrive\Desktop\Web spa\Long(ThanhToan_DatLich\obj\Debug\net8.0\SpaN5.assets.cache" (previous value: "obj\Debug\net8.0\SpaN5.assets.cache") at C:\Program Files\dotnet\sdk\9.0.308\Sdks\Microsoft.NET.Sdk\targets\Microsoft.PackageDependencyResolution.targets (29,5)
       C:\Program Files\dotnet\sdk\9.0.308\Sdks\Microsoft.NET.Sdk\targets\Microsoft.PackageDependencyResolution.targets(80,5): message : Property reassignment: $(ResolveAssemblyReferencesDependsOn)="
       C:\Program Files\dotnet\sdk\9.0.308\Sdks\Microsoft.NET.Sdk\targets\Microsoft.PackageDependencyResolution.targets(80,5): message :       
       C:\Program Files\dotnet\sdk\9.0.308\Sdks\Microsoft.NET.Sdk\targets\Microsoft.PackageDependencyResolution.targets(80,5): message :       ResolveProjectReferences;
       C:\Program Files\dotnet\sdk\9.0.308\Sdks\Microsoft.NET.Sdk\targets\Microsoft.PackageDependencyResolution.targets(80,5): message :       FindInvalidProjectReferences;
       C:\Program Files\dotnet\sdk\9.0.308\Sdks\Microsoft.NET.Sdk\targets\Microsoft.PackageDependencyResolution.targets(80,5): message :       GetFrameworkPaths;
       C:\Program Files\dotnet\sdk\9.0.308\Sdks\Microsoft.NET.Sdk\targets\Microsoft.PackageDependencyResolution.targets(80,5): message :       GetReferenceAssemblyPaths;
       C:\Program Files\dotnet\sdk\9.0.308\Sdks\Microsoft.NET.Sdk\targets\Microsoft.PackageDependencyResolution.targets(80,5): message :       PrepareForBuild;
       C:\Program Files\dotnet\sdk\9.0.308\Sdks\Microsoft.NET.Sdk\targets\Microsoft.PackageDependencyResolution.targets(80,5): message :       ResolveSDKReferences;
       C:\Program Files\dotnet\sdk\9.0.308\Sdks\Microsoft.NET.Sdk\targets\Microsoft.PackageDependencyResolution.targets(80,5): message :       ExpandSDKReferences;
       C:\Program Files\dotnet\sdk\9.0.308\Sdks\Microsoft.NET.Sdk\targets\Microsoft.PackageDependencyResolution.targets(80,5): message :     ;
       C:\Program Files\dotnet\sdk\9.0.308\Sdks\Microsoft.NET.Sdk\targets\Microsoft.PackageDependencyResolution.targets(80,5): message :       ResolvePackageDependenciesForBuild;
       C:\Program Files\dotnet\sdk\9.0.308\Sdks\Microsoft.NET.Sdk\targets\Microsoft.PackageDependencyResolution.targets(80,5): message :       _HandlePackageFileConflicts;
       C:\Program Files\dotnet\sdk\9.0.308\Sdks\Microsoft.NET.Sdk\targets\Microsoft.PackageDependencyResolution.targets(80,5): message :     " (previous value: "
       C:\Program Files\dotnet\sdk\9.0.308\Sdks\Microsoft.NET.Sdk\targets\Microsoft.PackageDependencyResolution.targets(80,5): message :       ResolveProjectReferences;
       C:\Program Files\dotnet\sdk\9.0.308\Sdks\Microsoft.NET.Sdk\targets\Microsoft.PackageDependencyResolution.targets(80,5): message :       FindInvalidProjectReferences;
       C:\Program Files\dotnet\sdk\9.0.308\Sdks\Microsoft.NET.Sdk\targets\Microsoft.PackageDependencyResolution.targets(80,5): message :       GetFrameworkPaths;
       C:\Program Files\dotnet\sdk\9.0.308\Sdks\Microsoft.NET.Sdk\targets\Microsoft.PackageDependencyResolution.targets(80,5): message :       GetReferenceAssemblyPaths;
       C:\Program Files\dotnet\sdk\9.0.308\Sdks\Microsoft.NET.Sdk\targets\Microsoft.PackageDependencyResolution.targets(80,5): message :       PrepareForBuild;
       C:\Program Files\dotnet\sdk\9.0.308\Sdks\Microsoft.NET.Sdk\targets\Microsoft.PackageDependencyResolution.targets(80,5): message :       ResolveSDKReferences;
       C:\Program Files\dotnet\sdk\9.0.308\Sdks\Microsoft.NET.Sdk\targets\Microsoft.PackageDependencyResolution.targets(80,5): message :       ExpandSDKReferences;
       C:\Program Files\dotnet\sdk\9.0.308\Sdks\Microsoft.NET.Sdk\targets\Microsoft.PackageDependencyResolution.targets(80,5): message :     ") at C:\Program Files\dotnet\sdk\9.0.308\Sdks\Microsoft.NET.Sdk\targets\Microsoft.PackageDependencyResolution.targets (80,5)
       C:\Program Files\dotnet\sdk\9.0.308\Sdks\Microsoft.NET.Sdk\targets\Microsoft.PackageDependencyResolution.targets(86,5): message : Property reassignment: $(PrepareResourcesDependsOn)="
       C:\Program Files\dotnet\sdk\9.0.308\Sdks\Microsoft.NET.Sdk\targets\Microsoft.PackageDependencyResolution.targets(86,5): message :       ResolvePackageDependenciesForBuild;
       C:\Program Files\dotnet\sdk\9.0.308\Sdks\Microsoft.NET.Sdk\targets\Microsoft.PackageDependencyResolution.targets(86,5): message :       _HandlePackageFileConflicts;
       C:\Program Files\dotnet\sdk\9.0.308\Sdks\Microsoft.NET.Sdk\targets\Microsoft.PackageDependencyResolution.targets(86,5): message :       
       C:\Program Files\dotnet\sdk\9.0.308\Sdks\Microsoft.NET.Sdk\targets\Microsoft.PackageDependencyResolution.targets(86,5): message :       ;
       C:\Program Files\dotnet\sdk\9.0.308\Sdks\Microsoft.NET.Sdk\targets\Microsoft.PackageDependencyResolution.targets(86,5): message :       PrepareResourceNames;
       C:\Program Files\dotnet\sdk\9.0.308\Sdks\Microsoft.NET.Sdk\targets\Microsoft.PackageDependencyResolution.targets(86,5): message :       ResGen;
       C:\Program Files\dotnet\sdk\9.0.308\Sdks\Microsoft.NET.Sdk\targets\Microsoft.PackageDependencyResolution.targets(86,5): message :       CompileLicxFiles
       C:\Program Files\dotnet\sdk\9.0.308\Sdks\Microsoft.NET.Sdk\targets\Microsoft.PackageDependencyResolution.targets(86,5): message :     
       C:\Program Files\dotnet\sdk\9.0.308\Sdks\Microsoft.NET.Sdk\targets\Microsoft.PackageDependencyResolution.targets(86,5): message :     " (previous value: "
       C:\Program Files\dotnet\sdk\9.0.308\Sdks\Microsoft.NET.Sdk\targets\Microsoft.PackageDependencyResolution.targets(86,5): message :       ;
       C:\Program Files\dotnet\sdk\9.0.308\Sdks\Microsoft.NET.Sdk\targets\Microsoft.PackageDependencyResolution.targets(86,5): message :       PrepareResourceNames;
       C:\Program Files\dotnet\sdk\9.0.308\Sdks\Microsoft.NET.Sdk\targets\Microsoft.PackageDependencyResolution.targets(86,5): message :       ResGen;
       C:\Program Files\dotnet\sdk\9.0.308\Sdks\Microsoft.NET.Sdk\targets\Microsoft.PackageDependencyResolution.targets(86,5): message :       CompileLicxFiles
       C:\Program Files\dotnet\sdk\9.0.308\Sdks\Microsoft.NET.Sdk\targets\Microsoft.PackageDependencyResolution.targets(86,5): message :     ") at C:\Program Files\dotnet\sdk\9.0.308\Sdks\Microsoft.NET.Sdk\targets\Microsoft.PackageDependencyResolution.targets (86,5)
       C:\Program Files\dotnet\sdk\9.0.308\Sdks\Microsoft.NET.Sdk\targets\Microsoft.NET.Sdk.DefaultItems.targets(27,5): message : Property reassignment: $(DefaultItemExcludes)=";**\node_modules\**;node_modules\**;**\jspm_packages\**;jspm_packages\**;**\bower_components\**;bower_components\**;**\packages.lock.json;bin\Debug\/**;obj\Debug\/**;bin\/**" (previous value: ";**\node_modules\**;node_modules\**;**\jspm_packages\**;jspm_packages\**;**\bower_components\**;bower_components\**;**\packages.lock.json;bin\Debug\/**;obj\Debug\/**") at C:\Program Files\dotnet\sdk\9.0.308\Sdks\Microsoft.NET.Sdk\targets\Microsoft.NET.Sdk.DefaultItems.targets (27,5)
       C:\Program Files\dotnet\sdk\9.0.308\Sdks\Microsoft.NET.Sdk\targets\Microsoft.NET.Sdk.DefaultItems.targets(29,5): message : Property reassignment: $(DefaultItemExcludes)=";**\node_modules\**;node_modules\**;**\jspm_packages\**;jspm_packages\**;**\bower_components\**;bower_components\**;**\packages.lock.json;bin\Debug\/**;obj\Debug\/**;bin\/**;obj\/**" (previous value: ";**\node_modules\**;node_modules\**;**\jspm_packages\**;jspm_packages\**;**\bower_components\**;bower_components\**;**\packages.lock.json;bin\Debug\/**;obj\Debug\/**;bin\/**") at C:\Program Files\dotnet\sdk\9.0.308\Sdks\Microsoft.NET.Sdk\targets\Microsoft.NET.Sdk.DefaultItems.targets (29,5)
       C:\Program Files\dotnet\sdk\9.0.308\Sdks\Microsoft.NET.Sdk\targets\Microsoft.NET.Sdk.DefaultItems.targets(32,5): message : Property reassignment: $(DefaultItemExcludes)=";**\node_modules\**;node_modules\**;**\jspm_packages\**;jspm_packages\**;**\bower_components\**;bower_components\**;**\packages.lock.json;bin\Debug\/**;obj\Debug\/**;bin\/**;obj\/**;**/*.user" (previous value: ";**\node_modules\**;node_modules\**;**\jspm_packages\**;jspm_packages\**;**\bower_components\**;bower_components\**;**\packages.lock.json;bin\Debug\/**;obj\Debug\/**;bin\/**;obj\/**") at C:\Program Files\dotnet\sdk\9.0.308\Sdks\Microsoft.NET.Sdk\targets\Microsoft.NET.Sdk.DefaultItems.targets (32,5)
       C:\Program Files\dotnet\sdk\9.0.308\Sdks\Microsoft.NET.Sdk\targets\Microsoft.NET.Sdk.DefaultItems.targets(33,5): message : Property reassignment: $(DefaultItemExcludes)=";**\node_modules\**;node_modules\**;**\jspm_packages\**;jspm_packages\**;**\bower_components\**;bower_components\**;**\packages.lock.json;bin\Debug\/**;obj\Debug\/**;bin\/**;obj\/**;**/*.user;**/*.*proj" (previous value: ";**\node_modules\**;node_modules\**;**\jspm_packages\**;jspm_packages\**;**\bower_components\**;bower_components\**;**\packages.lock.json;bin\Debug\/**;obj\Debug\/**;bin\/**;obj\/**;**/*.user") at C:\Program Files\dotnet\sdk\9.0.308\Sdks\Microsoft.NET.Sdk\targets\Microsoft.NET.Sdk.DefaultItems.targets (33,5)
       C:\Program Files\dotnet\sdk\9.0.308\Sdks\Microsoft.NET.Sdk\targets\Microsoft.NET.Sdk.DefaultItems.targets(34,5): message : Property reassignment: $(DefaultItemExcludes)=";**\node_modules\**;node_modules\**;**\jspm_packages\**;jspm_packages\**;**\bower_components\**;bower_components\**;**\packages.lock.json;bin\Debug\/**;obj\Debug\/**;bin\/**;obj\/**;**/*.user;**/*.*proj;**/*.sln" (previous value: ";**\node_modules\**;node_modules\**;**\jspm_packages\**;jspm_packages\**;**\bower_components\**;bower_components\**;**\packages.lock.json;bin\Debug\/**;obj\Debug\/**;bin\/**;obj\/**;**/*.user;**/*.*proj") at C:\Program Files\dotnet\sdk\9.0.308\Sdks\Microsoft.NET.Sdk\targets\Microsoft.NET.Sdk.DefaultItems.targets (34,5)
       C:\Program Files\dotnet\sdk\9.0.308\Sdks\Microsoft.NET.Sdk\targets\Microsoft.NET.Sdk.DefaultItems.targets(35,5): message : Property reassignment: $(DefaultItemExcludes)=";**\node_modules\**;node_modules\**;**\jspm_packages\**;jspm_packages\**;**\bower_components\**;bower_components\**;**\packages.lock.json;bin\Debug\/**;obj\Debug\/**;bin\/**;obj\/**;**/*.user;**/*.*proj;**/*.sln;**/*.slnx" (previous value: ";**\node_modules\**;node_modules\**;**\jspm_packages\**;jspm_packages\**;**\bower_components\**;bower_components\**;**\packages.lock.json;bin\Debug\/**;obj\Debug\/**;bin\/**;obj\/**;**/*.user;**/*.*proj;**/*.sln") at C:\Program Files\dotnet\sdk\9.0.308\Sdks\Microsoft.NET.Sdk\targets\Microsoft.NET.Sdk.DefaultItems.targets (35,5)
       C:\Program Files\dotnet\sdk\9.0.308\Sdks\Microsoft.NET.Sdk\targets\Microsoft.NET.Sdk.DefaultItems.targets(36,5): message : Property reassignment: $(DefaultItemExcludes)=";**\node_modules\**;node_modules\**;**\jspm_packages\**;jspm_packages\**;**\bower_components\**;bower_components\**;**\packages.lock.json;bin\Debug\/**;obj\Debug\/**;bin\/**;obj\/**;**/*.user;**/*.*proj;**/*.sln;**/*.slnx;**/*.vssscc" (previous value: ";**\node_modules\**;node_modules\**;**\jspm_packages\**;jspm_packages\**;**\bower_components\**;bower_components\**;**\packages.lock.json;bin\Debug\/**;obj\Debug\/**;bin\/**;obj\/**;**/*.user;**/*.*proj;**/*.sln;**/*.slnx") at C:\Program Files\dotnet\sdk\9.0.308\Sdks\Microsoft.NET.Sdk\targets\Microsoft.NET.Sdk.DefaultItems.targets (36,5)
       C:\Program Files\dotnet\sdk\9.0.308\Sdks\Microsoft.NET.Sdk\targets\Microsoft.NET.Sdk.DefaultItems.targets(37,5): message : Property reassignment: $(DefaultItemExcludes)=";**\node_modules\**;node_modules\**;**\jspm_packages\**;jspm_packages\**;**\bower_components\**;bower_components\**;**\packages.lock.json;bin\Debug\/**;obj\Debug\/**;bin\/**;obj\/**;**/*.user;**/*.*proj;**/*.sln;**/*.slnx;**/*.vssscc;**/.DS_Store" (previous value: ";**\node_modules\**;node_modules\**;**\jspm_packages\**;jspm_packages\**;**\bower_components\**;bower_components\**;**\packages.lock.json;bin\Debug\/**;obj\Debug\/**;bin\/**;obj\/**;**/*.user;**/*.*proj;**/*.sln;**/*.slnx;**/*.vssscc") at C:\Program Files\dotnet\sdk\9.0.308\Sdks\Microsoft.NET.Sdk\targets\Microsoft.NET.Sdk.DefaultItems.targets (37,5)
       C:\Program Files\dotnet\sdk\9.0.308\Sdks\Microsoft.NET.Sdk\targets\Microsoft.NET.Sdk.FrameworkReferenceResolution.targets(14,5): message : Property reassignment: $(ResolveAssemblyReferencesDependsOn)="
       C:\Program Files\dotnet\sdk\9.0.308\Sdks\Microsoft.NET.Sdk\targets\Microsoft.NET.Sdk.FrameworkReferenceResolution.targets(14,5): message :       
       C:\Program Files\dotnet\sdk\9.0.308\Sdks\Microsoft.NET.Sdk\targets\Microsoft.NET.Sdk.FrameworkReferenceResolution.targets(14,5): message :       
       C:\Program Files\dotnet\sdk\9.0.308\Sdks\Microsoft.NET.Sdk\targets\Microsoft.NET.Sdk.FrameworkReferenceResolution.targets(14,5): message :       ResolveProjectReferences;
       C:\Program Files\dotnet\sdk\9.0.308\Sdks\Microsoft.NET.Sdk\targets\Microsoft.NET.Sdk.FrameworkReferenceResolution.targets(14,5): message :       FindInvalidProjectReferences;
       C:\Program Files\dotnet\sdk\9.0.308\Sdks\Microsoft.NET.Sdk\targets\Microsoft.NET.Sdk.FrameworkReferenceResolution.targets(14,5): message :       GetFrameworkPaths;
       C:\Program Files\dotnet\sdk\9.0.308\Sdks\Microsoft.NET.Sdk\targets\Microsoft.NET.Sdk.FrameworkReferenceResolution.targets(14,5): message :       GetReferenceAssemblyPaths;
       C:\Program Files\dotnet\sdk\9.0.308\Sdks\Microsoft.NET.Sdk\targets\Microsoft.NET.Sdk.FrameworkReferenceResolution.targets(14,5): message :       PrepareForBuild;
       C:\Program Files\dotnet\sdk\9.0.308\Sdks\Microsoft.NET.Sdk\targets\Microsoft.NET.Sdk.FrameworkReferenceResolution.targets(14,5): message :       ResolveSDKReferences;
       C:\Program Files\dotnet\sdk\9.0.308\Sdks\Microsoft.NET.Sdk\targets\Microsoft.NET.Sdk.FrameworkReferenceResolution.targets(14,5): message :       ExpandSDKReferences;
       C:\Program Files\dotnet\sdk\9.0.308\Sdks\Microsoft.NET.Sdk\targets\Microsoft.NET.Sdk.FrameworkReferenceResolution.targets(14,5): message :     ;
       C:\Program Files\dotnet\sdk\9.0.308\Sdks\Microsoft.NET.Sdk\targets\Microsoft.NET.Sdk.FrameworkReferenceResolution.targets(14,5): message :       ResolvePackageDependenciesForBuild;
       C:\Program Files\dotnet\sdk\9.0.308\Sdks\Microsoft.NET.Sdk\targets\Microsoft.NET.Sdk.FrameworkReferenceResolution.targets(14,5): message :       _HandlePackageFileConflicts;
       C:\Program Files\dotnet\sdk\9.0.308\Sdks\Microsoft.NET.Sdk\targets\Microsoft.NET.Sdk.FrameworkReferenceResolution.targets(14,5): message :     ;
       C:\Program Files\dotnet\sdk\9.0.308\Sdks\Microsoft.NET.Sdk\targets\Microsoft.NET.Sdk.FrameworkReferenceResolution.targets(14,5): message :       ResolveTargetingPackAssets;
       C:\Program Files\dotnet\sdk\9.0.308\Sdks\Microsoft.NET.Sdk\targets\Microsoft.NET.Sdk.FrameworkReferenceResolution.targets(14,5): message :     " (previous value: "
       C:\Program Files\dotnet\sdk\9.0.308\Sdks\Microsoft.NET.Sdk\targets\Microsoft.NET.Sdk.FrameworkReferenceResolution.targets(14,5): message :       
       C:\Program Files\dotnet\sdk\9.0.308\Sdks\Microsoft.NET.Sdk\targets\Microsoft.NET.Sdk.FrameworkReferenceResolution.targets(14,5): message :       ResolveProjectReferences;
       C:\Program Files\dotnet\sdk\9.0.308\Sdks\Microsoft.NET.Sdk\targets\Microsoft.NET.Sdk.FrameworkReferenceResolution.targets(14,5): message :       FindInvalidProjectReferences;
       C:\Program Files\dotnet\sdk\9.0.308\Sdks\Microsoft.NET.Sdk\targets\Microsoft.NET.Sdk.FrameworkReferenceResolution.targets(14,5): message :       GetFrameworkPaths;
       C:\Program Files\dotnet\sdk\9.0.308\Sdks\Microsoft.NET.Sdk\targets\Microsoft.NET.Sdk.FrameworkReferenceResolution.targets(14,5): message :       GetReferenceAssemblyPaths;
       C:\Program Files\dotnet\sdk\9.0.308\Sdks\Microsoft.NET.Sdk\targets\Microsoft.NET.Sdk.FrameworkReferenceResolution.targets(14,5): message :       PrepareForBuild;
       C:\Program Files\dotnet\sdk\9.0.308\Sdks\Microsoft.NET.Sdk\targets\Microsoft.NET.Sdk.FrameworkReferenceResolution.targets(14,5): message :       ResolveSDKReferences;
       C:\Program Files\dotnet\sdk\9.0.308\Sdks\Microsoft.NET.Sdk\targets\Microsoft.NET.Sdk.FrameworkReferenceResolution.targets(14,5): message :       ExpandSDKReferences;
       C:\Program Files\dotnet\sdk\9.0.308\Sdks\Microsoft.NET.Sdk\targets\Microsoft.NET.Sdk.FrameworkReferenceResolution.targets(14,5): message :     ;
       C:\Program Files\dotnet\sdk\9.0.308\Sdks\Microsoft.NET.Sdk\targets\Microsoft.NET.Sdk.FrameworkReferenceResolution.targets(14,5): message :       ResolvePackageDependenciesForBuild;
       C:\Program Files\dotnet\sdk\9.0.308\Sdks\Microsoft.NET.Sdk\targets\Microsoft.NET.Sdk.FrameworkReferenceResolution.targets(14,5): message :       _HandlePackageFileConflicts;
       C:\Program Files\dotnet\sdk\9.0.308\Sdks\Microsoft.NET.Sdk\targets\Microsoft.NET.Sdk.FrameworkReferenceResolution.targets(14,5): message :     ") at C:\Program Files\dotnet\sdk\9.0.308\Sdks\Microsoft.NET.Sdk\targets\Microsoft.NET.Sdk.FrameworkReferenceResolution.targets (14,5)
       C:\Program Files\dotnet\sdk\9.0.308\Sdks\Microsoft.NET.Sdk\targets\Microsoft.NET.Sdk.targets(44,5): message : Property reassignment: $(_GenerateRuntimeConfigurationPropertyInputsCache)="C:\Users\DELL\OneDrive\Desktop\Web spa\Long(ThanhToan_DatLich\obj\Debug\net8.0\SpaN5.genruntimeconfig.cache" (previous value: "obj\Debug\net8.0\SpaN5.genruntimeconfig.cache") at C:\Program Files\dotnet\sdk\9.0.308\Sdks\Microsoft.NET.Sdk\targets\Microsoft.NET.Sdk.targets (44,5)
       C:\Program Files\dotnet\sdk\9.0.308\Sdks\Microsoft.NET.Sdk\targets\Microsoft.NET.Sdk.targets(46,5): message : Property reassignment: $(_GeneratePublishDependencyFilePropertyInputsCache)="C:\Users\DELL\OneDrive\Desktop\Web spa\Long(ThanhToan_DatLich\obj\Debug\net8.0\SpaN5.genpublishdeps.cache" (previous value: "obj\Debug\net8.0\SpaN5.genpublishdeps.cache") at C:\Program Files\dotnet\sdk\9.0.308\Sdks\Microsoft.NET.Sdk\targets\Microsoft.NET.Sdk.targets (46,5)
       C:\Program Files\dotnet\sdk\9.0.308\Sdks\Microsoft.NET.Sdk\targets\Microsoft.NET.Sdk.targets(48,5): message : Property reassignment: $(_GenerateSingleFileBundlePropertyInputsCache)="C:\Users\DELL\OneDrive\Desktop\Web spa\Long(ThanhToan_DatLich\obj\Debug\net8.0\SpaN5.genbundle.cache" (previous value: "obj\Debug\net8.0\SpaN5.genbundle.cache") at C:\Program Files\dotnet\sdk\9.0.308\Sdks\Microsoft.NET.Sdk\targets\Microsoft.NET.Sdk.targets (48,5)
       C:\Program Files\dotnet\sdk\9.0.308\Sdks\Microsoft.NET.Sdk\targets\Microsoft.NET.Sdk.targets(81,5): message : Property reassignment: $(GenerateRuntimeConfigDevFile)="false" (previous value: "true") at C:\Program Files\dotnet\sdk\9.0.308\Sdks\Microsoft.NET.Sdk\targets\Microsoft.NET.Sdk.targets (81,5)
       C:\Program Files\dotnet\sdk\9.0.308\Sdks\Microsoft.NET.Sdk\targets\Microsoft.NET.Sdk.targets(97,5): message : Property 'USERPROFILE' with value 'C:\Users\DELL' expanded from the environment.
       C:\Program Files\dotnet\sdk\9.0.308\Sdks\Microsoft.NET.Sdk\targets\Microsoft.NET.Sdk.targets(97,5): message : Property reassignment: $(_DefaultUserProfileRuntimeStorePath)="C:\Users\DELL" (previous value: "") at C:\Program Files\dotnet\sdk\9.0.308\Sdks\Microsoft.NET.Sdk\targets\Microsoft.NET.Sdk.targets (97,5)
       C:\Program Files\dotnet\sdk\9.0.308\Sdks\Microsoft.NET.Sdk\targets\Microsoft.NET.Sdk.targets(98,5): message : Property reassignment: $(_DefaultUserProfileRuntimeStorePath)="C:\Users\DELL\.dotnet\store" (previous value: "C:\Users\DELL") at C:\Program Files\dotnet\sdk\9.0.308\Sdks\Microsoft.NET.Sdk\targets\Microsoft.NET.Sdk.targets (98,5)
       C:\Program Files\dotnet\sdk\9.0.308\Sdks\Microsoft.NET.Sdk\targets\Microsoft.NET.Sdk.targets(140,5): message : Property reassignment: $(AvailablePlatforms)="Any CPU,x86,x64,ARM32" (previous value: "Any CPU,x86,x64") at C:\Program Files\dotnet\sdk\9.0.308\Sdks\Microsoft.NET.Sdk\targets\Microsoft.NET.Sdk.targets (140,5)
       C:\Program Files\dotnet\sdk\9.0.308\Sdks\Microsoft.NET.Sdk\targets\Microsoft.NET.Sdk.targets(144,5): message : Property reassignment: $(AvailablePlatforms)="Any CPU,x86,x64,ARM32,ARM64" (previous value: "Any CPU,x86,x64,ARM32") at C:\Program Files\dotnet\sdk\9.0.308\Sdks\Microsoft.NET.Sdk\targets\Microsoft.NET.Sdk.targets (144,5)
       C:\Program Files\dotnet\sdk\9.0.308\Sdks\Microsoft.NET.Sdk\targets\Microsoft.NET.Sdk.targets(201,5): message : Property reassignment: $(CoreBuildDependsOn)="
       C:\Program Files\dotnet\sdk\9.0.308\Sdks\Microsoft.NET.Sdk\targets\Microsoft.NET.Sdk.targets(201,5): message :       _CheckForBuildWithNoBuild;
       C:\Program Files\dotnet\sdk\9.0.308\Sdks\Microsoft.NET.Sdk\targets\Microsoft.NET.Sdk.targets(201,5): message :       
       C:\Program Files\dotnet\sdk\9.0.308\Sdks\Microsoft.NET.Sdk\targets\Microsoft.NET.Sdk.targets(201,5): message :       BuildOnlySettings;
       C:\Program Files\dotnet\sdk\9.0.308\Sdks\Microsoft.NET.Sdk\targets\Microsoft.NET.Sdk.targets(201,5): message :       PrepareForBuild;
       C:\Program Files\dotnet\sdk\9.0.308\Sdks\Microsoft.NET.Sdk\targets\Microsoft.NET.Sdk.targets(201,5): message :       PreBuildEvent;
       C:\Program Files\dotnet\sdk\9.0.308\Sdks\Microsoft.NET.Sdk\targets\Microsoft.NET.Sdk.targets(201,5): message :       ResolveReferences;
       C:\Program Files\dotnet\sdk\9.0.308\Sdks\Microsoft.NET.Sdk\targets\Microsoft.NET.Sdk.targets(201,5): message :       PrepareResources;
       C:\Program Files\dotnet\sdk\9.0.308\Sdks\Microsoft.NET.Sdk\targets\Microsoft.NET.Sdk.targets(201,5): message :       ResolveKeySource;
       C:\Program Files\dotnet\sdk\9.0.308\Sdks\Microsoft.NET.Sdk\targets\Microsoft.NET.Sdk.targets(201,5): message :       Compile;
       C:\Program Files\dotnet\sdk\9.0.308\Sdks\Microsoft.NET.Sdk\targets\Microsoft.NET.Sdk.targets(201,5): message :       ExportWindowsMDFile;
       C:\Program Files\dotnet\sdk\9.0.308\Sdks\Microsoft.NET.Sdk\targets\Microsoft.NET.Sdk.targets(201,5): message :       UnmanagedUnregistration;
       C:\Program Files\dotnet\sdk\9.0.308\Sdks\Microsoft.NET.Sdk\targets\Microsoft.NET.Sdk.targets(201,5): message :       GenerateSerializationAssemblies;
       C:\Program Files\dotnet\sdk\9.0.308\Sdks\Microsoft.NET.Sdk\targets\Microsoft.NET.Sdk.targets(201,5): message :       CreateSatelliteAssemblies;
       C:\Program Files\dotnet\sdk\9.0.308\Sdks\Microsoft.NET.Sdk\targets\Microsoft.NET.Sdk.targets(201,5): message :       GenerateManifests;
       C:\Program Files\dotnet\sdk\9.0.308\Sdks\Microsoft.NET.Sdk\targets\Microsoft.NET.Sdk.targets(201,5): message :       GetTargetPath;
       C:\Program Files\dotnet\sdk\9.0.308\Sdks\Microsoft.NET.Sdk\targets\Microsoft.NET.Sdk.targets(201,5): message :       PrepareForRun;
       C:\Program Files\dotnet\sdk\9.0.308\Sdks\Microsoft.NET.Sdk\targets\Microsoft.NET.Sdk.targets(201,5): message :       UnmanagedRegistration;
       C:\Program Files\dotnet\sdk\9.0.308\Sdks\Microsoft.NET.Sdk\targets\Microsoft.NET.Sdk.targets(201,5): message :       IncrementalClean;
       C:\Program Files\dotnet\sdk\9.0.308\Sdks\Microsoft.NET.Sdk\targets\Microsoft.NET.Sdk.targets(201,5): message :       PostBuildEvent
       C:\Program Files\dotnet\sdk\9.0.308\Sdks\Microsoft.NET.Sdk\targets\Microsoft.NET.Sdk.targets(201,5): message :     ;
       C:\Program Files\dotnet\sdk\9.0.308\Sdks\Microsoft.NET.Sdk\targets\Microsoft.NET.Sdk.targets(201,5): message :       GenerateBuildDependencyFile;
       C:\Program Files\dotnet\sdk\9.0.308\Sdks\Microsoft.NET.Sdk\targets\Microsoft.NET.Sdk.targets(201,5): message :       GenerateBuildRuntimeConfigurationFiles
       C:\Program Files\dotnet\sdk\9.0.308\Sdks\Microsoft.NET.Sdk\targets\Microsoft.NET.Sdk.targets(201,5): message :     " (previous value: "
       C:\Program Files\dotnet\sdk\9.0.308\Sdks\Microsoft.NET.Sdk\targets\Microsoft.NET.Sdk.targets(201,5): message :       BuildOnlySettings;
       C:\Program Files\dotnet\sdk\9.0.308\Sdks\Microsoft.NET.Sdk\targets\Microsoft.NET.Sdk.targets(201,5): message :       PrepareForBuild;
       C:\Program Files\dotnet\sdk\9.0.308\Sdks\Microsoft.NET.Sdk\targets\Microsoft.NET.Sdk.targets(201,5): message :       PreBuildEvent;
       C:\Program Files\dotnet\sdk\9.0.308\Sdks\Microsoft.NET.Sdk\targets\Microsoft.NET.Sdk.targets(201,5): message :       ResolveReferences;
       C:\Program Files\dotnet\sdk\9.0.308\Sdks\Microsoft.NET.Sdk\targets\Microsoft.NET.Sdk.targets(201,5): message :       PrepareResources;
       C:\Program Files\dotnet\sdk\9.0.308\Sdks\Microsoft.NET.Sdk\targets\Microsoft.NET.Sdk.targets(201,5): message :       ResolveKeySource;
       C:\Program Files\dotnet\sdk\9.0.308\Sdks\Microsoft.NET.Sdk\targets\Microsoft.NET.Sdk.targets(201,5): message :       Compile;
       C:\Program Files\dotnet\sdk\9.0.308\Sdks\Microsoft.NET.Sdk\targets\Microsoft.NET.Sdk.targets(201,5): message :       ExportWindowsMDFile;
       C:\Program Files\dotnet\sdk\9.0.308\Sdks\Microsoft.NET.Sdk\targets\Microsoft.NET.Sdk.targets(201,5): message :       UnmanagedUnregistration;
       C:\Program Files\dotnet\sdk\9.0.308\Sdks\Microsoft.NET.Sdk\targets\Microsoft.NET.Sdk.targets(201,5): message :       GenerateSerializationAssemblies;
       C:\Program Files\dotnet\sdk\9.0.308\Sdks\Microsoft.NET.Sdk\targets\Microsoft.NET.Sdk.targets(201,5): message :       CreateSatelliteAssemblies;
       C:\Program Files\dotnet\sdk\9.0.308\Sdks\Microsoft.NET.Sdk\targets\Microsoft.NET.Sdk.targets(201,5): message :       GenerateManifests;
       C:\Program Files\dotnet\sdk\9.0.308\Sdks\Microsoft.NET.Sdk\targets\Microsoft.NET.Sdk.targets(201,5): message :       GetTargetPath;
       C:\Program Files\dotnet\sdk\9.0.308\Sdks\Microsoft.NET.Sdk\targets\Microsoft.NET.Sdk.targets(201,5): message :       PrepareForRun;
       C:\Program Files\dotnet\sdk\9.0.308\Sdks\Microsoft.NET.Sdk\targets\Microsoft.NET.Sdk.targets(201,5): message :       UnmanagedRegistration;
       C:\Program Files\dotnet\sdk\9.0.308\Sdks\Microsoft.NET.Sdk\targets\Microsoft.NET.Sdk.targets(201,5): message :       IncrementalClean;
       C:\Program Files\dotnet\sdk\9.0.308\Sdks\Microsoft.NET.Sdk\targets\Microsoft.NET.Sdk.targets(201,5): message :       PostBuildEvent
       C:\Program Files\dotnet\sdk\9.0.308\Sdks\Microsoft.NET.Sdk\targets\Microsoft.NET.Sdk.targets(201,5): message :     ") at C:\Program Files\dotnet\sdk\9.0.308\Sdks\Microsoft.NET.Sdk\targets\Microsoft.NET.Sdk.targets (201,5)
       C:\Program Files\dotnet\sdk\9.0.308\Sdks\Microsoft.NET.Sdk\targets\Microsoft.NET.Sdk.targets(210,5): message : Property reassignment: $(CoreCleanDependsOn)="
       C:\Program Files\dotnet\sdk\9.0.308\Sdks\Microsoft.NET.Sdk\targets\Microsoft.NET.Sdk.targets(210,5): message :       _SdkBeforeClean;
       C:\Program Files\dotnet\sdk\9.0.308\Sdks\Microsoft.NET.Sdk\targets\Microsoft.NET.Sdk.targets(210,5): message :       
       C:\Program Files\dotnet\sdk\9.0.308\Sdks\Microsoft.NET.Sdk\targets\Microsoft.NET.Sdk.targets(210,5): message :     " (previous value: "") at C:\Program Files\dotnet\sdk\9.0.308\Sdks\Microsoft.NET.Sdk\targets\Microsoft.NET.Sdk.targets (210,5)
       C:\Program Files\dotnet\sdk\9.0.308\Sdks\Microsoft.NET.Sdk\targets\Microsoft.NET.Sdk.targets(217,5): message : Property reassignment: $(RebuildDependsOn)="
       C:\Program Files\dotnet\sdk\9.0.308\Sdks\Microsoft.NET.Sdk\targets\Microsoft.NET.Sdk.targets(217,5): message :       _SdkBeforeRebuild;
       C:\Program Files\dotnet\sdk\9.0.308\Sdks\Microsoft.NET.Sdk\targets\Microsoft.NET.Sdk.targets(217,5): message :       
       C:\Program Files\dotnet\sdk\9.0.308\Sdks\Microsoft.NET.Sdk\targets\Microsoft.NET.Sdk.targets(217,5): message :       BeforeRebuild;
       C:\Program Files\dotnet\sdk\9.0.308\Sdks\Microsoft.NET.Sdk\targets\Microsoft.NET.Sdk.targets(217,5): message :       Clean;
       C:\Program Files\dotnet\sdk\9.0.308\Sdks\Microsoft.NET.Sdk\targets\Microsoft.NET.Sdk.targets(217,5): message :       Build;
       C:\Program Files\dotnet\sdk\9.0.308\Sdks\Microsoft.NET.Sdk\targets\Microsoft.NET.Sdk.targets(217,5): message :       AfterRebuild;
       C:\Program Files\dotnet\sdk\9.0.308\Sdks\Microsoft.NET.Sdk\targets\Microsoft.NET.Sdk.targets(217,5): message :     
       C:\Program Files\dotnet\sdk\9.0.308\Sdks\Microsoft.NET.Sdk\targets\Microsoft.NET.Sdk.targets(217,5): message :     " (previous value: "
       C:\Program Files\dotnet\sdk\9.0.308\Sdks\Microsoft.NET.Sdk\targets\Microsoft.NET.Sdk.targets(217,5): message :       BeforeRebuild;
       C:\Program Files\dotnet\sdk\9.0.308\Sdks\Microsoft.NET.Sdk\targets\Microsoft.NET.Sdk.targets(217,5): message :       Clean;
       C:\Program Files\dotnet\sdk\9.0.308\Sdks\Microsoft.NET.Sdk\targets\Microsoft.NET.Sdk.targets(217,5): message :       Build;
       C:\Program Files\dotnet\sdk\9.0.308\Sdks\Microsoft.NET.Sdk\targets\Microsoft.NET.Sdk.targets(217,5): message :       AfterRebuild;
       C:\Program Files\dotnet\sdk\9.0.308\Sdks\Microsoft.NET.Sdk\targets\Microsoft.NET.Sdk.targets(217,5): message :     ") at C:\Program Files\dotnet\sdk\9.0.308\Sdks\Microsoft.NET.Sdk\targets\Microsoft.NET.Sdk.targets (217,5)
       C:\Program Files\dotnet\sdk\9.0.308\Sdks\Microsoft.NET.Sdk\targets\Microsoft.NET.Sdk.targets(784,5): message : Property reassignment: $(CompileDependsOn)="
       C:\Program Files\dotnet\sdk\9.0.308\Sdks\Microsoft.NET.Sdk\targets\Microsoft.NET.Sdk.targets(784,5): message :       
       C:\Program Files\dotnet\sdk\9.0.308\Sdks\Microsoft.NET.Sdk\targets\Microsoft.NET.Sdk.targets(784,5): message :       ResolveReferences;
       C:\Program Files\dotnet\sdk\9.0.308\Sdks\Microsoft.NET.Sdk\targets\Microsoft.NET.Sdk.targets(784,5): message :       ResolveKeySource;
       C:\Program Files\dotnet\sdk\9.0.308\Sdks\Microsoft.NET.Sdk\targets\Microsoft.NET.Sdk.targets(784,5): message :       SetWin32ManifestProperties;
       C:\Program Files\dotnet\sdk\9.0.308\Sdks\Microsoft.NET.Sdk\targets\Microsoft.NET.Sdk.targets(784,5): message :       _SetPreferNativeArm64Win32ManifestProperties;
       C:\Program Files\dotnet\sdk\9.0.308\Sdks\Microsoft.NET.Sdk\targets\Microsoft.NET.Sdk.targets(784,5): message :       FindReferenceAssembliesForReferences;
       C:\Program Files\dotnet\sdk\9.0.308\Sdks\Microsoft.NET.Sdk\targets\Microsoft.NET.Sdk.targets(784,5): message :       _GenerateCompileInputs;
       C:\Program Files\dotnet\sdk\9.0.308\Sdks\Microsoft.NET.Sdk\targets\Microsoft.NET.Sdk.targets(784,5): message :       BeforeCompile;
       C:\Program Files\dotnet\sdk\9.0.308\Sdks\Microsoft.NET.Sdk\targets\Microsoft.NET.Sdk.targets(784,5): message :       _TimeStampBeforeCompile;
       C:\Program Files\dotnet\sdk\9.0.308\Sdks\Microsoft.NET.Sdk\targets\Microsoft.NET.Sdk.targets(784,5): message :       _GenerateCompileDependencyCache;
       C:\Program Files\dotnet\sdk\9.0.308\Sdks\Microsoft.NET.Sdk\targets\Microsoft.NET.Sdk.targets(784,5): message :       CoreCompile;
       C:\Program Files\dotnet\sdk\9.0.308\Sdks\Microsoft.NET.Sdk\targets\Microsoft.NET.Sdk.targets(784,5): message :       _TimeStampAfterCompile;
       C:\Program Files\dotnet\sdk\9.0.308\Sdks\Microsoft.NET.Sdk\targets\Microsoft.NET.Sdk.targets(784,5): message :       AfterCompile;
       C:\Program Files\dotnet\sdk\9.0.308\Sdks\Microsoft.NET.Sdk\targets\Microsoft.NET.Sdk.targets(784,5): message :     ;
       C:\Program Files\dotnet\sdk\9.0.308\Sdks\Microsoft.NET.Sdk\targets\Microsoft.NET.Sdk.targets(784,5): message :       _CreateAppHost;
       C:\Program Files\dotnet\sdk\9.0.308\Sdks\Microsoft.NET.Sdk\targets\Microsoft.NET.Sdk.targets(784,5): message :       _CreateComHost;
       C:\Program Files\dotnet\sdk\9.0.308\Sdks\Microsoft.NET.Sdk\targets\Microsoft.NET.Sdk.targets(784,5): message :       _GetIjwHostPaths;
       C:\Program Files\dotnet\sdk\9.0.308\Sdks\Microsoft.NET.Sdk\targets\Microsoft.NET.Sdk.targets(784,5): message :     " (previous value: "
       C:\Program Files\dotnet\sdk\9.0.308\Sdks\Microsoft.NET.Sdk\targets\Microsoft.NET.Sdk.targets(784,5): message :       ResolveReferences;
       C:\Program Files\dotnet\sdk\9.0.308\Sdks\Microsoft.NET.Sdk\targets\Microsoft.NET.Sdk.targets(784,5): message :       ResolveKeySource;
       C:\Program Files\dotnet\sdk\9.0.308\Sdks\Microsoft.NET.Sdk\targets\Microsoft.NET.Sdk.targets(784,5): message :       SetWin32ManifestProperties;
       C:\Program Files\dotnet\sdk\9.0.308\Sdks\Microsoft.NET.Sdk\targets\Microsoft.NET.Sdk.targets(784,5): message :       _SetPreferNativeArm64Win32ManifestProperties;
       C:\Program Files\dotnet\sdk\9.0.308\Sdks\Microsoft.NET.Sdk\targets\Microsoft.NET.Sdk.targets(784,5): message :       FindReferenceAssembliesForReferences;
       C:\Program Files\dotnet\sdk\9.0.308\Sdks\Microsoft.NET.Sdk\targets\Microsoft.NET.Sdk.targets(784,5): message :       _GenerateCompileInputs;
       C:\Program Files\dotnet\sdk\9.0.308\Sdks\Microsoft.NET.Sdk\targets\Microsoft.NET.Sdk.targets(784,5): message :       BeforeCompile;
       C:\Program Files\dotnet\sdk\9.0.308\Sdks\Microsoft.NET.Sdk\targets\Microsoft.NET.Sdk.targets(784,5): message :       _TimeStampBeforeCompile;
       C:\Program Files\dotnet\sdk\9.0.308\Sdks\Microsoft.NET.Sdk\targets\Microsoft.NET.Sdk.targets(784,5): message :       _GenerateCompileDependencyCache;
       C:\Program Files\dotnet\sdk\9.0.308\Sdks\Microsoft.NET.Sdk\targets\Microsoft.NET.Sdk.targets(784,5): message :       CoreCompile;
       C:\Program Files\dotnet\sdk\9.0.308\Sdks\Microsoft.NET.Sdk\targets\Microsoft.NET.Sdk.targets(784,5): message :       _TimeStampAfterCompile;
       C:\Program Files\dotnet\sdk\9.0.308\Sdks\Microsoft.NET.Sdk\targets\Microsoft.NET.Sdk.targets(784,5): message :       AfterCompile;
       C:\Program Files\dotnet\sdk\9.0.308\Sdks\Microsoft.NET.Sdk\targets\Microsoft.NET.Sdk.targets(784,5): message :     ") at C:\Program Files\dotnet\sdk\9.0.308\Sdks\Microsoft.NET.Sdk\targets\Microsoft.NET.Sdk.targets (784,5)
       C:\Program Files\dotnet\sdk\9.0.308\Sdks\Microsoft.NET.Sdk\targets\Microsoft.NET.Sdk.targets(1184,5): message : Property reassignment: $(CreateSatelliteAssembliesDependsOn)="
       C:\Program Files\dotnet\sdk\9.0.308\Sdks\Microsoft.NET.Sdk\targets\Microsoft.NET.Sdk.targets(1184,5): message :       
       C:\Program Files\dotnet\sdk\9.0.308\Sdks\Microsoft.NET.Sdk\targets\Microsoft.NET.Sdk.targets(1184,5): message :       ;
       C:\Program Files\dotnet\sdk\9.0.308\Sdks\Microsoft.NET.Sdk\targets\Microsoft.NET.Sdk.targets(1184,5): message :       _GenerateSatelliteAssemblyInputs;
       C:\Program Files\dotnet\sdk\9.0.308\Sdks\Microsoft.NET.Sdk\targets\Microsoft.NET.Sdk.targets(1184,5): message :       ComputeIntermediateSatelliteAssemblies;
       C:\Program Files\dotnet\sdk\9.0.308\Sdks\Microsoft.NET.Sdk\targets\Microsoft.NET.Sdk.targets(1184,5): message :       GenerateSatelliteAssemblies
       C:\Program Files\dotnet\sdk\9.0.308\Sdks\Microsoft.NET.Sdk\targets\Microsoft.NET.Sdk.targets(1184,5): message :     ;
       C:\Program Files\dotnet\sdk\9.0.308\Sdks\Microsoft.NET.Sdk\targets\Microsoft.NET.Sdk.targets(1184,5): message :       CoreGenerateSatelliteAssemblies
       C:\Program Files\dotnet\sdk\9.0.308\Sdks\Microsoft.NET.Sdk\targets\Microsoft.NET.Sdk.targets(1184,5): message :     " (previous value: "
       C:\Program Files\dotnet\sdk\9.0.308\Sdks\Microsoft.NET.Sdk\targets\Microsoft.NET.Sdk.targets(1184,5): message :       ;
       C:\Program Files\dotnet\sdk\9.0.308\Sdks\Microsoft.NET.Sdk\targets\Microsoft.NET.Sdk.targets(1184,5): message :       _GenerateSatelliteAssemblyInputs;
       C:\Program Files\dotnet\sdk\9.0.308\Sdks\Microsoft.NET.Sdk\targets\Microsoft.NET.Sdk.targets(1184,5): message :       ComputeIntermediateSatelliteAssemblies;
       C:\Program Files\dotnet\sdk\9.0.308\Sdks\Microsoft.NET.Sdk\targets\Microsoft.NET.Sdk.targets(1184,5): message :       GenerateSatelliteAssemblies
       C:\Program Files\dotnet\sdk\9.0.308\Sdks\Microsoft.NET.Sdk\targets\Microsoft.NET.Sdk.targets(1184,5): message :     ") at C:\Program Files\dotnet\sdk\9.0.308\Sdks\Microsoft.NET.Sdk\targets\Microsoft.NET.Sdk.targets (1184,5)
       C:\Program Files\dotnet\sdk\9.0.308\Sdks\Microsoft.SourceLink.GitLab\build\Microsoft.SourceLink.GitLab.targets(12,5): message : Property reassignment: $(SourceLinkUrlInitializerTargets)=";_InitializeGitHubSourceLinkUrl;_InitializeGitLabSourceLinkUrl" (previous value: ";_InitializeGitHubSourceLinkUrl") at C:\Program Files\dotnet\sdk\9.0.308\Sdks\Microsoft.SourceLink.GitLab\build\Microsoft.SourceLink.GitLab.targets (12,5)
       C:\Program Files\dotnet\sdk\9.0.308\Sdks\Microsoft.SourceLink.GitLab\build\Microsoft.SourceLink.GitLab.targets(13,5): message : Property reassignment: $(SourceControlManagerUrlTranslationTargets)=";TranslateGitHubUrlsInSourceControlInformation;TranslateGitLabUrlsInSourceControlInformation" (previous value: ";TranslateGitHubUrlsInSourceControlInformation") at C:\Program Files\dotnet\sdk\9.0.308\Sdks\Microsoft.SourceLink.GitLab\build\Microsoft.SourceLink.GitLab.targets (13,5)
       C:\Program Files\dotnet\sdk\9.0.308\Sdks\Microsoft.SourceLink.AzureRepos.Git\build\Microsoft.SourceLink.AzureRepos.Git.targets(12,5): message : Property reassignment: $(SourceLinkUrlInitializerTargets)=";_InitializeGitHubSourceLinkUrl;_InitializeGitLabSourceLinkUrl;_InitializeAzureReposGitSourceLinkUrl" (previous value: ";_InitializeGitHubSourceLinkUrl;_InitializeGitLabSourceLinkUrl") at C:\Program Files\dotnet\sdk\9.0.308\Sdks\Microsoft.SourceLink.AzureRepos.Git\build\Microsoft.SourceLink.AzureRepos.Git.targets (12,5)
       C:\Program Files\dotnet\sdk\9.0.308\Sdks\Microsoft.SourceLink.AzureRepos.Git\build\Microsoft.SourceLink.AzureRepos.Git.targets(13,5): message : Property reassignment: $(SourceControlManagerUrlTranslationTargets)=";TranslateGitHubUrlsInSourceControlInformation;TranslateGitLabUrlsInSourceControlInformation;TranslateAzureReposGitUrlsInSourceControlInformation" (previous value: ";TranslateGitHubUrlsInSourceControlInformation;TranslateGitLabUrlsInSourceControlInformation") at C:\Program Files\dotnet\sdk\9.0.308\Sdks\Microsoft.SourceLink.AzureRepos.Git\build\Microsoft.SourceLink.AzureRepos.Git.targets (13,5)
       C:\Program Files\dotnet\sdk\9.0.308\Sdks\Microsoft.SourceLink.Bitbucket.Git\build\Microsoft.SourceLink.Bitbucket.Git.targets(12,5): message : Property reassignment: $(SourceLinkUrlInitializerTargets)=";_InitializeGitHubSourceLinkUrl;_InitializeGitLabSourceLinkUrl;_InitializeAzureReposGitSourceLinkUrl;_InitializeBitbucketGitSourceLinkUrl" (previous value: ";_InitializeGitHubSourceLinkUrl;_InitializeGitLabSourceLinkUrl;_InitializeAzureReposGitSourceLinkUrl") at C:\Program Files\dotnet\sdk\9.0.308\Sdks\Microsoft.SourceLink.Bitbucket.Git\build\Microsoft.SourceLink.Bitbucket.Git.targets (12,5)
       C:\Program Files\dotnet\sdk\9.0.308\Sdks\Microsoft.SourceLink.Bitbucket.Git\build\Microsoft.SourceLink.Bitbucket.Git.targets(13,5): message : Property reassignment: $(SourceControlManagerUrlTranslationTargets)=";TranslateGitHubUrlsInSourceControlInformation;TranslateGitLabUrlsInSourceControlInformation;TranslateAzureReposGitUrlsInSourceControlInformation;TranslateBitbucketGitUrlsInSourceControlInformation" (previous value: ";TranslateGitHubUrlsInSourceControlInformation;TranslateGitLabUrlsInSourceControlInformation;TranslateAzureReposGitUrlsInSourceControlInformation") at C:\Program Files\dotnet\sdk\9.0.308\Sdks\Microsoft.SourceLink.Bitbucket.Git\build\Microsoft.SourceLink.Bitbucket.Git.targets (13,5)
       C:\Program Files\dotnet\sdk\9.0.308\Sdks\Microsoft.NET.Sdk\targets\Microsoft.NET.DesignerSupport.targets(21,5): message : Property reassignment: $(DesignerRuntimeImplementationProjectOutputGroupDependsOn)="
       C:\Program Files\dotnet\sdk\9.0.308\Sdks\Microsoft.NET.Sdk\targets\Microsoft.NET.DesignerSupport.targets(21,5): message :       
       C:\Program Files\dotnet\sdk\9.0.308\Sdks\Microsoft.NET.Sdk\targets\Microsoft.NET.DesignerSupport.targets(21,5): message :       ;
       C:\Program Files\dotnet\sdk\9.0.308\Sdks\Microsoft.NET.Sdk\targets\Microsoft.NET.DesignerSupport.targets(21,5): message :       
       C:\Program Files\dotnet\sdk\9.0.308\Sdks\Microsoft.NET.Sdk\targets\Microsoft.NET.DesignerSupport.targets(21,5): message :       ;
       C:\Program Files\dotnet\sdk\9.0.308\Sdks\Microsoft.NET.Sdk\targets\Microsoft.NET.DesignerSupport.targets(21,5): message :       BuildOnlySettings;
       C:\Program Files\dotnet\sdk\9.0.308\Sdks\Microsoft.NET.Sdk\targets\Microsoft.NET.DesignerSupport.targets(21,5): message :       PrepareForBuild;
       C:\Program Files\dotnet\sdk\9.0.308\Sdks\Microsoft.NET.Sdk\targets\Microsoft.NET.DesignerSupport.targets(21,5): message :       AssignTargetPaths;
       C:\Program Files\dotnet\sdk\9.0.308\Sdks\Microsoft.NET.Sdk\targets\Microsoft.NET.DesignerSupport.targets(21,5): message :       ResolveReferences
       C:\Program Files\dotnet\sdk\9.0.308\Sdks\Microsoft.NET.Sdk\targets\Microsoft.NET.DesignerSupport.targets(21,5): message :     
       C:\Program Files\dotnet\sdk\9.0.308\Sdks\Microsoft.NET.Sdk\targets\Microsoft.NET.DesignerSupport.targets(21,5): message :     ;
       C:\Program Files\dotnet\sdk\9.0.308\Sdks\Microsoft.NET.Sdk\targets\Microsoft.NET.DesignerSupport.targets(21,5): message :       _GenerateDesignerDepsFile;
       C:\Program Files\dotnet\sdk\9.0.308\Sdks\Microsoft.NET.Sdk\targets\Microsoft.NET.DesignerSupport.targets(21,5): message :       _GenerateDesignerRuntimeConfigFile;
       C:\Program Files\dotnet\sdk\9.0.308\Sdks\Microsoft.NET.Sdk\targets\Microsoft.NET.DesignerSupport.targets(21,5): message :       GetCopyToOutputDirectoryItems;
       C:\Program Files\dotnet\sdk\9.0.308\Sdks\Microsoft.NET.Sdk\targets\Microsoft.NET.DesignerSupport.targets(21,5): message :       _GatherDesignerShadowCopyFiles;
       C:\Program Files\dotnet\sdk\9.0.308\Sdks\Microsoft.NET.Sdk\targets\Microsoft.NET.DesignerSupport.targets(21,5): message :     " (previous value: "
       C:\Program Files\dotnet\sdk\9.0.308\Sdks\Microsoft.NET.Sdk\targets\Microsoft.NET.DesignerSupport.targets(21,5): message :       ;
       C:\Program Files\dotnet\sdk\9.0.308\Sdks\Microsoft.NET.Sdk\targets\Microsoft.NET.DesignerSupport.targets(21,5): message :       
       C:\Program Files\dotnet\sdk\9.0.308\Sdks\Microsoft.NET.Sdk\targets\Microsoft.NET.DesignerSupport.targets(21,5): message :       ;
       C:\Program Files\dotnet\sdk\9.0.308\Sdks\Microsoft.NET.Sdk\targets\Microsoft.NET.DesignerSupport.targets(21,5): message :       BuildOnlySettings;
       C:\Program Files\dotnet\sdk\9.0.308\Sdks\Microsoft.NET.Sdk\targets\Microsoft.NET.DesignerSupport.targets(21,5): message :       PrepareForBuild;
       C:\Program Files\dotnet\sdk\9.0.308\Sdks\Microsoft.NET.Sdk\targets\Microsoft.NET.DesignerSupport.targets(21,5): message :       AssignTargetPaths;
       C:\Program Files\dotnet\sdk\9.0.308\Sdks\Microsoft.NET.Sdk\targets\Microsoft.NET.DesignerSupport.targets(21,5): message :       ResolveReferences
       C:\Program Files\dotnet\sdk\9.0.308\Sdks\Microsoft.NET.Sdk\targets\Microsoft.NET.DesignerSupport.targets(21,5): message :     
       C:\Program Files\dotnet\sdk\9.0.308\Sdks\Microsoft.NET.Sdk\targets\Microsoft.NET.DesignerSupport.targets(21,5): message :     ") at C:\Program Files\dotnet\sdk\9.0.308\Sdks\Microsoft.NET.Sdk\targets\Microsoft.NET.DesignerSupport.targets (21,5)
       C:\Program Files\dotnet\sdk\9.0.308\Sdks\Microsoft.NET.Sdk\targets\Microsoft.NET.PackTool.targets(68,5): message : Property reassignment: $(_GenerateToolsSettingsFileCacheFile)="C:\Users\DELL\OneDrive\Desktop\Web spa\Long(ThanhToan_DatLich\obj\Debug\net8.0\SpaN5.toolssettingsinput.cache" (previous value: "obj\Debug\net8.0\SpaN5.toolssettingsinput.cache") at C:\Program Files\dotnet\sdk\9.0.308\Sdks\Microsoft.NET.Sdk\targets\Microsoft.NET.PackTool.targets (68,5)
       C:\Program Files\dotnet\sdk\9.0.308\Sdks\Microsoft.NET.Sdk\targets\Microsoft.NET.PackTool.targets(137,5): message : Property reassignment: $(_ShimInputCacheFile)="C:\Users\DELL\OneDrive\Desktop\Web spa\Long(ThanhToan_DatLich\obj\Debug\net8.0\SpaN5.shiminput.cache" (previous value: "obj\Debug\net8.0\SpaN5.shiminput.cache") at C:\Program Files\dotnet\sdk\9.0.308\Sdks\Microsoft.NET.Sdk\targets\Microsoft.NET.PackTool.targets (137,5)
       C:\Program Files\dotnet\sdk\9.0.308\Sdks\Microsoft.NET.Sdk\targets\Microsoft.NET.PackTool.targets(139,5): message : Property reassignment: $(_ShimCreatedSentinelFile)="C:\Users\DELL\OneDrive\Desktop\Web spa\Long(ThanhToan_DatLich\obj\Debug\net8.0\SpaN5.shimcreated.sentinel" (previous value: "obj\Debug\net8.0\SpaN5.shimcreated.sentinel") at C:\Program Files\dotnet\sdk\9.0.308\Sdks\Microsoft.NET.Sdk\targets\Microsoft.NET.PackTool.targets (139,5)
       C:\Program Files\dotnet\sdk\9.0.308\Sdks\Microsoft.NET.Sdk\targets\Microsoft.NET.Sdk.CSharp.targets(31,5): message : Property reassignment: $(DefineConstants)="TRACE;DEBUG" (previous value: "TRACE") at C:\Program Files\dotnet\sdk\9.0.308\Sdks\Microsoft.NET.Sdk\targets\Microsoft.NET.Sdk.CSharp.targets (31,5)
       C:\Program Files\dotnet\sdk\9.0.308\Sdks\Microsoft.NET.Sdk\targets\Microsoft.NET.Sdk.CSharp.targets(34,5): message : Property reassignment: $(DefineConstants)="TRACE;DEBUG;NET;NET8_0;NETCOREAPP" (previous value: "TRACE;DEBUG") at C:\Program Files\dotnet\sdk\9.0.308\Sdks\Microsoft.NET.Sdk\targets\Microsoft.NET.Sdk.CSharp.targets (34,5)
       C:\Program Files\dotnet\sdk\9.0.308\Sdks\Microsoft.NET.Sdk\targets\Microsoft.NET.Sdk.CSharp.targets(48,5): message : Property reassignment: $(WarningsAsErrors)=";NU1605;SYSLIB0011" (previous value: ";NU1605") at C:\Program Files\dotnet\sdk\9.0.308\Sdks\Microsoft.NET.Sdk\targets\Microsoft.NET.Sdk.CSharp.targets (48,5)
       C:\Program Files\dotnet\sdk\9.0.308\Sdks\NuGet.Build.Tasks.Pack\build\NuGet.Build.Tasks.Pack.targets(34,5): message : Property reassignment: $(PackageDescription)="Package Description" (previous value: "") at C:\Program Files\dotnet\sdk\9.0.308\Sdks\NuGet.Build.Tasks.Pack\build\NuGet.Build.Tasks.Pack.targets (34,5)
       C:\Program Files\dotnet\sdk\9.0.308\Sdks\NuGet.Build.Tasks.Pack\build\NuGet.Build.Tasks.Pack.targets(59,5): message : Property reassignment: $(GenerateNuspecDependsOn)="Build;_LoadPackInputItems; _GetTargetFrameworksOutput; _WalkEachTargetPerFramework; _GetPackageFiles; " (previous value: "_LoadPackInputItems; _GetTargetFrameworksOutput; _WalkEachTargetPerFramework; _GetPackageFiles; ") at C:\Program Files\dotnet\sdk\9.0.308\Sdks\NuGet.Build.Tasks.Pack\build\NuGet.Build.Tasks.Pack.targets (59,5)
       C:\Program Files\dotnet\sdk\9.0.308\Sdks\Microsoft.NET.Sdk\Sdk\Sdk.targets(60,5): message : Property reassignment: $(_IsNotSetContainersTargetsDir)="true" (previous value: "false") at C:\Program Files\dotnet\sdk\9.0.308\Sdks\Microsoft.NET.Sdk\Sdk\Sdk.targets (60,5)
       C:\Program Files\dotnet\sdk\9.0.308\Containers\build\Microsoft.NET.Build.Containers.targets(5,5): message : Property reassignment: $(_IsSDKContainerAllowedVersion)="true" (previous value: "false") at C:\Program Files\dotnet\sdk\9.0.308\Containers\build\Microsoft.NET.Build.Containers.targets (5,5)
       C:\Program Files\dotnet\sdk\9.0.308\Containers\build\Microsoft.NET.Build.Containers.targets(15,5): message : Property reassignment: $(_ContainerIsTargetingNet8TFM)="true" (previous value: "false") at C:\Program Files\dotnet\sdk\9.0.308\Containers\build\Microsoft.NET.Build.Containers.targets (15,5)
       C:\Program Files\dotnet\sdk\9.0.308\Sdks\Microsoft.NET.Sdk.StaticWebAssets\targets\Sdk.StaticWebAssets.CurrentVersion.targets(37,18): message : Property 'DOTNET_HOST_PATH' with value 'C:\Program Files\dotnet\dotnet.exe' expanded from the environment.
       C:\Program Files\dotnet\sdk\9.0.308\Sdks\Microsoft.NET.Sdk.StaticWebAssets\targets\Microsoft.NET.Sdk.StaticWebAssets.targets(286,5): message : Property reassignment: $(PrepareForRunDependsOn)="StaticWebAssetsPrepareForRun;
       C:\Program Files\dotnet\sdk\9.0.308\Sdks\Microsoft.NET.Sdk.StaticWebAssets\targets\Microsoft.NET.Sdk.StaticWebAssets.targets(286,5): message :       CopyFilesToOutputDirectory
       C:\Program Files\dotnet\sdk\9.0.308\Sdks\Microsoft.NET.Sdk.StaticWebAssets\targets\Microsoft.NET.Sdk.StaticWebAssets.targets(286,5): message :     " (previous value: "
       C:\Program Files\dotnet\sdk\9.0.308\Sdks\Microsoft.NET.Sdk.StaticWebAssets\targets\Microsoft.NET.Sdk.StaticWebAssets.targets(286,5): message :       CopyFilesToOutputDirectory
       C:\Program Files\dotnet\sdk\9.0.308\Sdks\Microsoft.NET.Sdk.StaticWebAssets\targets\Microsoft.NET.Sdk.StaticWebAssets.targets(286,5): message :     ") at C:\Program Files\dotnet\sdk\9.0.308\Sdks\Microsoft.NET.Sdk.StaticWebAssets\targets\Microsoft.NET.Sdk.StaticWebAssets.targets (286,5)
       C:\Program Files\dotnet\sdk\9.0.308\Sdks\Microsoft.NET.Sdk.StaticWebAssets\targets\Microsoft.NET.Sdk.StaticWebAssets.targets(323,5): message : Property reassignment: $(GetCopyToOutputDirectoryItemsDependsOn)="
       C:\Program Files\dotnet\sdk\9.0.308\Sdks\Microsoft.NET.Sdk.StaticWebAssets\targets\Microsoft.NET.Sdk.StaticWebAssets.targets(323,5): message :       AssignTargetPaths;
       C:\Program Files\dotnet\sdk\9.0.308\Sdks\Microsoft.NET.Sdk.StaticWebAssets\targets\Microsoft.NET.Sdk.StaticWebAssets.targets(323,5): message :       
       C:\Program Files\dotnet\sdk\9.0.308\Sdks\Microsoft.NET.Sdk.StaticWebAssets\targets\Microsoft.NET.Sdk.StaticWebAssets.targets(323,5): message :       AssignProjectConfiguration;
       C:\Program Files\dotnet\sdk\9.0.308\Sdks\Microsoft.NET.Sdk.StaticWebAssets\targets\Microsoft.NET.Sdk.StaticWebAssets.targets(323,5): message :       _SplitProjectReferencesByFileExistence
       C:\Program Files\dotnet\sdk\9.0.308\Sdks\Microsoft.NET.Sdk.StaticWebAssets\targets\Microsoft.NET.Sdk.StaticWebAssets.targets(323,5): message :     ;
       C:\Program Files\dotnet\sdk\9.0.308\Sdks\Microsoft.NET.Sdk.StaticWebAssets\targets\Microsoft.NET.Sdk.StaticWebAssets.targets(323,5): message :       _GetProjectReferenceTargetFrameworkProperties;
       C:\Program Files\dotnet\sdk\9.0.308\Sdks\Microsoft.NET.Sdk.StaticWebAssets\targets\Microsoft.NET.Sdk.StaticWebAssets.targets(323,5): message :       _PopulateCommonStateForGetCopyToOutputDirectoryItems
       C:\Program Files\dotnet\sdk\9.0.308\Sdks\Microsoft.NET.Sdk.StaticWebAssets\targets\Microsoft.NET.Sdk.StaticWebAssets.targets(323,5): message :     ;AddStaticWebAssetsManifest;AddStaticWebAssetEndpointsBuildManifest" (previous value: "
       C:\Program Files\dotnet\sdk\9.0.308\Sdks\Microsoft.NET.Sdk.StaticWebAssets\targets\Microsoft.NET.Sdk.StaticWebAssets.targets(323,5): message :       AssignTargetPaths;
       C:\Program Files\dotnet\sdk\9.0.308\Sdks\Microsoft.NET.Sdk.StaticWebAssets\targets\Microsoft.NET.Sdk.StaticWebAssets.targets(323,5): message :       
       C:\Program Files\dotnet\sdk\9.0.308\Sdks\Microsoft.NET.Sdk.StaticWebAssets\targets\Microsoft.NET.Sdk.StaticWebAssets.targets(323,5): message :       AssignProjectConfiguration;
       C:\Program Files\dotnet\sdk\9.0.308\Sdks\Microsoft.NET.Sdk.StaticWebAssets\targets\Microsoft.NET.Sdk.StaticWebAssets.targets(323,5): message :       _SplitProjectReferencesByFileExistence
       C:\Program Files\dotnet\sdk\9.0.308\Sdks\Microsoft.NET.Sdk.StaticWebAssets\targets\Microsoft.NET.Sdk.StaticWebAssets.targets(323,5): message :     ;
       C:\Program Files\dotnet\sdk\9.0.308\Sdks\Microsoft.NET.Sdk.StaticWebAssets\targets\Microsoft.NET.Sdk.StaticWebAssets.targets(323,5): message :       _GetProjectReferenceTargetFrameworkProperties;
       C:\Program Files\dotnet\sdk\9.0.308\Sdks\Microsoft.NET.Sdk.StaticWebAssets\targets\Microsoft.NET.Sdk.StaticWebAssets.targets(323,5): message :       _PopulateCommonStateForGetCopyToOutputDirectoryItems
       C:\Program Files\dotnet\sdk\9.0.308\Sdks\Microsoft.NET.Sdk.StaticWebAssets\targets\Microsoft.NET.Sdk.StaticWebAssets.targets(323,5): message :     ") at C:\Program Files\dotnet\sdk\9.0.308\Sdks\Microsoft.NET.Sdk.StaticWebAssets\targets\Microsoft.NET.Sdk.StaticWebAssets.targets (323,5)
       C:\Program Files\dotnet\sdk\9.0.308\Sdks\Microsoft.NET.Sdk.StaticWebAssets\targets\Microsoft.NET.Sdk.StaticWebAssets.Pack.targets(46,5): message : Property reassignment: $(GenerateNuspecDependsOn)="
       C:\Program Files\dotnet\sdk\9.0.308\Sdks\Microsoft.NET.Sdk.StaticWebAssets\targets\Microsoft.NET.Sdk.StaticWebAssets.Pack.targets(46,5): message :       IncludeStaticWebAssetsPackItems;
       C:\Program Files\dotnet\sdk\9.0.308\Sdks\Microsoft.NET.Sdk.StaticWebAssets\targets\Microsoft.NET.Sdk.StaticWebAssets.Pack.targets(46,5): message :       Build;_LoadPackInputItems; _GetTargetFrameworksOutput; _WalkEachTargetPerFramework; _GetPackageFiles; ;
       C:\Program Files\dotnet\sdk\9.0.308\Sdks\Microsoft.NET.Sdk.StaticWebAssets\targets\Microsoft.NET.Sdk.StaticWebAssets.Pack.targets(46,5): message :     " (previous value: "Build;_LoadPackInputItems; _GetTargetFrameworksOutput; _WalkEachTargetPerFramework; _GetPackageFiles; ") at C:\Program Files\dotnet\sdk\9.0.308\Sdks\Microsoft.NET.Sdk.StaticWebAssets\targets\Microsoft.NET.Sdk.StaticWebAssets.Pack.targets (46,5)
       C:\Program Files\dotnet\sdk\9.0.308\Sdks\Microsoft.NET.Sdk.StaticWebAssets\targets\Microsoft.NET.Sdk.StaticWebAssets.Pack.targets(55,5): message : Property reassignment: $(IncludeStaticWebAssetsPackItemsDependsOn)="
       C:\Program Files\dotnet\sdk\9.0.308\Sdks\Microsoft.NET.Sdk.StaticWebAssets\targets\Microsoft.NET.Sdk.StaticWebAssets.Pack.targets(55,5): message :       Build;
       C:\Program Files\dotnet\sdk\9.0.308\Sdks\Microsoft.NET.Sdk.StaticWebAssets\targets\Microsoft.NET.Sdk.StaticWebAssets.Pack.targets(55,5): message :       ResolveStaticWebAssetsConfiguration;LoadStaticWebAssetsBuildManifest
       C:\Program Files\dotnet\sdk\9.0.308\Sdks\Microsoft.NET.Sdk.StaticWebAssets\targets\Microsoft.NET.Sdk.StaticWebAssets.Pack.targets(55,5): message :     ;
       C:\Program Files\dotnet\sdk\9.0.308\Sdks\Microsoft.NET.Sdk.StaticWebAssets\targets\Microsoft.NET.Sdk.StaticWebAssets.Pack.targets(55,5): message :     " (previous value: "
       C:\Program Files\dotnet\sdk\9.0.308\Sdks\Microsoft.NET.Sdk.StaticWebAssets\targets\Microsoft.NET.Sdk.StaticWebAssets.Pack.targets(55,5): message :       ResolveStaticWebAssetsConfiguration;LoadStaticWebAssetsBuildManifest
       C:\Program Files\dotnet\sdk\9.0.308\Sdks\Microsoft.NET.Sdk.StaticWebAssets\targets\Microsoft.NET.Sdk.StaticWebAssets.Pack.targets(55,5): message :     ") at C:\Program Files\dotnet\sdk\9.0.308\Sdks\Microsoft.NET.Sdk.StaticWebAssets\targets\Microsoft.NET.Sdk.StaticWebAssets.Pack.targets (55,5)
       C:\Program Files\dotnet\sdk\9.0.308\Sdks\Microsoft.NET.Sdk.StaticWebAssets\targets\Microsoft.NET.Sdk.StaticWebAssets.ScopedCss.targets(55,3): message : Property reassignment: $(ResolveStaticWebAssetsInputsDependsOn)="
       C:\Program Files\dotnet\sdk\9.0.308\Sdks\Microsoft.NET.Sdk.StaticWebAssets\targets\Microsoft.NET.Sdk.StaticWebAssets.ScopedCss.targets(55,3): message :     
       C:\Program Files\dotnet\sdk\9.0.308\Sdks\Microsoft.NET.Sdk.StaticWebAssets\targets\Microsoft.NET.Sdk.StaticWebAssets.ScopedCss.targets(55,3): message :       ResolveCoreStaticWebAssets;
       C:\Program Files\dotnet\sdk\9.0.308\Sdks\Microsoft.NET.Sdk.StaticWebAssets\targets\Microsoft.NET.Sdk.StaticWebAssets.ScopedCss.targets(55,3): message :       GenerateComputedBuildStaticWebAssets;
       C:\Program Files\dotnet\sdk\9.0.308\Sdks\Microsoft.NET.Sdk.StaticWebAssets\targets\Microsoft.NET.Sdk.StaticWebAssets.ScopedCss.targets(55,3): message :       
       C:\Program Files\dotnet\sdk\9.0.308\Sdks\Microsoft.NET.Sdk.StaticWebAssets\targets\Microsoft.NET.Sdk.StaticWebAssets.ScopedCss.targets(55,3): message :     ;
       C:\Program Files\dotnet\sdk\9.0.308\Sdks\Microsoft.NET.Sdk.StaticWebAssets\targets\Microsoft.NET.Sdk.StaticWebAssets.ScopedCss.targets(55,3): message :     ResolveScopedCssAssets;
       C:\Program Files\dotnet\sdk\9.0.308\Sdks\Microsoft.NET.Sdk.StaticWebAssets\targets\Microsoft.NET.Sdk.StaticWebAssets.ScopedCss.targets(55,3): message :   " (previous value: "
       C:\Program Files\dotnet\sdk\9.0.308\Sdks\Microsoft.NET.Sdk.StaticWebAssets\targets\Microsoft.NET.Sdk.StaticWebAssets.ScopedCss.targets(55,3): message :       ResolveCoreStaticWebAssets;
       C:\Program Files\dotnet\sdk\9.0.308\Sdks\Microsoft.NET.Sdk.StaticWebAssets\targets\Microsoft.NET.Sdk.StaticWebAssets.ScopedCss.targets(55,3): message :       GenerateComputedBuildStaticWebAssets;
       C:\Program Files\dotnet\sdk\9.0.308\Sdks\Microsoft.NET.Sdk.StaticWebAssets\targets\Microsoft.NET.Sdk.StaticWebAssets.ScopedCss.targets(55,3): message :       
       C:\Program Files\dotnet\sdk\9.0.308\Sdks\Microsoft.NET.Sdk.StaticWebAssets\targets\Microsoft.NET.Sdk.StaticWebAssets.ScopedCss.targets(55,3): message :     ") at C:\Program Files\dotnet\sdk\9.0.308\Sdks\Microsoft.NET.Sdk.StaticWebAssets\targets\Microsoft.NET.Sdk.StaticWebAssets.ScopedCss.targets (55,3)
       C:\Program Files\dotnet\sdk\9.0.308\Sdks\Microsoft.NET.Sdk.StaticWebAssets\targets\Microsoft.NET.Sdk.StaticWebAssets.ScopedCss.targets(88,3): message : Property reassignment: $(GenerateComputedBuildStaticWebAssetsDependsOn)="
       C:\Program Files\dotnet\sdk\9.0.308\Sdks\Microsoft.NET.Sdk.StaticWebAssets\targets\Microsoft.NET.Sdk.StaticWebAssets.ScopedCss.targets(88,3): message :     ResolveCoreStaticWebAssets;;
       C:\Program Files\dotnet\sdk\9.0.308\Sdks\Microsoft.NET.Sdk.StaticWebAssets\targets\Microsoft.NET.Sdk.StaticWebAssets.ScopedCss.targets(88,3): message :     BundleScopedCssFiles;
       C:\Program Files\dotnet\sdk\9.0.308\Sdks\Microsoft.NET.Sdk.StaticWebAssets\targets\Microsoft.NET.Sdk.StaticWebAssets.ScopedCss.targets(88,3): message :   " (previous value: "ResolveCoreStaticWebAssets;") at C:\Program Files\dotnet\sdk\9.0.308\Sdks\Microsoft.NET.Sdk.StaticWebAssets\targets\Microsoft.NET.Sdk.StaticWebAssets.ScopedCss.targets (88,3)
       C:\Program Files\dotnet\sdk\9.0.308\Sdks\Microsoft.NET.Sdk.StaticWebAssets\targets\Microsoft.NET.Sdk.StaticWebAssets.JSModules.targets(37,5): message : Property reassignment: $(ResolveCoreStaticWebAssetsDependsOn)="
       C:\Program Files\dotnet\sdk\9.0.308\Sdks\Microsoft.NET.Sdk.StaticWebAssets\targets\Microsoft.NET.Sdk.StaticWebAssets.JSModules.targets(37,5): message :       
       C:\Program Files\dotnet\sdk\9.0.308\Sdks\Microsoft.NET.Sdk.StaticWebAssets\targets\Microsoft.NET.Sdk.StaticWebAssets.JSModules.targets(37,5): message :       UpdateExistingPackageStaticWebAssets;
       C:\Program Files\dotnet\sdk\9.0.308\Sdks\Microsoft.NET.Sdk.StaticWebAssets\targets\Microsoft.NET.Sdk.StaticWebAssets.JSModules.targets(37,5): message :       ResolveProjectStaticWebAssets;
       C:\Program Files\dotnet\sdk\9.0.308\Sdks\Microsoft.NET.Sdk.StaticWebAssets\targets\Microsoft.NET.Sdk.StaticWebAssets.JSModules.targets(37,5): message :       ResolveEmbeddedProjectsStaticWebAssets;
       C:\Program Files\dotnet\sdk\9.0.308\Sdks\Microsoft.NET.Sdk.StaticWebAssets\targets\Microsoft.NET.Sdk.StaticWebAssets.JSModules.targets(37,5): message :       ResolveReferencedProjectsStaticWebAssets;
       C:\Program Files\dotnet\sdk\9.0.308\Sdks\Microsoft.NET.Sdk.StaticWebAssets\targets\Microsoft.NET.Sdk.StaticWebAssets.JSModules.targets(37,5): message :       ;
       C:\Program Files\dotnet\sdk\9.0.308\Sdks\Microsoft.NET.Sdk.StaticWebAssets\targets\Microsoft.NET.Sdk.StaticWebAssets.JSModules.targets(37,5): message :     ;
       C:\Program Files\dotnet\sdk\9.0.308\Sdks\Microsoft.NET.Sdk.StaticWebAssets\targets\Microsoft.NET.Sdk.StaticWebAssets.JSModules.targets(37,5): message :       ResolveJsInitializerModuleStaticWebAssets;
       C:\Program Files\dotnet\sdk\9.0.308\Sdks\Microsoft.NET.Sdk.StaticWebAssets\targets\Microsoft.NET.Sdk.StaticWebAssets.JSModules.targets(37,5): message :     " (previous value: "
       C:\Program Files\dotnet\sdk\9.0.308\Sdks\Microsoft.NET.Sdk.StaticWebAssets\targets\Microsoft.NET.Sdk.StaticWebAssets.JSModules.targets(37,5): message :       UpdateExistingPackageStaticWebAssets;
       C:\Program Files\dotnet\sdk\9.0.308\Sdks\Microsoft.NET.Sdk.StaticWebAssets\targets\Microsoft.NET.Sdk.StaticWebAssets.JSModules.targets(37,5): message :       ResolveProjectStaticWebAssets;
       C:\Program Files\dotnet\sdk\9.0.308\Sdks\Microsoft.NET.Sdk.StaticWebAssets\targets\Microsoft.NET.Sdk.StaticWebAssets.JSModules.targets(37,5): message :       ResolveEmbeddedProjectsStaticWebAssets;
       C:\Program Files\dotnet\sdk\9.0.308\Sdks\Microsoft.NET.Sdk.StaticWebAssets\targets\Microsoft.NET.Sdk.StaticWebAssets.JSModules.targets(37,5): message :       ResolveReferencedProjectsStaticWebAssets;
       C:\Program Files\dotnet\sdk\9.0.308\Sdks\Microsoft.NET.Sdk.StaticWebAssets\targets\Microsoft.NET.Sdk.StaticWebAssets.JSModules.targets(37,5): message :       ;
       C:\Program Files\dotnet\sdk\9.0.308\Sdks\Microsoft.NET.Sdk.StaticWebAssets\targets\Microsoft.NET.Sdk.StaticWebAssets.JSModules.targets(37,5): message :     ") at C:\Program Files\dotnet\sdk\9.0.308\Sdks\Microsoft.NET.Sdk.StaticWebAssets\targets\Microsoft.NET.Sdk.StaticWebAssets.JSModules.targets (37,5)
       C:\Program Files\dotnet\sdk\9.0.308\Sdks\Microsoft.NET.Sdk.StaticWebAssets\targets\Microsoft.NET.Sdk.StaticWebAssets.JSModules.targets(42,5): message : Property reassignment: $(ResolveCoreStaticWebAssetsDependsOn)="
       C:\Program Files\dotnet\sdk\9.0.308\Sdks\Microsoft.NET.Sdk.StaticWebAssets\targets\Microsoft.NET.Sdk.StaticWebAssets.JSModules.targets(42,5): message :       
       C:\Program Files\dotnet\sdk\9.0.308\Sdks\Microsoft.NET.Sdk.StaticWebAssets\targets\Microsoft.NET.Sdk.StaticWebAssets.JSModules.targets(42,5): message :       
       C:\Program Files\dotnet\sdk\9.0.308\Sdks\Microsoft.NET.Sdk.StaticWebAssets\targets\Microsoft.NET.Sdk.StaticWebAssets.JSModules.targets(42,5): message :       UpdateExistingPackageStaticWebAssets;
       C:\Program Files\dotnet\sdk\9.0.308\Sdks\Microsoft.NET.Sdk.StaticWebAssets\targets\Microsoft.NET.Sdk.StaticWebAssets.JSModules.targets(42,5): message :       ResolveProjectStaticWebAssets;
       C:\Program Files\dotnet\sdk\9.0.308\Sdks\Microsoft.NET.Sdk.StaticWebAssets\targets\Microsoft.NET.Sdk.StaticWebAssets.JSModules.targets(42,5): message :       ResolveEmbeddedProjectsStaticWebAssets;
       C:\Program Files\dotnet\sdk\9.0.308\Sdks\Microsoft.NET.Sdk.StaticWebAssets\targets\Microsoft.NET.Sdk.StaticWebAssets.JSModules.targets(42,5): message :       ResolveReferencedProjectsStaticWebAssets;
       C:\Program Files\dotnet\sdk\9.0.308\Sdks\Microsoft.NET.Sdk.StaticWebAssets\targets\Microsoft.NET.Sdk.StaticWebAssets.JSModules.targets(42,5): message :       ;
       C:\Program Files\dotnet\sdk\9.0.308\Sdks\Microsoft.NET.Sdk.StaticWebAssets\targets\Microsoft.NET.Sdk.StaticWebAssets.JSModules.targets(42,5): message :     ;
       C:\Program Files\dotnet\sdk\9.0.308\Sdks\Microsoft.NET.Sdk.StaticWebAssets\targets\Microsoft.NET.Sdk.StaticWebAssets.JSModules.targets(42,5): message :       ResolveJsInitializerModuleStaticWebAssets;
       C:\Program Files\dotnet\sdk\9.0.308\Sdks\Microsoft.NET.Sdk.StaticWebAssets\targets\Microsoft.NET.Sdk.StaticWebAssets.JSModules.targets(42,5): message :     ;
       C:\Program Files\dotnet\sdk\9.0.308\Sdks\Microsoft.NET.Sdk.StaticWebAssets\targets\Microsoft.NET.Sdk.StaticWebAssets.JSModules.targets(42,5): message :       ResolveJSModuleStaticWebAssets;
       C:\Program Files\dotnet\sdk\9.0.308\Sdks\Microsoft.NET.Sdk.StaticWebAssets\targets\Microsoft.NET.Sdk.StaticWebAssets.JSModules.targets(42,5): message :     " (previous value: "
       C:\Program Files\dotnet\sdk\9.0.308\Sdks\Microsoft.NET.Sdk.StaticWebAssets\targets\Microsoft.NET.Sdk.StaticWebAssets.JSModules.targets(42,5): message :       
       C:\Program Files\dotnet\sdk\9.0.308\Sdks\Microsoft.NET.Sdk.StaticWebAssets\targets\Microsoft.NET.Sdk.StaticWebAssets.JSModules.targets(42,5): message :       UpdateExistingPackageStaticWebAssets;
       C:\Program Files\dotnet\sdk\9.0.308\Sdks\Microsoft.NET.Sdk.StaticWebAssets\targets\Microsoft.NET.Sdk.StaticWebAssets.JSModules.targets(42,5): message :       ResolveProjectStaticWebAssets;
       C:\Program Files\dotnet\sdk\9.0.308\Sdks\Microsoft.NET.Sdk.StaticWebAssets\targets\Microsoft.NET.Sdk.StaticWebAssets.JSModules.targets(42,5): message :       ResolveEmbeddedProjectsStaticWebAssets;
       C:\Program Files\dotnet\sdk\9.0.308\Sdks\Microsoft.NET.Sdk.StaticWebAssets\targets\Microsoft.NET.Sdk.StaticWebAssets.JSModules.targets(42,5): message :       ResolveReferencedProjectsStaticWebAssets;
       C:\Program Files\dotnet\sdk\9.0.308\Sdks\Microsoft.NET.Sdk.StaticWebAssets\targets\Microsoft.NET.Sdk.StaticWebAssets.JSModules.targets(42,5): message :       ;
       C:\Program Files\dotnet\sdk\9.0.308\Sdks\Microsoft.NET.Sdk.StaticWebAssets\targets\Microsoft.NET.Sdk.StaticWebAssets.JSModules.targets(42,5): message :     ;
       C:\Program Files\dotnet\sdk\9.0.308\Sdks\Microsoft.NET.Sdk.StaticWebAssets\targets\Microsoft.NET.Sdk.StaticWebAssets.JSModules.targets(42,5): message :       ResolveJsInitializerModuleStaticWebAssets;
       C:\Program Files\dotnet\sdk\9.0.308\Sdks\Microsoft.NET.Sdk.StaticWebAssets\targets\Microsoft.NET.Sdk.StaticWebAssets.JSModules.targets(42,5): message :     ") at C:\Program Files\dotnet\sdk\9.0.308\Sdks\Microsoft.NET.Sdk.StaticWebAssets\targets\Microsoft.NET.Sdk.StaticWebAssets.JSModules.targets (42,5)
       C:\Program Files\dotnet\sdk\9.0.308\Sdks\Microsoft.NET.Sdk.StaticWebAssets\targets\Microsoft.NET.Sdk.StaticWebAssets.JSModules.targets(57,5): message : Property reassignment: $(ResolveStaticWebAssetsInputsDependsOn)="
       C:\Program Files\dotnet\sdk\9.0.308\Sdks\Microsoft.NET.Sdk.StaticWebAssets\targets\Microsoft.NET.Sdk.StaticWebAssets.JSModules.targets(57,5): message :       ResolveJSModuleManifestBuildStaticWebAssets;
       C:\Program Files\dotnet\sdk\9.0.308\Sdks\Microsoft.NET.Sdk.StaticWebAssets\targets\Microsoft.NET.Sdk.StaticWebAssets.JSModules.targets(57,5): message :       
       C:\Program Files\dotnet\sdk\9.0.308\Sdks\Microsoft.NET.Sdk.StaticWebAssets\targets\Microsoft.NET.Sdk.StaticWebAssets.JSModules.targets(57,5): message :     
       C:\Program Files\dotnet\sdk\9.0.308\Sdks\Microsoft.NET.Sdk.StaticWebAssets\targets\Microsoft.NET.Sdk.StaticWebAssets.JSModules.targets(57,5): message :       ResolveCoreStaticWebAssets;
       C:\Program Files\dotnet\sdk\9.0.308\Sdks\Microsoft.NET.Sdk.StaticWebAssets\targets\Microsoft.NET.Sdk.StaticWebAssets.JSModules.targets(57,5): message :       GenerateComputedBuildStaticWebAssets;
       C:\Program Files\dotnet\sdk\9.0.308\Sdks\Microsoft.NET.Sdk.StaticWebAssets\targets\Microsoft.NET.Sdk.StaticWebAssets.JSModules.targets(57,5): message :       
       C:\Program Files\dotnet\sdk\9.0.308\Sdks\Microsoft.NET.Sdk.StaticWebAssets\targets\Microsoft.NET.Sdk.StaticWebAssets.JSModules.targets(57,5): message :     ;
       C:\Program Files\dotnet\sdk\9.0.308\Sdks\Microsoft.NET.Sdk.StaticWebAssets\targets\Microsoft.NET.Sdk.StaticWebAssets.JSModules.targets(57,5): message :     ResolveScopedCssAssets;
       C:\Program Files\dotnet\sdk\9.0.308\Sdks\Microsoft.NET.Sdk.StaticWebAssets\targets\Microsoft.NET.Sdk.StaticWebAssets.JSModules.targets(57,5): message :   
       C:\Program Files\dotnet\sdk\9.0.308\Sdks\Microsoft.NET.Sdk.StaticWebAssets\targets\Microsoft.NET.Sdk.StaticWebAssets.JSModules.targets(57,5): message :     " (previous value: "
       C:\Program Files\dotnet\sdk\9.0.308\Sdks\Microsoft.NET.Sdk.StaticWebAssets\targets\Microsoft.NET.Sdk.StaticWebAssets.JSModules.targets(57,5): message :     
       C:\Program Files\dotnet\sdk\9.0.308\Sdks\Microsoft.NET.Sdk.StaticWebAssets\targets\Microsoft.NET.Sdk.StaticWebAssets.JSModules.targets(57,5): message :       ResolveCoreStaticWebAssets;
       C:\Program Files\dotnet\sdk\9.0.308\Sdks\Microsoft.NET.Sdk.StaticWebAssets\targets\Microsoft.NET.Sdk.StaticWebAssets.JSModules.targets(57,5): message :       GenerateComputedBuildStaticWebAssets;
       C:\Program Files\dotnet\sdk\9.0.308\Sdks\Microsoft.NET.Sdk.StaticWebAssets\targets\Microsoft.NET.Sdk.StaticWebAssets.JSModules.targets(57,5): message :       
       C:\Program Files\dotnet\sdk\9.0.308\Sdks\Microsoft.NET.Sdk.StaticWebAssets\targets\Microsoft.NET.Sdk.StaticWebAssets.JSModules.targets(57,5): message :     ;
       C:\Program Files\dotnet\sdk\9.0.308\Sdks\Microsoft.NET.Sdk.StaticWebAssets\targets\Microsoft.NET.Sdk.StaticWebAssets.JSModules.targets(57,5): message :     ResolveScopedCssAssets;
       C:\Program Files\dotnet\sdk\9.0.308\Sdks\Microsoft.NET.Sdk.StaticWebAssets\targets\Microsoft.NET.Sdk.StaticWebAssets.JSModules.targets(57,5): message :   ") at C:\Program Files\dotnet\sdk\9.0.308\Sdks\Microsoft.NET.Sdk.StaticWebAssets\targets\Microsoft.NET.Sdk.StaticWebAssets.JSModules.targets (57,5)
       C:\Program Files\dotnet\sdk\9.0.308\Sdks\Microsoft.NET.Sdk.StaticWebAssets\targets\Microsoft.NET.Sdk.StaticWebAssets.JSModules.targets(76,5): message : Property reassignment: $(ResolvePublishStaticWebAssetsDependsOn)="
       C:\Program Files\dotnet\sdk\9.0.308\Sdks\Microsoft.NET.Sdk.StaticWebAssets\targets\Microsoft.NET.Sdk.StaticWebAssets.JSModules.targets(76,5): message :       ResolveJSModuleManifestPublishStaticWebAssets;
       C:\Program Files\dotnet\sdk\9.0.308\Sdks\Microsoft.NET.Sdk.StaticWebAssets\targets\Microsoft.NET.Sdk.StaticWebAssets.JSModules.targets(76,5): message :       
       C:\Program Files\dotnet\sdk\9.0.308\Sdks\Microsoft.NET.Sdk.StaticWebAssets\targets\Microsoft.NET.Sdk.StaticWebAssets.JSModules.targets(76,5): message :       ResolveCorePublishStaticWebAssets;
       C:\Program Files\dotnet\sdk\9.0.308\Sdks\Microsoft.NET.Sdk.StaticWebAssets\targets\Microsoft.NET.Sdk.StaticWebAssets.JSModules.targets(76,5): message :       GenerateComputedPublishStaticWebAssets;
       C:\Program Files\dotnet\sdk\9.0.308\Sdks\Microsoft.NET.Sdk.StaticWebAssets\targets\Microsoft.NET.Sdk.StaticWebAssets.JSModules.targets(76,5): message :       ;
       C:\Program Files\dotnet\sdk\9.0.308\Sdks\Microsoft.NET.Sdk.StaticWebAssets\targets\Microsoft.NET.Sdk.StaticWebAssets.JSModules.targets(76,5): message :     
       C:\Program Files\dotnet\sdk\9.0.308\Sdks\Microsoft.NET.Sdk.StaticWebAssets\targets\Microsoft.NET.Sdk.StaticWebAssets.JSModules.targets(76,5): message :     " (previous value: "
       C:\Program Files\dotnet\sdk\9.0.308\Sdks\Microsoft.NET.Sdk.StaticWebAssets\targets\Microsoft.NET.Sdk.StaticWebAssets.JSModules.targets(76,5): message :       ResolveCorePublishStaticWebAssets;
       C:\Program Files\dotnet\sdk\9.0.308\Sdks\Microsoft.NET.Sdk.StaticWebAssets\targets\Microsoft.NET.Sdk.StaticWebAssets.JSModules.targets(76,5): message :       GenerateComputedPublishStaticWebAssets;
       C:\Program Files\dotnet\sdk\9.0.308\Sdks\Microsoft.NET.Sdk.StaticWebAssets\targets\Microsoft.NET.Sdk.StaticWebAssets.JSModules.targets(76,5): message :       ;
       C:\Program Files\dotnet\sdk\9.0.308\Sdks\Microsoft.NET.Sdk.StaticWebAssets\targets\Microsoft.NET.Sdk.StaticWebAssets.JSModules.targets(76,5): message :     ") at C:\Program Files\dotnet\sdk\9.0.308\Sdks\Microsoft.NET.Sdk.StaticWebAssets\targets\Microsoft.NET.Sdk.StaticWebAssets.JSModules.targets (76,5)
       C:\Program Files\dotnet\sdk\9.0.308\Sdks\Microsoft.NET.Sdk.StaticWebAssets\targets\Microsoft.NET.Sdk.StaticWebAssets.Compression.targets(179,5): message : Property reassignment: $(ResolveBuildRelatedStaticWebAssetsDependsOn)="
       C:\Program Files\dotnet\sdk\9.0.308\Sdks\Microsoft.NET.Sdk.StaticWebAssets\targets\Microsoft.NET.Sdk.StaticWebAssets.Compression.targets(179,5): message :       ResolveBuildCompressedStaticWebAssets;
       C:\Program Files\dotnet\sdk\9.0.308\Sdks\Microsoft.NET.Sdk.StaticWebAssets\targets\Microsoft.NET.Sdk.StaticWebAssets.Compression.targets(179,5): message :       
       C:\Program Files\dotnet\sdk\9.0.308\Sdks\Microsoft.NET.Sdk.StaticWebAssets\targets\Microsoft.NET.Sdk.StaticWebAssets.Compression.targets(179,5): message :       ResolveStaticWebAssetsInputs;
       C:\Program Files\dotnet\sdk\9.0.308\Sdks\Microsoft.NET.Sdk.StaticWebAssets\targets\Microsoft.NET.Sdk.StaticWebAssets.Compression.targets(179,5): message :       
       C:\Program Files\dotnet\sdk\9.0.308\Sdks\Microsoft.NET.Sdk.StaticWebAssets\targets\Microsoft.NET.Sdk.StaticWebAssets.Compression.targets(179,5): message :     
       C:\Program Files\dotnet\sdk\9.0.308\Sdks\Microsoft.NET.Sdk.StaticWebAssets\targets\Microsoft.NET.Sdk.StaticWebAssets.Compression.targets(179,5): message :     " (previous value: "
       C:\Program Files\dotnet\sdk\9.0.308\Sdks\Microsoft.NET.Sdk.StaticWebAssets\targets\Microsoft.NET.Sdk.StaticWebAssets.Compression.targets(179,5): message :       ResolveStaticWebAssetsInputs;
       C:\Program Files\dotnet\sdk\9.0.308\Sdks\Microsoft.NET.Sdk.StaticWebAssets\targets\Microsoft.NET.Sdk.StaticWebAssets.Compression.targets(179,5): message :       
       C:\Program Files\dotnet\sdk\9.0.308\Sdks\Microsoft.NET.Sdk.StaticWebAssets\targets\Microsoft.NET.Sdk.StaticWebAssets.Compression.targets(179,5): message :     ") at C:\Program Files\dotnet\sdk\9.0.308\Sdks\Microsoft.NET.Sdk.StaticWebAssets\targets\Microsoft.NET.Sdk.StaticWebAssets.Compression.targets (179,5)
       C:\Program Files\dotnet\sdk\9.0.308\Sdks\Microsoft.NET.Sdk.StaticWebAssets\targets\Microsoft.NET.Sdk.StaticWebAssets.Compression.targets(198,5): message : Property reassignment: $(ResolvePublishRelatedStaticWebAssetsDependsOn)="
       C:\Program Files\dotnet\sdk\9.0.308\Sdks\Microsoft.NET.Sdk.StaticWebAssets\targets\Microsoft.NET.Sdk.StaticWebAssets.Compression.targets(198,5): message :       ResolvePublishCompressedStaticWebAssets;
       C:\Program Files\dotnet\sdk\9.0.308\Sdks\Microsoft.NET.Sdk.StaticWebAssets\targets\Microsoft.NET.Sdk.StaticWebAssets.Compression.targets(198,5): message :       
       C:\Program Files\dotnet\sdk\9.0.308\Sdks\Microsoft.NET.Sdk.StaticWebAssets\targets\Microsoft.NET.Sdk.StaticWebAssets.Compression.targets(198,5): message :     " (previous value: "") at C:\Program Files\dotnet\sdk\9.0.308\Sdks\Microsoft.NET.Sdk.StaticWebAssets\targets\Microsoft.NET.Sdk.StaticWebAssets.Compression.targets (198,5)
       C:\Program Files\dotnet\sdk\9.0.308\Sdks\Microsoft.NET.Sdk.Razor\targets\Sdk.Razor.CurrentVersion.targets(205,5): message : Property reassignment: $(DebugSymbolsProjectOutputGroupDependsOn)="
       C:\Program Files\dotnet\sdk\9.0.308\Sdks\Microsoft.NET.Sdk.Razor\targets\Sdk.Razor.CurrentVersion.targets(205,5): message :       ;
       C:\Program Files\dotnet\sdk\9.0.308\Sdks\Microsoft.NET.Sdk.Razor\targets\Sdk.Razor.CurrentVersion.targets(205,5): message :       _RazorAddDebugSymbolsProjectOutputGroupOutput
       C:\Program Files\dotnet\sdk\9.0.308\Sdks\Microsoft.NET.Sdk.Razor\targets\Sdk.Razor.CurrentVersion.targets(205,5): message :     " (previous value: "") at C:\Program Files\dotnet\sdk\9.0.308\Sdks\Microsoft.NET.Sdk.Razor\targets\Sdk.Razor.CurrentVersion.targets (205,5)
       C:\Program Files\dotnet\sdk\9.0.308\Sdks\Microsoft.NET.Sdk.Razor\targets\Sdk.Razor.CurrentVersion.targets(210,5): message : Property reassignment: $(PrepareForBuildDependsOn)="
       C:\Program Files\dotnet\sdk\9.0.308\Sdks\Microsoft.NET.Sdk.Razor\targets\Sdk.Razor.CurrentVersion.targets(210,5): message :       ;GetFrameworkPaths;GetReferenceAssemblyPaths;AssignLinkMetadata;
       C:\Program Files\dotnet\sdk\9.0.308\Sdks\Microsoft.NET.Sdk.Razor\targets\Sdk.Razor.CurrentVersion.targets(210,5): message :       ResolveRazorGenerateInputs
       C:\Program Files\dotnet\sdk\9.0.308\Sdks\Microsoft.NET.Sdk.Razor\targets\Sdk.Razor.CurrentVersion.targets(210,5): message :     " (previous value: ";GetFrameworkPaths;GetReferenceAssemblyPaths;AssignLinkMetadata") at C:\Program Files\dotnet\sdk\9.0.308\Sdks\Microsoft.NET.Sdk.Razor\targets\Sdk.Razor.CurrentVersion.targets (210,5)
       C:\Program Files\dotnet\sdk\9.0.308\Sdks\Microsoft.NET.Sdk.Razor\targets\Sdk.Razor.CurrentVersion.targets(215,5): message : Property reassignment: $(GenerateNuspecDependsOn)="
       C:\Program Files\dotnet\sdk\9.0.308\Sdks\Microsoft.NET.Sdk.Razor\targets\Sdk.Razor.CurrentVersion.targets(215,5): message :       ResolveRazorGenerateInputs;
       C:\Program Files\dotnet\sdk\9.0.308\Sdks\Microsoft.NET.Sdk.Razor\targets\Sdk.Razor.CurrentVersion.targets(215,5): message :       
       C:\Program Files\dotnet\sdk\9.0.308\Sdks\Microsoft.NET.Sdk.Razor\targets\Sdk.Razor.CurrentVersion.targets(215,5): message :       IncludeStaticWebAssetsPackItems;
       C:\Program Files\dotnet\sdk\9.0.308\Sdks\Microsoft.NET.Sdk.Razor\targets\Sdk.Razor.CurrentVersion.targets(215,5): message :       Build;_LoadPackInputItems; _GetTargetFrameworksOutput; _WalkEachTargetPerFramework; _GetPackageFiles; ;
       C:\Program Files\dotnet\sdk\9.0.308\Sdks\Microsoft.NET.Sdk.Razor\targets\Sdk.Razor.CurrentVersion.targets(215,5): message :     
       C:\Program Files\dotnet\sdk\9.0.308\Sdks\Microsoft.NET.Sdk.Razor\targets\Sdk.Razor.CurrentVersion.targets(215,5): message :     " (previous value: "
       C:\Program Files\dotnet\sdk\9.0.308\Sdks\Microsoft.NET.Sdk.Razor\targets\Sdk.Razor.CurrentVersion.targets(215,5): message :       IncludeStaticWebAssetsPackItems;
       C:\Program Files\dotnet\sdk\9.0.308\Sdks\Microsoft.NET.Sdk.Razor\targets\Sdk.Razor.CurrentVersion.targets(215,5): message :       Build;_LoadPackInputItems; _GetTargetFrameworksOutput; _WalkEachTargetPerFramework; _GetPackageFiles; ;
       C:\Program Files\dotnet\sdk\9.0.308\Sdks\Microsoft.NET.Sdk.Razor\targets\Sdk.Razor.CurrentVersion.targets(215,5): message :     ") at C:\Program Files\dotnet\sdk\9.0.308\Sdks\Microsoft.NET.Sdk.Razor\targets\Sdk.Razor.CurrentVersion.targets (215,5)
       C:\Program Files\dotnet\sdk\9.0.308\Sdks\Microsoft.NET.Sdk.Razor\targets\Sdk.Razor.CurrentVersion.targets(220,5): message : Property reassignment: $(PrepareForRunDependsOn)="
       C:\Program Files\dotnet\sdk\9.0.308\Sdks\Microsoft.NET.Sdk.Razor\targets\Sdk.Razor.CurrentVersion.targets(220,5): message :       _RazorPrepareForRun;
       C:\Program Files\dotnet\sdk\9.0.308\Sdks\Microsoft.NET.Sdk.Razor\targets\Sdk.Razor.CurrentVersion.targets(220,5): message :       StaticWebAssetsPrepareForRun;
       C:\Program Files\dotnet\sdk\9.0.308\Sdks\Microsoft.NET.Sdk.Razor\targets\Sdk.Razor.CurrentVersion.targets(220,5): message :       CopyFilesToOutputDirectory
       C:\Program Files\dotnet\sdk\9.0.308\Sdks\Microsoft.NET.Sdk.Razor\targets\Sdk.Razor.CurrentVersion.targets(220,5): message :     
       C:\Program Files\dotnet\sdk\9.0.308\Sdks\Microsoft.NET.Sdk.Razor\targets\Sdk.Razor.CurrentVersion.targets(220,5): message :     " (previous value: "StaticWebAssetsPrepareForRun;
       C:\Program Files\dotnet\sdk\9.0.308\Sdks\Microsoft.NET.Sdk.Razor\targets\Sdk.Razor.CurrentVersion.targets(220,5): message :       CopyFilesToOutputDirectory
       C:\Program Files\dotnet\sdk\9.0.308\Sdks\Microsoft.NET.Sdk.Razor\targets\Sdk.Razor.CurrentVersion.targets(220,5): message :     ") at C:\Program Files\dotnet\sdk\9.0.308\Sdks\Microsoft.NET.Sdk.Razor\targets\Sdk.Razor.CurrentVersion.targets (220,5)
       C:\Program Files\dotnet\sdk\9.0.308\Sdks\Microsoft.NET.Sdk.Razor\targets\Sdk.Razor.CurrentVersion.targets(311,5): message : Property reassignment: $(UseRazorBuildServer)="true" (previous value: "") at C:\Program Files\dotnet\sdk\9.0.308\Sdks\Microsoft.NET.Sdk.Razor\targets\Sdk.Razor.CurrentVersion.targets (311,5)
       C:\Program Files\dotnet\sdk\9.0.308\Sdks\Microsoft.NET.Sdk.Razor\targets\Sdk.Razor.CurrentVersion.targets(317,5): message : Property reassignment: $(_RazorDebugSymbolsProduced)="true" (previous value: "false") at C:\Program Files\dotnet\sdk\9.0.308\Sdks\Microsoft.NET.Sdk.Razor\targets\Sdk.Razor.CurrentVersion.targets (317,5)
       C:\Program Files\dotnet\sdk\9.0.308\Sdks\Microsoft.NET.Sdk.Razor\targets\Microsoft.NET.Sdk.Razor.GenerateAssemblyInfo.targets(36,5): message : Property reassignment: $(GenerateRazorTargetAssemblyInfoDependsOn)="
       C:\Program Files\dotnet\sdk\9.0.308\Sdks\Microsoft.NET.Sdk.Razor\targets\Microsoft.NET.Sdk.Razor.GenerateAssemblyInfo.targets(36,5): message :       _ResolveMvcAssemblyAttributes;
       C:\Program Files\dotnet\sdk\9.0.308\Sdks\Microsoft.NET.Sdk.Razor\targets\Microsoft.NET.Sdk.Razor.GenerateAssemblyInfo.targets(36,5): message :       
       C:\Program Files\dotnet\sdk\9.0.308\Sdks\Microsoft.NET.Sdk.Razor\targets\Microsoft.NET.Sdk.Razor.GenerateAssemblyInfo.targets(36,5): message :       GetRazorTargetAssemblyAttributes;
       C:\Program Files\dotnet\sdk\9.0.308\Sdks\Microsoft.NET.Sdk.Razor\targets\Microsoft.NET.Sdk.Razor.GenerateAssemblyInfo.targets(36,5): message :       _CreateRazorTargetAssemblyInfoInputsCacheFile;
       C:\Program Files\dotnet\sdk\9.0.308\Sdks\Microsoft.NET.Sdk.Razor\targets\Microsoft.NET.Sdk.Razor.GenerateAssemblyInfo.targets(36,5): message :       CoreGenerateRazorTargetAssemblyInfo
       C:\Program Files\dotnet\sdk\9.0.308\Sdks\Microsoft.NET.Sdk.Razor\targets\Microsoft.NET.Sdk.Razor.GenerateAssemblyInfo.targets(36,5): message :     
       C:\Program Files\dotnet\sdk\9.0.308\Sdks\Microsoft.NET.Sdk.Razor\targets\Microsoft.NET.Sdk.Razor.GenerateAssemblyInfo.targets(36,5): message :     " (previous value: "
       C:\Program Files\dotnet\sdk\9.0.308\Sdks\Microsoft.NET.Sdk.Razor\targets\Microsoft.NET.Sdk.Razor.GenerateAssemblyInfo.targets(36,5): message :       GetRazorTargetAssemblyAttributes;
       C:\Program Files\dotnet\sdk\9.0.308\Sdks\Microsoft.NET.Sdk.Razor\targets\Microsoft.NET.Sdk.Razor.GenerateAssemblyInfo.targets(36,5): message :       _CreateRazorTargetAssemblyInfoInputsCacheFile;
       C:\Program Files\dotnet\sdk\9.0.308\Sdks\Microsoft.NET.Sdk.Razor\targets\Microsoft.NET.Sdk.Razor.GenerateAssemblyInfo.targets(36,5): message :       CoreGenerateRazorTargetAssemblyInfo
       C:\Program Files\dotnet\sdk\9.0.308\Sdks\Microsoft.NET.Sdk.Razor\targets\Microsoft.NET.Sdk.Razor.GenerateAssemblyInfo.targets(36,5): message :     ") at C:\Program Files\dotnet\sdk\9.0.308\Sdks\Microsoft.NET.Sdk.Razor\targets\Microsoft.NET.Sdk.Razor.GenerateAssemblyInfo.targets (36,5)
       C:\Program Files\dotnet\sdk\9.0.308\Sdks\Microsoft.NET.Sdk.Razor\targets\Microsoft.NET.Sdk.Razor.GenerateAssemblyInfo.targets(181,5): message : Property reassignment: $(CoreCompileDependsOn)="
       C:\Program Files\dotnet\sdk\9.0.308\Sdks\Microsoft.NET.Sdk.Razor\targets\Microsoft.NET.Sdk.Razor.GenerateAssemblyInfo.targets(181,5): message :       ;_ComputeNonExistentFileProperty;ResolveCodeAnalysisRuleSet;
       C:\Program Files\dotnet\sdk\9.0.308\Sdks\Microsoft.NET.Sdk.Razor\targets\Microsoft.NET.Sdk.Razor.GenerateAssemblyInfo.targets(181,5): message :       _GenerateRazorAssemblyInfo
       C:\Program Files\dotnet\sdk\9.0.308\Sdks\Microsoft.NET.Sdk.Razor\targets\Microsoft.NET.Sdk.Razor.GenerateAssemblyInfo.targets(181,5): message :     " (previous value: ";_ComputeNonExistentFileProperty;ResolveCodeAnalysisRuleSet") at C:\Program Files\dotnet\sdk\9.0.308\Sdks\Microsoft.NET.Sdk.Razor\targets\Microsoft.NET.Sdk.Razor.GenerateAssemblyInfo.targets (181,5)
       C:\Program Files\dotnet\sdk\9.0.308\Sdks\Microsoft.NET.Sdk.Razor\targets\Microsoft.NET.Sdk.Razor.GenerateAssemblyInfo.targets(189,5): message : Property reassignment: $(_GenerateRazorAssemblyInfoDependsOn)="
       C:\Program Files\dotnet\sdk\9.0.308\Sdks\Microsoft.NET.Sdk.Razor\targets\Microsoft.NET.Sdk.Razor.GenerateAssemblyInfo.targets(189,5): message :       _ResolveMvcAssemblyAttributes;
       C:\Program Files\dotnet\sdk\9.0.308\Sdks\Microsoft.NET.Sdk.Razor\targets\Microsoft.NET.Sdk.Razor.GenerateAssemblyInfo.targets(189,5): message :       RazorGetAssemblyAttributes;PrepareForBuild;_CoreGenerateRazorAssemblyInfo;
       C:\Program Files\dotnet\sdk\9.0.308\Sdks\Microsoft.NET.Sdk.Razor\targets\Microsoft.NET.Sdk.Razor.GenerateAssemblyInfo.targets(189,5): message :     " (previous value: "RazorGetAssemblyAttributes;PrepareForBuild;_CoreGenerateRazorAssemblyInfo") at C:\Program Files\dotnet\sdk\9.0.308\Sdks\Microsoft.NET.Sdk.Razor\targets\Microsoft.NET.Sdk.Razor.GenerateAssemblyInfo.targets (189,5)
       C:\Program Files\dotnet\sdk\9.0.308\Sdks\Microsoft.NET.Sdk.Razor\targets\Microsoft.NET.Sdk.Razor.MvcApplicationPartsDiscovery.targets(22,5): message : Property reassignment: $(CoreCompileDependsOn)="
       C:\Program Files\dotnet\sdk\9.0.308\Sdks\Microsoft.NET.Sdk.Razor\targets\Microsoft.NET.Sdk.Razor.MvcApplicationPartsDiscovery.targets(22,5): message :       _DiscoverMvcApplicationParts;
       C:\Program Files\dotnet\sdk\9.0.308\Sdks\Microsoft.NET.Sdk.Razor\targets\Microsoft.NET.Sdk.Razor.MvcApplicationPartsDiscovery.targets(22,5): message :       
       C:\Program Files\dotnet\sdk\9.0.308\Sdks\Microsoft.NET.Sdk.Razor\targets\Microsoft.NET.Sdk.Razor.MvcApplicationPartsDiscovery.targets(22,5): message :       ;_ComputeNonExistentFileProperty;ResolveCodeAnalysisRuleSet;
       C:\Program Files\dotnet\sdk\9.0.308\Sdks\Microsoft.NET.Sdk.Razor\targets\Microsoft.NET.Sdk.Razor.MvcApplicationPartsDiscovery.targets(22,5): message :       _GenerateRazorAssemblyInfo
       C:\Program Files\dotnet\sdk\9.0.308\Sdks\Microsoft.NET.Sdk.Razor\targets\Microsoft.NET.Sdk.Razor.MvcApplicationPartsDiscovery.targets(22,5): message :     ;
       C:\Program Files\dotnet\sdk\9.0.308\Sdks\Microsoft.NET.Sdk.Razor\targets\Microsoft.NET.Sdk.Razor.MvcApplicationPartsDiscovery.targets(22,5): message :     " (previous value: "
       C:\Program Files\dotnet\sdk\9.0.308\Sdks\Microsoft.NET.Sdk.Razor\targets\Microsoft.NET.Sdk.Razor.MvcApplicationPartsDiscovery.targets(22,5): message :       ;_ComputeNonExistentFileProperty;ResolveCodeAnalysisRuleSet;
       C:\Program Files\dotnet\sdk\9.0.308\Sdks\Microsoft.NET.Sdk.Razor\targets\Microsoft.NET.Sdk.Razor.MvcApplicationPartsDiscovery.targets(22,5): message :       _GenerateRazorAssemblyInfo
       C:\Program Files\dotnet\sdk\9.0.308\Sdks\Microsoft.NET.Sdk.Razor\targets\Microsoft.NET.Sdk.Razor.MvcApplicationPartsDiscovery.targets(22,5): message :     ") at C:\Program Files\dotnet\sdk\9.0.308\Sdks\Microsoft.NET.Sdk.Razor\targets\Microsoft.NET.Sdk.Razor.MvcApplicationPartsDiscovery.targets (22,5)
       C:\Program Files\dotnet\sdk\9.0.308\Sdks\Microsoft.NET.Sdk.Razor\targets\Sdk.Razor.CurrentVersion.targets(791,5): message : Property reassignment: $(RazorDesignTimeTargets)="C:\Program Files\dotnet\sdk\9.0.308\Sdks\Microsoft.NET.Sdk.Razor\targets\Microsoft.NET.Sdk.Razor.DesignTime.targets" (previous value: "C:\Program Files\dotnet\sdk\9.0.308\\Microsoft\VisualStudio\Razor\Microsoft.NET.Sdk.Razor.DesignTime.targets") at C:\Program Files\dotnet\sdk\9.0.308\Sdks\Microsoft.NET.Sdk.Razor\targets\Sdk.Razor.CurrentVersion.targets (791,5)
       C:\Program Files\dotnet\sdk\9.0.308\Sdks\Microsoft.NET.Sdk.Web.ProjectSystem\targets\Microsoft.NET.Sdk.Web.ProjectSystem.targets(21,5): message : Property reassignment: $(RunWorkingDirectory)="C:\Users\DELL\OneDrive\Desktop\Web spa\Long(ThanhToan_DatLich" (previous value: "") at C:\Program Files\dotnet\sdk\9.0.308\Sdks\Microsoft.NET.Sdk.Web.ProjectSystem\targets\Microsoft.NET.Sdk.Web.ProjectSystem.targets (21,5)
       C:\Program Files\dotnet\sdk\9.0.308\Sdks\Microsoft.NET.Sdk.Publish\targets\Microsoft.NET.Sdk.Publish.targets(60,5): message : Property reassignment: $(PublishProfileImported)="true" (previous value: "false") at C:\Program Files\dotnet\sdk\9.0.308\Sdks\Microsoft.NET.Sdk.Publish\targets\Microsoft.NET.Sdk.Publish.targets (60,5)
       C:\Program Files\dotnet\sdk\9.0.308\Sdks\Microsoft.NET.Sdk.Publish\targets\Microsoft.NET.Sdk.Publish.targets(81,5): message : Property reassignment: $(PublishConfiguration)="Debug" (previous value: "") at C:\Program Files\dotnet\sdk\9.0.308\Sdks\Microsoft.NET.Sdk.Publish\targets\Microsoft.NET.Sdk.Publish.targets (81,5)
       C:\Program Files\dotnet\sdk\9.0.308\Sdks\Microsoft.NET.Sdk.Publish\targets\Microsoft.NET.Sdk.Publish.targets(87,5): message : Property reassignment: $(BaseIntermediateOutputPath)="C:\Users\DELL\OneDrive\Desktop\Web spa\Long(ThanhToan_DatLich\obj\" (previous value: "obj\") at C:\Program Files\dotnet\sdk\9.0.308\Sdks\Microsoft.NET.Sdk.Publish\targets\Microsoft.NET.Sdk.Publish.targets (87,5)
       Overriding target "ResolveFrameworkReferences" in project "C:\Program Files\dotnet\sdk\9.0.308\Microsoft.Common.CurrentVersion.targets" with target "ResolveFrameworkReferences" from project "C:\Program Files\dotnet\sdk\9.0.308\Sdks\Microsoft.NET.Sdk\targets\Microsoft.NET.Sdk.FrameworkReferenceResolution.targets".
       Overriding target "Run" in project "C:\Program Files\dotnet\sdk\9.0.308\Microsoft.Common.CurrentVersion.targets" with target "Run" from project "C:\Program Files\dotnet\sdk\9.0.308\Sdks\Microsoft.NET.Sdk\targets\Microsoft.NET.Sdk.targets".
       Overriding target "GenerateSupportedTargetFrameworkAlias" in project "C:\Program Files\dotnet\sdk\9.0.308\Microsoft.Common.CurrentVersion.targets" with target "GenerateSupportedTargetFrameworkAlias" from project "C:\Program Files\dotnet\sdk\9.0.308\Sdks\Microsoft.NET.Sdk\targets\Microsoft.NET.Sdk.targets".
       Overriding target "GetReferenceAssemblyPaths" in project "C:\Program Files\dotnet\sdk\9.0.308\Microsoft.Common.CurrentVersion.targets" with target "GetReferenceAssemblyPaths" from project "C:\Program Files\dotnet\sdk\9.0.308\Sdks\Microsoft.NET.Sdk\targets\Microsoft.NET.DisableStandardFrameworkResolution.targets".
       Overriding target "GetFrameworkPaths" in project "C:\Program Files\dotnet\sdk\9.0.308\Microsoft.Common.CurrentVersion.targets" with target "GetFrameworkPaths" from project "C:\Program Files\dotnet\sdk\9.0.308\Sdks\Microsoft.NET.Sdk\targets\Microsoft.NET.DisableStandardFrameworkResolution.targets".
       Overriding target "DesignerRuntimeImplementationProjectOutputGroup" in project "C:\Program Files\dotnet\sdk\9.0.308\Microsoft.Common.CurrentVersion.targets" with target "DesignerRuntimeImplementationProjectOutputGroup" from project "C:\Program Files\dotnet\sdk\9.0.308\Sdks\Microsoft.NET.Sdk\targets\Microsoft.NET.DesignerSupport.targets".
       Overriding target "Publish" in project "C:\Program Files\dotnet\sdk\9.0.308\Microsoft.Common.CurrentVersion.targets" with target "Publish" from project "C:\Program Files\dotnet\sdk\9.0.308\Sdks\Microsoft.NET.Sdk\targets\Microsoft.NET.Publish.targets".
       Overriding target "ResolveReadyToRunCompilers" in project "C:\Program Files\dotnet\sdk\9.0.308\Sdks\Microsoft.NET.Sdk\targets\Microsoft.NET.CrossGen.targets" with target "ResolveReadyToRunCompilers" from project "C:\Program Files\dotnet\sdk\9.0.308\Sdks\Microsoft.NET.Sdk\targets\Microsoft.NET.Publish.targets".
       Overriding target "GetCopyToPublishDirectoryItems" in project "C:\Program Files\dotnet\sdk\9.0.308\Microsoft.Common.CurrentVersion.targets" with target "GetCopyToPublishDirectoryItems" from project "C:\Program Files\dotnet\sdk\9.0.308\Sdks\Microsoft.NET.Sdk\targets\Microsoft.NET.Publish.targets".
       Overriding target "BeforePublish" in project "C:\Program Files\dotnet\sdk\9.0.308\Microsoft.Common.CurrentVersion.targets" with target "BeforePublish" from project "C:\Program Files\dotnet\sdk\9.0.308\Sdks\Microsoft.NET.Sdk.Publish\targets\Microsoft.NET.Sdk.Publish.targets".
       Overriding target "AfterPublish" in project "C:\Program Files\dotnet\sdk\9.0.308\Microsoft.Common.CurrentVersion.targets" with target "AfterPublish" from project "C:\Program Files\dotnet\sdk\9.0.308\Sdks\Microsoft.NET.Sdk.Publish\targets\Microsoft.NET.Sdk.Publish.targets".
       The target "CollectUpToDateCheckInputDesignTime" listed in a BeforeTargets attribute at "C:\Program Files\dotnet\sdk\9.0.308\Sdks\Microsoft.NET.Sdk.StaticWebAssets\targets\Microsoft.NET.Sdk.StaticWebAssets.ScopedCss.targets (171,5)" does not exist in the project, and will be ignored.
       The target "CollectUpToDateCheckBuiltDesignTime" listed in a BeforeTargets attribute at "C:\Program Files\dotnet\sdk\9.0.308\Sdks\Microsoft.NET.Sdk.StaticWebAssets\targets\Microsoft.NET.Sdk.StaticWebAssets.ScopedCss.targets (171,5)" does not exist in the project, and will be ignored.
       The target "RazorGenerateComponentDeclaration" listed in an AfterTargets attribute at "C:\Program Files\dotnet\sdk\9.0.308\Sdks\Microsoft.NET.Sdk.Razor\targets\Microsoft.NET.Sdk.Razor.DesignTime.targets (55,53)" does not exist in the project, and will be ignored.
     1>Project "C:\Users\DELL\OneDrive\Desktop\Web spa\Long(ThanhToan_DatLich\SpaN5.sln" (1) is building "C:\Users\DELL\OneDrive\Desktop\Web spa\Long(ThanhToan_DatLich\SpaN5.csproj" (2) on node 1 (_IsProjectRestoreSupported target(s)).
     2>Target "_IsProjectRestoreSupported" in file "C:\Program Files\dotnet\sdk\9.0.308\NuGet.targets" from project "C:\Users\DELL\OneDrive\Desktop\Web spa\Long(ThanhToan_DatLich\SpaN5.csproj" (entry point):
     2>Done building target "_IsProjectRestoreSupported" in project "SpaN5.csproj".
     2>Done Building Project "C:\Users\DELL\OneDrive\Desktop\Web spa\Long(ThanhToan_DatLich\SpaN5.csproj" (_IsProjectRestoreSupported target(s)).
     1>Done executing task "MSBuild".
       Task "MSBuild" skipped, due to false condition; ( '$(RestoreUseSkipNonexistentTargets)' != 'true' ) was evaluated as ( 'true' != 'true' ).
       Using "WarnForInvalidProjectsTask" task from assembly "C:\Program Files\dotnet\sdk\9.0.308\NuGet.Build.Tasks.dll".
       Task "WarnForInvalidProjectsTask"
       Done executing task "WarnForInvalidProjectsTask".
     1>Done building target "_FilterRestoreGraphProjectInputItems" in project "SpaN5.sln".
       Target "_FilterRestoreGraphProjectInputItems" skipped. Previously built successfully.
     1>Target "_GetAllRestoreProjectPathItems" in file "C:\Program Files\dotnet\sdk\9.0.308\NuGet.targets" from project "C:\Users\DELL\OneDrive\Desktop\Web spa\Long(ThanhToan_DatLich\SpaN5.sln" (target "_GenerateRestoreGraph" depends on it):
       Using "NuGetMessageTask" task from assembly "C:\Program Files\dotnet\sdk\9.0.308\NuGet.Build.Tasks.dll".
       Task "NuGetMessageTask"
         Determining projects to restore...
       Done executing task "NuGetMessageTask".
       Task "MSBuild"
         Global Properties:
           ExcludeRestorePackageImports=true
           _RestoreSolutionFileUsed=true
           SolutionDir=C:\Users\DELL\OneDrive\Desktop\Web spa\Long%28ThanhToan_DatLich\
           SolutionName=SpaN5
           SolutionFileName=SpaN5.sln
           SolutionPath=C:\Users\DELL\OneDrive\Desktop\Web spa\Long%28ThanhToan_DatLich\SpaN5.sln
           SolutionExt=.sln
         Additional Properties for project "C:\Users\DELL\OneDrive\Desktop\Web spa\Long(ThanhToan_DatLich\SpaN5.csproj":
           Configuration=Debug
           Platform=AnyCPU
     1>Project "C:\Users\DELL\OneDrive\Desktop\Web spa\Long(ThanhToan_DatLich\SpaN5.sln" (1) is building "C:\Users\DELL\OneDrive\Desktop\Web spa\Long(ThanhToan_DatLich\SpaN5.csproj" (2:2) on node 1 (_GenerateRestoreProjectPathWalk target(s)).
   2:2>Target "_GenerateRestoreProjectPathItemsAllFrameworks" skipped, due to false condition; ( '$(TargetFrameworks)' != '' ) was evaluated as ( '' != '' ).
   2:2>Target "_GenerateRestoreProjectPathItemsPerFramework" in file "C:\Program Files\dotnet\sdk\9.0.308\NuGet.targets" from project "C:\Users\DELL\OneDrive\Desktop\Web spa\Long(ThanhToan_DatLich\SpaN5.csproj" (target "_GenerateRestoreProjectPathItemsCurrentProject" depends on it):
       Using "ConvertToAbsolutePath" task from assembly "Microsoft.Build.Tasks.Core, Version=15.1.0.0, Culture=neutral, PublicKeyToken=b03f5f7f11d50a3a".
       Task "ConvertToAbsolutePath"
       Done executing task "ConvertToAbsolutePath".
   2:2>Done building target "_GenerateRestoreProjectPathItemsPerFramework" in project "SpaN5.csproj".
   2:2>Target "_GenerateRestoreProjectPathItemsCurrentProject" in file "C:\Program Files\dotnet\sdk\9.0.308\NuGet.targets" from project "C:\Users\DELL\OneDrive\Desktop\Web spa\Long(ThanhToan_DatLich\SpaN5.csproj" (target "_GenerateRestoreProjectPathItems" depends on it):
   2:2>Done building target "_GenerateRestoreProjectPathItemsCurrentProject" in project "SpaN5.csproj".
   2:2>Target "_GenerateRestoreProjectPathItems" in file "C:\Program Files\dotnet\sdk\9.0.308\NuGet.targets" from project "C:\Users\DELL\OneDrive\Desktop\Web spa\Long(ThanhToan_DatLich\SpaN5.csproj" (target "_GenerateRestoreProjectPathWalk" depends on it):
       Using "RemoveDuplicates" task from assembly "Microsoft.Build.Tasks.Core, Version=15.1.0.0, Culture=neutral, PublicKeyToken=b03f5f7f11d50a3a".
       Task "RemoveDuplicates"
       Done executing task "RemoveDuplicates".
   2:2>Done building target "_GenerateRestoreProjectPathItems" in project "SpaN5.csproj".
   2:2>Target "_GenerateRestoreProjectPathWalk" in file "C:\Program Files\dotnet\sdk\9.0.308\NuGet.targets" from project "C:\Users\DELL\OneDrive\Desktop\Web spa\Long(ThanhToan_DatLich\SpaN5.csproj" (entry point):
       Using "MSBuild" task from assembly "Microsoft.Build.Tasks.Core, Version=15.1.0.0, Culture=neutral, PublicKeyToken=b03f5f7f11d50a3a".
       Task "MSBuild"
       Done executing task "MSBuild".
       Task "MSBuild" skipped, due to false condition; ( '$(RestoreUseSkipNonexistentTargets)' != 'true' ) was evaluated as ( 'true' != 'true' ).
       Task "RemoveDuplicates"
       Done executing task "RemoveDuplicates".
   2:2>Done building target "_GenerateRestoreProjectPathWalk" in project "SpaN5.csproj".
   2:2>Done Building Project "C:\Users\DELL\OneDrive\Desktop\Web spa\Long(ThanhToan_DatLich\SpaN5.csproj" (_GenerateRestoreProjectPathWalk target(s)).
     1>Done executing task "MSBuild".
       Task "MSBuild" skipped, due to false condition; ( '$(RestoreUseSkipNonexistentTargets)' != 'true' ) was evaluated as ( 'true' != 'true' ).
       Task "RemoveDuplicates"
       Done executing task "RemoveDuplicates".
       Task "MSBuild"
         Global Properties:
           ExcludeRestorePackageImports=true
           _RestoreSolutionFileUsed=true
           SolutionDir=C:\Users\DELL\OneDrive\Desktop\Web spa\Long%28ThanhToan_DatLich\
           SolutionName=SpaN5
           SolutionFileName=SpaN5.sln
           SolutionPath=C:\Users\DELL\OneDrive\Desktop\Web spa\Long%28ThanhToan_DatLich\SpaN5.sln
           SolutionExt=.sln
         Additional Properties for project "C:\Users\DELL\OneDrive\Desktop\Web spa\Long(ThanhToan_DatLich\SpaN5.csproj":
           Configuration=Debug
           Platform=AnyCPU
     1>Project "C:\Users\DELL\OneDrive\Desktop\Web spa\Long(ThanhToan_DatLich\SpaN5.sln" (1) is building "C:\Users\DELL\OneDrive\Desktop\Web spa\Long(ThanhToan_DatLich\SpaN5.csproj" (2:3) on node 1 (_IsProjectRestoreSupported target(s)).
   2:3>Target "_IsProjectRestoreSupported" skipped. Previously built successfully.
   2:3>Done Building Project "C:\Users\DELL\OneDrive\Desktop\Web spa\Long(ThanhToan_DatLich\SpaN5.csproj" (_IsProjectRestoreSupported target(s)).
     1>Done executing task "MSBuild".
       Task "MSBuild" skipped, due to false condition; ( '$(RestoreUseSkipNonexistentTargets)' != 'true' ) was evaluated as ( 'true' != 'true' ).
     1>Done building target "_GetAllRestoreProjectPathItems" in project "SpaN5.sln".
     1>Target "_GenerateRestoreGraph" in file "C:\Program Files\dotnet\sdk\9.0.308\NuGet.targets" from project "C:\Users\DELL\OneDrive\Desktop\Web spa\Long(ThanhToan_DatLich\SpaN5.sln" (target "Restore" depends on it):
       Task "Message"
         Generating dg file
       Done executing task "Message".
       Task "Message"
         C:\Users\DELL\OneDrive\Desktop\Web spa\Long(ThanhToan_DatLich\SpaN5.csproj
       Done executing task "Message".
       Task "MSBuild"
         Global Properties:
           ExcludeRestorePackageImports=true
           _RestoreSolutionFileUsed=true
           SolutionDir=C:\Users\DELL\OneDrive\Desktop\Web spa\Long%28ThanhToan_DatLich\
           SolutionName=SpaN5
           SolutionFileName=SpaN5.sln
           SolutionPath=C:\Users\DELL\OneDrive\Desktop\Web spa\Long%28ThanhToan_DatLich\SpaN5.sln
           SolutionExt=.sln
         Additional Properties for project "C:\Users\DELL\OneDrive\Desktop\Web spa\Long(ThanhToan_DatLich\SpaN5.csproj":
           Configuration=Debug
           Platform=AnyCPU
     1>Project "C:\Users\DELL\OneDrive\Desktop\Web spa\Long(ThanhToan_DatLich\SpaN5.sln" (1) is building "C:\Users\DELL\OneDrive\Desktop\Web spa\Long(ThanhToan_DatLich\SpaN5.csproj" (2:4) on node 1 (_GenerateRestoreGraphProjectEntry target(s)).
   2:4>Target "_GetProjectJsonPath" in file "C:\Program Files\dotnet\sdk\9.0.308\NuGet.targets" from project "C:\Users\DELL\OneDrive\Desktop\Web spa\Long(ThanhToan_DatLich\SpaN5.csproj" (target "_GetRestoreProjectStyle" depends on it):
   2:4>Task "GetRestoreProjectJsonPathTask" skipped, due to false condition; ( '$(RestoreProjectStyle)' == 'ProjectJson' OR '$(RestoreProjectStyle)' == '' ) was evaluated as ( 'PackageReference' == 'ProjectJson' OR 'PackageReference' == '' ).
   2:4>Done building target "_GetProjectJsonPath" in project "SpaN5.csproj".
       Target "_CheckForUnsupportedTargetPlatformIdentifier" skipped, due to false condition; ('$(TargetPlatformIdentifier)' != '' and '$(TargetFrameworkIdentifier)' == '.NETCoreApp' and $([MSBuild]::VersionGreaterThanOrEquals($(TargetFrameworkVersion), 5.0)) And ('$(DesignTimeBuild)' != 'true' Or '@(MissingWorkloadPack)' == '')) was evaluated as ('' != '' and '.NETCoreApp' == '.NETCoreApp' and True And ('' != 'true' Or '' == '')).
       Target "_CheckForMissingWorkload" skipped, due to false condition; ('@(MissingWorkloadPack)' != '' And '$(DesignTimeBuild)' != 'true') was evaluated as ('' != '' And '' != 'true').
   2:4>Target "_CheckForUnsupportedNETCoreVersion" in file "C:\Program Files\dotnet\sdk\9.0.308\Sdks\Microsoft.NET.Sdk\targets\Microsoft.NET.TargetFrameworkInference.targets" from project "C:\Users\DELL\OneDrive\Desktop\Web spa\Long(ThanhToan_DatLich\SpaN5.csproj" (target "CollectPackageReferences" depends on it):
       Task "NETSdkError" skipped, due to false condition; ('$(_TargetFrameworkVersionWithoutV)' > '$(NETCoreAppMaximumVersion)' and '$(DisplayVSMessage)' != 'true') was evaluated as ('8.0' > '9.0' and '' != 'true').
       Task "NETSdkError" skipped, due to false condition; ('$(DisplayVSMessage)' == 'true') was evaluated as ('' == 'true').
   2:4>Done building target "_CheckForUnsupportedNETCoreVersion" in project "SpaN5.csproj".
       Target "_CheckForEolTargetFrameworks" skipped, due to false condition; ('@(_EolNetCoreTargetFrameworkVersions->AnyHaveMetadataValue('Identity', '$(_TargetFrameworkVersionWithoutV)'))' and '$(TargetFrameworkIdentifier)' == '.NETCoreApp' and '$(CheckEolTargetFramework)' == 'true') was evaluated as ('false' and '.NETCoreApp' == '.NETCoreApp' and 'true' == 'true').
       Target "_CheckForEolWorkloads" skipped, due to false condition; ('@(EolWorkload)' != '' and '$(CheckEolWorkloads)' == 'true') was evaluated as ('' != '' and 'true' == 'true').
       Target "_CheckForNotRecommendedNETStandardVersion" skipped, due to false condition; ('$(TargetFrameworkIdentifier)' == '.NETStandard' and $([MSBuild]::VersionLessThan($(TargetFrameworkVersion), '2.0'))) was evaluated as ('.NETCoreApp' == '.NETStandard' and False).
   2:4>Target "_CheckForUnsupportedCppNETCoreVersion" in file "C:\Program Files\dotnet\sdk\9.0.308\Sdks\Microsoft.NET.Sdk\targets\Microsoft.NET.TargetFrameworkInference.targets" from project "C:\Users\DELL\OneDrive\Desktop\Web spa\Long(ThanhToan_DatLich\SpaN5.csproj" (target "CollectPackageReferences" depends on it):
       Task "NETSdkError" skipped, due to false condition; ('$(TargetFrameworkIdentifier)' == '.NETCoreApp' and '$(_TargetFrameworkVersionWithoutV)' < '3.1' and ('$(Language)' == 'C++' and '$(_EnablePackageReferencesInVCProjects)' != 'true')) was evaluated as ('.NETCoreApp' == '.NETCoreApp' and '8.0' < '3.1' and ('C#' == 'C++' and '' != 'true')).
   2:4>Done building target "_CheckForUnsupportedCppNETCoreVersion" in project "SpaN5.csproj".
       Target "_CheckForUnsupportedNETStandardVersion" skipped, due to false condition; ('$(TargetFrameworkIdentifier)' == '.NETStandard' And '$(NETStandardMaximumVersion)' != '') was evaluated as ('.NETCoreApp' == '.NETStandard' And '' != '').
       Target "_CheckForUnsupportedTargetFrameworkAndFeatureCombination" skipped, due to false condition; ('$(TargetFrameworkIdentifier)' == '.NETFramework') was evaluated as ('.NETCoreApp' == '.NETFramework').
   2:4>Target "UpdateAspNetToFrameworkReference" in file "C:\Program Files\dotnet\sdk\9.0.308\Sdks\Microsoft.NET.Sdk\targets\Microsoft.NET.Sdk.DefaultItems.Shared.targets" from project "C:\Users\DELL\OneDrive\Desktop\Web spa\Long(ThanhToan_DatLich\SpaN5.csproj" (target "ApplyImplicitVersions" depends on it):
       Using "CheckIfPackageReferenceShouldBeFrameworkReference" task from assembly "C:\Program Files\dotnet\sdk\9.0.308\Sdks\Microsoft.NET.Sdk\targets\..\tools\net9.0\Microsoft.NET.Build.Tasks.dll".
       Task "CheckIfPackageReferenceShouldBeFrameworkReference"
       Done executing task "CheckIfPackageReferenceShouldBeFrameworkReference".
       Task "NETSdkError" skipped, due to false condition; ('$(_ShouldRemoveAspNetCoreAll)' == 'true') was evaluated as ('False' == 'true').
       Task "CheckIfPackageReferenceShouldBeFrameworkReference"
       Done executing task "CheckIfPackageReferenceShouldBeFrameworkReference".
       Task "NETSdkWarning" skipped, due to false condition; ('$(_ShouldRemoveAspNetCoreApp)' == 'true') was evaluated as ('False' == 'true').
   2:4>Done building target "UpdateAspNetToFrameworkReference" in project "SpaN5.csproj".
       Target "IncludeTargetingPackReference" skipped, due to false condition; ('$(TargetFrameworkMoniker)' != '' and '$(TargetFrameworkIdentifier)' == '.NETFramework' and '$(AutomaticallyUseReferenceAssemblyPackages)' == 'true') was evaluated as ('.NETCoreApp,Version=v8.0' != '' and '.NETCoreApp' == '.NETFramework' and 'true' == 'true').
   2:4>Target "CheckForImplicitPackageReferenceOverrides" in file "C:\Program Files\dotnet\sdk\9.0.308\Sdks\Microsoft.NET.Sdk\targets\Microsoft.NET.Sdk.DefaultItems.Shared.targets" from project "C:\Users\DELL\OneDrive\Desktop\Web spa\Long(ThanhToan_DatLich\SpaN5.csproj" (target "ApplyImplicitVersions" depends on it):
       Using "CheckForImplicitPackageReferenceOverrides" task from assembly "C:\Program Files\dotnet\sdk\9.0.308\Sdks\Microsoft.NET.Sdk\targets\..\tools\net9.0\Microsoft.NET.Build.Tasks.dll".
       Task "CheckForImplicitPackageReferenceOverrides"
       Done executing task "CheckForImplicitPackageReferenceOverrides".
   2:4>Done building target "CheckForImplicitPackageReferenceOverrides" in project "SpaN5.csproj".
   2:4>Target "ApplyImplicitVersions" in file "C:\Program Files\dotnet\sdk\9.0.308\Sdks\Microsoft.NET.Sdk\targets\Microsoft.NET.Sdk.DefaultItems.Shared.targets" from project "C:\Users\DELL\OneDrive\Desktop\Web spa\Long(ThanhToan_DatLich\SpaN5.csproj" (target "CollectPackageReferences" depends on it):
       Using "ApplyImplicitVersions" task from assembly "C:\Program Files\dotnet\sdk\9.0.308\Sdks\Microsoft.NET.Sdk\targets\..\tools\net9.0\Microsoft.NET.Build.Tasks.dll".
       Task "ApplyImplicitVersions"
       Done executing task "ApplyImplicitVersions".
   2:4>Done building target "ApplyImplicitVersions" in project "SpaN5.csproj".
       Target "CheckForImplicitPackageReferenceOverrides" skipped. Previously built successfully.
       Target "AddWindowsSdkKnownFrameworkReferences" skipped, due to false condition; ('$(TargetFrameworkIdentifier)' == '.NETCoreApp' And '$(TargetPlatformIdentifier)' == 'Windows'
                            And ('$(Language)' != 'C++' Or '$(IncludeWindowsSDKRefFrameworkReferences)' == 'true')) was evaluated as ('.NETCoreApp' == '.NETCoreApp' And '' == 'Windows'
                            And ('C#' != 'C++' Or '' == 'true')).
       Target "_NormalizeTargetPlatformVersion" skipped, due to false condition; ('$(TargetPlatformVersion)' != '' and '$(TargetFrameworkIdentifier)' == '.NETCoreApp' and $([MSBuild]::VersionGreaterThanOrEquals($(TargetFrameworkVersion), 5.0)) and ('$(Language)' != 'C++' or '$(_EnablePackageReferencesInVCProjects)' == 'true')) was evaluated as ('' != '' and '.NETCoreApp' == '.NETCoreApp' and True and ('C#' != 'C++' or '' == 'true')).
   2:4>Target "_CheckForLanguageAndFeatureCombinationSupport" in file "C:\Program Files\dotnet\sdk\9.0.308\Sdks\Microsoft.NET.Sdk\targets\Microsoft.NET.RuntimeIdentifierInference.targets" from project "C:\Users\DELL\OneDrive\Desktop\Web spa\Long(ThanhToan_DatLich\SpaN5.csproj" (target "ProcessFrameworkReferences" depends on it):
       Task "NETSdkError" skipped, due to false condition; (('$(Language)' == 'C++' and '$(_EnablePackageReferencesInVCProjects)' != 'true') and $(OutputType) != 'library' and '$(TargetFrameworkIdentifier)' == '.NETCoreApp') was evaluated as (('C#' == 'C++' and '' != 'true') and Exe != 'library' and '.NETCoreApp' == '.NETCoreApp').
       Task "NETSdkError" skipped, due to false condition; (('$(Language)' == 'C++' and '$(_EnablePackageReferencesInVCProjects)' != 'true') and $(EnableComHosting) == 'true') was evaluated as (('C#' == 'C++' and '' != 'true') and  == 'true').
       Task "NETSdkError" skipped, due to false condition; (('$(Language)' == 'C++' and '$(_EnablePackageReferencesInVCProjects)' != 'true') and $(SelfContained) == 'true') was evaluated as (('C#' == 'C++' and '' != 'true') and false == 'true').
   2:4>Done building target "_CheckForLanguageAndFeatureCombinationSupport" in project "SpaN5.csproj".
   2:4>Target "_ComputeToolPackInputsToProcessFrameworkReferences" in file "C:\Program Files\dotnet\sdk\9.0.308\Sdks\Microsoft.NET.Sdk\targets\Microsoft.NET.Publish.targets" from project "C:\Users\DELL\OneDrive\Desktop\Web spa\Long(ThanhToan_DatLich\SpaN5.csproj" (target "ProcessFrameworkReferences" depends on it):
   2:4>Done building target "_ComputeToolPackInputsToProcessFrameworkReferences" in project "SpaN5.csproj".
   2:4>Target "ProcessFrameworkReferences" in file "C:\Program Files\dotnet\sdk\9.0.308\Sdks\Microsoft.NET.Sdk\targets\Microsoft.NET.Sdk.FrameworkReferenceResolution.targets" from project "C:\Users\DELL\OneDrive\Desktop\Web spa\Long(ThanhToan_DatLich\SpaN5.csproj" (target "CollectPackageReferences" depends on it):
       Using "CheckForDuplicateFrameworkReferences" task from assembly "C:\Program Files\dotnet\sdk\9.0.308\Sdks\Microsoft.NET.Sdk\targets\..\tools\net9.0\Microsoft.NET.Build.Tasks.dll".
       Task "CheckForDuplicateFrameworkReferences"
       Done executing task "CheckForDuplicateFrameworkReferences".
       Using "ProcessFrameworkReferences" task from assembly "C:\Program Files\dotnet\sdk\9.0.308\Sdks\Microsoft.NET.Sdk\targets\..\tools\net9.0\Microsoft.NET.Build.Tasks.dll".
       Task "ProcessFrameworkReferences"
       Done executing task "ProcessFrameworkReferences".
       Using "ResolveAppHosts" task from assembly "C:\Program Files\dotnet\sdk\9.0.308\Sdks\Microsoft.NET.Sdk\targets\..\tools\net9.0\Microsoft.NET.Build.Tasks.dll".
       Task "ResolveAppHosts"
       Done executing task "ResolveAppHosts".
   2:4>Done building target "ProcessFrameworkReferences" in project "SpaN5.csproj".
       Target "IncludeTargetingPackReference" skipped, due to false condition; ('$(TargetFrameworkMoniker)' != '' and '$(TargetFrameworkIdentifier)' == '.NETFramework' and '$(AutomaticallyUseReferenceAssemblyPackages)' == 'true') was evaluated as ('.NETCoreApp,Version=v8.0' != '' and '.NETCoreApp' == '.NETFramework' and 'true' == 'true').
       Target "_CheckMicrosoftNetCompilersToolsetFrameworkPackageReference" skipped, due to false condition; ('$(MSBuildRuntimeType)' == 'Full') was evaluated as ('Core' == 'Full').
   2:4>Target "_CheckForObsoleteDotNetCliToolReferences" in file "C:\Program Files\dotnet\sdk\9.0.308\Sdks\Microsoft.NET.Sdk\targets\Microsoft.NET.ObsoleteReferences.targets" from project "C:\Users\DELL\OneDrive\Desktop\Web spa\Long(ThanhToan_DatLich\SpaN5.csproj" (target "CollectPackageReferences" depends on it):
       Task "NETSdkWarning" skipped, due to false condition; ( '%(_ReferenceToObsoleteDotNetCliTool.Identity)' != '' ) was evaluated as ( '' != '' ).
   2:4>Done building target "_CheckForObsoleteDotNetCliToolReferences" in project "SpaN5.csproj".
   2:4>Target "CollectPackageReferences" in file "C:\Program Files\dotnet\sdk\9.0.308\NuGet.targets" from project "C:\Users\DELL\OneDrive\Desktop\Web spa\Long(ThanhToan_DatLich\SpaN5.csproj" (target "_GetRestoreProjectStyle" depends on it):
       Using "CheckForDuplicateNuGetItemsTask" task from assembly "C:\Program Files\dotnet\sdk\9.0.308\NuGet.Build.Tasks.dll".
       Task "CheckForDuplicateNuGetItemsTask"
       Done executing task "CheckForDuplicateNuGetItemsTask".
   2:4>Done building target "CollectPackageReferences" in project "SpaN5.csproj".
   2:4>Target "_GetRestoreProjectStyle" in file "C:\Program Files\dotnet\sdk\9.0.308\NuGet.targets" from project "C:\Users\DELL\OneDrive\Desktop\Web spa\Long(ThanhToan_DatLich\SpaN5.csproj" (target "_GenerateRestoreSpecs" depends on it):
       Using "GetRestoreProjectStyleTask" task from assembly "C:\Program Files\dotnet\sdk\9.0.308\NuGet.Build.Tasks.dll".
       Task "GetRestoreProjectStyleTask"
       Done executing task "GetRestoreProjectStyleTask".
   2:4>Done building target "_GetRestoreProjectStyle" in project "SpaN5.csproj".
   2:4>Target "_GenerateRestoreSpecs" in file "C:\Program Files\dotnet\sdk\9.0.308\NuGet.targets" from project "C:\Users\DELL\OneDrive\Desktop\Web spa\Long(ThanhToan_DatLich\SpaN5.csproj" (target "_GenerateRestoreGraphProjectEntry" depends on it):
       Using "Message" task from assembly "Microsoft.Build.Tasks.Core, Version=15.1.0.0, Culture=neutral, PublicKeyToken=b03f5f7f11d50a3a".
       Task "Message"
         Restore entry point C:\Users\DELL\OneDrive\Desktop\Web spa\Long(ThanhToan_DatLich\SpaN5.csproj
       Done executing task "Message".
   2:4>Done building target "_GenerateRestoreSpecs" in project "SpaN5.csproj".
   2:4>Target "_GetRestoreSettingsOverrides" in file "C:\Program Files\dotnet\sdk\9.0.308\NuGet.targets" from project "C:\Users\DELL\OneDrive\Desktop\Web spa\Long(ThanhToan_DatLich\SpaN5.csproj" (target "_GetRestoreSettings" depends on it):
       Task "MSBuild" skipped, due to false condition; ( '$(RestorePackagesPath)' != '' ) was evaluated as ( '' != '' ).
       Task "MSBuild" skipped, due to false condition; ( '$(RestoreRepositoryPathOverride)' != '' ) was evaluated as ( '' != '' ).
       Task "MSBuild" skipped, due to false condition; ( '$(RestoreSources)' != '' ) was evaluated as ( '' != '' ).
       Task "MSBuild" skipped, due to false condition; ( '$(RestoreFallbackFolders)' != '' ) was evaluated as ( '' != '' ).
   2:4>Done building target "_GetRestoreSettingsOverrides" in project "SpaN5.csproj".
   2:4>Target "_GetRestoreSettingsPerFramework" in file "C:\Program Files\dotnet\sdk\9.0.308\NuGet.targets" from project "C:\Users\DELL\OneDrive\Desktop\Web spa\Long(ThanhToan_DatLich\SpaN5.csproj" (target "_GetRestoreSettingsCurrentProject" depends on it):
   2:4>Done building target "_GetRestoreSettingsPerFramework" in project "SpaN5.csproj".
   2:4>Target "_GetRestoreSettingsCurrentProject" in file "C:\Program Files\dotnet\sdk\9.0.308\NuGet.targets" from project "C:\Users\DELL\OneDrive\Desktop\Web spa\Long(ThanhToan_DatLich\SpaN5.csproj" (target "_GetRestoreSettings" depends on it):
   2:4>Done building target "_GetRestoreSettingsCurrentProject" in project "SpaN5.csproj".
       Target "_GetRestoreSettingsAllFrameworks" skipped, due to false condition; ( '$(TargetFrameworks)' != '' AND '$(PackageReferenceCompatibleProjectStyle)' == 'true' ) was evaluated as ( '' != '' AND 'True' == 'true' ).
   2:4>Target "_GetRestoreSettings" in file "C:\Program Files\dotnet\sdk\9.0.308\NuGet.targets" from project "C:\Users\DELL\OneDrive\Desktop\Web spa\Long(ThanhToan_DatLich\SpaN5.csproj" (target "_GenerateDotnetCliToolReferenceSpecs" depends on it):
       Using "GetRestoreSettingsTask" task from assembly "C:\Program Files\dotnet\sdk\9.0.308\NuGet.Build.Tasks.dll".
       Task "GetRestoreSettingsTask"
         Assembly loaded during TaskRun (NuGet.Build.Tasks.GetRestoreSettingsTask): NuGet.Configuration, Version=6.14.0.116, Culture=neutral, PublicKeyToken=31bf3856ad364e35 (location: C:\Program Files\dotnet\sdk\9.0.308\NuGet.Configuration.dll, MVID: b0f2e3cc-b478-45a0-a863-e83c6e00406f, AssemblyLoadContext: MSBuild plugin C:\Program Files\dotnet\sdk\9.0.308\NuGet.Build.Tasks.dll)
       Done executing task "GetRestoreSettingsTask".
   2:4>Done building target "_GetRestoreSettings" in project "SpaN5.csproj".
   2:4>Target "_GenerateDotnetCliToolReferenceSpecs" in file "C:\Program Files\dotnet\sdk\9.0.308\NuGet.targets" from project "C:\Users\DELL\OneDrive\Desktop\Web spa\Long(ThanhToan_DatLich\SpaN5.csproj" (target "_GenerateRestoreGraphProjectEntry" depends on it):
       Using "GetRestoreDotnetCliToolsTask" task from assembly "C:\Program Files\dotnet\sdk\9.0.308\NuGet.Build.Tasks.dll".
       Task "GetRestoreDotnetCliToolsTask"
       Done executing task "GetRestoreDotnetCliToolsTask".
   2:4>Done building target "_GenerateDotnetCliToolReferenceSpecs" in project "SpaN5.csproj".
   2:4>Target "_GenerateRestoreGraphProjectEntry" in file "C:\Program Files\dotnet\sdk\9.0.308\NuGet.targets" from project "C:\Users\DELL\OneDrive\Desktop\Web spa\Long(ThanhToan_DatLich\SpaN5.csproj" (entry point):
   2:4>Done building target "_GenerateRestoreGraphProjectEntry" in project "SpaN5.csproj".
   2:4>Done Building Project "C:\Users\DELL\OneDrive\Desktop\Web spa\Long(ThanhToan_DatLich\SpaN5.csproj" (_GenerateRestoreGraphProjectEntry target(s)).
     1>Done executing task "MSBuild".
       Task "MSBuild"
         Global Properties:
           ExcludeRestorePackageImports=true
           _RestoreSolutionFileUsed=true
           SolutionDir=C:\Users\DELL\OneDrive\Desktop\Web spa\Long%28ThanhToan_DatLich\
           SolutionName=SpaN5
           SolutionFileName=SpaN5.sln
           SolutionPath=C:\Users\DELL\OneDrive\Desktop\Web spa\Long%28ThanhToan_DatLich\SpaN5.sln
           SolutionExt=.sln
         Additional Properties for project "C:\Users\DELL\OneDrive\Desktop\Web spa\Long(ThanhToan_DatLich\SpaN5.csproj":
           Configuration=Debug
           Platform=AnyCPU
     1>Project "C:\Users\DELL\OneDrive\Desktop\Web spa\Long(ThanhToan_DatLich\SpaN5.sln" (1) is building "C:\Users\DELL\OneDrive\Desktop\Web spa\Long(ThanhToan_DatLich\SpaN5.csproj" (2:5) on node 1 (_GenerateProjectRestoreGraph target(s)).
   2:5>Target "_GetRestoreProjectStyle" skipped. Previously built successfully.
       Target "_GetRestoreProjectStyle" skipped. Previously built successfully.
       Target "_GetRestoreProjectStyle" skipped. Previously built successfully.
   2:5>Target "_GetRestoreTargetFrameworkOverride" in file "C:\Program Files\dotnet\sdk\9.0.308\NuGet.targets" from project "C:\Users\DELL\OneDrive\Desktop\Web spa\Long(ThanhToan_DatLich\SpaN5.csproj" (target "_GetRestoreTargetFrameworksOutput" depends on it):
       Task "GetGlobalPropertyValueTask" skipped, due to false condition; ( '$(TargetFrameworks)' != '' ) was evaluated as ( '' != '' ).
   2:5>Done building target "_GetRestoreTargetFrameworkOverride" in project "SpaN5.csproj".
   2:5>Target "_GetRestoreTargetFrameworksOutput" in file "C:\Program Files\dotnet\sdk\9.0.308\NuGet.targets" from project "C:\Users\DELL\OneDrive\Desktop\Web spa\Long(ThanhToan_DatLich\SpaN5.csproj" (target "_GenerateRestoreProjectSpec" depends on it):
       Using "GetProjectTargetFrameworksTask" task from assembly "C:\Program Files\dotnet\sdk\9.0.308\NuGet.Build.Tasks.dll".
       Task "GetProjectTargetFrameworksTask"
       Done executing task "GetProjectTargetFrameworksTask".
   2:5>Done building target "_GetRestoreTargetFrameworksOutput" in project "SpaN5.csproj".
       Target "_GetRestoreSettings" skipped. Previously built successfully.
   2:5>Target "_GenerateRestoreProjectSpec" in file "C:\Program Files\dotnet\sdk\9.0.308\NuGet.targets" from project "C:\Users\DELL\OneDrive\Desktop\Web spa\Long(ThanhToan_DatLich\SpaN5.csproj" (target "_GenerateProjectRestoreGraph" depends on it):
       Task "ConvertToAbsolutePath"
       Done executing task "ConvertToAbsolutePath".
   2:5>Done building target "_GenerateRestoreProjectSpec" in project "SpaN5.csproj".
       Target "_GenerateProjectRestoreGraphAllFrameworks" skipped, due to false condition; ( '$(TargetFrameworks)' != '' ) was evaluated as ( '' != '' ).
       Target "_GetRestoreProjectStyle" skipped. Previously built successfully.
       Target "CollectPackageReferences" skipped. Previously built successfully.
   2:5>Target "CollectPackageDownloads" in file "C:\Program Files\dotnet\sdk\9.0.308\NuGet.targets" from project "C:\Users\DELL\OneDrive\Desktop\Web spa\Long(ThanhToan_DatLich\SpaN5.csproj" (target "_CollectRestoreInputs" depends on it):
       Task "CheckForDuplicateNuGetItemsTask"
       Done executing task "CheckForDuplicateNuGetItemsTask".
   2:5>Done building target "CollectPackageDownloads" in project "SpaN5.csproj".
   2:5>Target "CollectFrameworkReferences" in file "C:\Program Files\dotnet\sdk\9.0.308\NuGet.targets" from project "C:\Users\DELL\OneDrive\Desktop\Web spa\Long(ThanhToan_DatLich\SpaN5.csproj" (target "_CollectRestoreInputs" depends on it):
   2:5>Done building target "CollectFrameworkReferences" in project "SpaN5.csproj".
   2:5>Target "CollectCentralPackageVersions" in file "C:\Program Files\dotnet\sdk\9.0.308\NuGet.targets" from project "C:\Users\DELL\OneDrive\Desktop\Web spa\Long(ThanhToan_DatLich\SpaN5.csproj" (target "_CollectRestoreInputs" depends on it):
       Task "CheckForDuplicateNuGetItemsTask"
       Done executing task "CheckForDuplicateNuGetItemsTask".
   2:5>Done building target "CollectCentralPackageVersions" in project "SpaN5.csproj".
   2:5>Target "CollectNuGetAuditSuppressions" in file "C:\Program Files\dotnet\sdk\9.0.308\NuGet.targets" from project "C:\Users\DELL\OneDrive\Desktop\Web spa\Long(ThanhToan_DatLich\SpaN5.csproj" (target "_CollectRestoreInputs" depends on it):
       Task "CheckForDuplicateNuGetItemsTask"
       Done executing task "CheckForDuplicateNuGetItemsTask".
   2:5>Done building target "CollectNuGetAuditSuppressions" in project "SpaN5.csproj".
       Target "AddPrunePackageReferences" skipped, due to false condition; ('$(RestoreEnablePackagePruning)' == 'true') was evaluated as ('false' == 'true').
   2:5>Target "CollectPrunePackageReferences" in file "C:\Program Files\dotnet\sdk\9.0.308\NuGet.targets" from project "C:\Users\DELL\OneDrive\Desktop\Web spa\Long(ThanhToan_DatLich\SpaN5.csproj" (target "_CollectRestoreInputs" depends on it):
       Task "CheckForDuplicateNuGetItemsTask"
       Done executing task "CheckForDuplicateNuGetItemsTask".
   2:5>Done building target "CollectPrunePackageReferences" in project "SpaN5.csproj".
   2:5>Target "_CollectRestoreInputs" in file "C:\Program Files\dotnet\sdk\9.0.308\NuGet.targets" from project "C:\Users\DELL\OneDrive\Desktop\Web spa\Long(ThanhToan_DatLich\SpaN5.csproj" (target "_GenerateProjectRestoreGraphPerFramework" depends on it):
   2:5>Done building target "_CollectRestoreInputs" in project "SpaN5.csproj".
       Target "PrepRestoreForStoreProjects" skipped, due to false condition; ('$(StorePackageName)' != '') was evaluated as ('' != '').
   2:5>Target "_GenerateProjectRestoreGraphPerFramework" in file "C:\Program Files\dotnet\sdk\9.0.308\NuGet.targets" from project "C:\Users\DELL\OneDrive\Desktop\Web spa\Long(ThanhToan_DatLich\SpaN5.csproj" (target "_GenerateProjectRestoreGraphCurrentProject" depends on it):
       Using "GetRestoreProjectReferencesTask" task from assembly "C:\Program Files\dotnet\sdk\9.0.308\NuGet.Build.Tasks.dll".
       Task "GetRestoreProjectReferencesTask"
       Done executing task "GetRestoreProjectReferencesTask".
       Using "GetRestorePackageReferencesTask" task from assembly "C:\Program Files\dotnet\sdk\9.0.308\NuGet.Build.Tasks.dll".
       Task "GetRestorePackageReferencesTask"
       Done executing task "GetRestorePackageReferencesTask".
       Task "GetCentralPackageVersionsTask" skipped, due to false condition; ( '$(PackageReferenceCompatibleProjectStyle)' == 'true' AND '$(_CentralPackageVersionsEnabled)' == 'true' ) was evaluated as ( 'True' == 'true' AND '' == 'true' ).
       Using "GetRestorePackageDownloadsTask" task from assembly "C:\Program Files\dotnet\sdk\9.0.308\NuGet.Build.Tasks.dll".
       Task "GetRestorePackageDownloadsTask"
       Done executing task "GetRestorePackageDownloadsTask".
       Using "GetRestoreFrameworkReferencesTask" task from assembly "C:\Program Files\dotnet\sdk\9.0.308\NuGet.Build.Tasks.dll".
       Task "GetRestoreFrameworkReferencesTask"
       Done executing task "GetRestoreFrameworkReferencesTask".
       Using "GetRestoreNuGetAuditSuppressionsTask" task from assembly "C:\Program Files\dotnet\sdk\9.0.308\NuGet.Build.Tasks.dll".
       Task "GetRestoreNuGetAuditSuppressionsTask"
       Done executing task "GetRestoreNuGetAuditSuppressionsTask".
       Using "GetRestorePrunePackageReferencesTask" task from assembly "C:\Program Files\dotnet\sdk\9.0.308\NuGet.Build.Tasks.dll".
       Task "GetRestorePrunePackageReferencesTask"
       Done executing task "GetRestorePrunePackageReferencesTask".
   2:5>Done building target "_GenerateProjectRestoreGraphPerFramework" in project "SpaN5.csproj".
   2:5>Target "_GenerateProjectRestoreGraphCurrentProject" in file "C:\Program Files\dotnet\sdk\9.0.308\NuGet.targets" from project "C:\Users\DELL\OneDrive\Desktop\Web spa\Long(ThanhToan_DatLich\SpaN5.csproj" (target "_GenerateRestoreDependencies" depends on it):
   2:5>Done building target "_GenerateProjectRestoreGraphCurrentProject" in project "SpaN5.csproj".
   2:5>Target "_GenerateRestoreDependencies" in file "C:\Program Files\dotnet\sdk\9.0.308\NuGet.targets" from project "C:\Users\DELL\OneDrive\Desktop\Web spa\Long(ThanhToan_DatLich\SpaN5.csproj" (target "_GenerateProjectRestoreGraph" depends on it):
   2:5>Done building target "_GenerateRestoreDependencies" in project "SpaN5.csproj".
   2:5>Target "_GenerateProjectRestoreGraph" in file "C:\Program Files\dotnet\sdk\9.0.308\NuGet.targets" from project "C:\Users\DELL\OneDrive\Desktop\Web spa\Long(ThanhToan_DatLich\SpaN5.csproj" (entry point):
   2:5>Done building target "_GenerateProjectRestoreGraph" in project "SpaN5.csproj".
   2:5>Done Building Project "C:\Users\DELL\OneDrive\Desktop\Web spa\Long(ThanhToan_DatLich\SpaN5.csproj" (_GenerateProjectRestoreGraph target(s)).
     1>Done executing task "MSBuild".
     1>Done building target "_GenerateRestoreGraph" in project "SpaN5.sln".
     1>Target "Restore" in file "C:\Program Files\dotnet\sdk\9.0.308\NuGet.targets" from project "C:\Users\DELL\OneDrive\Desktop\Web spa\Long(ThanhToan_DatLich\SpaN5.sln" (entry point):
       Task "RemoveDuplicates"
       Done executing task "RemoveDuplicates".
       Using "RestoreTask" task from assembly "C:\Program Files\dotnet\sdk\9.0.308\NuGet.Build.Tasks.dll".
       Task "RestoreTask"
         Assembly loaded during TaskRun (NuGet.Build.Tasks.RestoreTask): NuGet.Packaging, Version=6.14.0.116, Culture=neutral, PublicKeyToken=31bf3856ad364e35 (location: C:\Program Files\dotnet\sdk\9.0.308\NuGet.Packaging.dll, MVID: cdc50a13-9777-4bbf-997e-763beae18a61, AssemblyLoadContext: MSBuild plugin C:\Program Files\dotnet\sdk\9.0.308\NuGet.Build.Tasks.dll)
         Assembly loaded during TaskRun (NuGet.Build.Tasks.RestoreTask): NuGet.LibraryModel, Version=6.14.0.116, Culture=neutral, PublicKeyToken=31bf3856ad364e35 (location: C:\Program Files\dotnet\sdk\9.0.308\NuGet.LibraryModel.dll, MVID: e00b38b3-9e45-44a2-8023-8c8ae09208b7, AssemblyLoadContext: MSBuild plugin C:\Program Files\dotnet\sdk\9.0.308\NuGet.Build.Tasks.dll)
         Assembly loaded during TaskRun (NuGet.Build.Tasks.RestoreTask): NuGet.Versioning, Version=6.14.0.116, Culture=neutral, PublicKeyToken=31bf3856ad364e35 (location: C:\Program Files\dotnet\sdk\9.0.308\NuGet.Versioning.dll, MVID: ecae64d3-0ef8-4164-9110-1e65ba08bca4, AssemblyLoadContext: MSBuild plugin C:\Program Files\dotnet\sdk\9.0.308\NuGet.Build.Tasks.dll)
         Assembly loaded during TaskRun (NuGet.Build.Tasks.RestoreTask): NuGet.Frameworks, Version=6.14.0.116, Culture=neutral, PublicKeyToken=31bf3856ad364e35 (location: C:\Program Files\dotnet\sdk\9.0.308\NuGet.Frameworks.dll, MVID: 6b5909cd-5145-46c4-9595-25461e82c126, AssemblyLoadContext: MSBuild plugin C:\Program Files\dotnet\sdk\9.0.308\NuGet.Build.Tasks.dll)
         Assembly loaded during TaskRun (NuGet.Build.Tasks.RestoreTask): System.Buffers, Version=9.0.0.0, Culture=neutral, PublicKeyToken=cc7b13ffcd2ddd51 (location: C:\Program Files\dotnet\shared\Microsoft.NETCore.App\9.0.11\System.Buffers.dll, MVID: 9d5197e7-0382-4b04-a837-b68dc6cefbf7, AssemblyLoadContext: Default)
         Assembly loaded during TaskRun (NuGet.Build.Tasks.RestoreTask): NuGet.Protocol, Version=6.14.0.116, Culture=neutral, PublicKeyToken=31bf3856ad364e35 (location: C:\Program Files\dotnet\sdk\9.0.308\NuGet.Protocol.dll, MVID: f8777b05-1686-441b-9cec-a9710c5aa900, AssemblyLoadContext: MSBuild plugin C:\Program Files\dotnet\sdk\9.0.308\NuGet.Build.Tasks.dll)
         Assembly loaded during TaskRun (NuGet.Build.Tasks.RestoreTask): NuGet.Credentials, Version=6.14.0.116, Culture=neutral, PublicKeyToken=31bf3856ad364e35 (location: C:\Program Files\dotnet\sdk\9.0.308\NuGet.Credentials.dll, MVID: bd6612c0-8432-48ef-9aa9-96a29d2c500a, AssemblyLoadContext: MSBuild plugin C:\Program Files\dotnet\sdk\9.0.308\NuGet.Build.Tasks.dll)
         Assembly loaded during TaskRun (NuGet.Build.Tasks.RestoreTask): System.Collections.NonGeneric, Version=9.0.0.0, Culture=neutral, PublicKeyToken=b03f5f7f11d50a3a (location: C:\Program Files\dotnet\shared\Microsoft.NETCore.App\9.0.11\System.Collections.NonGeneric.dll, MVID: fdc16d98-c31a-46f7-b8ea-0f5dc6b8b4ce, AssemblyLoadContext: Default)
         X.509 certificate chain validation will use the default trust store selected by .NET for code signing.
         X.509 certificate chain validation will use the default trust store selected by .NET for timestamping.
         Assembly loaded during TaskRun (NuGet.Build.Tasks.RestoreTask): NuGet.DependencyResolver.Core, Version=6.14.0.116, Culture=neutral, PublicKeyToken=31bf3856ad364e35 (location: C:\Program Files\dotnet\sdk\9.0.308\NuGet.DependencyResolver.Core.dll, MVID: 6b197cc7-1c4a-4e48-895c-328987fdea28, AssemblyLoadContext: MSBuild plugin C:\Program Files\dotnet\sdk\9.0.308\NuGet.Build.Tasks.dll)
         Running restore with 16 concurrent jobs.
         Reading project file C:\Users\DELL\OneDrive\Desktop\Web spa\Long(ThanhToan_DatLich\SpaN5.csproj.
         Assembly loaded during TaskRun (NuGet.Build.Tasks.RestoreTask): Newtonsoft.Json, Version=13.0.0.0, Culture=neutral, PublicKeyToken=30ad4fe6b2a6aeed (location: C:\Program Files\dotnet\sdk\9.0.308\Newtonsoft.Json.dll, MVID: 7e62198b-eab2-4380-bbac-29171862d1d8, AssemblyLoadContext: MSBuild plugin C:\Program Files\dotnet\sdk\9.0.308\NuGet.Build.Tasks.dll)
         Assembly loaded during TaskRun (NuGet.Build.Tasks.RestoreTask): System.Runtime.Serialization.Primitives, Version=9.0.0.0, Culture=neutral, PublicKeyToken=b03f5f7f11d50a3a (location: C:\Program Files\dotnet\shared\Microsoft.NETCore.App\9.0.11\System.Runtime.Serialization.Primitives.dll, MVID: 47d327cb-b731-4c1c-be07-b226702ef148, AssemblyLoadContext: Default)
         Assembly loaded during TaskRun (NuGet.Build.Tasks.RestoreTask): System.Runtime.Numerics, Version=9.0.0.0, Culture=neutral, PublicKeyToken=b03f5f7f11d50a3a (location: C:\Program Files\dotnet\shared\Microsoft.NETCore.App\9.0.11\System.Runtime.Numerics.dll, MVID: 53e67dc6-e704-4799-91e7-339281599fca, AssemblyLoadContext: Default)
         Assembly loaded during TaskRun (NuGet.Build.Tasks.RestoreTask): System.Text.Encodings.Web, Version=9.0.0.0, Culture=neutral, PublicKeyToken=cc7b13ffcd2ddd51 (location: C:\Program Files\dotnet\shared\Microsoft.NETCore.App\9.0.11\System.Text.Encodings.Web.dll, MVID: f78abfe9-ce9b-45ab-a62a-173330fd7cb8, AssemblyLoadContext: Default)
         Assembly loaded during TaskRun (NuGet.Build.Tasks.RestoreTask): System.Runtime.Intrinsics, Version=9.0.0.0, Culture=neutral, PublicKeyToken=cc7b13ffcd2ddd51 (location: C:\Program Files\dotnet\shared\Microsoft.NETCore.App\9.0.11\System.Runtime.Intrinsics.dll, MVID: fcbbe39a-5472-4624-a681-b117f52535f5, AssemblyLoadContext: Default)
         The restore inputs for 'SpaN5' have not changed. No further actions are required to complete the restore.
         Committing restore...
         Assets file has not changed. Skipping assets file writing. Path: C:\Users\DELL\OneDrive\Desktop\Web spa\Long(ThanhToan_DatLich\obj\project.assets.json
         No-Op restore. The cache will not be updated. Path: C:\Users\DELL\OneDrive\Desktop\Web spa\Long(ThanhToan_DatLich\obj\project.nuget.cache
         Restored C:\Users\DELL\OneDrive\Desktop\Web spa\Long(ThanhToan_DatLich\SpaN5.csproj (in 84 ms).
         
         NuGet Config files used:
             C:\Users\DELL\AppData\Roaming\NuGet\NuGet.Config
             C:\Program Files (x86)\NuGet\Config\Microsoft.VisualStudio.FallbackLocation.config
             C:\Program Files (x86)\NuGet\Config\Microsoft.VisualStudio.Offline.config
         
         Feeds used:
             https://api.nuget.org/v3/index.json
             C:\Program Files (x86)\Microsoft SDKs\NuGetPackages\
         All projects are up-to-date for restore.
       Done executing task "RestoreTask".
     1>Done building target "Restore" in project "SpaN5.sln".
     1>Done Building Project "C:\Users\DELL\OneDrive\Desktop\Web spa\Long(ThanhToan_DatLich\SpaN5.sln" (Restore target(s)).
     0>C:\Users\DELL\OneDrive\Desktop\Web spa\Long(ThanhToan_DatLich\SpaN5.sln.metaproj : message : Property 'MSBuildExtensionsPath' with value 'C:\Program Files\dotnet\sdk\9.0.308\' expanded from the environment.
       C:\Program Files\dotnet\sdk\9.0.308\NuGet.targets(112,5): message : Property reassignment: $(_GenerateRestoreGraphProjectEntryInputProperties)="
       C:\Program Files\dotnet\sdk\9.0.308\NuGet.targets(112,5): message :       ExcludeRestorePackageImports=true;
       C:\Program Files\dotnet\sdk\9.0.308\NuGet.targets(112,5): message :       _RestoreSolutionFileUsed=true;
       C:\Program Files\dotnet\sdk\9.0.308\NuGet.targets(112,5): message :       SolutionDir=C:\Users\DELL\OneDrive\Desktop\Web spa\Long(ThanhToan_DatLich\;
       C:\Program Files\dotnet\sdk\9.0.308\NuGet.targets(112,5): message :       SolutionName=SpaN5;
       C:\Program Files\dotnet\sdk\9.0.308\NuGet.targets(112,5): message :       SolutionFileName=SpaN5.sln;
       C:\Program Files\dotnet\sdk\9.0.308\NuGet.targets(112,5): message :       SolutionPath=C:\Users\DELL\OneDrive\Desktop\Web spa\Long(ThanhToan_DatLich\SpaN5.sln;
       C:\Program Files\dotnet\sdk\9.0.308\NuGet.targets(112,5): message :       SolutionExt=.sln;
       C:\Program Files\dotnet\sdk\9.0.308\NuGet.targets(112,5): message :     " (previous value: "ExcludeRestorePackageImports=true") at C:\Program Files\dotnet\sdk\9.0.308\NuGet.targets (112,5)
       The target "Store" listed in a BeforeTargets attribute at "C:\Program Files\dotnet\sdk\9.0.308\Current\SolutionFile\ImportAfter\Microsoft.NET.Sdk.Solution.targets (33,11)" does not exist in the project, and will be ignored.
       The target "VSTest" listed in a BeforeTargets attribute at "C:\Program Files\dotnet\sdk\9.0.308\Current\SolutionFile\ImportAfter\Microsoft.NET.Sdk.Solution.targets (33,11)" does not exist in the project, and will be ignored.
       The target "_CheckForInvalidConfigurationAndPlatform" listed in a BeforeTargets attribute at "C:\Program Files\dotnet\sdk\9.0.308\NuGet.targets (711,11)" does not exist in the project, and will be ignored.
   1:2>Project "C:\Users\DELL\OneDrive\Desktop\Web spa\Long(ThanhToan_DatLich\SpaN5.sln" on node 1 (default targets).
   1:2>Target "ValidateSolutionConfiguration" in file "C:\Users\DELL\OneDrive\Desktop\Web spa\Long(ThanhToan_DatLich\SpaN5.sln.metaproj" from project "C:\Users\DELL\OneDrive\Desktop\Web spa\Long(ThanhToan_DatLich\SpaN5.sln" (entry point):
   1:2>Task "Error" skipped, due to false condition; (('$(CurrentSolutionConfigurationContents)' == '') and ('$(SkipInvalidConfigurations)' != 'true')) was evaluated as (('<SolutionConfiguration>
  <ProjectConfiguration Project="{2850A0F2-8150-405F-A810-9630E164E097}" AbsolutePath="C:\Users\DELL\OneDrive\Desktop\Web spa\Long(ThanhToan_DatLich\SpaN5.csproj" BuildProjectInSolution="True">Debug|AnyCPU</ProjectConfiguration>
</SolutionConfiguration>' == '') and ('' != 'true')).
       Task "Warning" skipped, due to false condition; (('$(CurrentSolutionConfigurationContents)' == '') and ('$(SkipInvalidConfigurations)' == 'true')) was evaluated as (('<SolutionConfiguration>
         <ProjectConfiguration Project="{2850A0F2-8150-405F-A810-9630E164E097}" AbsolutePath="C:\Users\DELL\OneDrive\Desktop\Web spa\Long(ThanhToan_DatLich\SpaN5.csproj" BuildProjectInSolution="True">Debug|AnyCPU</ProjectConfiguration>
       </SolutionConfiguration>' == '') and ('' == 'true')).
       Using "Message" task from assembly "Microsoft.Build.Tasks.Core, Version=15.1.0.0, Culture=neutral, PublicKeyToken=b03f5f7f11d50a3a".
       Task "Message"
         Building solution configuration "Debug|Any CPU".
       Done executing task "Message".
   1:2>Done building target "ValidateSolutionConfiguration" in project "SpaN5.sln".
   1:2>Target "ValidateToolsVersions" in file "C:\Users\DELL\OneDrive\Desktop\Web spa\Long(ThanhToan_DatLich\SpaN5.sln.metaproj" from project "C:\Users\DELL\OneDrive\Desktop\Web spa\Long(ThanhToan_DatLich\SpaN5.sln" (entry point):
       Task "Error" skipped, due to false condition; ('$(MSBuildToolsVersion)' == '2.0' and ('$(ProjectToolsVersion)' != '2.0' and '$(ProjectToolsVersion)' != '')) was evaluated as ('Current' == '2.0' and ('' != '2.0' and '' != '')).
   1:2>Done building target "ValidateToolsVersions" in project "SpaN5.sln".
   1:2>Target "ValidateProjects" in file "C:\Users\DELL\OneDrive\Desktop\Web spa\Long(ThanhToan_DatLich\SpaN5.sln.metaproj" from project "C:\Users\DELL\OneDrive\Desktop\Web spa\Long(ThanhToan_DatLich\SpaN5.sln" (entry point):
   1:2>Done building target "ValidateProjects" in project "SpaN5.sln".
       Target "_CheckForSolutionLevelRuntimeIdentifier" skipped, due to false condition; ('$(RuntimeIdentifier)' != '') was evaluated as ('' != '').
       Target "_CheckForSolutionLevelOutputPath" skipped, due to false condition; ('$(_CommandLineDefinedOutputPath)' == 'true') was evaluated as ('' == 'true').
   1:2>Target "Build" in file "C:\Users\DELL\OneDrive\Desktop\Web spa\Long(ThanhToan_DatLich\SpaN5.sln.metaproj" from project "C:\Users\DELL\OneDrive\Desktop\Web spa\Long(ThanhToan_DatLich\SpaN5.sln" (entry point):
       Using "MSBuild" task from assembly "Microsoft.Build.Tasks.Core, Version=15.1.0.0, Culture=neutral, PublicKeyToken=b03f5f7f11d50a3a".
       Task "MSBuild"
         Global Properties:
           BuildingSolutionFile=true
           CurrentSolutionConfigurationContents=<SolutionConfiguration>
           <ProjectConfiguration Project="{2850A0F2-8150-405F-A810-9630E164E097}" AbsolutePath="C:\Users\DELL\OneDrive\Desktop\Web spa\Long%28ThanhToan_DatLich\SpaN5.csproj" BuildProjectInSolution="True">Debug|AnyCPU</ProjectConfiguration>
         </SolutionConfiguration>
           SolutionDir=C:\Users\DELL\OneDrive\Desktop\Web spa\Long%28ThanhToan_DatLich\
           SolutionExt=.sln
           SolutionFileName=SpaN5.sln
           SolutionName=SpaN5
           SolutionPath=C:\Users\DELL\OneDrive\Desktop\Web spa\Long%28ThanhToan_DatLich\SpaN5.sln
         Additional Properties for project "C:\Users\DELL\OneDrive\Desktop\Web spa\Long(ThanhToan_DatLich\SpaN5.csproj":
           Configuration=Debug
           Platform=AnyCPU
     0>The SDK "Microsoft.NET.Sdk.Web" was successfully resolved by the "DefaultSdkResolver" resolver to location "C:\Program Files\dotnet\sdk\9.0.308\Sdks\Microsoft.NET.Sdk.Web\Sdk" and version "".
       The SDK "Microsoft.NET.Sdk" was successfully resolved by the "DefaultSdkResolver" resolver to location "C:\Program Files\dotnet\sdk\9.0.308\Sdks\Microsoft.NET.Sdk\Sdk" and version "".
       C:\Program Files\dotnet\sdk\9.0.308\Sdks\Microsoft.NET.Sdk\Sdk\Sdk.props(49,11): message : Property 'MSBuildExtensionsPath' with value 'C:\Program Files\dotnet\sdk\9.0.308\' expanded from the environment.
       C:\Program Files\dotnet\sdk\9.0.308\Current\Microsoft.Common.props(60,5): message : Property reassignment: $(MSBuildProjectExtensionsPath)="C:\Users\DELL\OneDrive\Desktop\Web spa\Long(ThanhToan_DatLich\obj\" (previous value: "obj\") at C:\Program Files\dotnet\sdk\9.0.308\Current\Microsoft.Common.props (60,5)
       C:\Users\DELL\OneDrive\Desktop\Web spa\Long(ThanhToan_DatLich\obj\SpaN5.csproj.nuget.g.props(7,5): message : Property 'USERPROFILE' with value 'C:\Users\DELL' expanded from the environment.
       C:\Program Files\dotnet\sdk\9.0.308\Current\Microsoft.Common.props(84,119): message : Property 'MSBuildUserExtensionsPath' with value 'C:\Users\DELL\AppData\Local\Microsoft\MSBuild' expanded from the environment.
       The "Configuration" property is a global property, and cannot be modified.
       The "Platform" property is a global property, and cannot be modified.
       The "Configuration" property is a global property, and cannot be modified.
       The "Platform" property is a global property, and cannot be modified.
       C:\Program Files\dotnet\sdk\9.0.308\Sdks\Microsoft.NET.Sdk\targets\Microsoft.NET.Sdk.props(90,5): message : Property reassignment: $(AssemblySearchPaths)="{CandidateAssemblyFiles};{HintPathFromItem}" (previous value: "{CandidateAssemblyFiles}") at C:\Program Files\dotnet\sdk\9.0.308\Sdks\Microsoft.NET.Sdk\targets\Microsoft.NET.Sdk.props (90,5)
       C:\Program Files\dotnet\sdk\9.0.308\Sdks\Microsoft.NET.Sdk\targets\Microsoft.NET.Sdk.props(91,5): message : Property reassignment: $(AssemblySearchPaths)="{CandidateAssemblyFiles};{HintPathFromItem};{TargetFrameworkDirectory}" (previous value: "{CandidateAssemblyFiles};{HintPathFromItem}") at C:\Program Files\dotnet\sdk\9.0.308\Sdks\Microsoft.NET.Sdk\targets\Microsoft.NET.Sdk.props (91,5)
       C:\Program Files\dotnet\sdk\9.0.308\Sdks\Microsoft.NET.Sdk\targets\Microsoft.NET.Sdk.props(92,5): message : Property reassignment: $(AssemblySearchPaths)="{CandidateAssemblyFiles};{HintPathFromItem};{TargetFrameworkDirectory};{RawFileName}" (previous value: "{CandidateAssemblyFiles};{HintPathFromItem};{TargetFrameworkDirectory}") at C:\Program Files\dotnet\sdk\9.0.308\Sdks\Microsoft.NET.Sdk\targets\Microsoft.NET.Sdk.props (92,5)
       The "DefaultSdkResolver" resolver attempted to resolve the SDK "Microsoft.NET.SDK.WorkloadAutoImportPropsLocator".
       Warnings: null
       Errors: MSB4276: The default SDK resolver failed to resolve SDK "Microsoft.NET.SDK.WorkloadAutoImportPropsLocator" because directory "C:\Program Files\dotnet\sdk\9.0.308\Sdks\Microsoft.NET.SDK.WorkloadAutoImportPropsLocator\Sdk" did not exist.
       The SDK "Microsoft.NET.SDK.WorkloadAutoImportPropsLocator" was successfully resolved by the "Microsoft.DotNet.MSBuildWorkloadSdkResolver" resolver to location "null" and version "null".
       C:\Program Files\dotnet\sdk\9.0.308\Sdks\Microsoft.NET.Sdk\targets\Microsoft.NET.PackProjectTool.props(15,5): message : Property reassignment: $(TargetsForTfmSpecificContentInPackage)=";PackTool;_PackProjectToolValidation" (previous value: ";PackTool") at C:\Program Files\dotnet\sdk\9.0.308\Sdks\Microsoft.NET.Sdk\targets\Microsoft.NET.PackProjectTool.props (15,5)
       The SDK "Microsoft.NET.Sdk.Razor" was successfully resolved by the "DefaultSdkResolver" resolver to location "C:\Program Files\dotnet\sdk\9.0.308\Sdks\Microsoft.NET.Sdk.Razor\Sdk" and version "".
       The SDK "Microsoft.NET.Sdk.StaticWebAssets" was successfully resolved by the "DefaultSdkResolver" resolver to location "C:\Program Files\dotnet\sdk\9.0.308\Sdks\Microsoft.NET.Sdk.StaticWebAssets\Sdk" and version "".
       C:\Program Files\dotnet\sdk\9.0.308\Sdks\Microsoft.NET.Sdk.StaticWebAssets\Sdk\Sdk.StaticWebAssets.StaticAssets.ProjectSystem.props(23,5): message : Property reassignment: $(DefaultItemExcludes)=";**\node_modules\**;node_modules\**;**\jspm_packages\**;jspm_packages\**" (previous value: ";**\node_modules\**;node_modules\**") at C:\Program Files\dotnet\sdk\9.0.308\Sdks\Microsoft.NET.Sdk.StaticWebAssets\Sdk\Sdk.StaticWebAssets.StaticAssets.ProjectSystem.props (23,5)
       C:\Program Files\dotnet\sdk\9.0.308\Sdks\Microsoft.NET.Sdk.StaticWebAssets\Sdk\Sdk.StaticWebAssets.StaticAssets.ProjectSystem.props(24,5): message : Property reassignment: $(DefaultItemExcludes)=";**\node_modules\**;node_modules\**;**\jspm_packages\**;jspm_packages\**;**\bower_components\**;bower_components\**" (previous value: ";**\node_modules\**;node_modules\**;**\jspm_packages\**;jspm_packages\**") at C:\Program Files\dotnet\sdk\9.0.308\Sdks\Microsoft.NET.Sdk.StaticWebAssets\Sdk\Sdk.StaticWebAssets.StaticAssets.ProjectSystem.props (24,5)
       C:\Program Files\dotnet\sdk\9.0.308\Sdks\Microsoft.NET.Sdk.StaticWebAssets\Sdk\Sdk.StaticWebAssets.StaticAssets.ProjectSystem.props(25,5): message : Property reassignment: $(DefaultItemExcludes)=";**\node_modules\**;node_modules\**;**\jspm_packages\**;jspm_packages\**;**\bower_components\**;bower_components\**;**\packages.lock.json" (previous value: ";**\node_modules\**;node_modules\**;**\jspm_packages\**;jspm_packages\**;**\bower_components\**;bower_components\**") at C:\Program Files\dotnet\sdk\9.0.308\Sdks\Microsoft.NET.Sdk.StaticWebAssets\Sdk\Sdk.StaticWebAssets.StaticAssets.ProjectSystem.props (25,5)
       The SDK "Microsoft.NET.Sdk.Web.ProjectSystem" was successfully resolved by the "DefaultSdkResolver" resolver to location "C:\Program Files\dotnet\sdk\9.0.308\Sdks\Microsoft.NET.Sdk.Web.ProjectSystem\Sdk" and version "".
       C:\Program Files\dotnet\sdk\9.0.308\Sdks\Microsoft.NET.Sdk.Web.ProjectSystem\targets\Microsoft.NET.Sdk.Web.ProjectSystem.props(16,5): message : Property reassignment: $(OutputType)="Exe" (previous value: "Library") at C:\Program Files\dotnet\sdk\9.0.308\Sdks\Microsoft.NET.Sdk.Web.ProjectSystem\targets\Microsoft.NET.Sdk.Web.ProjectSystem.props (16,5)
       The SDK "Microsoft.NET.Sdk.Publish" was successfully resolved by the "DefaultSdkResolver" resolver to location "C:\Program Files\dotnet\sdk\9.0.308\Sdks\Microsoft.NET.Sdk.Publish\Sdk" and version "".
       The "Configuration" property is a global property, and cannot be modified.
       The "Platform" property is a global property, and cannot be modified.
       C:\Program Files\dotnet\sdk\9.0.308\Sdks\Microsoft.NET.Sdk\targets\Microsoft.NET.Sdk.ImportPublishProfile.targets(28,5): message : Property reassignment: $(PublishProfileImported)="false" (previous value: "true") at C:\Program Files\dotnet\sdk\9.0.308\Sdks\Microsoft.NET.Sdk\targets\Microsoft.NET.Sdk.ImportPublishProfile.targets (28,5)
       C:\Program Files\dotnet\sdk\9.0.308\Sdks\Microsoft.NET.Sdk\targets\Microsoft.NET.TargetFrameworkInference.targets(69,5): message : Property reassignment: $(TargetPlatformVersion)="" (previous value: "0.0") at C:\Program Files\dotnet\sdk\9.0.308\Sdks\Microsoft.NET.Sdk\targets\Microsoft.NET.TargetFrameworkInference.targets (69,5)
       C:\Program Files\dotnet\sdk\9.0.308\Sdks\Microsoft.NET.Sdk\targets\Microsoft.NET.DefaultOutputPaths.targets(121,5): message : Property reassignment: $(DefaultItemExcludes)=";**\node_modules\**;node_modules\**;**\jspm_packages\**;jspm_packages\**;**\bower_components\**;bower_components\**;**\packages.lock.json;bin\Debug\/**" (previous value: ";**\node_modules\**;node_modules\**;**\jspm_packages\**;jspm_packages\**;**\bower_components\**;bower_components\**;**\packages.lock.json") at C:\Program Files\dotnet\sdk\9.0.308\Sdks\Microsoft.NET.Sdk\targets\Microsoft.NET.DefaultOutputPaths.targets (121,5)
       C:\Program Files\dotnet\sdk\9.0.308\Sdks\Microsoft.NET.Sdk\targets\Microsoft.NET.DefaultOutputPaths.targets(122,5): message : Property reassignment: $(DefaultItemExcludes)=";**\node_modules\**;node_modules\**;**\jspm_packages\**;jspm_packages\**;**\bower_components\**;bower_components\**;**\packages.lock.json;bin\Debug\/**;obj\Debug\/**" (previous value: ";**\node_modules\**;node_modules\**;**\jspm_packages\**;jspm_packages\**;**\bower_components\**;bower_components\**;**\packages.lock.json;bin\Debug\/**") at C:\Program Files\dotnet\sdk\9.0.308\Sdks\Microsoft.NET.Sdk\targets\Microsoft.NET.DefaultOutputPaths.targets (122,5)
       C:\Program Files\dotnet\sdk\9.0.308\Sdks\Microsoft.NET.Sdk\targets\Microsoft.NET.DefaultOutputPaths.targets(137,5): message : Property reassignment: $(OutputPath)="bin\Debug\net8.0\" (previous value: "bin\Debug\") at C:\Program Files\dotnet\sdk\9.0.308\Sdks\Microsoft.NET.Sdk\targets\Microsoft.NET.DefaultOutputPaths.targets (137,5)
       C:\Program Files\dotnet\sdk\9.0.308\Sdks\Microsoft.NET.Sdk\targets\Microsoft.NET.DefaultOutputPaths.targets(142,5): message : Property reassignment: $(IntermediateOutputPath)="obj\Debug\net8.0\" (previous value: "obj\Debug\") at C:\Program Files\dotnet\sdk\9.0.308\Sdks\Microsoft.NET.Sdk\targets\Microsoft.NET.DefaultOutputPaths.targets (142,5)
       The "DefaultSdkResolver" resolver attempted to resolve the SDK "Microsoft.NET.SDK.WorkloadManifestTargetsLocator".
       Warnings: null
       Errors: MSB4276: The default SDK resolver failed to resolve SDK "Microsoft.NET.SDK.WorkloadManifestTargetsLocator" because directory "C:\Program Files\dotnet\sdk\9.0.308\Sdks\Microsoft.NET.SDK.WorkloadManifestTargetsLocator\Sdk" did not exist.
       The SDK "Microsoft.NET.SDK.WorkloadManifestTargetsLocator" was successfully resolved by the "Microsoft.DotNet.MSBuildWorkloadSdkResolver" resolver to location "C:\Program Files\dotnet\sdk-manifests\9.0.100\microsoft.net.sdk.android\35.0.78" and version "null".
       C:\Program Files\dotnet\sdk\9.0.308\Sdks\Microsoft.NET.Sdk\targets\Microsoft.NET.Sdk.BeforeCommon.targets(187,5): message : Property reassignment: $(_FrameworkIdentifierForImplicitDefine)="NET" (previous value: "NETCOREAPP") at C:\Program Files\dotnet\sdk\9.0.308\Sdks\Microsoft.NET.Sdk\targets\Microsoft.NET.Sdk.BeforeCommon.targets (187,5)
       C:\Program Files\dotnet\sdk\9.0.308\Sdks\Microsoft.NET.Sdk\targets\Microsoft.NET.Sdk.BeforeCommon.targets(192,5): message : Property reassignment: $(_FrameworkVersionForImplicitDefine)="8_0" (previous value: "8.0") at C:\Program Files\dotnet\sdk\9.0.308\Sdks\Microsoft.NET.Sdk\targets\Microsoft.NET.Sdk.BeforeCommon.targets (192,5)
       C:\Program Files\dotnet\sdk\9.0.308\Roslyn\Microsoft.CSharp.Core.targets(200,5): message : Property reassignment: $(CommandLineArgsForDesignTimeEvaluation)="-langversion:12.0 -define:TRACE" (previous value: "-langversion:12.0") at C:\Program Files\dotnet\sdk\9.0.308\Roslyn\Microsoft.CSharp.Core.targets (200,5)
       The "Platform" property is a global property, and cannot be modified.
       The "Configuration" property is a global property, and cannot be modified.
       C:\Program Files\dotnet\sdk\9.0.308\Microsoft.Common.CurrentVersion.targets(175,5): message : Property reassignment: $(_DebugSymbolsProduced)="true" (previous value: "false") at C:\Program Files\dotnet\sdk\9.0.308\Microsoft.Common.CurrentVersion.targets (175,5)
       C:\Program Files\dotnet\sdk\9.0.308\Microsoft.Common.CurrentVersion.targets(185,5): message : Property reassignment: $(_DocumentationFileProduced)="false" (previous value: "true") at C:\Program Files\dotnet\sdk\9.0.308\Microsoft.Common.CurrentVersion.targets (185,5)
       The "SolutionName" property is a global property, and cannot be modified.
       The "SolutionFileName" property is a global property, and cannot be modified.
       The "SolutionPath" property is a global property, and cannot be modified.
       The "SolutionDir" property is a global property, and cannot be modified.
       The "SolutionExt" property is a global property, and cannot be modified.
       C:\Program Files\dotnet\sdk\9.0.308\Microsoft.Common.CurrentVersion.targets(393,5): message : Property reassignment: $(MSBuildCopyMarkerName)="SpaN5.csproj.Up2Date" (previous value: "SpaN5.csproj") at C:\Program Files\dotnet\sdk\9.0.308\Microsoft.Common.CurrentVersion.targets (393,5)
       C:\Program Files\dotnet\sdk\9.0.308\Microsoft.Common.CurrentVersion.targets(541,5): message : Property reassignment: $(ProcessorArchitecture)="msil" (previous value: "") at C:\Program Files\dotnet\sdk\9.0.308\Microsoft.Common.CurrentVersion.targets (541,5)
       C:\Program Files\dotnet\sdk\9.0.308\Microsoft.Common.CurrentVersion.targets(580,5): message : Property reassignment: $(DelaySign)="" (previous value: "false") at C:\Program Files\dotnet\sdk\9.0.308\Microsoft.Common.CurrentVersion.targets (580,5)
       C:\Program Files\dotnet\sdk\9.0.308\Microsoft.Common.CurrentVersion.targets(2619,5): message : Property 'LOCALAPPDATA' with value 'C:\Users\DELL\AppData\Local' expanded from the environment.
       C:\Program Files\dotnet\sdk\9.0.308\Microsoft.Common.CurrentVersion.targets(3947,5): message : Property reassignment: $(_SGenGenerateSerializationAssembliesConfig)="Auto" (previous value: "") at C:\Program Files\dotnet\sdk\9.0.308\Microsoft.Common.CurrentVersion.targets (3947,5)
       C:\Program Files\dotnet\sdk\9.0.308\Microsoft.Common.CurrentVersion.targets(3948,5): message : Property reassignment: $(_SGenGenerateSerializationAssembliesConfig)="Off" (previous value: "Auto") at C:\Program Files\dotnet\sdk\9.0.308\Microsoft.Common.CurrentVersion.targets (3948,5)
       C:\Program Files\dotnet\sdk\9.0.308\Microsoft.Common.CurrentVersion.targets(5159,5): message : Property reassignment: $(_TargetsThatPrepareProjectReferences)="
       C:\Program Files\dotnet\sdk\9.0.308\Microsoft.Common.CurrentVersion.targets(5159,5): message :       AssignProjectConfiguration;
       C:\Program Files\dotnet\sdk\9.0.308\Microsoft.Common.CurrentVersion.targets(5159,5): message :       _SplitProjectReferencesByFileExistence
       C:\Program Files\dotnet\sdk\9.0.308\Microsoft.Common.CurrentVersion.targets(5159,5): message :     " (previous value: "_SplitProjectReferencesByFileExistence") at C:\Program Files\dotnet\sdk\9.0.308\Microsoft.Common.CurrentVersion.targets (5159,5)
       C:\Program Files\dotnet\sdk\9.0.308\Microsoft.Common.CurrentVersion.targets(6954,5): message : Property 'MSBuildExtensionsPath32' with value 'C:\Program Files\dotnet\sdk\9.0.308' expanded from the environment.
       C:\Program Files\dotnet\sdk\9.0.308\Sdks\Microsoft.NET.Sdk\targets\Microsoft.PackageDependencyResolution.targets(29,5): message : Property reassignment: $(ProjectAssetsCacheFile)="C:\Users\DELL\OneDrive\Desktop\Web spa\Long(ThanhToan_DatLich\obj\Debug\net8.0\SpaN5.assets.cache" (previous value: "obj\Debug\net8.0\SpaN5.assets.cache") at C:\Program Files\dotnet\sdk\9.0.308\Sdks\Microsoft.NET.Sdk\targets\Microsoft.PackageDependencyResolution.targets (29,5)
       C:\Program Files\dotnet\sdk\9.0.308\Sdks\Microsoft.NET.Sdk\targets\Microsoft.PackageDependencyResolution.targets(80,5): message : Property reassignment: $(ResolveAssemblyReferencesDependsOn)="
       C:\Program Files\dotnet\sdk\9.0.308\Sdks\Microsoft.NET.Sdk\targets\Microsoft.PackageDependencyResolution.targets(80,5): message :       
       C:\Program Files\dotnet\sdk\9.0.308\Sdks\Microsoft.NET.Sdk\targets\Microsoft.PackageDependencyResolution.targets(80,5): message :       ResolveProjectReferences;
       C:\Program Files\dotnet\sdk\9.0.308\Sdks\Microsoft.NET.Sdk\targets\Microsoft.PackageDependencyResolution.targets(80,5): message :       FindInvalidProjectReferences;
       C:\Program Files\dotnet\sdk\9.0.308\Sdks\Microsoft.NET.Sdk\targets\Microsoft.PackageDependencyResolution.targets(80,5): message :       GetFrameworkPaths;
       C:\Program Files\dotnet\sdk\9.0.308\Sdks\Microsoft.NET.Sdk\targets\Microsoft.PackageDependencyResolution.targets(80,5): message :       GetReferenceAssemblyPaths;
       C:\Program Files\dotnet\sdk\9.0.308\Sdks\Microsoft.NET.Sdk\targets\Microsoft.PackageDependencyResolution.targets(80,5): message :       PrepareForBuild;
       C:\Program Files\dotnet\sdk\9.0.308\Sdks\Microsoft.NET.Sdk\targets\Microsoft.PackageDependencyResolution.targets(80,5): message :       ResolveSDKReferences;
       C:\Program Files\dotnet\sdk\9.0.308\Sdks\Microsoft.NET.Sdk\targets\Microsoft.PackageDependencyResolution.targets(80,5): message :       ExpandSDKReferences;
       C:\Program Files\dotnet\sdk\9.0.308\Sdks\Microsoft.NET.Sdk\targets\Microsoft.PackageDependencyResolution.targets(80,5): message :     ;
       C:\Program Files\dotnet\sdk\9.0.308\Sdks\Microsoft.NET.Sdk\targets\Microsoft.PackageDependencyResolution.targets(80,5): message :       ResolvePackageDependenciesForBuild;
       C:\Program Files\dotnet\sdk\9.0.308\Sdks\Microsoft.NET.Sdk\targets\Microsoft.PackageDependencyResolution.targets(80,5): message :       _HandlePackageFileConflicts;
       C:\Program Files\dotnet\sdk\9.0.308\Sdks\Microsoft.NET.Sdk\targets\Microsoft.PackageDependencyResolution.targets(80,5): message :     " (previous value: "
       C:\Program Files\dotnet\sdk\9.0.308\Sdks\Microsoft.NET.Sdk\targets\Microsoft.PackageDependencyResolution.targets(80,5): message :       ResolveProjectReferences;
       C:\Program Files\dotnet\sdk\9.0.308\Sdks\Microsoft.NET.Sdk\targets\Microsoft.PackageDependencyResolution.targets(80,5): message :       FindInvalidProjectReferences;
       C:\Program Files\dotnet\sdk\9.0.308\Sdks\Microsoft.NET.Sdk\targets\Microsoft.PackageDependencyResolution.targets(80,5): message :       GetFrameworkPaths;
       C:\Program Files\dotnet\sdk\9.0.308\Sdks\Microsoft.NET.Sdk\targets\Microsoft.PackageDependencyResolution.targets(80,5): message :       GetReferenceAssemblyPaths;
       C:\Program Files\dotnet\sdk\9.0.308\Sdks\Microsoft.NET.Sdk\targets\Microsoft.PackageDependencyResolution.targets(80,5): message :       PrepareForBuild;
       C:\Program Files\dotnet\sdk\9.0.308\Sdks\Microsoft.NET.Sdk\targets\Microsoft.PackageDependencyResolution.targets(80,5): message :       ResolveSDKReferences;
       C:\Program Files\dotnet\sdk\9.0.308\Sdks\Microsoft.NET.Sdk\targets\Microsoft.PackageDependencyResolution.targets(80,5): message :       ExpandSDKReferences;
       C:\Program Files\dotnet\sdk\9.0.308\Sdks\Microsoft.NET.Sdk\targets\Microsoft.PackageDependencyResolution.targets(80,5): message :     ") at C:\Program Files\dotnet\sdk\9.0.308\Sdks\Microsoft.NET.Sdk\targets\Microsoft.PackageDependencyResolution.targets (80,5)
       C:\Program Files\dotnet\sdk\9.0.308\Sdks\Microsoft.NET.Sdk\targets\Microsoft.PackageDependencyResolution.targets(86,5): message : Property reassignment: $(PrepareResourcesDependsOn)="
       C:\Program Files\dotnet\sdk\9.0.308\Sdks\Microsoft.NET.Sdk\targets\Microsoft.PackageDependencyResolution.targets(86,5): message :       ResolvePackageDependenciesForBuild;
       C:\Program Files\dotnet\sdk\9.0.308\Sdks\Microsoft.NET.Sdk\targets\Microsoft.PackageDependencyResolution.targets(86,5): message :       _HandlePackageFileConflicts;
       C:\Program Files\dotnet\sdk\9.0.308\Sdks\Microsoft.NET.Sdk\targets\Microsoft.PackageDependencyResolution.targets(86,5): message :       
       C:\Program Files\dotnet\sdk\9.0.308\Sdks\Microsoft.NET.Sdk\targets\Microsoft.PackageDependencyResolution.targets(86,5): message :       ;
       C:\Program Files\dotnet\sdk\9.0.308\Sdks\Microsoft.NET.Sdk\targets\Microsoft.PackageDependencyResolution.targets(86,5): message :       PrepareResourceNames;
       C:\Program Files\dotnet\sdk\9.0.308\Sdks\Microsoft.NET.Sdk\targets\Microsoft.PackageDependencyResolution.targets(86,5): message :       ResGen;
       C:\Program Files\dotnet\sdk\9.0.308\Sdks\Microsoft.NET.Sdk\targets\Microsoft.PackageDependencyResolution.targets(86,5): message :       CompileLicxFiles
       C:\Program Files\dotnet\sdk\9.0.308\Sdks\Microsoft.NET.Sdk\targets\Microsoft.PackageDependencyResolution.targets(86,5): message :     
       C:\Program Files\dotnet\sdk\9.0.308\Sdks\Microsoft.NET.Sdk\targets\Microsoft.PackageDependencyResolution.targets(86,5): message :     " (previous value: "
       C:\Program Files\dotnet\sdk\9.0.308\Sdks\Microsoft.NET.Sdk\targets\Microsoft.PackageDependencyResolution.targets(86,5): message :       ;
       C:\Program Files\dotnet\sdk\9.0.308\Sdks\Microsoft.NET.Sdk\targets\Microsoft.PackageDependencyResolution.targets(86,5): message :       PrepareResourceNames;
       C:\Program Files\dotnet\sdk\9.0.308\Sdks\Microsoft.NET.Sdk\targets\Microsoft.PackageDependencyResolution.targets(86,5): message :       ResGen;
       C:\Program Files\dotnet\sdk\9.0.308\Sdks\Microsoft.NET.Sdk\targets\Microsoft.PackageDependencyResolution.targets(86,5): message :       CompileLicxFiles
       C:\Program Files\dotnet\sdk\9.0.308\Sdks\Microsoft.NET.Sdk\targets\Microsoft.PackageDependencyResolution.targets(86,5): message :     ") at C:\Program Files\dotnet\sdk\9.0.308\Sdks\Microsoft.NET.Sdk\targets\Microsoft.PackageDependencyResolution.targets (86,5)
       C:\Program Files\dotnet\sdk\9.0.308\Sdks\Microsoft.NET.Sdk\targets\Microsoft.NET.Sdk.DefaultItems.targets(27,5): message : Property reassignment: $(DefaultItemExcludes)=";**\node_modules\**;node_modules\**;**\jspm_packages\**;jspm_packages\**;**\bower_components\**;bower_components\**;**\packages.lock.json;bin\Debug\/**;obj\Debug\/**;bin\/**" (previous value: ";**\node_modules\**;node_modules\**;**\jspm_packages\**;jspm_packages\**;**\bower_components\**;bower_components\**;**\packages.lock.json;bin\Debug\/**;obj\Debug\/**") at C:\Program Files\dotnet\sdk\9.0.308\Sdks\Microsoft.NET.Sdk\targets\Microsoft.NET.Sdk.DefaultItems.targets (27,5)
       C:\Program Files\dotnet\sdk\9.0.308\Sdks\Microsoft.NET.Sdk\targets\Microsoft.NET.Sdk.DefaultItems.targets(29,5): message : Property reassignment: $(DefaultItemExcludes)=";**\node_modules\**;node_modules\**;**\jspm_packages\**;jspm_packages\**;**\bower_components\**;bower_components\**;**\packages.lock.json;bin\Debug\/**;obj\Debug\/**;bin\/**;obj\/**" (previous value: ";**\node_modules\**;node_modules\**;**\jspm_packages\**;jspm_packages\**;**\bower_components\**;bower_components\**;**\packages.lock.json;bin\Debug\/**;obj\Debug\/**;bin\/**") at C:\Program Files\dotnet\sdk\9.0.308\Sdks\Microsoft.NET.Sdk\targets\Microsoft.NET.Sdk.DefaultItems.targets (29,5)
       C:\Program Files\dotnet\sdk\9.0.308\Sdks\Microsoft.NET.Sdk\targets\Microsoft.NET.Sdk.DefaultItems.targets(32,5): message : Property reassignment: $(DefaultItemExcludes)=";**\node_modules\**;node_modules\**;**\jspm_packages\**;jspm_packages\**;**\bower_components\**;bower_components\**;**\packages.lock.json;bin\Debug\/**;obj\Debug\/**;bin\/**;obj\/**;**/*.user" (previous value: ";**\node_modules\**;node_modules\**;**\jspm_packages\**;jspm_packages\**;**\bower_components\**;bower_components\**;**\packages.lock.json;bin\Debug\/**;obj\Debug\/**;bin\/**;obj\/**") at C:\Program Files\dotnet\sdk\9.0.308\Sdks\Microsoft.NET.Sdk\targets\Microsoft.NET.Sdk.DefaultItems.targets (32,5)
       C:\Program Files\dotnet\sdk\9.0.308\Sdks\Microsoft.NET.Sdk\targets\Microsoft.NET.Sdk.DefaultItems.targets(33,5): message : Property reassignment: $(DefaultItemExcludes)=";**\node_modules\**;node_modules\**;**\jspm_packages\**;jspm_packages\**;**\bower_components\**;bower_components\**;**\packages.lock.json;bin\Debug\/**;obj\Debug\/**;bin\/**;obj\/**;**/*.user;**/*.*proj" (previous value: ";**\node_modules\**;node_modules\**;**\jspm_packages\**;jspm_packages\**;**\bower_components\**;bower_components\**;**\packages.lock.json;bin\Debug\/**;obj\Debug\/**;bin\/**;obj\/**;**/*.user") at C:\Program Files\dotnet\sdk\9.0.308\Sdks\Microsoft.NET.Sdk\targets\Microsoft.NET.Sdk.DefaultItems.targets (33,5)
       C:\Program Files\dotnet\sdk\9.0.308\Sdks\Microsoft.NET.Sdk\targets\Microsoft.NET.Sdk.DefaultItems.targets(34,5): message : Property reassignment: $(DefaultItemExcludes)=";**\node_modules\**;node_modules\**;**\jspm_packages\**;jspm_packages\**;**\bower_components\**;bower_components\**;**\packages.lock.json;bin\Debug\/**;obj\Debug\/**;bin\/**;obj\/**;**/*.user;**/*.*proj;**/*.sln" (previous value: ";**\node_modules\**;node_modules\**;**\jspm_packages\**;jspm_packages\**;**\bower_components\**;bower_components\**;**\packages.lock.json;bin\Debug\/**;obj\Debug\/**;bin\/**;obj\/**;**/*.user;**/*.*proj") at C:\Program Files\dotnet\sdk\9.0.308\Sdks\Microsoft.NET.Sdk\targets\Microsoft.NET.Sdk.DefaultItems.targets (34,5)
       C:\Program Files\dotnet\sdk\9.0.308\Sdks\Microsoft.NET.Sdk\targets\Microsoft.NET.Sdk.DefaultItems.targets(35,5): message : Property reassignment: $(DefaultItemExcludes)=";**\node_modules\**;node_modules\**;**\jspm_packages\**;jspm_packages\**;**\bower_components\**;bower_components\**;**\packages.lock.json;bin\Debug\/**;obj\Debug\/**;bin\/**;obj\/**;**/*.user;**/*.*proj;**/*.sln;**/*.slnx" (previous value: ";**\node_modules\**;node_modules\**;**\jspm_packages\**;jspm_packages\**;**\bower_components\**;bower_components\**;**\packages.lock.json;bin\Debug\/**;obj\Debug\/**;bin\/**;obj\/**;**/*.user;**/*.*proj;**/*.sln") at C:\Program Files\dotnet\sdk\9.0.308\Sdks\Microsoft.NET.Sdk\targets\Microsoft.NET.Sdk.DefaultItems.targets (35,5)
       C:\Program Files\dotnet\sdk\9.0.308\Sdks\Microsoft.NET.Sdk\targets\Microsoft.NET.Sdk.DefaultItems.targets(36,5): message : Property reassignment: $(DefaultItemExcludes)=";**\node_modules\**;node_modules\**;**\jspm_packages\**;jspm_packages\**;**\bower_components\**;bower_components\**;**\packages.lock.json;bin\Debug\/**;obj\Debug\/**;bin\/**;obj\/**;**/*.user;**/*.*proj;**/*.sln;**/*.slnx;**/*.vssscc" (previous value: ";**\node_modules\**;node_modules\**;**\jspm_packages\**;jspm_packages\**;**\bower_components\**;bower_components\**;**\packages.lock.json;bin\Debug\/**;obj\Debug\/**;bin\/**;obj\/**;**/*.user;**/*.*proj;**/*.sln;**/*.slnx") at C:\Program Files\dotnet\sdk\9.0.308\Sdks\Microsoft.NET.Sdk\targets\Microsoft.NET.Sdk.DefaultItems.targets (36,5)
       C:\Program Files\dotnet\sdk\9.0.308\Sdks\Microsoft.NET.Sdk\targets\Microsoft.NET.Sdk.DefaultItems.targets(37,5): message : Property reassignment: $(DefaultItemExcludes)=";**\node_modules\**;node_modules\**;**\jspm_packages\**;jspm_packages\**;**\bower_components\**;bower_components\**;**\packages.lock.json;bin\Debug\/**;obj\Debug\/**;bin\/**;obj\/**;**/*.user;**/*.*proj;**/*.sln;**/*.slnx;**/*.vssscc;**/.DS_Store" (previous value: ";**\node_modules\**;node_modules\**;**\jspm_packages\**;jspm_packages\**;**\bower_components\**;bower_components\**;**\packages.lock.json;bin\Debug\/**;obj\Debug\/**;bin\/**;obj\/**;**/*.user;**/*.*proj;**/*.sln;**/*.slnx;**/*.vssscc") at C:\Program Files\dotnet\sdk\9.0.308\Sdks\Microsoft.NET.Sdk\targets\Microsoft.NET.Sdk.DefaultItems.targets (37,5)
       C:\Program Files\dotnet\sdk\9.0.308\Sdks\Microsoft.NET.Sdk\targets\Microsoft.NET.Sdk.FrameworkReferenceResolution.targets(14,5): message : Property reassignment: $(ResolveAssemblyReferencesDependsOn)="
       C:\Program Files\dotnet\sdk\9.0.308\Sdks\Microsoft.NET.Sdk\targets\Microsoft.NET.Sdk.FrameworkReferenceResolution.targets(14,5): message :       
       C:\Program Files\dotnet\sdk\9.0.308\Sdks\Microsoft.NET.Sdk\targets\Microsoft.NET.Sdk.FrameworkReferenceResolution.targets(14,5): message :       
       C:\Program Files\dotnet\sdk\9.0.308\Sdks\Microsoft.NET.Sdk\targets\Microsoft.NET.Sdk.FrameworkReferenceResolution.targets(14,5): message :       ResolveProjectReferences;
       C:\Program Files\dotnet\sdk\9.0.308\Sdks\Microsoft.NET.Sdk\targets\Microsoft.NET.Sdk.FrameworkReferenceResolution.targets(14,5): message :       FindInvalidProjectReferences;
       C:\Program Files\dotnet\sdk\9.0.308\Sdks\Microsoft.NET.Sdk\targets\Microsoft.NET.Sdk.FrameworkReferenceResolution.targets(14,5): message :       GetFrameworkPaths;
       C:\Program Files\dotnet\sdk\9.0.308\Sdks\Microsoft.NET.Sdk\targets\Microsoft.NET.Sdk.FrameworkReferenceResolution.targets(14,5): message :       GetReferenceAssemblyPaths;
       C:\Program Files\dotnet\sdk\9.0.308\Sdks\Microsoft.NET.Sdk\targets\Microsoft.NET.Sdk.FrameworkReferenceResolution.targets(14,5): message :       PrepareForBuild;
       C:\Program Files\dotnet\sdk\9.0.308\Sdks\Microsoft.NET.Sdk\targets\Microsoft.NET.Sdk.FrameworkReferenceResolution.targets(14,5): message :       ResolveSDKReferences;
       C:\Program Files\dotnet\sdk\9.0.308\Sdks\Microsoft.NET.Sdk\targets\Microsoft.NET.Sdk.FrameworkReferenceResolution.targets(14,5): message :       ExpandSDKReferences;
       C:\Program Files\dotnet\sdk\9.0.308\Sdks\Microsoft.NET.Sdk\targets\Microsoft.NET.Sdk.FrameworkReferenceResolution.targets(14,5): message :     ;
       C:\Program Files\dotnet\sdk\9.0.308\Sdks\Microsoft.NET.Sdk\targets\Microsoft.NET.Sdk.FrameworkReferenceResolution.targets(14,5): message :       ResolvePackageDependenciesForBuild;
       C:\Program Files\dotnet\sdk\9.0.308\Sdks\Microsoft.NET.Sdk\targets\Microsoft.NET.Sdk.FrameworkReferenceResolution.targets(14,5): message :       _HandlePackageFileConflicts;
       C:\Program Files\dotnet\sdk\9.0.308\Sdks\Microsoft.NET.Sdk\targets\Microsoft.NET.Sdk.FrameworkReferenceResolution.targets(14,5): message :     ;
       C:\Program Files\dotnet\sdk\9.0.308\Sdks\Microsoft.NET.Sdk\targets\Microsoft.NET.Sdk.FrameworkReferenceResolution.targets(14,5): message :       ResolveTargetingPackAssets;
       C:\Program Files\dotnet\sdk\9.0.308\Sdks\Microsoft.NET.Sdk\targets\Microsoft.NET.Sdk.FrameworkReferenceResolution.targets(14,5): message :     " (previous value: "
       C:\Program Files\dotnet\sdk\9.0.308\Sdks\Microsoft.NET.Sdk\targets\Microsoft.NET.Sdk.FrameworkReferenceResolution.targets(14,5): message :       
       C:\Program Files\dotnet\sdk\9.0.308\Sdks\Microsoft.NET.Sdk\targets\Microsoft.NET.Sdk.FrameworkReferenceResolution.targets(14,5): message :       ResolveProjectReferences;
       C:\Program Files\dotnet\sdk\9.0.308\Sdks\Microsoft.NET.Sdk\targets\Microsoft.NET.Sdk.FrameworkReferenceResolution.targets(14,5): message :       FindInvalidProjectReferences;
       C:\Program Files\dotnet\sdk\9.0.308\Sdks\Microsoft.NET.Sdk\targets\Microsoft.NET.Sdk.FrameworkReferenceResolution.targets(14,5): message :       GetFrameworkPaths;
       C:\Program Files\dotnet\sdk\9.0.308\Sdks\Microsoft.NET.Sdk\targets\Microsoft.NET.Sdk.FrameworkReferenceResolution.targets(14,5): message :       GetReferenceAssemblyPaths;
       C:\Program Files\dotnet\sdk\9.0.308\Sdks\Microsoft.NET.Sdk\targets\Microsoft.NET.Sdk.FrameworkReferenceResolution.targets(14,5): message :       PrepareForBuild;
       C:\Program Files\dotnet\sdk\9.0.308\Sdks\Microsoft.NET.Sdk\targets\Microsoft.NET.Sdk.FrameworkReferenceResolution.targets(14,5): message :       ResolveSDKReferences;
       C:\Program Files\dotnet\sdk\9.0.308\Sdks\Microsoft.NET.Sdk\targets\Microsoft.NET.Sdk.FrameworkReferenceResolution.targets(14,5): message :       ExpandSDKReferences;
       C:\Program Files\dotnet\sdk\9.0.308\Sdks\Microsoft.NET.Sdk\targets\Microsoft.NET.Sdk.FrameworkReferenceResolution.targets(14,5): message :     ;
       C:\Program Files\dotnet\sdk\9.0.308\Sdks\Microsoft.NET.Sdk\targets\Microsoft.NET.Sdk.FrameworkReferenceResolution.targets(14,5): message :       ResolvePackageDependenciesForBuild;
       C:\Program Files\dotnet\sdk\9.0.308\Sdks\Microsoft.NET.Sdk\targets\Microsoft.NET.Sdk.FrameworkReferenceResolution.targets(14,5): message :       _HandlePackageFileConflicts;
       C:\Program Files\dotnet\sdk\9.0.308\Sdks\Microsoft.NET.Sdk\targets\Microsoft.NET.Sdk.FrameworkReferenceResolution.targets(14,5): message :     ") at C:\Program Files\dotnet\sdk\9.0.308\Sdks\Microsoft.NET.Sdk\targets\Microsoft.NET.Sdk.FrameworkReferenceResolution.targets (14,5)
       C:\Program Files\dotnet\sdk\9.0.308\Sdks\Microsoft.NET.Sdk\targets\Microsoft.NET.Sdk.targets(44,5): message : Property reassignment: $(_GenerateRuntimeConfigurationPropertyInputsCache)="C:\Users\DELL\OneDrive\Desktop\Web spa\Long(ThanhToan_DatLich\obj\Debug\net8.0\SpaN5.genruntimeconfig.cache" (previous value: "obj\Debug\net8.0\SpaN5.genruntimeconfig.cache") at C:\Program Files\dotnet\sdk\9.0.308\Sdks\Microsoft.NET.Sdk\targets\Microsoft.NET.Sdk.targets (44,5)
       C:\Program Files\dotnet\sdk\9.0.308\Sdks\Microsoft.NET.Sdk\targets\Microsoft.NET.Sdk.targets(46,5): message : Property reassignment: $(_GeneratePublishDependencyFilePropertyInputsCache)="C:\Users\DELL\OneDrive\Desktop\Web spa\Long(ThanhToan_DatLich\obj\Debug\net8.0\SpaN5.genpublishdeps.cache" (previous value: "obj\Debug\net8.0\SpaN5.genpublishdeps.cache") at C:\Program Files\dotnet\sdk\9.0.308\Sdks\Microsoft.NET.Sdk\targets\Microsoft.NET.Sdk.targets (46,5)
       C:\Program Files\dotnet\sdk\9.0.308\Sdks\Microsoft.NET.Sdk\targets\Microsoft.NET.Sdk.targets(48,5): message : Property reassignment: $(_GenerateSingleFileBundlePropertyInputsCache)="C:\Users\DELL\OneDrive\Desktop\Web spa\Long(ThanhToan_DatLich\obj\Debug\net8.0\SpaN5.genbundle.cache" (previous value: "obj\Debug\net8.0\SpaN5.genbundle.cache") at C:\Program Files\dotnet\sdk\9.0.308\Sdks\Microsoft.NET.Sdk\targets\Microsoft.NET.Sdk.targets (48,5)
       C:\Program Files\dotnet\sdk\9.0.308\Sdks\Microsoft.NET.Sdk\targets\Microsoft.NET.Sdk.targets(81,5): message : Property reassignment: $(GenerateRuntimeConfigDevFile)="false" (previous value: "true") at C:\Program Files\dotnet\sdk\9.0.308\Sdks\Microsoft.NET.Sdk\targets\Microsoft.NET.Sdk.targets (81,5)
       C:\Program Files\dotnet\sdk\9.0.308\Sdks\Microsoft.NET.Sdk\targets\Microsoft.NET.Sdk.targets(97,5): message : Property reassignment: $(_DefaultUserProfileRuntimeStorePath)="C:\Users\DELL" (previous value: "") at C:\Program Files\dotnet\sdk\9.0.308\Sdks\Microsoft.NET.Sdk\targets\Microsoft.NET.Sdk.targets (97,5)
       C:\Program Files\dotnet\sdk\9.0.308\Sdks\Microsoft.NET.Sdk\targets\Microsoft.NET.Sdk.targets(98,5): message : Property reassignment: $(_DefaultUserProfileRuntimeStorePath)="C:\Users\DELL\.dotnet\store" (previous value: "C:\Users\DELL") at C:\Program Files\dotnet\sdk\9.0.308\Sdks\Microsoft.NET.Sdk\targets\Microsoft.NET.Sdk.targets (98,5)
       C:\Program Files\dotnet\sdk\9.0.308\Sdks\Microsoft.NET.Sdk\targets\Microsoft.NET.Sdk.targets(140,5): message : Property reassignment: $(AvailablePlatforms)="Any CPU,x86,x64,ARM32" (previous value: "Any CPU,x86,x64") at C:\Program Files\dotnet\sdk\9.0.308\Sdks\Microsoft.NET.Sdk\targets\Microsoft.NET.Sdk.targets (140,5)
       C:\Program Files\dotnet\sdk\9.0.308\Sdks\Microsoft.NET.Sdk\targets\Microsoft.NET.Sdk.targets(144,5): message : Property reassignment: $(AvailablePlatforms)="Any CPU,x86,x64,ARM32,ARM64" (previous value: "Any CPU,x86,x64,ARM32") at C:\Program Files\dotnet\sdk\9.0.308\Sdks\Microsoft.NET.Sdk\targets\Microsoft.NET.Sdk.targets (144,5)
       C:\Program Files\dotnet\sdk\9.0.308\Sdks\Microsoft.NET.Sdk\targets\Microsoft.NET.Sdk.targets(201,5): message : Property reassignment: $(CoreBuildDependsOn)="
       C:\Program Files\dotnet\sdk\9.0.308\Sdks\Microsoft.NET.Sdk\targets\Microsoft.NET.Sdk.targets(201,5): message :       _CheckForBuildWithNoBuild;
       C:\Program Files\dotnet\sdk\9.0.308\Sdks\Microsoft.NET.Sdk\targets\Microsoft.NET.Sdk.targets(201,5): message :       
       C:\Program Files\dotnet\sdk\9.0.308\Sdks\Microsoft.NET.Sdk\targets\Microsoft.NET.Sdk.targets(201,5): message :       BuildOnlySettings;
       C:\Program Files\dotnet\sdk\9.0.308\Sdks\Microsoft.NET.Sdk\targets\Microsoft.NET.Sdk.targets(201,5): message :       PrepareForBuild;
       C:\Program Files\dotnet\sdk\9.0.308\Sdks\Microsoft.NET.Sdk\targets\Microsoft.NET.Sdk.targets(201,5): message :       PreBuildEvent;
       C:\Program Files\dotnet\sdk\9.0.308\Sdks\Microsoft.NET.Sdk\targets\Microsoft.NET.Sdk.targets(201,5): message :       ResolveReferences;
       C:\Program Files\dotnet\sdk\9.0.308\Sdks\Microsoft.NET.Sdk\targets\Microsoft.NET.Sdk.targets(201,5): message :       PrepareResources;
       C:\Program Files\dotnet\sdk\9.0.308\Sdks\Microsoft.NET.Sdk\targets\Microsoft.NET.Sdk.targets(201,5): message :       ResolveKeySource;
       C:\Program Files\dotnet\sdk\9.0.308\Sdks\Microsoft.NET.Sdk\targets\Microsoft.NET.Sdk.targets(201,5): message :       Compile;
       C:\Program Files\dotnet\sdk\9.0.308\Sdks\Microsoft.NET.Sdk\targets\Microsoft.NET.Sdk.targets(201,5): message :       ExportWindowsMDFile;
       C:\Program Files\dotnet\sdk\9.0.308\Sdks\Microsoft.NET.Sdk\targets\Microsoft.NET.Sdk.targets(201,5): message :       UnmanagedUnregistration;
       C:\Program Files\dotnet\sdk\9.0.308\Sdks\Microsoft.NET.Sdk\targets\Microsoft.NET.Sdk.targets(201,5): message :       GenerateSerializationAssemblies;
       C:\Program Files\dotnet\sdk\9.0.308\Sdks\Microsoft.NET.Sdk\targets\Microsoft.NET.Sdk.targets(201,5): message :       CreateSatelliteAssemblies;
       C:\Program Files\dotnet\sdk\9.0.308\Sdks\Microsoft.NET.Sdk\targets\Microsoft.NET.Sdk.targets(201,5): message :       GenerateManifests;
       C:\Program Files\dotnet\sdk\9.0.308\Sdks\Microsoft.NET.Sdk\targets\Microsoft.NET.Sdk.targets(201,5): message :       GetTargetPath;
       C:\Program Files\dotnet\sdk\9.0.308\Sdks\Microsoft.NET.Sdk\targets\Microsoft.NET.Sdk.targets(201,5): message :       PrepareForRun;
       C:\Program Files\dotnet\sdk\9.0.308\Sdks\Microsoft.NET.Sdk\targets\Microsoft.NET.Sdk.targets(201,5): message :       UnmanagedRegistration;
       C:\Program Files\dotnet\sdk\9.0.308\Sdks\Microsoft.NET.Sdk\targets\Microsoft.NET.Sdk.targets(201,5): message :       IncrementalClean;
       C:\Program Files\dotnet\sdk\9.0.308\Sdks\Microsoft.NET.Sdk\targets\Microsoft.NET.Sdk.targets(201,5): message :       PostBuildEvent
       C:\Program Files\dotnet\sdk\9.0.308\Sdks\Microsoft.NET.Sdk\targets\Microsoft.NET.Sdk.targets(201,5): message :     ;
       C:\Program Files\dotnet\sdk\9.0.308\Sdks\Microsoft.NET.Sdk\targets\Microsoft.NET.Sdk.targets(201,5): message :       GenerateBuildDependencyFile;
       C:\Program Files\dotnet\sdk\9.0.308\Sdks\Microsoft.NET.Sdk\targets\Microsoft.NET.Sdk.targets(201,5): message :       GenerateBuildRuntimeConfigurationFiles
       C:\Program Files\dotnet\sdk\9.0.308\Sdks\Microsoft.NET.Sdk\targets\Microsoft.NET.Sdk.targets(201,5): message :     " (previous value: "
       C:\Program Files\dotnet\sdk\9.0.308\Sdks\Microsoft.NET.Sdk\targets\Microsoft.NET.Sdk.targets(201,5): message :       BuildOnlySettings;
       C:\Program Files\dotnet\sdk\9.0.308\Sdks\Microsoft.NET.Sdk\targets\Microsoft.NET.Sdk.targets(201,5): message :       PrepareForBuild;
       C:\Program Files\dotnet\sdk\9.0.308\Sdks\Microsoft.NET.Sdk\targets\Microsoft.NET.Sdk.targets(201,5): message :       PreBuildEvent;
       C:\Program Files\dotnet\sdk\9.0.308\Sdks\Microsoft.NET.Sdk\targets\Microsoft.NET.Sdk.targets(201,5): message :       ResolveReferences;
       C:\Program Files\dotnet\sdk\9.0.308\Sdks\Microsoft.NET.Sdk\targets\Microsoft.NET.Sdk.targets(201,5): message :       PrepareResources;
       C:\Program Files\dotnet\sdk\9.0.308\Sdks\Microsoft.NET.Sdk\targets\Microsoft.NET.Sdk.targets(201,5): message :       ResolveKeySource;
       C:\Program Files\dotnet\sdk\9.0.308\Sdks\Microsoft.NET.Sdk\targets\Microsoft.NET.Sdk.targets(201,5): message :       Compile;
       C:\Program Files\dotnet\sdk\9.0.308\Sdks\Microsoft.NET.Sdk\targets\Microsoft.NET.Sdk.targets(201,5): message :       ExportWindowsMDFile;
       C:\Program Files\dotnet\sdk\9.0.308\Sdks\Microsoft.NET.Sdk\targets\Microsoft.NET.Sdk.targets(201,5): message :       UnmanagedUnregistration;
       C:\Program Files\dotnet\sdk\9.0.308\Sdks\Microsoft.NET.Sdk\targets\Microsoft.NET.Sdk.targets(201,5): message :       GenerateSerializationAssemblies;
       C:\Program Files\dotnet\sdk\9.0.308\Sdks\Microsoft.NET.Sdk\targets\Microsoft.NET.Sdk.targets(201,5): message :       CreateSatelliteAssemblies;
       C:\Program Files\dotnet\sdk\9.0.308\Sdks\Microsoft.NET.Sdk\targets\Microsoft.NET.Sdk.targets(201,5): message :       GenerateManifests;
       C:\Program Files\dotnet\sdk\9.0.308\Sdks\Microsoft.NET.Sdk\targets\Microsoft.NET.Sdk.targets(201,5): message :       GetTargetPath;
       C:\Program Files\dotnet\sdk\9.0.308\Sdks\Microsoft.NET.Sdk\targets\Microsoft.NET.Sdk.targets(201,5): message :       PrepareForRun;
       C:\Program Files\dotnet\sdk\9.0.308\Sdks\Microsoft.NET.Sdk\targets\Microsoft.NET.Sdk.targets(201,5): message :       UnmanagedRegistration;
       C:\Program Files\dotnet\sdk\9.0.308\Sdks\Microsoft.NET.Sdk\targets\Microsoft.NET.Sdk.targets(201,5): message :       IncrementalClean;
       C:\Program Files\dotnet\sdk\9.0.308\Sdks\Microsoft.NET.Sdk\targets\Microsoft.NET.Sdk.targets(201,5): message :       PostBuildEvent
       C:\Program Files\dotnet\sdk\9.0.308\Sdks\Microsoft.NET.Sdk\targets\Microsoft.NET.Sdk.targets(201,5): message :     ") at C:\Program Files\dotnet\sdk\9.0.308\Sdks\Microsoft.NET.Sdk\targets\Microsoft.NET.Sdk.targets (201,5)
       C:\Program Files\dotnet\sdk\9.0.308\Sdks\Microsoft.NET.Sdk\targets\Microsoft.NET.Sdk.targets(210,5): message : Property reassignment: $(CoreCleanDependsOn)="
       C:\Program Files\dotnet\sdk\9.0.308\Sdks\Microsoft.NET.Sdk\targets\Microsoft.NET.Sdk.targets(210,5): message :       _SdkBeforeClean;
       C:\Program Files\dotnet\sdk\9.0.308\Sdks\Microsoft.NET.Sdk\targets\Microsoft.NET.Sdk.targets(210,5): message :       
       C:\Program Files\dotnet\sdk\9.0.308\Sdks\Microsoft.NET.Sdk\targets\Microsoft.NET.Sdk.targets(210,5): message :     " (previous value: "") at C:\Program Files\dotnet\sdk\9.0.308\Sdks\Microsoft.NET.Sdk\targets\Microsoft.NET.Sdk.targets (210,5)
       C:\Program Files\dotnet\sdk\9.0.308\Sdks\Microsoft.NET.Sdk\targets\Microsoft.NET.Sdk.targets(217,5): message : Property reassignment: $(RebuildDependsOn)="
       C:\Program Files\dotnet\sdk\9.0.308\Sdks\Microsoft.NET.Sdk\targets\Microsoft.NET.Sdk.targets(217,5): message :       _SdkBeforeRebuild;
       C:\Program Files\dotnet\sdk\9.0.308\Sdks\Microsoft.NET.Sdk\targets\Microsoft.NET.Sdk.targets(217,5): message :       
       C:\Program Files\dotnet\sdk\9.0.308\Sdks\Microsoft.NET.Sdk\targets\Microsoft.NET.Sdk.targets(217,5): message :       BeforeRebuild;
       C:\Program Files\dotnet\sdk\9.0.308\Sdks\Microsoft.NET.Sdk\targets\Microsoft.NET.Sdk.targets(217,5): message :       Clean;
       C:\Program Files\dotnet\sdk\9.0.308\Sdks\Microsoft.NET.Sdk\targets\Microsoft.NET.Sdk.targets(217,5): message :       Build;
       C:\Program Files\dotnet\sdk\9.0.308\Sdks\Microsoft.NET.Sdk\targets\Microsoft.NET.Sdk.targets(217,5): message :       AfterRebuild;
       C:\Program Files\dotnet\sdk\9.0.308\Sdks\Microsoft.NET.Sdk\targets\Microsoft.NET.Sdk.targets(217,5): message :     
       C:\Program Files\dotnet\sdk\9.0.308\Sdks\Microsoft.NET.Sdk\targets\Microsoft.NET.Sdk.targets(217,5): message :     " (previous value: "
       C:\Program Files\dotnet\sdk\9.0.308\Sdks\Microsoft.NET.Sdk\targets\Microsoft.NET.Sdk.targets(217,5): message :       BeforeRebuild;
       C:\Program Files\dotnet\sdk\9.0.308\Sdks\Microsoft.NET.Sdk\targets\Microsoft.NET.Sdk.targets(217,5): message :       Clean;
       C:\Program Files\dotnet\sdk\9.0.308\Sdks\Microsoft.NET.Sdk\targets\Microsoft.NET.Sdk.targets(217,5): message :       Build;
       C:\Program Files\dotnet\sdk\9.0.308\Sdks\Microsoft.NET.Sdk\targets\Microsoft.NET.Sdk.targets(217,5): message :       AfterRebuild;
       C:\Program Files\dotnet\sdk\9.0.308\Sdks\Microsoft.NET.Sdk\targets\Microsoft.NET.Sdk.targets(217,5): message :     ") at C:\Program Files\dotnet\sdk\9.0.308\Sdks\Microsoft.NET.Sdk\targets\Microsoft.NET.Sdk.targets (217,5)
       C:\Program Files\dotnet\sdk\9.0.308\Sdks\Microsoft.NET.Sdk\targets\Microsoft.NET.Sdk.targets(784,5): message : Property reassignment: $(CompileDependsOn)="
       C:\Program Files\dotnet\sdk\9.0.308\Sdks\Microsoft.NET.Sdk\targets\Microsoft.NET.Sdk.targets(784,5): message :       
       C:\Program Files\dotnet\sdk\9.0.308\Sdks\Microsoft.NET.Sdk\targets\Microsoft.NET.Sdk.targets(784,5): message :       ResolveReferences;
       C:\Program Files\dotnet\sdk\9.0.308\Sdks\Microsoft.NET.Sdk\targets\Microsoft.NET.Sdk.targets(784,5): message :       ResolveKeySource;
       C:\Program Files\dotnet\sdk\9.0.308\Sdks\Microsoft.NET.Sdk\targets\Microsoft.NET.Sdk.targets(784,5): message :       SetWin32ManifestProperties;
       C:\Program Files\dotnet\sdk\9.0.308\Sdks\Microsoft.NET.Sdk\targets\Microsoft.NET.Sdk.targets(784,5): message :       _SetPreferNativeArm64Win32ManifestProperties;
       C:\Program Files\dotnet\sdk\9.0.308\Sdks\Microsoft.NET.Sdk\targets\Microsoft.NET.Sdk.targets(784,5): message :       FindReferenceAssembliesForReferences;
       C:\Program Files\dotnet\sdk\9.0.308\Sdks\Microsoft.NET.Sdk\targets\Microsoft.NET.Sdk.targets(784,5): message :       _GenerateCompileInputs;
       C:\Program Files\dotnet\sdk\9.0.308\Sdks\Microsoft.NET.Sdk\targets\Microsoft.NET.Sdk.targets(784,5): message :       BeforeCompile;
       C:\Program Files\dotnet\sdk\9.0.308\Sdks\Microsoft.NET.Sdk\targets\Microsoft.NET.Sdk.targets(784,5): message :       _TimeStampBeforeCompile;
       C:\Program Files\dotnet\sdk\9.0.308\Sdks\Microsoft.NET.Sdk\targets\Microsoft.NET.Sdk.targets(784,5): message :       _GenerateCompileDependencyCache;
       C:\Program Files\dotnet\sdk\9.0.308\Sdks\Microsoft.NET.Sdk\targets\Microsoft.NET.Sdk.targets(784,5): message :       CoreCompile;
       C:\Program Files\dotnet\sdk\9.0.308\Sdks\Microsoft.NET.Sdk\targets\Microsoft.NET.Sdk.targets(784,5): message :       _TimeStampAfterCompile;
       C:\Program Files\dotnet\sdk\9.0.308\Sdks\Microsoft.NET.Sdk\targets\Microsoft.NET.Sdk.targets(784,5): message :       AfterCompile;
       C:\Program Files\dotnet\sdk\9.0.308\Sdks\Microsoft.NET.Sdk\targets\Microsoft.NET.Sdk.targets(784,5): message :     ;
       C:\Program Files\dotnet\sdk\9.0.308\Sdks\Microsoft.NET.Sdk\targets\Microsoft.NET.Sdk.targets(784,5): message :       _CreateAppHost;
       C:\Program Files\dotnet\sdk\9.0.308\Sdks\Microsoft.NET.Sdk\targets\Microsoft.NET.Sdk.targets(784,5): message :       _CreateComHost;
       C:\Program Files\dotnet\sdk\9.0.308\Sdks\Microsoft.NET.Sdk\targets\Microsoft.NET.Sdk.targets(784,5): message :       _GetIjwHostPaths;
       C:\Program Files\dotnet\sdk\9.0.308\Sdks\Microsoft.NET.Sdk\targets\Microsoft.NET.Sdk.targets(784,5): message :     " (previous value: "
       C:\Program Files\dotnet\sdk\9.0.308\Sdks\Microsoft.NET.Sdk\targets\Microsoft.NET.Sdk.targets(784,5): message :       ResolveReferences;
       C:\Program Files\dotnet\sdk\9.0.308\Sdks\Microsoft.NET.Sdk\targets\Microsoft.NET.Sdk.targets(784,5): message :       ResolveKeySource;
       C:\Program Files\dotnet\sdk\9.0.308\Sdks\Microsoft.NET.Sdk\targets\Microsoft.NET.Sdk.targets(784,5): message :       SetWin32ManifestProperties;
       C:\Program Files\dotnet\sdk\9.0.308\Sdks\Microsoft.NET.Sdk\targets\Microsoft.NET.Sdk.targets(784,5): message :       _SetPreferNativeArm64Win32ManifestProperties;
       C:\Program Files\dotnet\sdk\9.0.308\Sdks\Microsoft.NET.Sdk\targets\Microsoft.NET.Sdk.targets(784,5): message :       FindReferenceAssembliesForReferences;
       C:\Program Files\dotnet\sdk\9.0.308\Sdks\Microsoft.NET.Sdk\targets\Microsoft.NET.Sdk.targets(784,5): message :       _GenerateCompileInputs;
       C:\Program Files\dotnet\sdk\9.0.308\Sdks\Microsoft.NET.Sdk\targets\Microsoft.NET.Sdk.targets(784,5): message :       BeforeCompile;
       C:\Program Files\dotnet\sdk\9.0.308\Sdks\Microsoft.NET.Sdk\targets\Microsoft.NET.Sdk.targets(784,5): message :       _TimeStampBeforeCompile;
       C:\Program Files\dotnet\sdk\9.0.308\Sdks\Microsoft.NET.Sdk\targets\Microsoft.NET.Sdk.targets(784,5): message :       _GenerateCompileDependencyCache;
       C:\Program Files\dotnet\sdk\9.0.308\Sdks\Microsoft.NET.Sdk\targets\Microsoft.NET.Sdk.targets(784,5): message :       CoreCompile;
       C:\Program Files\dotnet\sdk\9.0.308\Sdks\Microsoft.NET.Sdk\targets\Microsoft.NET.Sdk.targets(784,5): message :       _TimeStampAfterCompile;
       C:\Program Files\dotnet\sdk\9.0.308\Sdks\Microsoft.NET.Sdk\targets\Microsoft.NET.Sdk.targets(784,5): message :       AfterCompile;
       C:\Program Files\dotnet\sdk\9.0.308\Sdks\Microsoft.NET.Sdk\targets\Microsoft.NET.Sdk.targets(784,5): message :     ") at C:\Program Files\dotnet\sdk\9.0.308\Sdks\Microsoft.NET.Sdk\targets\Microsoft.NET.Sdk.targets (784,5)
       C:\Program Files\dotnet\sdk\9.0.308\Sdks\Microsoft.NET.Sdk\targets\Microsoft.NET.Sdk.targets(1184,5): message : Property reassignment: $(CreateSatelliteAssembliesDependsOn)="
       C:\Program Files\dotnet\sdk\9.0.308\Sdks\Microsoft.NET.Sdk\targets\Microsoft.NET.Sdk.targets(1184,5): message :       
       C:\Program Files\dotnet\sdk\9.0.308\Sdks\Microsoft.NET.Sdk\targets\Microsoft.NET.Sdk.targets(1184,5): message :       ;
       C:\Program Files\dotnet\sdk\9.0.308\Sdks\Microsoft.NET.Sdk\targets\Microsoft.NET.Sdk.targets(1184,5): message :       _GenerateSatelliteAssemblyInputs;
       C:\Program Files\dotnet\sdk\9.0.308\Sdks\Microsoft.NET.Sdk\targets\Microsoft.NET.Sdk.targets(1184,5): message :       ComputeIntermediateSatelliteAssemblies;
       C:\Program Files\dotnet\sdk\9.0.308\Sdks\Microsoft.NET.Sdk\targets\Microsoft.NET.Sdk.targets(1184,5): message :       GenerateSatelliteAssemblies
       C:\Program Files\dotnet\sdk\9.0.308\Sdks\Microsoft.NET.Sdk\targets\Microsoft.NET.Sdk.targets(1184,5): message :     ;
       C:\Program Files\dotnet\sdk\9.0.308\Sdks\Microsoft.NET.Sdk\targets\Microsoft.NET.Sdk.targets(1184,5): message :       CoreGenerateSatelliteAssemblies
       C:\Program Files\dotnet\sdk\9.0.308\Sdks\Microsoft.NET.Sdk\targets\Microsoft.NET.Sdk.targets(1184,5): message :     " (previous value: "
       C:\Program Files\dotnet\sdk\9.0.308\Sdks\Microsoft.NET.Sdk\targets\Microsoft.NET.Sdk.targets(1184,5): message :       ;
       C:\Program Files\dotnet\sdk\9.0.308\Sdks\Microsoft.NET.Sdk\targets\Microsoft.NET.Sdk.targets(1184,5): message :       _GenerateSatelliteAssemblyInputs;
       C:\Program Files\dotnet\sdk\9.0.308\Sdks\Microsoft.NET.Sdk\targets\Microsoft.NET.Sdk.targets(1184,5): message :       ComputeIntermediateSatelliteAssemblies;
       C:\Program Files\dotnet\sdk\9.0.308\Sdks\Microsoft.NET.Sdk\targets\Microsoft.NET.Sdk.targets(1184,5): message :       GenerateSatelliteAssemblies
       C:\Program Files\dotnet\sdk\9.0.308\Sdks\Microsoft.NET.Sdk\targets\Microsoft.NET.Sdk.targets(1184,5): message :     ") at C:\Program Files\dotnet\sdk\9.0.308\Sdks\Microsoft.NET.Sdk\targets\Microsoft.NET.Sdk.targets (1184,5)
       C:\Program Files\dotnet\sdk\9.0.308\Sdks\Microsoft.SourceLink.GitLab\build\Microsoft.SourceLink.GitLab.targets(12,5): message : Property reassignment: $(SourceLinkUrlInitializerTargets)=";_InitializeGitHubSourceLinkUrl;_InitializeGitLabSourceLinkUrl" (previous value: ";_InitializeGitHubSourceLinkUrl") at C:\Program Files\dotnet\sdk\9.0.308\Sdks\Microsoft.SourceLink.GitLab\build\Microsoft.SourceLink.GitLab.targets (12,5)
       C:\Program Files\dotnet\sdk\9.0.308\Sdks\Microsoft.SourceLink.GitLab\build\Microsoft.SourceLink.GitLab.targets(13,5): message : Property reassignment: $(SourceControlManagerUrlTranslationTargets)=";TranslateGitHubUrlsInSourceControlInformation;TranslateGitLabUrlsInSourceControlInformation" (previous value: ";TranslateGitHubUrlsInSourceControlInformation") at C:\Program Files\dotnet\sdk\9.0.308\Sdks\Microsoft.SourceLink.GitLab\build\Microsoft.SourceLink.GitLab.targets (13,5)
       C:\Program Files\dotnet\sdk\9.0.308\Sdks\Microsoft.SourceLink.AzureRepos.Git\build\Microsoft.SourceLink.AzureRepos.Git.targets(12,5): message : Property reassignment: $(SourceLinkUrlInitializerTargets)=";_InitializeGitHubSourceLinkUrl;_InitializeGitLabSourceLinkUrl;_InitializeAzureReposGitSourceLinkUrl" (previous value: ";_InitializeGitHubSourceLinkUrl;_InitializeGitLabSourceLinkUrl") at C:\Program Files\dotnet\sdk\9.0.308\Sdks\Microsoft.SourceLink.AzureRepos.Git\build\Microsoft.SourceLink.AzureRepos.Git.targets (12,5)
       C:\Program Files\dotnet\sdk\9.0.308\Sdks\Microsoft.SourceLink.AzureRepos.Git\build\Microsoft.SourceLink.AzureRepos.Git.targets(13,5): message : Property reassignment: $(SourceControlManagerUrlTranslationTargets)=";TranslateGitHubUrlsInSourceControlInformation;TranslateGitLabUrlsInSourceControlInformation;TranslateAzureReposGitUrlsInSourceControlInformation" (previous value: ";TranslateGitHubUrlsInSourceControlInformation;TranslateGitLabUrlsInSourceControlInformation") at C:\Program Files\dotnet\sdk\9.0.308\Sdks\Microsoft.SourceLink.AzureRepos.Git\build\Microsoft.SourceLink.AzureRepos.Git.targets (13,5)
       C:\Program Files\dotnet\sdk\9.0.308\Sdks\Microsoft.SourceLink.Bitbucket.Git\build\Microsoft.SourceLink.Bitbucket.Git.targets(12,5): message : Property reassignment: $(SourceLinkUrlInitializerTargets)=";_InitializeGitHubSourceLinkUrl;_InitializeGitLabSourceLinkUrl;_InitializeAzureReposGitSourceLinkUrl;_InitializeBitbucketGitSourceLinkUrl" (previous value: ";_InitializeGitHubSourceLinkUrl;_InitializeGitLabSourceLinkUrl;_InitializeAzureReposGitSourceLinkUrl") at C:\Program Files\dotnet\sdk\9.0.308\Sdks\Microsoft.SourceLink.Bitbucket.Git\build\Microsoft.SourceLink.Bitbucket.Git.targets (12,5)
       C:\Program Files\dotnet\sdk\9.0.308\Sdks\Microsoft.SourceLink.Bitbucket.Git\build\Microsoft.SourceLink.Bitbucket.Git.targets(13,5): message : Property reassignment: $(SourceControlManagerUrlTranslationTargets)=";TranslateGitHubUrlsInSourceControlInformation;TranslateGitLabUrlsInSourceControlInformation;TranslateAzureReposGitUrlsInSourceControlInformation;TranslateBitbucketGitUrlsInSourceControlInformation" (previous value: ";TranslateGitHubUrlsInSourceControlInformation;TranslateGitLabUrlsInSourceControlInformation;TranslateAzureReposGitUrlsInSourceControlInformation") at C:\Program Files\dotnet\sdk\9.0.308\Sdks\Microsoft.SourceLink.Bitbucket.Git\build\Microsoft.SourceLink.Bitbucket.Git.targets (13,5)
       C:\Program Files\dotnet\sdk\9.0.308\Sdks\Microsoft.NET.Sdk\targets\Microsoft.NET.DesignerSupport.targets(21,5): message : Property reassignment: $(DesignerRuntimeImplementationProjectOutputGroupDependsOn)="
       C:\Program Files\dotnet\sdk\9.0.308\Sdks\Microsoft.NET.Sdk\targets\Microsoft.NET.DesignerSupport.targets(21,5): message :       
       C:\Program Files\dotnet\sdk\9.0.308\Sdks\Microsoft.NET.Sdk\targets\Microsoft.NET.DesignerSupport.targets(21,5): message :       ;
       C:\Program Files\dotnet\sdk\9.0.308\Sdks\Microsoft.NET.Sdk\targets\Microsoft.NET.DesignerSupport.targets(21,5): message :       
       C:\Program Files\dotnet\sdk\9.0.308\Sdks\Microsoft.NET.Sdk\targets\Microsoft.NET.DesignerSupport.targets(21,5): message :       ;
       C:\Program Files\dotnet\sdk\9.0.308\Sdks\Microsoft.NET.Sdk\targets\Microsoft.NET.DesignerSupport.targets(21,5): message :       BuildOnlySettings;
       C:\Program Files\dotnet\sdk\9.0.308\Sdks\Microsoft.NET.Sdk\targets\Microsoft.NET.DesignerSupport.targets(21,5): message :       PrepareForBuild;
       C:\Program Files\dotnet\sdk\9.0.308\Sdks\Microsoft.NET.Sdk\targets\Microsoft.NET.DesignerSupport.targets(21,5): message :       AssignTargetPaths;
       C:\Program Files\dotnet\sdk\9.0.308\Sdks\Microsoft.NET.Sdk\targets\Microsoft.NET.DesignerSupport.targets(21,5): message :       ResolveReferences
       C:\Program Files\dotnet\sdk\9.0.308\Sdks\Microsoft.NET.Sdk\targets\Microsoft.NET.DesignerSupport.targets(21,5): message :     
       C:\Program Files\dotnet\sdk\9.0.308\Sdks\Microsoft.NET.Sdk\targets\Microsoft.NET.DesignerSupport.targets(21,5): message :     ;
       C:\Program Files\dotnet\sdk\9.0.308\Sdks\Microsoft.NET.Sdk\targets\Microsoft.NET.DesignerSupport.targets(21,5): message :       _GenerateDesignerDepsFile;
       C:\Program Files\dotnet\sdk\9.0.308\Sdks\Microsoft.NET.Sdk\targets\Microsoft.NET.DesignerSupport.targets(21,5): message :       _GenerateDesignerRuntimeConfigFile;
       C:\Program Files\dotnet\sdk\9.0.308\Sdks\Microsoft.NET.Sdk\targets\Microsoft.NET.DesignerSupport.targets(21,5): message :       GetCopyToOutputDirectoryItems;
       C:\Program Files\dotnet\sdk\9.0.308\Sdks\Microsoft.NET.Sdk\targets\Microsoft.NET.DesignerSupport.targets(21,5): message :       _GatherDesignerShadowCopyFiles;
       C:\Program Files\dotnet\sdk\9.0.308\Sdks\Microsoft.NET.Sdk\targets\Microsoft.NET.DesignerSupport.targets(21,5): message :     " (previous value: "
       C:\Program Files\dotnet\sdk\9.0.308\Sdks\Microsoft.NET.Sdk\targets\Microsoft.NET.DesignerSupport.targets(21,5): message :       ;
       C:\Program Files\dotnet\sdk\9.0.308\Sdks\Microsoft.NET.Sdk\targets\Microsoft.NET.DesignerSupport.targets(21,5): message :       
       C:\Program Files\dotnet\sdk\9.0.308\Sdks\Microsoft.NET.Sdk\targets\Microsoft.NET.DesignerSupport.targets(21,5): message :       ;
       C:\Program Files\dotnet\sdk\9.0.308\Sdks\Microsoft.NET.Sdk\targets\Microsoft.NET.DesignerSupport.targets(21,5): message :       BuildOnlySettings;
       C:\Program Files\dotnet\sdk\9.0.308\Sdks\Microsoft.NET.Sdk\targets\Microsoft.NET.DesignerSupport.targets(21,5): message :       PrepareForBuild;
       C:\Program Files\dotnet\sdk\9.0.308\Sdks\Microsoft.NET.Sdk\targets\Microsoft.NET.DesignerSupport.targets(21,5): message :       AssignTargetPaths;
       C:\Program Files\dotnet\sdk\9.0.308\Sdks\Microsoft.NET.Sdk\targets\Microsoft.NET.DesignerSupport.targets(21,5): message :       ResolveReferences
       C:\Program Files\dotnet\sdk\9.0.308\Sdks\Microsoft.NET.Sdk\targets\Microsoft.NET.DesignerSupport.targets(21,5): message :     
       C:\Program Files\dotnet\sdk\9.0.308\Sdks\Microsoft.NET.Sdk\targets\Microsoft.NET.DesignerSupport.targets(21,5): message :     ") at C:\Program Files\dotnet\sdk\9.0.308\Sdks\Microsoft.NET.Sdk\targets\Microsoft.NET.DesignerSupport.targets (21,5)
       C:\Program Files\dotnet\sdk\9.0.308\Sdks\Microsoft.NET.Sdk\targets\Microsoft.NET.PackTool.targets(68,5): message : Property reassignment: $(_GenerateToolsSettingsFileCacheFile)="C:\Users\DELL\OneDrive\Desktop\Web spa\Long(ThanhToan_DatLich\obj\Debug\net8.0\SpaN5.toolssettingsinput.cache" (previous value: "obj\Debug\net8.0\SpaN5.toolssettingsinput.cache") at C:\Program Files\dotnet\sdk\9.0.308\Sdks\Microsoft.NET.Sdk\targets\Microsoft.NET.PackTool.targets (68,5)
       C:\Program Files\dotnet\sdk\9.0.308\Sdks\Microsoft.NET.Sdk\targets\Microsoft.NET.PackTool.targets(137,5): message : Property reassignment: $(_ShimInputCacheFile)="C:\Users\DELL\OneDrive\Desktop\Web spa\Long(ThanhToan_DatLich\obj\Debug\net8.0\SpaN5.shiminput.cache" (previous value: "obj\Debug\net8.0\SpaN5.shiminput.cache") at C:\Program Files\dotnet\sdk\9.0.308\Sdks\Microsoft.NET.Sdk\targets\Microsoft.NET.PackTool.targets (137,5)
       C:\Program Files\dotnet\sdk\9.0.308\Sdks\Microsoft.NET.Sdk\targets\Microsoft.NET.PackTool.targets(139,5): message : Property reassignment: $(_ShimCreatedSentinelFile)="C:\Users\DELL\OneDrive\Desktop\Web spa\Long(ThanhToan_DatLich\obj\Debug\net8.0\SpaN5.shimcreated.sentinel" (previous value: "obj\Debug\net8.0\SpaN5.shimcreated.sentinel") at C:\Program Files\dotnet\sdk\9.0.308\Sdks\Microsoft.NET.Sdk\targets\Microsoft.NET.PackTool.targets (139,5)
       C:\Program Files\dotnet\sdk\9.0.308\Sdks\Microsoft.NET.Sdk\targets\Microsoft.NET.Sdk.CSharp.targets(31,5): message : Property reassignment: $(DefineConstants)="TRACE;DEBUG" (previous value: "TRACE") at C:\Program Files\dotnet\sdk\9.0.308\Sdks\Microsoft.NET.Sdk\targets\Microsoft.NET.Sdk.CSharp.targets (31,5)
       C:\Program Files\dotnet\sdk\9.0.308\Sdks\Microsoft.NET.Sdk\targets\Microsoft.NET.Sdk.CSharp.targets(34,5): message : Property reassignment: $(DefineConstants)="TRACE;DEBUG;NET;NET8_0;NETCOREAPP" (previous value: "TRACE;DEBUG") at C:\Program Files\dotnet\sdk\9.0.308\Sdks\Microsoft.NET.Sdk\targets\Microsoft.NET.Sdk.CSharp.targets (34,5)
       C:\Program Files\dotnet\sdk\9.0.308\Sdks\Microsoft.NET.Sdk\targets\Microsoft.NET.Sdk.CSharp.targets(48,5): message : Property reassignment: $(WarningsAsErrors)=";NU1605;SYSLIB0011" (previous value: ";NU1605") at C:\Program Files\dotnet\sdk\9.0.308\Sdks\Microsoft.NET.Sdk\targets\Microsoft.NET.Sdk.CSharp.targets (48,5)
       C:\Program Files\dotnet\sdk\9.0.308\Sdks\NuGet.Build.Tasks.Pack\build\NuGet.Build.Tasks.Pack.targets(34,5): message : Property reassignment: $(PackageDescription)="Package Description" (previous value: "") at C:\Program Files\dotnet\sdk\9.0.308\Sdks\NuGet.Build.Tasks.Pack\build\NuGet.Build.Tasks.Pack.targets (34,5)
       C:\Program Files\dotnet\sdk\9.0.308\Sdks\NuGet.Build.Tasks.Pack\build\NuGet.Build.Tasks.Pack.targets(59,5): message : Property reassignment: $(GenerateNuspecDependsOn)="Build;_LoadPackInputItems; _GetTargetFrameworksOutput; _WalkEachTargetPerFramework; _GetPackageFiles; " (previous value: "_LoadPackInputItems; _GetTargetFrameworksOutput; _WalkEachTargetPerFramework; _GetPackageFiles; ") at C:\Program Files\dotnet\sdk\9.0.308\Sdks\NuGet.Build.Tasks.Pack\build\NuGet.Build.Tasks.Pack.targets (59,5)
       C:\Program Files\dotnet\sdk\9.0.308\Sdks\Microsoft.NET.Sdk\Sdk\Sdk.targets(60,5): message : Property reassignment: $(_IsNotSetContainersTargetsDir)="true" (previous value: "false") at C:\Program Files\dotnet\sdk\9.0.308\Sdks\Microsoft.NET.Sdk\Sdk\Sdk.targets (60,5)
       C:\Program Files\dotnet\sdk\9.0.308\Containers\build\Microsoft.NET.Build.Containers.targets(5,5): message : Property reassignment: $(_IsSDKContainerAllowedVersion)="true" (previous value: "false") at C:\Program Files\dotnet\sdk\9.0.308\Containers\build\Microsoft.NET.Build.Containers.targets (5,5)
       C:\Program Files\dotnet\sdk\9.0.308\Containers\build\Microsoft.NET.Build.Containers.targets(15,5): message : Property reassignment: $(_ContainerIsTargetingNet8TFM)="true" (previous value: "false") at C:\Program Files\dotnet\sdk\9.0.308\Containers\build\Microsoft.NET.Build.Containers.targets (15,5)
       C:\Program Files\dotnet\sdk\9.0.308\Sdks\Microsoft.NET.Sdk.StaticWebAssets\targets\Sdk.StaticWebAssets.CurrentVersion.targets(37,18): message : Property 'DOTNET_HOST_PATH' with value 'C:\Program Files\dotnet\dotnet.exe' expanded from the environment.
       C:\Program Files\dotnet\sdk\9.0.308\Sdks\Microsoft.NET.Sdk.StaticWebAssets\targets\Microsoft.NET.Sdk.StaticWebAssets.targets(286,5): message : Property reassignment: $(PrepareForRunDependsOn)="StaticWebAssetsPrepareForRun;
       C:\Program Files\dotnet\sdk\9.0.308\Sdks\Microsoft.NET.Sdk.StaticWebAssets\targets\Microsoft.NET.Sdk.StaticWebAssets.targets(286,5): message :       CopyFilesToOutputDirectory
       C:\Program Files\dotnet\sdk\9.0.308\Sdks\Microsoft.NET.Sdk.StaticWebAssets\targets\Microsoft.NET.Sdk.StaticWebAssets.targets(286,5): message :     " (previous value: "
       C:\Program Files\dotnet\sdk\9.0.308\Sdks\Microsoft.NET.Sdk.StaticWebAssets\targets\Microsoft.NET.Sdk.StaticWebAssets.targets(286,5): message :       CopyFilesToOutputDirectory
       C:\Program Files\dotnet\sdk\9.0.308\Sdks\Microsoft.NET.Sdk.StaticWebAssets\targets\Microsoft.NET.Sdk.StaticWebAssets.targets(286,5): message :     ") at C:\Program Files\dotnet\sdk\9.0.308\Sdks\Microsoft.NET.Sdk.StaticWebAssets\targets\Microsoft.NET.Sdk.StaticWebAssets.targets (286,5)
       C:\Program Files\dotnet\sdk\9.0.308\Sdks\Microsoft.NET.Sdk.StaticWebAssets\targets\Microsoft.NET.Sdk.StaticWebAssets.targets(323,5): message : Property reassignment: $(GetCopyToOutputDirectoryItemsDependsOn)="
       C:\Program Files\dotnet\sdk\9.0.308\Sdks\Microsoft.NET.Sdk.StaticWebAssets\targets\Microsoft.NET.Sdk.StaticWebAssets.targets(323,5): message :       AssignTargetPaths;
       C:\Program Files\dotnet\sdk\9.0.308\Sdks\Microsoft.NET.Sdk.StaticWebAssets\targets\Microsoft.NET.Sdk.StaticWebAssets.targets(323,5): message :       
       C:\Program Files\dotnet\sdk\9.0.308\Sdks\Microsoft.NET.Sdk.StaticWebAssets\targets\Microsoft.NET.Sdk.StaticWebAssets.targets(323,5): message :       AssignProjectConfiguration;
       C:\Program Files\dotnet\sdk\9.0.308\Sdks\Microsoft.NET.Sdk.StaticWebAssets\targets\Microsoft.NET.Sdk.StaticWebAssets.targets(323,5): message :       _SplitProjectReferencesByFileExistence
       C:\Program Files\dotnet\sdk\9.0.308\Sdks\Microsoft.NET.Sdk.StaticWebAssets\targets\Microsoft.NET.Sdk.StaticWebAssets.targets(323,5): message :     ;
       C:\Program Files\dotnet\sdk\9.0.308\Sdks\Microsoft.NET.Sdk.StaticWebAssets\targets\Microsoft.NET.Sdk.StaticWebAssets.targets(323,5): message :       _GetProjectReferenceTargetFrameworkProperties;
       C:\Program Files\dotnet\sdk\9.0.308\Sdks\Microsoft.NET.Sdk.StaticWebAssets\targets\Microsoft.NET.Sdk.StaticWebAssets.targets(323,5): message :       _PopulateCommonStateForGetCopyToOutputDirectoryItems
       C:\Program Files\dotnet\sdk\9.0.308\Sdks\Microsoft.NET.Sdk.StaticWebAssets\targets\Microsoft.NET.Sdk.StaticWebAssets.targets(323,5): message :     ;AddStaticWebAssetsManifest;AddStaticWebAssetEndpointsBuildManifest" (previous value: "
       C:\Program Files\dotnet\sdk\9.0.308\Sdks\Microsoft.NET.Sdk.StaticWebAssets\targets\Microsoft.NET.Sdk.StaticWebAssets.targets(323,5): message :       AssignTargetPaths;
       C:\Program Files\dotnet\sdk\9.0.308\Sdks\Microsoft.NET.Sdk.StaticWebAssets\targets\Microsoft.NET.Sdk.StaticWebAssets.targets(323,5): message :       
       C:\Program Files\dotnet\sdk\9.0.308\Sdks\Microsoft.NET.Sdk.StaticWebAssets\targets\Microsoft.NET.Sdk.StaticWebAssets.targets(323,5): message :       AssignProjectConfiguration;
       C:\Program Files\dotnet\sdk\9.0.308\Sdks\Microsoft.NET.Sdk.StaticWebAssets\targets\Microsoft.NET.Sdk.StaticWebAssets.targets(323,5): message :       _SplitProjectReferencesByFileExistence
       C:\Program Files\dotnet\sdk\9.0.308\Sdks\Microsoft.NET.Sdk.StaticWebAssets\targets\Microsoft.NET.Sdk.StaticWebAssets.targets(323,5): message :     ;
       C:\Program Files\dotnet\sdk\9.0.308\Sdks\Microsoft.NET.Sdk.StaticWebAssets\targets\Microsoft.NET.Sdk.StaticWebAssets.targets(323,5): message :       _GetProjectReferenceTargetFrameworkProperties;
       C:\Program Files\dotnet\sdk\9.0.308\Sdks\Microsoft.NET.Sdk.StaticWebAssets\targets\Microsoft.NET.Sdk.StaticWebAssets.targets(323,5): message :       _PopulateCommonStateForGetCopyToOutputDirectoryItems
       C:\Program Files\dotnet\sdk\9.0.308\Sdks\Microsoft.NET.Sdk.StaticWebAssets\targets\Microsoft.NET.Sdk.StaticWebAssets.targets(323,5): message :     ") at C:\Program Files\dotnet\sdk\9.0.308\Sdks\Microsoft.NET.Sdk.StaticWebAssets\targets\Microsoft.NET.Sdk.StaticWebAssets.targets (323,5)
       C:\Program Files\dotnet\sdk\9.0.308\Sdks\Microsoft.NET.Sdk.StaticWebAssets\targets\Microsoft.NET.Sdk.StaticWebAssets.Pack.targets(46,5): message : Property reassignment: $(GenerateNuspecDependsOn)="
       C:\Program Files\dotnet\sdk\9.0.308\Sdks\Microsoft.NET.Sdk.StaticWebAssets\targets\Microsoft.NET.Sdk.StaticWebAssets.Pack.targets(46,5): message :       IncludeStaticWebAssetsPackItems;
       C:\Program Files\dotnet\sdk\9.0.308\Sdks\Microsoft.NET.Sdk.StaticWebAssets\targets\Microsoft.NET.Sdk.StaticWebAssets.Pack.targets(46,5): message :       Build;_LoadPackInputItems; _GetTargetFrameworksOutput; _WalkEachTargetPerFramework; _GetPackageFiles; ;
       C:\Program Files\dotnet\sdk\9.0.308\Sdks\Microsoft.NET.Sdk.StaticWebAssets\targets\Microsoft.NET.Sdk.StaticWebAssets.Pack.targets(46,5): message :     " (previous value: "Build;_LoadPackInputItems; _GetTargetFrameworksOutput; _WalkEachTargetPerFramework; _GetPackageFiles; ") at C:\Program Files\dotnet\sdk\9.0.308\Sdks\Microsoft.NET.Sdk.StaticWebAssets\targets\Microsoft.NET.Sdk.StaticWebAssets.Pack.targets (46,5)
       C:\Program Files\dotnet\sdk\9.0.308\Sdks\Microsoft.NET.Sdk.StaticWebAssets\targets\Microsoft.NET.Sdk.StaticWebAssets.Pack.targets(55,5): message : Property reassignment: $(IncludeStaticWebAssetsPackItemsDependsOn)="
       C:\Program Files\dotnet\sdk\9.0.308\Sdks\Microsoft.NET.Sdk.StaticWebAssets\targets\Microsoft.NET.Sdk.StaticWebAssets.Pack.targets(55,5): message :       Build;
       C:\Program Files\dotnet\sdk\9.0.308\Sdks\Microsoft.NET.Sdk.StaticWebAssets\targets\Microsoft.NET.Sdk.StaticWebAssets.Pack.targets(55,5): message :       ResolveStaticWebAssetsConfiguration;LoadStaticWebAssetsBuildManifest
       C:\Program Files\dotnet\sdk\9.0.308\Sdks\Microsoft.NET.Sdk.StaticWebAssets\targets\Microsoft.NET.Sdk.StaticWebAssets.Pack.targets(55,5): message :     ;
       C:\Program Files\dotnet\sdk\9.0.308\Sdks\Microsoft.NET.Sdk.StaticWebAssets\targets\Microsoft.NET.Sdk.StaticWebAssets.Pack.targets(55,5): message :     " (previous value: "
       C:\Program Files\dotnet\sdk\9.0.308\Sdks\Microsoft.NET.Sdk.StaticWebAssets\targets\Microsoft.NET.Sdk.StaticWebAssets.Pack.targets(55,5): message :       ResolveStaticWebAssetsConfiguration;LoadStaticWebAssetsBuildManifest
       C:\Program Files\dotnet\sdk\9.0.308\Sdks\Microsoft.NET.Sdk.StaticWebAssets\targets\Microsoft.NET.Sdk.StaticWebAssets.Pack.targets(55,5): message :     ") at C:\Program Files\dotnet\sdk\9.0.308\Sdks\Microsoft.NET.Sdk.StaticWebAssets\targets\Microsoft.NET.Sdk.StaticWebAssets.Pack.targets (55,5)
       C:\Program Files\dotnet\sdk\9.0.308\Sdks\Microsoft.NET.Sdk.StaticWebAssets\targets\Microsoft.NET.Sdk.StaticWebAssets.ScopedCss.targets(55,3): message : Property reassignment: $(ResolveStaticWebAssetsInputsDependsOn)="
       C:\Program Files\dotnet\sdk\9.0.308\Sdks\Microsoft.NET.Sdk.StaticWebAssets\targets\Microsoft.NET.Sdk.StaticWebAssets.ScopedCss.targets(55,3): message :     
       C:\Program Files\dotnet\sdk\9.0.308\Sdks\Microsoft.NET.Sdk.StaticWebAssets\targets\Microsoft.NET.Sdk.StaticWebAssets.ScopedCss.targets(55,3): message :       ResolveCoreStaticWebAssets;
       C:\Program Files\dotnet\sdk\9.0.308\Sdks\Microsoft.NET.Sdk.StaticWebAssets\targets\Microsoft.NET.Sdk.StaticWebAssets.ScopedCss.targets(55,3): message :       GenerateComputedBuildStaticWebAssets;
       C:\Program Files\dotnet\sdk\9.0.308\Sdks\Microsoft.NET.Sdk.StaticWebAssets\targets\Microsoft.NET.Sdk.StaticWebAssets.ScopedCss.targets(55,3): message :       
       C:\Program Files\dotnet\sdk\9.0.308\Sdks\Microsoft.NET.Sdk.StaticWebAssets\targets\Microsoft.NET.Sdk.StaticWebAssets.ScopedCss.targets(55,3): message :     ;
       C:\Program Files\dotnet\sdk\9.0.308\Sdks\Microsoft.NET.Sdk.StaticWebAssets\targets\Microsoft.NET.Sdk.StaticWebAssets.ScopedCss.targets(55,3): message :     ResolveScopedCssAssets;
       C:\Program Files\dotnet\sdk\9.0.308\Sdks\Microsoft.NET.Sdk.StaticWebAssets\targets\Microsoft.NET.Sdk.StaticWebAssets.ScopedCss.targets(55,3): message :   " (previous value: "
       C:\Program Files\dotnet\sdk\9.0.308\Sdks\Microsoft.NET.Sdk.StaticWebAssets\targets\Microsoft.NET.Sdk.StaticWebAssets.ScopedCss.targets(55,3): message :       ResolveCoreStaticWebAssets;
       C:\Program Files\dotnet\sdk\9.0.308\Sdks\Microsoft.NET.Sdk.StaticWebAssets\targets\Microsoft.NET.Sdk.StaticWebAssets.ScopedCss.targets(55,3): message :       GenerateComputedBuildStaticWebAssets;
       C:\Program Files\dotnet\sdk\9.0.308\Sdks\Microsoft.NET.Sdk.StaticWebAssets\targets\Microsoft.NET.Sdk.StaticWebAssets.ScopedCss.targets(55,3): message :       
       C:\Program Files\dotnet\sdk\9.0.308\Sdks\Microsoft.NET.Sdk.StaticWebAssets\targets\Microsoft.NET.Sdk.StaticWebAssets.ScopedCss.targets(55,3): message :     ") at C:\Program Files\dotnet\sdk\9.0.308\Sdks\Microsoft.NET.Sdk.StaticWebAssets\targets\Microsoft.NET.Sdk.StaticWebAssets.ScopedCss.targets (55,3)
       C:\Program Files\dotnet\sdk\9.0.308\Sdks\Microsoft.NET.Sdk.StaticWebAssets\targets\Microsoft.NET.Sdk.StaticWebAssets.ScopedCss.targets(88,3): message : Property reassignment: $(GenerateComputedBuildStaticWebAssetsDependsOn)="
       C:\Program Files\dotnet\sdk\9.0.308\Sdks\Microsoft.NET.Sdk.StaticWebAssets\targets\Microsoft.NET.Sdk.StaticWebAssets.ScopedCss.targets(88,3): message :     ResolveCoreStaticWebAssets;;
       C:\Program Files\dotnet\sdk\9.0.308\Sdks\Microsoft.NET.Sdk.StaticWebAssets\targets\Microsoft.NET.Sdk.StaticWebAssets.ScopedCss.targets(88,3): message :     BundleScopedCssFiles;
       C:\Program Files\dotnet\sdk\9.0.308\Sdks\Microsoft.NET.Sdk.StaticWebAssets\targets\Microsoft.NET.Sdk.StaticWebAssets.ScopedCss.targets(88,3): message :   " (previous value: "ResolveCoreStaticWebAssets;") at C:\Program Files\dotnet\sdk\9.0.308\Sdks\Microsoft.NET.Sdk.StaticWebAssets\targets\Microsoft.NET.Sdk.StaticWebAssets.ScopedCss.targets (88,3)
       C:\Program Files\dotnet\sdk\9.0.308\Sdks\Microsoft.NET.Sdk.StaticWebAssets\targets\Microsoft.NET.Sdk.StaticWebAssets.JSModules.targets(37,5): message : Property reassignment: $(ResolveCoreStaticWebAssetsDependsOn)="
       C:\Program Files\dotnet\sdk\9.0.308\Sdks\Microsoft.NET.Sdk.StaticWebAssets\targets\Microsoft.NET.Sdk.StaticWebAssets.JSModules.targets(37,5): message :       
       C:\Program Files\dotnet\sdk\9.0.308\Sdks\Microsoft.NET.Sdk.StaticWebAssets\targets\Microsoft.NET.Sdk.StaticWebAssets.JSModules.targets(37,5): message :       UpdateExistingPackageStaticWebAssets;
       C:\Program Files\dotnet\sdk\9.0.308\Sdks\Microsoft.NET.Sdk.StaticWebAssets\targets\Microsoft.NET.Sdk.StaticWebAssets.JSModules.targets(37,5): message :       ResolveProjectStaticWebAssets;
       C:\Program Files\dotnet\sdk\9.0.308\Sdks\Microsoft.NET.Sdk.StaticWebAssets\targets\Microsoft.NET.Sdk.StaticWebAssets.JSModules.targets(37,5): message :       ResolveEmbeddedProjectsStaticWebAssets;
       C:\Program Files\dotnet\sdk\9.0.308\Sdks\Microsoft.NET.Sdk.StaticWebAssets\targets\Microsoft.NET.Sdk.StaticWebAssets.JSModules.targets(37,5): message :       ResolveReferencedProjectsStaticWebAssets;
       C:\Program Files\dotnet\sdk\9.0.308\Sdks\Microsoft.NET.Sdk.StaticWebAssets\targets\Microsoft.NET.Sdk.StaticWebAssets.JSModules.targets(37,5): message :       ;
       C:\Program Files\dotnet\sdk\9.0.308\Sdks\Microsoft.NET.Sdk.StaticWebAssets\targets\Microsoft.NET.Sdk.StaticWebAssets.JSModules.targets(37,5): message :     ;
       C:\Program Files\dotnet\sdk\9.0.308\Sdks\Microsoft.NET.Sdk.StaticWebAssets\targets\Microsoft.NET.Sdk.StaticWebAssets.JSModules.targets(37,5): message :       ResolveJsInitializerModuleStaticWebAssets;
       C:\Program Files\dotnet\sdk\9.0.308\Sdks\Microsoft.NET.Sdk.StaticWebAssets\targets\Microsoft.NET.Sdk.StaticWebAssets.JSModules.targets(37,5): message :     " (previous value: "
       C:\Program Files\dotnet\sdk\9.0.308\Sdks\Microsoft.NET.Sdk.StaticWebAssets\targets\Microsoft.NET.Sdk.StaticWebAssets.JSModules.targets(37,5): message :       UpdateExistingPackageStaticWebAssets;
       C:\Program Files\dotnet\sdk\9.0.308\Sdks\Microsoft.NET.Sdk.StaticWebAssets\targets\Microsoft.NET.Sdk.StaticWebAssets.JSModules.targets(37,5): message :       ResolveProjectStaticWebAssets;
       C:\Program Files\dotnet\sdk\9.0.308\Sdks\Microsoft.NET.Sdk.StaticWebAssets\targets\Microsoft.NET.Sdk.StaticWebAssets.JSModules.targets(37,5): message :       ResolveEmbeddedProjectsStaticWebAssets;
       C:\Program Files\dotnet\sdk\9.0.308\Sdks\Microsoft.NET.Sdk.StaticWebAssets\targets\Microsoft.NET.Sdk.StaticWebAssets.JSModules.targets(37,5): message :       ResolveReferencedProjectsStaticWebAssets;
       C:\Program Files\dotnet\sdk\9.0.308\Sdks\Microsoft.NET.Sdk.StaticWebAssets\targets\Microsoft.NET.Sdk.StaticWebAssets.JSModules.targets(37,5): message :       ;
       C:\Program Files\dotnet\sdk\9.0.308\Sdks\Microsoft.NET.Sdk.StaticWebAssets\targets\Microsoft.NET.Sdk.StaticWebAssets.JSModules.targets(37,5): message :     ") at C:\Program Files\dotnet\sdk\9.0.308\Sdks\Microsoft.NET.Sdk.StaticWebAssets\targets\Microsoft.NET.Sdk.StaticWebAssets.JSModules.targets (37,5)
       C:\Program Files\dotnet\sdk\9.0.308\Sdks\Microsoft.NET.Sdk.StaticWebAssets\targets\Microsoft.NET.Sdk.StaticWebAssets.JSModules.targets(42,5): message : Property reassignment: $(ResolveCoreStaticWebAssetsDependsOn)="
       C:\Program Files\dotnet\sdk\9.0.308\Sdks\Microsoft.NET.Sdk.StaticWebAssets\targets\Microsoft.NET.Sdk.StaticWebAssets.JSModules.targets(42,5): message :       
       C:\Program Files\dotnet\sdk\9.0.308\Sdks\Microsoft.NET.Sdk.StaticWebAssets\targets\Microsoft.NET.Sdk.StaticWebAssets.JSModules.targets(42,5): message :       
       C:\Program Files\dotnet\sdk\9.0.308\Sdks\Microsoft.NET.Sdk.StaticWebAssets\targets\Microsoft.NET.Sdk.StaticWebAssets.JSModules.targets(42,5): message :       UpdateExistingPackageStaticWebAssets;
       C:\Program Files\dotnet\sdk\9.0.308\Sdks\Microsoft.NET.Sdk.StaticWebAssets\targets\Microsoft.NET.Sdk.StaticWebAssets.JSModules.targets(42,5): message :       ResolveProjectStaticWebAssets;
       C:\Program Files\dotnet\sdk\9.0.308\Sdks\Microsoft.NET.Sdk.StaticWebAssets\targets\Microsoft.NET.Sdk.StaticWebAssets.JSModules.targets(42,5): message :       ResolveEmbeddedProjectsStaticWebAssets;
       C:\Program Files\dotnet\sdk\9.0.308\Sdks\Microsoft.NET.Sdk.StaticWebAssets\targets\Microsoft.NET.Sdk.StaticWebAssets.JSModules.targets(42,5): message :       ResolveReferencedProjectsStaticWebAssets;
       C:\Program Files\dotnet\sdk\9.0.308\Sdks\Microsoft.NET.Sdk.StaticWebAssets\targets\Microsoft.NET.Sdk.StaticWebAssets.JSModules.targets(42,5): message :       ;
       C:\Program Files\dotnet\sdk\9.0.308\Sdks\Microsoft.NET.Sdk.StaticWebAssets\targets\Microsoft.NET.Sdk.StaticWebAssets.JSModules.targets(42,5): message :     ;
       C:\Program Files\dotnet\sdk\9.0.308\Sdks\Microsoft.NET.Sdk.StaticWebAssets\targets\Microsoft.NET.Sdk.StaticWebAssets.JSModules.targets(42,5): message :       ResolveJsInitializerModuleStaticWebAssets;
       C:\Program Files\dotnet\sdk\9.0.308\Sdks\Microsoft.NET.Sdk.StaticWebAssets\targets\Microsoft.NET.Sdk.StaticWebAssets.JSModules.targets(42,5): message :     ;
       C:\Program Files\dotnet\sdk\9.0.308\Sdks\Microsoft.NET.Sdk.StaticWebAssets\targets\Microsoft.NET.Sdk.StaticWebAssets.JSModules.targets(42,5): message :       ResolveJSModuleStaticWebAssets;
       C:\Program Files\dotnet\sdk\9.0.308\Sdks\Microsoft.NET.Sdk.StaticWebAssets\targets\Microsoft.NET.Sdk.StaticWebAssets.JSModules.targets(42,5): message :     " (previous value: "
       C:\Program Files\dotnet\sdk\9.0.308\Sdks\Microsoft.NET.Sdk.StaticWebAssets\targets\Microsoft.NET.Sdk.StaticWebAssets.JSModules.targets(42,5): message :       
       C:\Program Files\dotnet\sdk\9.0.308\Sdks\Microsoft.NET.Sdk.StaticWebAssets\targets\Microsoft.NET.Sdk.StaticWebAssets.JSModules.targets(42,5): message :       UpdateExistingPackageStaticWebAssets;
       C:\Program Files\dotnet\sdk\9.0.308\Sdks\Microsoft.NET.Sdk.StaticWebAssets\targets\Microsoft.NET.Sdk.StaticWebAssets.JSModules.targets(42,5): message :       ResolveProjectStaticWebAssets;
       C:\Program Files\dotnet\sdk\9.0.308\Sdks\Microsoft.NET.Sdk.StaticWebAssets\targets\Microsoft.NET.Sdk.StaticWebAssets.JSModules.targets(42,5): message :       ResolveEmbeddedProjectsStaticWebAssets;
       C:\Program Files\dotnet\sdk\9.0.308\Sdks\Microsoft.NET.Sdk.StaticWebAssets\targets\Microsoft.NET.Sdk.StaticWebAssets.JSModules.targets(42,5): message :       ResolveReferencedProjectsStaticWebAssets;
       C:\Program Files\dotnet\sdk\9.0.308\Sdks\Microsoft.NET.Sdk.StaticWebAssets\targets\Microsoft.NET.Sdk.StaticWebAssets.JSModules.targets(42,5): message :       ;
       C:\Program Files\dotnet\sdk\9.0.308\Sdks\Microsoft.NET.Sdk.StaticWebAssets\targets\Microsoft.NET.Sdk.StaticWebAssets.JSModules.targets(42,5): message :     ;
       C:\Program Files\dotnet\sdk\9.0.308\Sdks\Microsoft.NET.Sdk.StaticWebAssets\targets\Microsoft.NET.Sdk.StaticWebAssets.JSModules.targets(42,5): message :       ResolveJsInitializerModuleStaticWebAssets;
       C:\Program Files\dotnet\sdk\9.0.308\Sdks\Microsoft.NET.Sdk.StaticWebAssets\targets\Microsoft.NET.Sdk.StaticWebAssets.JSModules.targets(42,5): message :     ") at C:\Program Files\dotnet\sdk\9.0.308\Sdks\Microsoft.NET.Sdk.StaticWebAssets\targets\Microsoft.NET.Sdk.StaticWebAssets.JSModules.targets (42,5)
       C:\Program Files\dotnet\sdk\9.0.308\Sdks\Microsoft.NET.Sdk.StaticWebAssets\targets\Microsoft.NET.Sdk.StaticWebAssets.JSModules.targets(57,5): message : Property reassignment: $(ResolveStaticWebAssetsInputsDependsOn)="
       C:\Program Files\dotnet\sdk\9.0.308\Sdks\Microsoft.NET.Sdk.StaticWebAssets\targets\Microsoft.NET.Sdk.StaticWebAssets.JSModules.targets(57,5): message :       ResolveJSModuleManifestBuildStaticWebAssets;
       C:\Program Files\dotnet\sdk\9.0.308\Sdks\Microsoft.NET.Sdk.StaticWebAssets\targets\Microsoft.NET.Sdk.StaticWebAssets.JSModules.targets(57,5): message :       
       C:\Program Files\dotnet\sdk\9.0.308\Sdks\Microsoft.NET.Sdk.StaticWebAssets\targets\Microsoft.NET.Sdk.StaticWebAssets.JSModules.targets(57,5): message :     
       C:\Program Files\dotnet\sdk\9.0.308\Sdks\Microsoft.NET.Sdk.StaticWebAssets\targets\Microsoft.NET.Sdk.StaticWebAssets.JSModules.targets(57,5): message :       ResolveCoreStaticWebAssets;
       C:\Program Files\dotnet\sdk\9.0.308\Sdks\Microsoft.NET.Sdk.StaticWebAssets\targets\Microsoft.NET.Sdk.StaticWebAssets.JSModules.targets(57,5): message :       GenerateComputedBuildStaticWebAssets;
       C:\Program Files\dotnet\sdk\9.0.308\Sdks\Microsoft.NET.Sdk.StaticWebAssets\targets\Microsoft.NET.Sdk.StaticWebAssets.JSModules.targets(57,5): message :       
       C:\Program Files\dotnet\sdk\9.0.308\Sdks\Microsoft.NET.Sdk.StaticWebAssets\targets\Microsoft.NET.Sdk.StaticWebAssets.JSModules.targets(57,5): message :     ;
       C:\Program Files\dotnet\sdk\9.0.308\Sdks\Microsoft.NET.Sdk.StaticWebAssets\targets\Microsoft.NET.Sdk.StaticWebAssets.JSModules.targets(57,5): message :     ResolveScopedCssAssets;
       C:\Program Files\dotnet\sdk\9.0.308\Sdks\Microsoft.NET.Sdk.StaticWebAssets\targets\Microsoft.NET.Sdk.StaticWebAssets.JSModules.targets(57,5): message :   
       C:\Program Files\dotnet\sdk\9.0.308\Sdks\Microsoft.NET.Sdk.StaticWebAssets\targets\Microsoft.NET.Sdk.StaticWebAssets.JSModules.targets(57,5): message :     " (previous value: "
       C:\Program Files\dotnet\sdk\9.0.308\Sdks\Microsoft.NET.Sdk.StaticWebAssets\targets\Microsoft.NET.Sdk.StaticWebAssets.JSModules.targets(57,5): message :     
       C:\Program Files\dotnet\sdk\9.0.308\Sdks\Microsoft.NET.Sdk.StaticWebAssets\targets\Microsoft.NET.Sdk.StaticWebAssets.JSModules.targets(57,5): message :       ResolveCoreStaticWebAssets;
       C:\Program Files\dotnet\sdk\9.0.308\Sdks\Microsoft.NET.Sdk.StaticWebAssets\targets\Microsoft.NET.Sdk.StaticWebAssets.JSModules.targets(57,5): message :       GenerateComputedBuildStaticWebAssets;
       C:\Program Files\dotnet\sdk\9.0.308\Sdks\Microsoft.NET.Sdk.StaticWebAssets\targets\Microsoft.NET.Sdk.StaticWebAssets.JSModules.targets(57,5): message :       
       C:\Program Files\dotnet\sdk\9.0.308\Sdks\Microsoft.NET.Sdk.StaticWebAssets\targets\Microsoft.NET.Sdk.StaticWebAssets.JSModules.targets(57,5): message :     ;
       C:\Program Files\dotnet\sdk\9.0.308\Sdks\Microsoft.NET.Sdk.StaticWebAssets\targets\Microsoft.NET.Sdk.StaticWebAssets.JSModules.targets(57,5): message :     ResolveScopedCssAssets;
       C:\Program Files\dotnet\sdk\9.0.308\Sdks\Microsoft.NET.Sdk.StaticWebAssets\targets\Microsoft.NET.Sdk.StaticWebAssets.JSModules.targets(57,5): message :   ") at C:\Program Files\dotnet\sdk\9.0.308\Sdks\Microsoft.NET.Sdk.StaticWebAssets\targets\Microsoft.NET.Sdk.StaticWebAssets.JSModules.targets (57,5)
       C:\Program Files\dotnet\sdk\9.0.308\Sdks\Microsoft.NET.Sdk.StaticWebAssets\targets\Microsoft.NET.Sdk.StaticWebAssets.JSModules.targets(76,5): message : Property reassignment: $(ResolvePublishStaticWebAssetsDependsOn)="
       C:\Program Files\dotnet\sdk\9.0.308\Sdks\Microsoft.NET.Sdk.StaticWebAssets\targets\Microsoft.NET.Sdk.StaticWebAssets.JSModules.targets(76,5): message :       ResolveJSModuleManifestPublishStaticWebAssets;
       C:\Program Files\dotnet\sdk\9.0.308\Sdks\Microsoft.NET.Sdk.StaticWebAssets\targets\Microsoft.NET.Sdk.StaticWebAssets.JSModules.targets(76,5): message :       
       C:\Program Files\dotnet\sdk\9.0.308\Sdks\Microsoft.NET.Sdk.StaticWebAssets\targets\Microsoft.NET.Sdk.StaticWebAssets.JSModules.targets(76,5): message :       ResolveCorePublishStaticWebAssets;
       C:\Program Files\dotnet\sdk\9.0.308\Sdks\Microsoft.NET.Sdk.StaticWebAssets\targets\Microsoft.NET.Sdk.StaticWebAssets.JSModules.targets(76,5): message :       GenerateComputedPublishStaticWebAssets;
       C:\Program Files\dotnet\sdk\9.0.308\Sdks\Microsoft.NET.Sdk.StaticWebAssets\targets\Microsoft.NET.Sdk.StaticWebAssets.JSModules.targets(76,5): message :       ;
       C:\Program Files\dotnet\sdk\9.0.308\Sdks\Microsoft.NET.Sdk.StaticWebAssets\targets\Microsoft.NET.Sdk.StaticWebAssets.JSModules.targets(76,5): message :     
       C:\Program Files\dotnet\sdk\9.0.308\Sdks\Microsoft.NET.Sdk.StaticWebAssets\targets\Microsoft.NET.Sdk.StaticWebAssets.JSModules.targets(76,5): message :     " (previous value: "
       C:\Program Files\dotnet\sdk\9.0.308\Sdks\Microsoft.NET.Sdk.StaticWebAssets\targets\Microsoft.NET.Sdk.StaticWebAssets.JSModules.targets(76,5): message :       ResolveCorePublishStaticWebAssets;
       C:\Program Files\dotnet\sdk\9.0.308\Sdks\Microsoft.NET.Sdk.StaticWebAssets\targets\Microsoft.NET.Sdk.StaticWebAssets.JSModules.targets(76,5): message :       GenerateComputedPublishStaticWebAssets;
       C:\Program Files\dotnet\sdk\9.0.308\Sdks\Microsoft.NET.Sdk.StaticWebAssets\targets\Microsoft.NET.Sdk.StaticWebAssets.JSModules.targets(76,5): message :       ;
       C:\Program Files\dotnet\sdk\9.0.308\Sdks\Microsoft.NET.Sdk.StaticWebAssets\targets\Microsoft.NET.Sdk.StaticWebAssets.JSModules.targets(76,5): message :     ") at C:\Program Files\dotnet\sdk\9.0.308\Sdks\Microsoft.NET.Sdk.StaticWebAssets\targets\Microsoft.NET.Sdk.StaticWebAssets.JSModules.targets (76,5)
       C:\Program Files\dotnet\sdk\9.0.308\Sdks\Microsoft.NET.Sdk.StaticWebAssets\targets\Microsoft.NET.Sdk.StaticWebAssets.Compression.targets(179,5): message : Property reassignment: $(ResolveBuildRelatedStaticWebAssetsDependsOn)="
       C:\Program Files\dotnet\sdk\9.0.308\Sdks\Microsoft.NET.Sdk.StaticWebAssets\targets\Microsoft.NET.Sdk.StaticWebAssets.Compression.targets(179,5): message :       ResolveBuildCompressedStaticWebAssets;
       C:\Program Files\dotnet\sdk\9.0.308\Sdks\Microsoft.NET.Sdk.StaticWebAssets\targets\Microsoft.NET.Sdk.StaticWebAssets.Compression.targets(179,5): message :       
       C:\Program Files\dotnet\sdk\9.0.308\Sdks\Microsoft.NET.Sdk.StaticWebAssets\targets\Microsoft.NET.Sdk.StaticWebAssets.Compression.targets(179,5): message :       ResolveStaticWebAssetsInputs;
       C:\Program Files\dotnet\sdk\9.0.308\Sdks\Microsoft.NET.Sdk.StaticWebAssets\targets\Microsoft.NET.Sdk.StaticWebAssets.Compression.targets(179,5): message :       
       C:\Program Files\dotnet\sdk\9.0.308\Sdks\Microsoft.NET.Sdk.StaticWebAssets\targets\Microsoft.NET.Sdk.StaticWebAssets.Compression.targets(179,5): message :     
       C:\Program Files\dotnet\sdk\9.0.308\Sdks\Microsoft.NET.Sdk.StaticWebAssets\targets\Microsoft.NET.Sdk.StaticWebAssets.Compression.targets(179,5): message :     " (previous value: "
       C:\Program Files\dotnet\sdk\9.0.308\Sdks\Microsoft.NET.Sdk.StaticWebAssets\targets\Microsoft.NET.Sdk.StaticWebAssets.Compression.targets(179,5): message :       ResolveStaticWebAssetsInputs;
       C:\Program Files\dotnet\sdk\9.0.308\Sdks\Microsoft.NET.Sdk.StaticWebAssets\targets\Microsoft.NET.Sdk.StaticWebAssets.Compression.targets(179,5): message :       
       C:\Program Files\dotnet\sdk\9.0.308\Sdks\Microsoft.NET.Sdk.StaticWebAssets\targets\Microsoft.NET.Sdk.StaticWebAssets.Compression.targets(179,5): message :     ") at C:\Program Files\dotnet\sdk\9.0.308\Sdks\Microsoft.NET.Sdk.StaticWebAssets\targets\Microsoft.NET.Sdk.StaticWebAssets.Compression.targets (179,5)
       C:\Program Files\dotnet\sdk\9.0.308\Sdks\Microsoft.NET.Sdk.StaticWebAssets\targets\Microsoft.NET.Sdk.StaticWebAssets.Compression.targets(198,5): message : Property reassignment: $(ResolvePublishRelatedStaticWebAssetsDependsOn)="
       C:\Program Files\dotnet\sdk\9.0.308\Sdks\Microsoft.NET.Sdk.StaticWebAssets\targets\Microsoft.NET.Sdk.StaticWebAssets.Compression.targets(198,5): message :       ResolvePublishCompressedStaticWebAssets;
       C:\Program Files\dotnet\sdk\9.0.308\Sdks\Microsoft.NET.Sdk.StaticWebAssets\targets\Microsoft.NET.Sdk.StaticWebAssets.Compression.targets(198,5): message :       
       C:\Program Files\dotnet\sdk\9.0.308\Sdks\Microsoft.NET.Sdk.StaticWebAssets\targets\Microsoft.NET.Sdk.StaticWebAssets.Compression.targets(198,5): message :     " (previous value: "") at C:\Program Files\dotnet\sdk\9.0.308\Sdks\Microsoft.NET.Sdk.StaticWebAssets\targets\Microsoft.NET.Sdk.StaticWebAssets.Compression.targets (198,5)
       C:\Program Files\dotnet\sdk\9.0.308\Sdks\Microsoft.NET.Sdk.Razor\targets\Sdk.Razor.CurrentVersion.targets(205,5): message : Property reassignment: $(DebugSymbolsProjectOutputGroupDependsOn)="
       C:\Program Files\dotnet\sdk\9.0.308\Sdks\Microsoft.NET.Sdk.Razor\targets\Sdk.Razor.CurrentVersion.targets(205,5): message :       ;
       C:\Program Files\dotnet\sdk\9.0.308\Sdks\Microsoft.NET.Sdk.Razor\targets\Sdk.Razor.CurrentVersion.targets(205,5): message :       _RazorAddDebugSymbolsProjectOutputGroupOutput
       C:\Program Files\dotnet\sdk\9.0.308\Sdks\Microsoft.NET.Sdk.Razor\targets\Sdk.Razor.CurrentVersion.targets(205,5): message :     " (previous value: "") at C:\Program Files\dotnet\sdk\9.0.308\Sdks\Microsoft.NET.Sdk.Razor\targets\Sdk.Razor.CurrentVersion.targets (205,5)
       C:\Program Files\dotnet\sdk\9.0.308\Sdks\Microsoft.NET.Sdk.Razor\targets\Sdk.Razor.CurrentVersion.targets(210,5): message : Property reassignment: $(PrepareForBuildDependsOn)="
       C:\Program Files\dotnet\sdk\9.0.308\Sdks\Microsoft.NET.Sdk.Razor\targets\Sdk.Razor.CurrentVersion.targets(210,5): message :       ;GetFrameworkPaths;GetReferenceAssemblyPaths;AssignLinkMetadata;
       C:\Program Files\dotnet\sdk\9.0.308\Sdks\Microsoft.NET.Sdk.Razor\targets\Sdk.Razor.CurrentVersion.targets(210,5): message :       ResolveRazorGenerateInputs
       C:\Program Files\dotnet\sdk\9.0.308\Sdks\Microsoft.NET.Sdk.Razor\targets\Sdk.Razor.CurrentVersion.targets(210,5): message :     " (previous value: ";GetFrameworkPaths;GetReferenceAssemblyPaths;AssignLinkMetadata") at C:\Program Files\dotnet\sdk\9.0.308\Sdks\Microsoft.NET.Sdk.Razor\targets\Sdk.Razor.CurrentVersion.targets (210,5)
       C:\Program Files\dotnet\sdk\9.0.308\Sdks\Microsoft.NET.Sdk.Razor\targets\Sdk.Razor.CurrentVersion.targets(215,5): message : Property reassignment: $(GenerateNuspecDependsOn)="
       C:\Program Files\dotnet\sdk\9.0.308\Sdks\Microsoft.NET.Sdk.Razor\targets\Sdk.Razor.CurrentVersion.targets(215,5): message :       ResolveRazorGenerateInputs;
       C:\Program Files\dotnet\sdk\9.0.308\Sdks\Microsoft.NET.Sdk.Razor\targets\Sdk.Razor.CurrentVersion.targets(215,5): message :       
       C:\Program Files\dotnet\sdk\9.0.308\Sdks\Microsoft.NET.Sdk.Razor\targets\Sdk.Razor.CurrentVersion.targets(215,5): message :       IncludeStaticWebAssetsPackItems;
       C:\Program Files\dotnet\sdk\9.0.308\Sdks\Microsoft.NET.Sdk.Razor\targets\Sdk.Razor.CurrentVersion.targets(215,5): message :       Build;_LoadPackInputItems; _GetTargetFrameworksOutput; _WalkEachTargetPerFramework; _GetPackageFiles; ;
       C:\Program Files\dotnet\sdk\9.0.308\Sdks\Microsoft.NET.Sdk.Razor\targets\Sdk.Razor.CurrentVersion.targets(215,5): message :     
       C:\Program Files\dotnet\sdk\9.0.308\Sdks\Microsoft.NET.Sdk.Razor\targets\Sdk.Razor.CurrentVersion.targets(215,5): message :     " (previous value: "
       C:\Program Files\dotnet\sdk\9.0.308\Sdks\Microsoft.NET.Sdk.Razor\targets\Sdk.Razor.CurrentVersion.targets(215,5): message :       IncludeStaticWebAssetsPackItems;
       C:\Program Files\dotnet\sdk\9.0.308\Sdks\Microsoft.NET.Sdk.Razor\targets\Sdk.Razor.CurrentVersion.targets(215,5): message :       Build;_LoadPackInputItems; _GetTargetFrameworksOutput; _WalkEachTargetPerFramework; _GetPackageFiles; ;
       C:\Program Files\dotnet\sdk\9.0.308\Sdks\Microsoft.NET.Sdk.Razor\targets\Sdk.Razor.CurrentVersion.targets(215,5): message :     ") at C:\Program Files\dotnet\sdk\9.0.308\Sdks\Microsoft.NET.Sdk.Razor\targets\Sdk.Razor.CurrentVersion.targets (215,5)
       C:\Program Files\dotnet\sdk\9.0.308\Sdks\Microsoft.NET.Sdk.Razor\targets\Sdk.Razor.CurrentVersion.targets(220,5): message : Property reassignment: $(PrepareForRunDependsOn)="
       C:\Program Files\dotnet\sdk\9.0.308\Sdks\Microsoft.NET.Sdk.Razor\targets\Sdk.Razor.CurrentVersion.targets(220,5): message :       _RazorPrepareForRun;
       C:\Program Files\dotnet\sdk\9.0.308\Sdks\Microsoft.NET.Sdk.Razor\targets\Sdk.Razor.CurrentVersion.targets(220,5): message :       StaticWebAssetsPrepareForRun;
       C:\Program Files\dotnet\sdk\9.0.308\Sdks\Microsoft.NET.Sdk.Razor\targets\Sdk.Razor.CurrentVersion.targets(220,5): message :       CopyFilesToOutputDirectory
       C:\Program Files\dotnet\sdk\9.0.308\Sdks\Microsoft.NET.Sdk.Razor\targets\Sdk.Razor.CurrentVersion.targets(220,5): message :     
       C:\Program Files\dotnet\sdk\9.0.308\Sdks\Microsoft.NET.Sdk.Razor\targets\Sdk.Razor.CurrentVersion.targets(220,5): message :     " (previous value: "StaticWebAssetsPrepareForRun;
       C:\Program Files\dotnet\sdk\9.0.308\Sdks\Microsoft.NET.Sdk.Razor\targets\Sdk.Razor.CurrentVersion.targets(220,5): message :       CopyFilesToOutputDirectory
       C:\Program Files\dotnet\sdk\9.0.308\Sdks\Microsoft.NET.Sdk.Razor\targets\Sdk.Razor.CurrentVersion.targets(220,5): message :     ") at C:\Program Files\dotnet\sdk\9.0.308\Sdks\Microsoft.NET.Sdk.Razor\targets\Sdk.Razor.CurrentVersion.targets (220,5)
       C:\Program Files\dotnet\sdk\9.0.308\Sdks\Microsoft.NET.Sdk.Razor\targets\Sdk.Razor.CurrentVersion.targets(311,5): message : Property reassignment: $(UseRazorBuildServer)="true" (previous value: "") at C:\Program Files\dotnet\sdk\9.0.308\Sdks\Microsoft.NET.Sdk.Razor\targets\Sdk.Razor.CurrentVersion.targets (311,5)
       C:\Program Files\dotnet\sdk\9.0.308\Sdks\Microsoft.NET.Sdk.Razor\targets\Sdk.Razor.CurrentVersion.targets(317,5): message : Property reassignment: $(_RazorDebugSymbolsProduced)="true" (previous value: "false") at C:\Program Files\dotnet\sdk\9.0.308\Sdks\Microsoft.NET.Sdk.Razor\targets\Sdk.Razor.CurrentVersion.targets (317,5)
       C:\Program Files\dotnet\sdk\9.0.308\Sdks\Microsoft.NET.Sdk.Razor\targets\Microsoft.NET.Sdk.Razor.GenerateAssemblyInfo.targets(36,5): message : Property reassignment: $(GenerateRazorTargetAssemblyInfoDependsOn)="
       C:\Program Files\dotnet\sdk\9.0.308\Sdks\Microsoft.NET.Sdk.Razor\targets\Microsoft.NET.Sdk.Razor.GenerateAssemblyInfo.targets(36,5): message :       _ResolveMvcAssemblyAttributes;
       C:\Program Files\dotnet\sdk\9.0.308\Sdks\Microsoft.NET.Sdk.Razor\targets\Microsoft.NET.Sdk.Razor.GenerateAssemblyInfo.targets(36,5): message :       
       C:\Program Files\dotnet\sdk\9.0.308\Sdks\Microsoft.NET.Sdk.Razor\targets\Microsoft.NET.Sdk.Razor.GenerateAssemblyInfo.targets(36,5): message :       GetRazorTargetAssemblyAttributes;
       C:\Program Files\dotnet\sdk\9.0.308\Sdks\Microsoft.NET.Sdk.Razor\targets\Microsoft.NET.Sdk.Razor.GenerateAssemblyInfo.targets(36,5): message :       _CreateRazorTargetAssemblyInfoInputsCacheFile;
       C:\Program Files\dotnet\sdk\9.0.308\Sdks\Microsoft.NET.Sdk.Razor\targets\Microsoft.NET.Sdk.Razor.GenerateAssemblyInfo.targets(36,5): message :       CoreGenerateRazorTargetAssemblyInfo
       C:\Program Files\dotnet\sdk\9.0.308\Sdks\Microsoft.NET.Sdk.Razor\targets\Microsoft.NET.Sdk.Razor.GenerateAssemblyInfo.targets(36,5): message :     
       C:\Program Files\dotnet\sdk\9.0.308\Sdks\Microsoft.NET.Sdk.Razor\targets\Microsoft.NET.Sdk.Razor.GenerateAssemblyInfo.targets(36,5): message :     " (previous value: "
       C:\Program Files\dotnet\sdk\9.0.308\Sdks\Microsoft.NET.Sdk.Razor\targets\Microsoft.NET.Sdk.Razor.GenerateAssemblyInfo.targets(36,5): message :       GetRazorTargetAssemblyAttributes;
       C:\Program Files\dotnet\sdk\9.0.308\Sdks\Microsoft.NET.Sdk.Razor\targets\Microsoft.NET.Sdk.Razor.GenerateAssemblyInfo.targets(36,5): message :       _CreateRazorTargetAssemblyInfoInputsCacheFile;
       C:\Program Files\dotnet\sdk\9.0.308\Sdks\Microsoft.NET.Sdk.Razor\targets\Microsoft.NET.Sdk.Razor.GenerateAssemblyInfo.targets(36,5): message :       CoreGenerateRazorTargetAssemblyInfo
       C:\Program Files\dotnet\sdk\9.0.308\Sdks\Microsoft.NET.Sdk.Razor\targets\Microsoft.NET.Sdk.Razor.GenerateAssemblyInfo.targets(36,5): message :     ") at C:\Program Files\dotnet\sdk\9.0.308\Sdks\Microsoft.NET.Sdk.Razor\targets\Microsoft.NET.Sdk.Razor.GenerateAssemblyInfo.targets (36,5)
       C:\Program Files\dotnet\sdk\9.0.308\Sdks\Microsoft.NET.Sdk.Razor\targets\Microsoft.NET.Sdk.Razor.GenerateAssemblyInfo.targets(181,5): message : Property reassignment: $(CoreCompileDependsOn)="
       C:\Program Files\dotnet\sdk\9.0.308\Sdks\Microsoft.NET.Sdk.Razor\targets\Microsoft.NET.Sdk.Razor.GenerateAssemblyInfo.targets(181,5): message :       ;_ComputeNonExistentFileProperty;ResolveCodeAnalysisRuleSet;
       C:\Program Files\dotnet\sdk\9.0.308\Sdks\Microsoft.NET.Sdk.Razor\targets\Microsoft.NET.Sdk.Razor.GenerateAssemblyInfo.targets(181,5): message :       _GenerateRazorAssemblyInfo
       C:\Program Files\dotnet\sdk\9.0.308\Sdks\Microsoft.NET.Sdk.Razor\targets\Microsoft.NET.Sdk.Razor.GenerateAssemblyInfo.targets(181,5): message :     " (previous value: ";_ComputeNonExistentFileProperty;ResolveCodeAnalysisRuleSet") at C:\Program Files\dotnet\sdk\9.0.308\Sdks\Microsoft.NET.Sdk.Razor\targets\Microsoft.NET.Sdk.Razor.GenerateAssemblyInfo.targets (181,5)
       C:\Program Files\dotnet\sdk\9.0.308\Sdks\Microsoft.NET.Sdk.Razor\targets\Microsoft.NET.Sdk.Razor.GenerateAssemblyInfo.targets(189,5): message : Property reassignment: $(_GenerateRazorAssemblyInfoDependsOn)="
       C:\Program Files\dotnet\sdk\9.0.308\Sdks\Microsoft.NET.Sdk.Razor\targets\Microsoft.NET.Sdk.Razor.GenerateAssemblyInfo.targets(189,5): message :       _ResolveMvcAssemblyAttributes;
       C:\Program Files\dotnet\sdk\9.0.308\Sdks\Microsoft.NET.Sdk.Razor\targets\Microsoft.NET.Sdk.Razor.GenerateAssemblyInfo.targets(189,5): message :       RazorGetAssemblyAttributes;PrepareForBuild;_CoreGenerateRazorAssemblyInfo;
       C:\Program Files\dotnet\sdk\9.0.308\Sdks\Microsoft.NET.Sdk.Razor\targets\Microsoft.NET.Sdk.Razor.GenerateAssemblyInfo.targets(189,5): message :     " (previous value: "RazorGetAssemblyAttributes;PrepareForBuild;_CoreGenerateRazorAssemblyInfo") at C:\Program Files\dotnet\sdk\9.0.308\Sdks\Microsoft.NET.Sdk.Razor\targets\Microsoft.NET.Sdk.Razor.GenerateAssemblyInfo.targets (189,5)
       C:\Program Files\dotnet\sdk\9.0.308\Sdks\Microsoft.NET.Sdk.Razor\targets\Microsoft.NET.Sdk.Razor.MvcApplicationPartsDiscovery.targets(22,5): message : Property reassignment: $(CoreCompileDependsOn)="
       C:\Program Files\dotnet\sdk\9.0.308\Sdks\Microsoft.NET.Sdk.Razor\targets\Microsoft.NET.Sdk.Razor.MvcApplicationPartsDiscovery.targets(22,5): message :       _DiscoverMvcApplicationParts;
       C:\Program Files\dotnet\sdk\9.0.308\Sdks\Microsoft.NET.Sdk.Razor\targets\Microsoft.NET.Sdk.Razor.MvcApplicationPartsDiscovery.targets(22,5): message :       
       C:\Program Files\dotnet\sdk\9.0.308\Sdks\Microsoft.NET.Sdk.Razor\targets\Microsoft.NET.Sdk.Razor.MvcApplicationPartsDiscovery.targets(22,5): message :       ;_ComputeNonExistentFileProperty;ResolveCodeAnalysisRuleSet;
       C:\Program Files\dotnet\sdk\9.0.308\Sdks\Microsoft.NET.Sdk.Razor\targets\Microsoft.NET.Sdk.Razor.MvcApplicationPartsDiscovery.targets(22,5): message :       _GenerateRazorAssemblyInfo
       C:\Program Files\dotnet\sdk\9.0.308\Sdks\Microsoft.NET.Sdk.Razor\targets\Microsoft.NET.Sdk.Razor.MvcApplicationPartsDiscovery.targets(22,5): message :     ;
       C:\Program Files\dotnet\sdk\9.0.308\Sdks\Microsoft.NET.Sdk.Razor\targets\Microsoft.NET.Sdk.Razor.MvcApplicationPartsDiscovery.targets(22,5): message :     " (previous value: "
       C:\Program Files\dotnet\sdk\9.0.308\Sdks\Microsoft.NET.Sdk.Razor\targets\Microsoft.NET.Sdk.Razor.MvcApplicationPartsDiscovery.targets(22,5): message :       ;_ComputeNonExistentFileProperty;ResolveCodeAnalysisRuleSet;
       C:\Program Files\dotnet\sdk\9.0.308\Sdks\Microsoft.NET.Sdk.Razor\targets\Microsoft.NET.Sdk.Razor.MvcApplicationPartsDiscovery.targets(22,5): message :       _GenerateRazorAssemblyInfo
       C:\Program Files\dotnet\sdk\9.0.308\Sdks\Microsoft.NET.Sdk.Razor\targets\Microsoft.NET.Sdk.Razor.MvcApplicationPartsDiscovery.targets(22,5): message :     ") at C:\Program Files\dotnet\sdk\9.0.308\Sdks\Microsoft.NET.Sdk.Razor\targets\Microsoft.NET.Sdk.Razor.MvcApplicationPartsDiscovery.targets (22,5)
       C:\Program Files\dotnet\sdk\9.0.308\Sdks\Microsoft.NET.Sdk.Razor\targets\Sdk.Razor.CurrentVersion.targets(791,5): message : Property reassignment: $(RazorDesignTimeTargets)="C:\Program Files\dotnet\sdk\9.0.308\Sdks\Microsoft.NET.Sdk.Razor\targets\Microsoft.NET.Sdk.Razor.DesignTime.targets" (previous value: "C:\Program Files\dotnet\sdk\9.0.308\\Microsoft\VisualStudio\Razor\Microsoft.NET.Sdk.Razor.DesignTime.targets") at C:\Program Files\dotnet\sdk\9.0.308\Sdks\Microsoft.NET.Sdk.Razor\targets\Sdk.Razor.CurrentVersion.targets (791,5)
       C:\Program Files\dotnet\sdk\9.0.308\Sdks\Microsoft.NET.Sdk.Web.ProjectSystem\targets\Microsoft.NET.Sdk.Web.ProjectSystem.targets(21,5): message : Property reassignment: $(RunWorkingDirectory)="C:\Users\DELL\OneDrive\Desktop\Web spa\Long(ThanhToan_DatLich" (previous value: "") at C:\Program Files\dotnet\sdk\9.0.308\Sdks\Microsoft.NET.Sdk.Web.ProjectSystem\targets\Microsoft.NET.Sdk.Web.ProjectSystem.targets (21,5)
       C:\Program Files\dotnet\sdk\9.0.308\Sdks\Microsoft.NET.Sdk.Publish\targets\Microsoft.NET.Sdk.Publish.targets(60,5): message : Property reassignment: $(PublishProfileImported)="true" (previous value: "false") at C:\Program Files\dotnet\sdk\9.0.308\Sdks\Microsoft.NET.Sdk.Publish\targets\Microsoft.NET.Sdk.Publish.targets (60,5)
       C:\Program Files\dotnet\sdk\9.0.308\Sdks\Microsoft.NET.Sdk.Publish\targets\Microsoft.NET.Sdk.Publish.targets(81,5): message : Property reassignment: $(PublishConfiguration)="Debug" (previous value: "") at C:\Program Files\dotnet\sdk\9.0.308\Sdks\Microsoft.NET.Sdk.Publish\targets\Microsoft.NET.Sdk.Publish.targets (81,5)
       C:\Program Files\dotnet\sdk\9.0.308\Sdks\Microsoft.NET.Sdk.Publish\targets\Microsoft.NET.Sdk.Publish.targets(87,5): message : Property reassignment: $(BaseIntermediateOutputPath)="C:\Users\DELL\OneDrive\Desktop\Web spa\Long(ThanhToan_DatLich\obj\" (previous value: "obj\") at C:\Program Files\dotnet\sdk\9.0.308\Sdks\Microsoft.NET.Sdk.Publish\targets\Microsoft.NET.Sdk.Publish.targets (87,5)
       Overriding target "ResolveFrameworkReferences" in project "C:\Program Files\dotnet\sdk\9.0.308\Microsoft.Common.CurrentVersion.targets" with target "ResolveFrameworkReferences" from project "C:\Program Files\dotnet\sdk\9.0.308\Sdks\Microsoft.NET.Sdk\targets\Microsoft.NET.Sdk.FrameworkReferenceResolution.targets".
       Overriding target "Run" in project "C:\Program Files\dotnet\sdk\9.0.308\Microsoft.Common.CurrentVersion.targets" with target "Run" from project "C:\Program Files\dotnet\sdk\9.0.308\Sdks\Microsoft.NET.Sdk\targets\Microsoft.NET.Sdk.targets".
       Overriding target "GenerateSupportedTargetFrameworkAlias" in project "C:\Program Files\dotnet\sdk\9.0.308\Microsoft.Common.CurrentVersion.targets" with target "GenerateSupportedTargetFrameworkAlias" from project "C:\Program Files\dotnet\sdk\9.0.308\Sdks\Microsoft.NET.Sdk\targets\Microsoft.NET.Sdk.targets".
       Overriding target "GetReferenceAssemblyPaths" in project "C:\Program Files\dotnet\sdk\9.0.308\Microsoft.Common.CurrentVersion.targets" with target "GetReferenceAssemblyPaths" from project "C:\Program Files\dotnet\sdk\9.0.308\Sdks\Microsoft.NET.Sdk\targets\Microsoft.NET.DisableStandardFrameworkResolution.targets".
       Overriding target "GetFrameworkPaths" in project "C:\Program Files\dotnet\sdk\9.0.308\Microsoft.Common.CurrentVersion.targets" with target "GetFrameworkPaths" from project "C:\Program Files\dotnet\sdk\9.0.308\Sdks\Microsoft.NET.Sdk\targets\Microsoft.NET.DisableStandardFrameworkResolution.targets".
       Overriding target "DesignerRuntimeImplementationProjectOutputGroup" in project "C:\Program Files\dotnet\sdk\9.0.308\Microsoft.Common.CurrentVersion.targets" with target "DesignerRuntimeImplementationProjectOutputGroup" from project "C:\Program Files\dotnet\sdk\9.0.308\Sdks\Microsoft.NET.Sdk\targets\Microsoft.NET.DesignerSupport.targets".
       Overriding target "Publish" in project "C:\Program Files\dotnet\sdk\9.0.308\Microsoft.Common.CurrentVersion.targets" with target "Publish" from project "C:\Program Files\dotnet\sdk\9.0.308\Sdks\Microsoft.NET.Sdk\targets\Microsoft.NET.Publish.targets".
       Overriding target "ResolveReadyToRunCompilers" in project "C:\Program Files\dotnet\sdk\9.0.308\Sdks\Microsoft.NET.Sdk\targets\Microsoft.NET.CrossGen.targets" with target "ResolveReadyToRunCompilers" from project "C:\Program Files\dotnet\sdk\9.0.308\Sdks\Microsoft.NET.Sdk\targets\Microsoft.NET.Publish.targets".
       Overriding target "GetCopyToPublishDirectoryItems" in project "C:\Program Files\dotnet\sdk\9.0.308\Microsoft.Common.CurrentVersion.targets" with target "GetCopyToPublishDirectoryItems" from project "C:\Program Files\dotnet\sdk\9.0.308\Sdks\Microsoft.NET.Sdk\targets\Microsoft.NET.Publish.targets".
       Overriding target "BeforePublish" in project "C:\Program Files\dotnet\sdk\9.0.308\Microsoft.Common.CurrentVersion.targets" with target "BeforePublish" from project "C:\Program Files\dotnet\sdk\9.0.308\Sdks\Microsoft.NET.Sdk.Publish\targets\Microsoft.NET.Sdk.Publish.targets".
       Overriding target "AfterPublish" in project "C:\Program Files\dotnet\sdk\9.0.308\Microsoft.Common.CurrentVersion.targets" with target "AfterPublish" from project "C:\Program Files\dotnet\sdk\9.0.308\Sdks\Microsoft.NET.Sdk.Publish\targets\Microsoft.NET.Sdk.Publish.targets".
       The target "ResolveNuGetPackageAssets" listed in an AfterTargets attribute at "C:\Users\DELL\.nuget\packages\microsoft.extensions.options\8.0.2\buildTransitive\net6.0\Microsoft.Extensions.Options.targets (11,11)" does not exist in the project, and will be ignored.
       The target "ResolveNuGetPackageAssets" listed in an AfterTargets attribute at "C:\Users\DELL\.nuget\packages\microsoft.extensions.options\8.0.2\buildTransitive\net6.0\Microsoft.Extensions.Options.targets (23,11)" does not exist in the project, and will be ignored.
       The target "ResolveNuGetPackageAssets" listed in an AfterTargets attribute at "C:\Users\DELL\.nuget\packages\microsoft.extensions.logging.abstractions\8.0.2\buildTransitive\net6.0\Microsoft.Extensions.Logging.Abstractions.targets (11,11)" does not exist in the project, and will be ignored.
       The target "ResolveNuGetPackageAssets" listed in an AfterTargets attribute at "C:\Users\DELL\.nuget\packages\microsoft.extensions.logging.abstractions\8.0.2\buildTransitive\net6.0\Microsoft.Extensions.Logging.Abstractions.targets (23,11)" does not exist in the project, and will be ignored.
       The target "CollectUpToDateCheckInputDesignTime" listed in a BeforeTargets attribute at "C:\Program Files\dotnet\sdk\9.0.308\Sdks\Microsoft.NET.Sdk.StaticWebAssets\targets\Microsoft.NET.Sdk.StaticWebAssets.ScopedCss.targets (171,5)" does not exist in the project, and will be ignored.
       The target "CollectUpToDateCheckBuiltDesignTime" listed in a BeforeTargets attribute at "C:\Program Files\dotnet\sdk\9.0.308\Sdks\Microsoft.NET.Sdk.StaticWebAssets\targets\Microsoft.NET.Sdk.StaticWebAssets.ScopedCss.targets (171,5)" does not exist in the project, and will be ignored.
       The target "RazorGenerateComponentDeclaration" listed in an AfterTargets attribute at "C:\Program Files\dotnet\sdk\9.0.308\Sdks\Microsoft.NET.Sdk.Razor\targets\Microsoft.NET.Sdk.Razor.DesignTime.targets (55,53)" does not exist in the project, and will be ignored.
   1:2>Project "C:\Users\DELL\OneDrive\Desktop\Web spa\Long(ThanhToan_DatLich\SpaN5.sln" (1:2) is building "C:\Users\DELL\OneDrive\Desktop\Web spa\Long(ThanhToan_DatLich\SpaN5.csproj" (2:6) on node 1 (default targets).
   2:6>Target "_CheckForUnsupportedTargetFramework" skipped, due to false condition; ('$(_UnsupportedTargetFrameworkError)' == 'true') was evaluated as ('' == 'true').
   2:6>Target "_CollectTargetFrameworkForTelemetry" in file "C:\Program Files\dotnet\sdk\9.0.308\Sdks\Microsoft.NET.Sdk\targets\Microsoft.NET.TargetFrameworkInference.targets" from project "C:\Users\DELL\OneDrive\Desktop\Web spa\Long(ThanhToan_DatLich\SpaN5.csproj" (target "_CheckForInvalidConfigurationAndPlatform" depends on it):
       Using "AllowEmptyTelemetry" task from assembly "C:\Program Files\dotnet\sdk\9.0.308\Sdks\Microsoft.NET.Sdk\targets\..\tools\net9.0\Microsoft.NET.Build.Tasks.dll".
       Task "AllowEmptyTelemetry"
       Done executing task "AllowEmptyTelemetry".
   2:6>Done building target "_CollectTargetFrameworkForTelemetry" in project "SpaN5.csproj".
       Target "_CheckForUnsupportedTargetPlatformIdentifier" skipped, due to false condition; ('$(TargetPlatformIdentifier)' != '' and '$(TargetFrameworkIdentifier)' == '.NETCoreApp' and $([MSBuild]::VersionGreaterThanOrEquals($(TargetFrameworkVersion), 5.0)) And ('$(DesignTimeBuild)' != 'true' Or '@(MissingWorkloadPack)' == '')) was evaluated as ('' != '' and '.NETCoreApp' == '.NETCoreApp' and True And ('' != 'true' Or '' == '')).
       Target "_CheckForMissingWorkload" skipped, due to false condition; ('@(MissingWorkloadPack)' != '' And '$(DesignTimeBuild)' != 'true') was evaluated as ('' != '' And '' != 'true').
   2:6>Target "_CheckForUnsupportedNETCoreVersion" in file "C:\Program Files\dotnet\sdk\9.0.308\Sdks\Microsoft.NET.Sdk\targets\Microsoft.NET.TargetFrameworkInference.targets" from project "C:\Users\DELL\OneDrive\Desktop\Web spa\Long(ThanhToan_DatLich\SpaN5.csproj" (target "_CheckForInvalidConfigurationAndPlatform" depends on it):
       Task "NETSdkError" skipped, due to false condition; ('$(_TargetFrameworkVersionWithoutV)' > '$(NETCoreAppMaximumVersion)' and '$(DisplayVSMessage)' != 'true') was evaluated as ('8.0' > '9.0' and '' != 'true').
       Task "NETSdkError" skipped, due to false condition; ('$(DisplayVSMessage)' == 'true') was evaluated as ('' == 'true').
   2:6>Done building target "_CheckForUnsupportedNETCoreVersion" in project "SpaN5.csproj".
       Target "_CheckForEolTargetFrameworks" skipped, due to false condition; ('@(_EolNetCoreTargetFrameworkVersions->AnyHaveMetadataValue('Identity', '$(_TargetFrameworkVersionWithoutV)'))' and '$(TargetFrameworkIdentifier)' == '.NETCoreApp' and '$(CheckEolTargetFramework)' == 'true') was evaluated as ('false' and '.NETCoreApp' == '.NETCoreApp' and 'true' == 'true').
       Target "_CheckForEolWorkloads" skipped, due to false condition; ('@(EolWorkload)' != '' and '$(CheckEolWorkloads)' == 'true') was evaluated as ('' != '' and 'true' == 'true').
       Target "_CheckForNotRecommendedNETStandardVersion" skipped, due to false condition; ('$(TargetFrameworkIdentifier)' == '.NETStandard' and $([MSBuild]::VersionLessThan($(TargetFrameworkVersion), '2.0'))) was evaluated as ('.NETCoreApp' == '.NETStandard' and False).
   2:6>Target "_CheckForUnsupportedCppNETCoreVersion" in file "C:\Program Files\dotnet\sdk\9.0.308\Sdks\Microsoft.NET.Sdk\targets\Microsoft.NET.TargetFrameworkInference.targets" from project "C:\Users\DELL\OneDrive\Desktop\Web spa\Long(ThanhToan_DatLich\SpaN5.csproj" (target "_CheckForInvalidConfigurationAndPlatform" depends on it):
       Task "NETSdkError" skipped, due to false condition; ('$(TargetFrameworkIdentifier)' == '.NETCoreApp' and '$(_TargetFrameworkVersionWithoutV)' < '3.1' and ('$(Language)' == 'C++' and '$(_EnablePackageReferencesInVCProjects)' != 'true')) was evaluated as ('.NETCoreApp' == '.NETCoreApp' and '8.0' < '3.1' and ('C#' == 'C++' and '' != 'true')).
   2:6>Done building target "_CheckForUnsupportedCppNETCoreVersion" in project "SpaN5.csproj".
       Target "_CheckForUnsupportedNETStandardVersion" skipped, due to false condition; ('$(TargetFrameworkIdentifier)' == '.NETStandard' And '$(NETStandardMaximumVersion)' != '') was evaluated as ('.NETCoreApp' == '.NETStandard' And '' != '').
       Target "_CheckForUnsupportedTargetFrameworkAndFeatureCombination" skipped, due to false condition; ('$(TargetFrameworkIdentifier)' == '.NETFramework') was evaluated as ('.NETCoreApp' == '.NETFramework').
       Target "_CheckForSupportedOSPlatformVersionHigherThanTargetPlatformVersion" skipped, due to false condition; ('$(TargetPlatformVersion)' != '' and '$(TargetFrameworkIdentifier)' == '.NETCoreApp' and $([MSBuild]::VersionGreaterThanOrEquals($(TargetFrameworkVersion), 5.0))) was evaluated as ('' != '' and '.NETCoreApp' == '.NETCoreApp' and True).
       Target "_CheckForInvalidTargetPlatformVersion" skipped, due to false condition; ('$(TargetPlatformVersion)' != '' and '$(TargetFrameworkIdentifier)' == '.NETCoreApp' and $([MSBuild]::VersionGreaterThanOrEquals($(TargetFrameworkVersion), 5.0)) and ('$(Language)' != 'C++' or '$(_EnablePackageReferencesInVCProjects)' == 'true')) was evaluated as ('' != '' and '.NETCoreApp' == '.NETCoreApp' and True and ('C#' != 'C++' or '' == 'true')).
   2:6>Target "_CheckForUnsupportedArtifactsPath" in file "C:\Program Files\dotnet\sdk\9.0.308\Sdks\Microsoft.NET.Sdk\targets\Microsoft.NET.DefaultOutputPaths.targets" from project "C:\Users\DELL\OneDrive\Desktop\Web spa\Long(ThanhToan_DatLich\SpaN5.csproj" (target "_CheckForInvalidConfigurationAndPlatform" depends on it):
       Task "NetSdkError" skipped, due to false condition; ('$(UseArtifactsOutput)' == 'true' and '$(_ArtifactsPathSetEarly)' != 'true') was evaluated as ('' == 'true' and '' != 'true').
       Task "NetSdkError" skipped, due to false condition; ('$(_ArtifactsPathLocationType)' == 'ProjectFolder') was evaluated as ('' == 'ProjectFolder').
   2:6>Done building target "_CheckForUnsupportedArtifactsPath" in project "SpaN5.csproj".
       Target "_CheckForMissingWorkload" skipped, due to false condition; ('@(MissingWorkloadPack)' != '' And '$(DesignTimeBuild)' != 'true') was evaluated as ('' != '' And '' != 'true').
   2:6>Target "_CheckForUnsupportedAppHostUsage" in file "C:\Program Files\dotnet\sdk\9.0.308\Sdks\Microsoft.NET.Sdk\targets\Microsoft.NET.RuntimeIdentifierInference.targets" from project "C:\Users\DELL\OneDrive\Desktop\Web spa\Long(ThanhToan_DatLich\SpaN5.csproj" (target "_CheckForInvalidConfigurationAndPlatform" depends on it):
       Task "NETSdkError" skipped, due to false condition; ('$(SelfContained)' == 'true' and '$(RuntimeIdentifier)' == '' and '$(AllowSelfContainedWithoutRuntimeIdentifier)' != 'true') was evaluated as ('false' == 'true' and '' == '' and '' != 'true').
       Task "NETSdkError" skipped, due to false condition; ('$(PublishReadyToRun)' == 'true' and '$(RuntimeIdentifier)' == '' and '$(_IsPublishing)' == 'true') was evaluated as ('' == 'true' and '' == '' and '' == 'true').
       Task "NETSdkError" skipped, due to false condition; ('$(PublishSingleFile)' == 'true' and '$(RuntimeIdentifier)' == '' and '$(_IsPublishing)' == 'true') was evaluated as ('' == 'true' and '' == '' and '' == 'true').
       Task "NETSdkError" skipped, due to false condition; ('$(PublishAot)' == 'true' and '$(RuntimeIdentifier)' == '' and '$(_IsPublishing)' == 'true' and '$(AllowPublishAotWithoutRuntimeIdentifier)' != 'true') was evaluated as ('' == 'true' and '' == '' and '' == 'true' and '' != 'true').
       Task "NETSdkError" skipped, due to false condition; ('$(PublishSelfContained)' != 'true' and '$(PublishSelfContained)' != 'false' and '$(PublishSelfContained)' != '') was evaluated as ('' != 'true' and '' != 'false' and '' != '').
       Task "NETSdkError" skipped, due to false condition; ('$(SelfContained)' == 'true' and '$(UseAppHost)' != 'true' and '$(_RuntimeIdentifierUsesAppHost)' == 'true') was evaluated as ('false' == 'true' and 'false' != 'true' and 'true' == 'true').
       Task "NETSdkError" skipped, due to false condition; ('$(SelfContained)' != 'true' and '$(UseAppHost)' == 'true' and '$(_TargetFrameworkVersionWithoutV)' < '2.1') was evaluated as ('false' != 'true' and 'false' == 'true' and '8.0' < '2.1').
       Task "NETSdkError" skipped, due to false condition; ('$(PublishSingleFile)' == 'true' and '$(_TargetFrameworkVersionWithoutV)' < '3.0') was evaluated as ('' == 'true' and '8.0' < '3.0').
       Task "NETSdkWarning" skipped, due to false condition; ('$(PublishReadyToRun)' == 'true' and '$(_TargetFrameworkVersionWithoutV)' < '3.0') was evaluated as ('' == 'true' and '8.0' < '3.0').
       Task "NETSdkWarning" skipped, due to false condition; ('$(RuntimeIdentifier)' != '' and '$(_TargetFrameworkVersionWithoutV)' != '' and $([MSBuild]::VersionLessThan($(_TargetFrameworkVersionWithoutV), '8.0')) and '$(_SelfContainedWasSpecified)' != 'true') was evaluated as ('' != '' and '8.0' != '' and False and '' != 'true').
       Task "NetSdkError" skipped, due to false condition; (('$(UseWindowsForms)' == 'true') and ('$(PublishTrimmed)' == 'true') and ('$(_SuppressWinFormsTrimError)' != 'true')) was evaluated as (('' == 'true') and ('' == 'true') and ('' != 'true')).
       Task "NetSdkError" skipped, due to false condition; (('$(UseWpf)' == 'true') and ('$(PublishTrimmed)' == 'true') and ('$(_SuppressWpfTrimError)' != 'true')) was evaluated as (('' == 'true') and ('' == 'true') and ('' != 'true')).
   2:6>Done building target "_CheckForUnsupportedAppHostUsage" in project "SpaN5.csproj".
   2:6>Target "_CheckForUnsupportedHostingUsage" in file "C:\Program Files\dotnet\sdk\9.0.308\Sdks\Microsoft.NET.Sdk\targets\Microsoft.NET.RuntimeIdentifierInference.targets" from project "C:\Users\DELL\OneDrive\Desktop\Web spa\Long(ThanhToan_DatLich\SpaN5.csproj" (target "_CheckForInvalidConfigurationAndPlatform" depends on it):
       Task "NETSdkWarning" skipped, due to false condition; ('$(SelfContained)' == 'true' and '$(EnableComHosting)' == 'true') was evaluated as ('false' == 'true' and '' == 'true').
   2:6>Done building target "_CheckForUnsupportedHostingUsage" in project "SpaN5.csproj".
   2:6>Target "_CheckAndUnsetUnsupportedPrefer32Bit" in file "C:\Program Files\dotnet\sdk\9.0.308\Sdks\Microsoft.NET.Sdk\targets\Microsoft.NET.RuntimeIdentifierInference.targets" from project "C:\Users\DELL\OneDrive\Desktop\Web spa\Long(ThanhToan_DatLich\SpaN5.csproj" (target "_CheckForInvalidConfigurationAndPlatform" depends on it):
       Task "NETSdkWarning" skipped, due to false condition; ('$(Prefer32Bit)' == 'true') was evaluated as ('false' == 'true').
   2:6>Done building target "_CheckAndUnsetUnsupportedPrefer32Bit" in project "SpaN5.csproj".
       Target "_CheckAndUnsetUnsupportedPreferNativeArm64" skipped, due to false condition; ('$(TargetFrameworkIdentifier)' == '.NETCoreApp' and '$(PreferNativeArm64)' == 'true') was evaluated as ('.NETCoreApp' == '.NETCoreApp' and 'false' == 'true').
       Target "_CheckForMismatchingPlatform" skipped, due to false condition; ('$(RuntimeIdentifier)' != '' and '$(PlatformTarget)' != '') was evaluated as ('' != '' and '' != '').
   2:6>Target "_CheckForLanguageAndFeatureCombinationSupport" in file "C:\Program Files\dotnet\sdk\9.0.308\Sdks\Microsoft.NET.Sdk\targets\Microsoft.NET.RuntimeIdentifierInference.targets" from project "C:\Users\DELL\OneDrive\Desktop\Web spa\Long(ThanhToan_DatLich\SpaN5.csproj" (target "_CheckForInvalidConfigurationAndPlatform" depends on it):
       Task "NETSdkError" skipped, due to false condition; (('$(Language)' == 'C++' and '$(_EnablePackageReferencesInVCProjects)' != 'true') and $(OutputType) != 'library' and '$(TargetFrameworkIdentifier)' == '.NETCoreApp') was evaluated as (('C#' == 'C++' and '' != 'true') and Exe != 'library' and '.NETCoreApp' == '.NETCoreApp').
       Task "NETSdkError" skipped, due to false condition; (('$(Language)' == 'C++' and '$(_EnablePackageReferencesInVCProjects)' != 'true') and $(EnableComHosting) == 'true') was evaluated as (('C#' == 'C++' and '' != 'true') and  == 'true').
       Task "NETSdkError" skipped, due to false condition; (('$(Language)' == 'C++' and '$(_EnablePackageReferencesInVCProjects)' != 'true') and $(SelfContained) == 'true') was evaluated as (('C#' == 'C++' and '' != 'true') and false == 'true').
   2:6>Done building target "_CheckForLanguageAndFeatureCombinationSupport" in project "SpaN5.csproj".
       Target "_CheckForNETCoreSdkIsPreview" skipped, due to false condition; ( '$(_NETCoreSdkIsPreview)' == 'true' AND '$(SuppressNETCoreSdkPreviewMessage)' != 'true' ) was evaluated as ( 'false' == 'true' AND '' != 'true' ).
   2:6>Target "_GetProjectJsonPath" in file "C:\Program Files\dotnet\sdk\9.0.308\NuGet.targets" from project "C:\Users\DELL\OneDrive\Desktop\Web spa\Long(ThanhToan_DatLich\SpaN5.csproj" (target "_GetRestoreProjectStyle" depends on it):
       Task "GetRestoreProjectJsonPathTask" skipped, due to false condition; ( '$(RestoreProjectStyle)' == 'ProjectJson' OR '$(RestoreProjectStyle)' == '' ) was evaluated as ( 'PackageReference' == 'ProjectJson' OR 'PackageReference' == '' ).
   2:6>Done building target "_GetProjectJsonPath" in project "SpaN5.csproj".
       Target "_CheckForUnsupportedTargetPlatformIdentifier" skipped, due to false condition; ('$(TargetPlatformIdentifier)' != '' and '$(TargetFrameworkIdentifier)' == '.NETCoreApp' and $([MSBuild]::VersionGreaterThanOrEquals($(TargetFrameworkVersion), 5.0)) And ('$(DesignTimeBuild)' != 'true' Or '@(MissingWorkloadPack)' == '')) was evaluated as ('' != '' and '.NETCoreApp' == '.NETCoreApp' and True And ('' != 'true' Or '' == '')).
       Target "_CheckForMissingWorkload" skipped, due to false condition; ('@(MissingWorkloadPack)' != '' And '$(DesignTimeBuild)' != 'true') was evaluated as ('' != '' And '' != 'true').
       Target "_CheckForNotRecommendedNETStandardVersion" skipped, due to false condition; ('$(TargetFrameworkIdentifier)' == '.NETStandard' and $([MSBuild]::VersionLessThan($(TargetFrameworkVersion), '2.0'))) was evaluated as ('.NETCoreApp' == '.NETStandard' and False).
       Target "_CheckForUnsupportedNETStandardVersion" skipped, due to false condition; ('$(TargetFrameworkIdentifier)' == '.NETStandard' And '$(NETStandardMaximumVersion)' != '') was evaluated as ('.NETCoreApp' == '.NETStandard' And '' != '').
       Target "_CheckForUnsupportedTargetFrameworkAndFeatureCombination" skipped, due to false condition; ('$(TargetFrameworkIdentifier)' == '.NETFramework') was evaluated as ('.NETCoreApp' == '.NETFramework').
   2:6>Target "UpdateAspNetToFrameworkReference" in file "C:\Program Files\dotnet\sdk\9.0.308\Sdks\Microsoft.NET.Sdk\targets\Microsoft.NET.Sdk.DefaultItems.Shared.targets" from project "C:\Users\DELL\OneDrive\Desktop\Web spa\Long(ThanhToan_DatLich\SpaN5.csproj" (target "ApplyImplicitVersions" depends on it):
       Using "CheckIfPackageReferenceShouldBeFrameworkReference" task from assembly "C:\Program Files\dotnet\sdk\9.0.308\Sdks\Microsoft.NET.Sdk\targets\..\tools\net9.0\Microsoft.NET.Build.Tasks.dll".
       Task "CheckIfPackageReferenceShouldBeFrameworkReference"
       Done executing task "CheckIfPackageReferenceShouldBeFrameworkReference".
       Task "NETSdkError" skipped, due to false condition; ('$(_ShouldRemoveAspNetCoreAll)' == 'true') was evaluated as ('False' == 'true').
       Task "CheckIfPackageReferenceShouldBeFrameworkReference"
       Done executing task "CheckIfPackageReferenceShouldBeFrameworkReference".
       Task "NETSdkWarning" skipped, due to false condition; ('$(_ShouldRemoveAspNetCoreApp)' == 'true') was evaluated as ('False' == 'true').
   2:6>Done building target "UpdateAspNetToFrameworkReference" in project "SpaN5.csproj".
       Target "IncludeTargetingPackReference" skipped, due to false condition; ('$(TargetFrameworkMoniker)' != '' and '$(TargetFrameworkIdentifier)' == '.NETFramework' and '$(AutomaticallyUseReferenceAssemblyPackages)' == 'true') was evaluated as ('.NETCoreApp,Version=v8.0' != '' and '.NETCoreApp' == '.NETFramework' and 'true' == 'true').
   2:6>Target "CheckForImplicitPackageReferenceOverrides" in file "C:\Program Files\dotnet\sdk\9.0.308\Sdks\Microsoft.NET.Sdk\targets\Microsoft.NET.Sdk.DefaultItems.Shared.targets" from project "C:\Users\DELL\OneDrive\Desktop\Web spa\Long(ThanhToan_DatLich\SpaN5.csproj" (target "ApplyImplicitVersions" depends on it):
       Using "CheckForImplicitPackageReferenceOverrides" task from assembly "C:\Program Files\dotnet\sdk\9.0.308\Sdks\Microsoft.NET.Sdk\targets\..\tools\net9.0\Microsoft.NET.Build.Tasks.dll".
       Task "CheckForImplicitPackageReferenceOverrides"
       Done executing task "CheckForImplicitPackageReferenceOverrides".
   2:6>Done building target "CheckForImplicitPackageReferenceOverrides" in project "SpaN5.csproj".
   2:6>Target "ApplyImplicitVersions" in file "C:\Program Files\dotnet\sdk\9.0.308\Sdks\Microsoft.NET.Sdk\targets\Microsoft.NET.Sdk.DefaultItems.Shared.targets" from project "C:\Users\DELL\OneDrive\Desktop\Web spa\Long(ThanhToan_DatLich\SpaN5.csproj" (target "CollectPackageReferences" depends on it):
       Using "ApplyImplicitVersions" task from assembly "C:\Program Files\dotnet\sdk\9.0.308\Sdks\Microsoft.NET.Sdk\targets\..\tools\net9.0\Microsoft.NET.Build.Tasks.dll".
       Task "ApplyImplicitVersions"
       Done executing task "ApplyImplicitVersions".
   2:6>Done building target "ApplyImplicitVersions" in project "SpaN5.csproj".
       Target "CheckForImplicitPackageReferenceOverrides" skipped. Previously built successfully.
       Target "AddWindowsSdkKnownFrameworkReferences" skipped, due to false condition; ('$(TargetFrameworkIdentifier)' == '.NETCoreApp' And '$(TargetPlatformIdentifier)' == 'Windows'
                            And ('$(Language)' != 'C++' Or '$(IncludeWindowsSDKRefFrameworkReferences)' == 'true')) was evaluated as ('.NETCoreApp' == '.NETCoreApp' And '' == 'Windows'
                            And ('C#' != 'C++' Or '' == 'true')).
       Target "_NormalizeTargetPlatformVersion" skipped, due to false condition; ('$(TargetPlatformVersion)' != '' and '$(TargetFrameworkIdentifier)' == '.NETCoreApp' and $([MSBuild]::VersionGreaterThanOrEquals($(TargetFrameworkVersion), 5.0)) and ('$(Language)' != 'C++' or '$(_EnablePackageReferencesInVCProjects)' == 'true')) was evaluated as ('' != '' and '.NETCoreApp' == '.NETCoreApp' and True and ('C#' != 'C++' or '' == 'true')).
   2:6>Target "_ComputeToolPackInputsToProcessFrameworkReferences" in file "C:\Program Files\dotnet\sdk\9.0.308\Sdks\Microsoft.NET.Sdk\targets\Microsoft.NET.Publish.targets" from project "C:\Users\DELL\OneDrive\Desktop\Web spa\Long(ThanhToan_DatLich\SpaN5.csproj" (target "ProcessFrameworkReferences" depends on it):
   2:6>Done building target "_ComputeToolPackInputsToProcessFrameworkReferences" in project "SpaN5.csproj".
   2:6>Target "ProcessFrameworkReferences" in file "C:\Program Files\dotnet\sdk\9.0.308\Sdks\Microsoft.NET.Sdk\targets\Microsoft.NET.Sdk.FrameworkReferenceResolution.targets" from project "C:\Users\DELL\OneDrive\Desktop\Web spa\Long(ThanhToan_DatLich\SpaN5.csproj" (target "CollectPackageReferences" depends on it):
       Using "CheckForDuplicateFrameworkReferences" task from assembly "C:\Program Files\dotnet\sdk\9.0.308\Sdks\Microsoft.NET.Sdk\targets\..\tools\net9.0\Microsoft.NET.Build.Tasks.dll".
       Task "CheckForDuplicateFrameworkReferences"
       Done executing task "CheckForDuplicateFrameworkReferences".
       Using "ProcessFrameworkReferences" task from assembly "C:\Program Files\dotnet\sdk\9.0.308\Sdks\Microsoft.NET.Sdk\targets\..\tools\net9.0\Microsoft.NET.Build.Tasks.dll".
       Task "ProcessFrameworkReferences"
       Done executing task "ProcessFrameworkReferences".
       Using "ResolveAppHosts" task from assembly "C:\Program Files\dotnet\sdk\9.0.308\Sdks\Microsoft.NET.Sdk\targets\..\tools\net9.0\Microsoft.NET.Build.Tasks.dll".
       Task "ResolveAppHosts"
       Done executing task "ResolveAppHosts".
   2:6>Done building target "ProcessFrameworkReferences" in project "SpaN5.csproj".
       Target "IncludeTargetingPackReference" skipped, due to false condition; ('$(TargetFrameworkMoniker)' != '' and '$(TargetFrameworkIdentifier)' == '.NETFramework' and '$(AutomaticallyUseReferenceAssemblyPackages)' == 'true') was evaluated as ('.NETCoreApp,Version=v8.0' != '' and '.NETCoreApp' == '.NETFramework' and 'true' == 'true').
       Target "_CheckMicrosoftNetCompilersToolsetFrameworkPackageReference" skipped, due to false condition; ('$(MSBuildRuntimeType)' == 'Full') was evaluated as ('Core' == 'Full').
   2:6>Target "_CheckForObsoleteDotNetCliToolReferences" in file "C:\Program Files\dotnet\sdk\9.0.308\Sdks\Microsoft.NET.Sdk\targets\Microsoft.NET.ObsoleteReferences.targets" from project "C:\Users\DELL\OneDrive\Desktop\Web spa\Long(ThanhToan_DatLich\SpaN5.csproj" (target "CollectPackageReferences" depends on it):
       Task "NETSdkWarning" skipped, due to false condition; ( '%(_ReferenceToObsoleteDotNetCliTool.Identity)' != '' ) was evaluated as ( '' != '' ).
   2:6>Done building target "_CheckForObsoleteDotNetCliToolReferences" in project "SpaN5.csproj".
   2:6>Target "CollectPackageReferences" in file "C:\Program Files\dotnet\sdk\9.0.308\NuGet.targets" from project "C:\Users\DELL\OneDrive\Desktop\Web spa\Long(ThanhToan_DatLich\SpaN5.csproj" (target "_GetRestoreProjectStyle" depends on it):
       Using "CheckForDuplicateNuGetItemsTask" task from assembly "C:\Program Files\dotnet\sdk\9.0.308\NuGet.Build.Tasks.dll".
       Task "CheckForDuplicateNuGetItemsTask"
       Done executing task "CheckForDuplicateNuGetItemsTask".
   2:6>Done building target "CollectPackageReferences" in project "SpaN5.csproj".
   2:6>Target "_GetRestoreProjectStyle" in file "C:\Program Files\dotnet\sdk\9.0.308\NuGet.targets" from project "C:\Users\DELL\OneDrive\Desktop\Web spa\Long(ThanhToan_DatLich\SpaN5.csproj" (target "EnableIntermediateOutputPathMismatchWarning" depends on it):
       Using "GetRestoreProjectStyleTask" task from assembly "C:\Program Files\dotnet\sdk\9.0.308\NuGet.Build.Tasks.dll".
       Task "GetRestoreProjectStyleTask"
       Done executing task "GetRestoreProjectStyleTask".
   2:6>Done building target "_GetRestoreProjectStyle" in project "SpaN5.csproj".
   2:6>Target "EnableIntermediateOutputPathMismatchWarning" in file "C:\Program Files\dotnet\sdk\9.0.308\NuGet.targets" from project "C:\Users\DELL\OneDrive\Desktop\Web spa\Long(ThanhToan_DatLich\SpaN5.csproj" (target "_CheckForInvalidConfigurationAndPlatform" depends on it):
   2:6>Done building target "EnableIntermediateOutputPathMismatchWarning" in project "SpaN5.csproj".
       Target "ApplyImplicitVersions" skipped. Previously built successfully.
       Target "CheckForImplicitPackageReferenceOverrides" skipped. Previously built successfully.
   2:6>Target "CheckForDuplicateItems" in file "C:\Program Files\dotnet\sdk\9.0.308\Sdks\Microsoft.NET.Sdk\targets\Microsoft.NET.Sdk.DefaultItems.Shared.targets" from project "C:\Users\DELL\OneDrive\Desktop\Web spa\Long(ThanhToan_DatLich\SpaN5.csproj" (target "_CheckForInvalidConfigurationAndPlatform" depends on it):
       Using "CheckForDuplicateItems" task from assembly "C:\Program Files\dotnet\sdk\9.0.308\Sdks\Microsoft.NET.Sdk\targets\..\tools\net9.0\Microsoft.NET.Build.Tasks.dll".
       Task "CheckForDuplicateItems"
       Done executing task "CheckForDuplicateItems".
       Task "CheckForDuplicateItems"
       Done executing task "CheckForDuplicateItems".
       Task "CheckForDuplicateItems"
       Done executing task "CheckForDuplicateItems".
   2:6>Done building target "CheckForDuplicateItems" in project "SpaN5.csproj".
       Target "WarnForExplicitVersions" skipped, due to false condition; ('@(SdkBuildWarning)' != '') was evaluated as ('' != '').
       Target "_CheckForFailedSDKResolution" skipped, due to false condition; ('$(SdkResolverHonoredGlobalJson)' == 'false') was evaluated as ('' == 'false').
       Target "_WarnWhenUsingNET9AndVSPriorTo1712" skipped, due to false condition; ($([MSBuild]::VersionLessThan($(MSBuildVersion), '17.12.0')) and '$(TargetFrameworkIdentifier)' == '.NETCoreApp' and $([MSBuild]::VersionGreaterThanOrEquals($(_TargetFrameworkVersionWithoutV), '9.0'))) was evaluated as (False and '.NETCoreApp' == '.NETCoreApp' and False).
       Target "_CheckForInvalidWindowsDesktopTargetingConfiguration" skipped, due to false condition; ('$(TargetFrameworkIdentifier)' == '.NETCoreApp' and $([MSBuild]::VersionGreaterThanOrEquals($(_TargetFrameworkVersionWithoutV), '5.0')) and ('$(UseWindowsForms)' == 'true' or '$(UseWPF)' == 'true')) was evaluated as ('.NETCoreApp' == '.NETCoreApp' and True and ('' == 'true' or '' == 'true')).
       Target "_CheckForUnnecessaryWindowsDesktopSDK" skipped, due to false condition; ('$(TargetFrameworkIdentifier)' == '.NETCoreApp' and $([MSBuild]::VersionGreaterThanOrEquals($(_TargetFrameworkVersionWithoutV), '5.0')) and '$(_MicrosoftWindowsDesktopSdkImported)' == 'true' and '$(TargetFrameworks)' == '') was evaluated as ('.NETCoreApp' == '.NETCoreApp' and True and '' == 'true' and '' == '').
       Target "ProcessFrameworkReferences" skipped. Previously built successfully.
       Target "IncludeTargetingPackReference" skipped, due to false condition; ('$(TargetFrameworkMoniker)' != '' and '$(TargetFrameworkIdentifier)' == '.NETFramework' and '$(AutomaticallyUseReferenceAssemblyPackages)' == 'true') was evaluated as ('.NETCoreApp,Version=v8.0' != '' and '.NETCoreApp' == '.NETFramework' and 'true' == 'true').
   2:6>Target "_CheckForInvalidConfigurationAndPlatform" in file "C:\Program Files\dotnet\sdk\9.0.308\Microsoft.Common.CurrentVersion.targets" from project "C:\Users\DELL\OneDrive\Desktop\Web spa\Long(ThanhToan_DatLich\SpaN5.csproj" (target "BeforeBuild" depends on it):
       Task "MSBuildInternalMessage" skipped, due to false condition; ('$(_InvalidConfigurationMessageSeverity)' != '') was evaluated as ('' != '').
       Task "Message"
         Configuration=Debug
       Done executing task "Message".
       Task "Message"
         Platform=AnyCPU
       Done executing task "Message".
       Task "MSBuildInternalMessage" skipped, due to false condition; ('$(OutDir)' != '' and !HasTrailingSlash('$(OutDir)')) was evaluated as ('bin\Debug\net8.0\' != '' and !HasTrailingSlash('bin\Debug\net8.0\')).
       Task "MSBuildInternalMessage" skipped, due to false condition; ('$(IntermediateOutputPath)' != '' and !HasTrailingSlash('$(IntermediateOutputPath)')) was evaluated as ('obj\Debug\net8.0\' != '' and !HasTrailingSlash('obj\Debug\net8.0\')).
       Task "MSBuildInternalMessage" skipped, due to false condition; ('$(BaseIntermediateOutputPath)' != '' and !HasTrailingSlash('$(BaseIntermediateOutputPath)')) was evaluated as ('C:\Users\DELL\OneDrive\Desktop\Web spa\Long(ThanhToan_DatLich\obj\' != '' and !HasTrailingSlash('C:\Users\DELL\OneDrive\Desktop\Web spa\Long(ThanhToan_DatLich\obj\')).
       Task "MSBuildInternalMessage" skipped, due to false condition; ( '$(Prefer32Bit)' == 'true' and '$(PreferNativeArm64)' == 'true' ) was evaluated as ( 'false' == 'true' and 'false' == 'true' ).
       Task "MSBuildInternalMessage" skipped, due to false condition; ( '$(NoWin32Manifest)' == 'true' and '$(PreferNativeArm64)' == 'true' ) was evaluated as ( '' == 'true' and 'false' == 'true' ).
       Task "MSBuildInternalMessage" skipped, due to false condition; ( '$(PreferNativeArm64)' == 'true' and '$(Platform)' != 'AnyCPU' ) was evaluated as ( 'false' == 'true' and 'AnyCPU' != 'AnyCPU' ).
       Task "MSBuildInternalMessage" skipped, due to false condition; ( '$(_InitialMSBuildProjectExtensionsPath)' != '' And '$(MSBuildProjectExtensionsPath)' != '$(_InitialMSBuildProjectExtensionsPath)' ) was evaluated as ( 'C:\Users\DELL\OneDrive\Desktop\Web spa\Long(ThanhToan_DatLich\obj\' != '' And 'C:\Users\DELL\OneDrive\Desktop\Web spa\Long(ThanhToan_DatLich\obj\' != 'C:\Users\DELL\OneDrive\Desktop\Web spa\Long(ThanhToan_DatLich\obj\' ).
       Task "MSBuildInternalMessage" skipped, due to false condition; ( '$(EnableBaseIntermediateOutputPathMismatchWarning)' == 'true' And '$(_InitialBaseIntermediateOutputPath)' != '$(BaseIntermediateOutputPath)' And '$(BaseIntermediateOutputPath)' != '$(MSBuildProjectExtensionsPath)' ) was evaluated as ( 'true' == 'true' And 'obj\' != 'C:\Users\DELL\OneDrive\Desktop\Web spa\Long(ThanhToan_DatLich\obj\' And 'C:\Users\DELL\OneDrive\Desktop\Web spa\Long(ThanhToan_DatLich\obj\' != 'C:\Users\DELL\OneDrive\Desktop\Web spa\Long(ThanhToan_DatLich\obj\' ).
   2:6>Done building target "_CheckForInvalidConfigurationAndPlatform" in project "SpaN5.csproj".
   2:6>Target "ValidateCommandLineProperties" in file "C:\Program Files\dotnet\sdk\9.0.308\Sdks\Microsoft.NET.Sdk\targets\Microsoft.NET.Sdk.targets" from project "C:\Users\DELL\OneDrive\Desktop\Web spa\Long(ThanhToan_DatLich\SpaN5.csproj" (target "BeforeBuild" depends on it):
   2:6>Done building target "ValidateCommandLineProperties" in project "SpaN5.csproj".
   2:6>Target "BeforeBuild" in file "C:\Program Files\dotnet\sdk\9.0.308\Microsoft.Common.CurrentVersion.targets" from project "C:\Users\DELL\OneDrive\Desktop\Web spa\Long(ThanhToan_DatLich\SpaN5.csproj" (target "Build" depends on it):
   2:6>Done building target "BeforeBuild" in project "SpaN5.csproj".
       Target "_CheckForBuildWithNoBuild" skipped, due to false condition; ('$(NoBuild)' == 'true' and '$(GeneratePackageOnBuild)' != 'true') was evaluated as ('' == 'true' and 'false' != 'true').
   2:6>Target "BuildOnlySettings" in file "C:\Program Files\dotnet\sdk\9.0.308\Microsoft.Common.CurrentVersion.targets" from project "C:\Users\DELL\OneDrive\Desktop\Web spa\Long(ThanhToan_DatLich\SpaN5.csproj" (target "CoreBuild" depends on it):
       C:\Program Files\dotnet\sdk\9.0.308\Microsoft.Common.CurrentVersion.targets(1168,7): message : Property reassignment: $(BuildingProject)="true" (previous value: "false") at C:\Program Files\dotnet\sdk\9.0.308\Microsoft.Common.CurrentVersion.targets (1168,7) [C:\Users\DELL\OneDrive\Desktop\Web spa\Long(ThanhToan_DatLich\SpaN5.csproj]
   2:6>Done building target "BuildOnlySettings" in project "SpaN5.csproj".
       Target "_CheckForUnsupportedTargetFramework" skipped, due to false condition; ('$(_UnsupportedTargetFrameworkError)' == 'true') was evaluated as ('' == 'true').
       Target "_CheckForUnsupportedTargetPlatformIdentifier" skipped, due to false condition; ('$(TargetPlatformIdentifier)' != '' and '$(TargetFrameworkIdentifier)' == '.NETCoreApp' and $([MSBuild]::VersionGreaterThanOrEquals($(TargetFrameworkVersion), 5.0)) And ('$(DesignTimeBuild)' != 'true' Or '@(MissingWorkloadPack)' == '')) was evaluated as ('' != '' and '.NETCoreApp' == '.NETCoreApp' and True And ('' != 'true' Or '' == '')).
       Target "_CheckForMissingWorkload" skipped, due to false condition; ('@(MissingWorkloadPack)' != '' And '$(DesignTimeBuild)' != 'true') was evaluated as ('' != '' And '' != 'true').
   2:6>Target "GetFrameworkPaths" in file "C:\Program Files\dotnet\sdk\9.0.308\Sdks\Microsoft.NET.Sdk\targets\Microsoft.NET.DisableStandardFrameworkResolution.targets" from project "C:\Users\DELL\OneDrive\Desktop\Web spa\Long(ThanhToan_DatLich\SpaN5.csproj" (target "PrepareForBuild" depends on it):
   2:6>Done building target "GetFrameworkPaths" in project "SpaN5.csproj".
       Target "_CheckForUnsupportedTargetFramework" skipped, due to false condition; ('$(_UnsupportedTargetFrameworkError)' == 'true') was evaluated as ('' == 'true').
       Target "_CheckForUnsupportedTargetPlatformIdentifier" skipped, due to false condition; ('$(TargetPlatformIdentifier)' != '' and '$(TargetFrameworkIdentifier)' == '.NETCoreApp' and $([MSBuild]::VersionGreaterThanOrEquals($(TargetFrameworkVersion), 5.0)) And ('$(DesignTimeBuild)' != 'true' Or '@(MissingWorkloadPack)' == '')) was evaluated as ('' != '' and '.NETCoreApp' == '.NETCoreApp' and True And ('' != 'true' Or '' == '')).
       Target "_CheckForMissingWorkload" skipped, due to false condition; ('@(MissingWorkloadPack)' != '' And '$(DesignTimeBuild)' != 'true') was evaluated as ('' != '' And '' != 'true').
   2:6>Target "GetReferenceAssemblyPaths" in file "C:\Program Files\dotnet\sdk\9.0.308\Sdks\Microsoft.NET.Sdk\targets\Microsoft.NET.DisableStandardFrameworkResolution.targets" from project "C:\Users\DELL\OneDrive\Desktop\Web spa\Long(ThanhToan_DatLich\SpaN5.csproj" (target "PrepareForBuild" depends on it):
   2:6>Done building target "GetReferenceAssemblyPaths" in project "SpaN5.csproj".
       Target "AssignLinkMetadata" skipped, due to false condition; ( '$(SynthesizeLinkMetadata)' == 'true' ) was evaluated as ( '' == 'true' ).
   2:6>Target "ResolveRazorGenerateInputs" in file "C:\Program Files\dotnet\sdk\9.0.308\Sdks\Microsoft.NET.Sdk.Razor\targets\Sdk.Razor.CurrentVersion.targets" from project "C:\Users\DELL\OneDrive\Desktop\Web spa\Long(ThanhToan_DatLich\SpaN5.csproj" (target "PrepareForBuild" depends on it):
   2:6>Done building target "ResolveRazorGenerateInputs" in project "SpaN5.csproj".
       Target "_VerifyPackReleaseConfigurations" skipped, due to false condition; ('$(_IsPacking)' == 'true' and '$(DOTNET_CLI_DISABLE_PUBLISH_AND_PACK_RELEASE)' != 'true' and '$(DOTNET_CLI_LAZY_PUBLISH_AND_PACK_RELEASE_FOR_SOLUTIONS)' == 'true') was evaluated as ('' == 'true' and '' != 'true' and '' == 'true').
   2:6>Target "PrepareForBuild" in file "C:\Program Files\dotnet\sdk\9.0.308\Microsoft.Common.CurrentVersion.targets" from project "C:\Users\DELL\OneDrive\Desktop\Web spa\Long(ThanhToan_DatLich\SpaN5.csproj" (target "CoreBuild" depends on it):
       Using "FindAppConfigFile" task from assembly "Microsoft.Build.Tasks.Core, Version=15.1.0.0, Culture=neutral, PublicKeyToken=b03f5f7f11d50a3a".
       Task "FindAppConfigFile"
       Done executing task "FindAppConfigFile".
       Using "MakeDir" task from assembly "Microsoft.Build.Tasks.Core, Version=15.1.0.0, Culture=neutral, PublicKeyToken=b03f5f7f11d50a3a".
       Task "MakeDir"
       Done executing task "MakeDir".
   2:6>Done building target "PrepareForBuild" in project "SpaN5.csproj".
       Target "GenerateTargetPlatformDefineConstants" skipped, due to false condition; ( '$(DisableImplicitFrameworkDefines)' != 'true' and '$(TargetPlatformIdentifier)' != '' and '$(TargetFrameworkIdentifier)' == '.NETCoreApp' and $([MSBuild]::VersionGreaterThanOrEquals($(TargetFrameworkVersion), 5.0)) ) was evaluated as ( '' != 'true' and '' != '' and '.NETCoreApp' == '.NETCoreApp' and True ).
   2:6>Target "GenerateNETCompatibleDefineConstants" in file "C:\Program Files\dotnet\sdk\9.0.308\Sdks\Microsoft.NET.Sdk\targets\Microsoft.NET.Sdk.BeforeCommon.targets" from project "C:\Users\DELL\OneDrive\Desktop\Web spa\Long(ThanhToan_DatLich\SpaN5.csproj" (target "AddImplicitDefineConstants" depends on it):
   2:6>Done building target "GenerateNETCompatibleDefineConstants" in project "SpaN5.csproj".
       Target "GeneratePlatformCompatibleDefineConstants" skipped, due to false condition; ( '$(DisableImplicitFrameworkDefines)' != 'true' and '$(TargetPlatformIdentifier)' != '' and '$(TargetFrameworkIdentifier)' == '.NETCoreApp' and $([MSBuild]::VersionGreaterThanOrEquals($(TargetFrameworkVersion), 5.0)) ) was evaluated as ( '' != 'true' and '' != '' and '.NETCoreApp' == '.NETCoreApp' and True ).
       Target "_DisableDiagnosticTracing" skipped, due to false condition; ('$(DisableDiagnosticTracing)' == 'true') was evaluated as ('' == 'true').
   2:6>Target "AddImplicitDefineConstants" in file "C:\Program Files\dotnet\sdk\9.0.308\Sdks\Microsoft.NET.Sdk\targets\Microsoft.NET.Sdk.BeforeCommon.targets" from project "C:\Users\DELL\OneDrive\Desktop\Web spa\Long(ThanhToan_DatLich\SpaN5.csproj" (target "CoreBuild" depends on it):
       C:\Program Files\dotnet\sdk\9.0.308\Sdks\Microsoft.NET.Sdk\targets\Microsoft.NET.Sdk.BeforeCommon.targets(267,7): message : Property reassignment: $(DefineConstants)="TRACE;DEBUG;NET;NET8_0;NETCOREAPP;NET5_0_OR_GREATER;NET6_0_OR_GREATER;NET7_0_OR_GREATER;NET8_0_OR_GREATER;NETCOREAPP1_0_OR_GREATER;NETCOREAPP1_1_OR_GREATER;NETCOREAPP2_0_OR_GREATER;NETCOREAPP2_1_OR_GREATER;NETCOREAPP2_2_OR_GREATER;NETCOREAPP3_0_OR_GREATER;NETCOREAPP3_1_OR_GREATER" (previous value: "TRACE;DEBUG;NET;NET8_0;NETCOREAPP") at C:\Program Files\dotnet\sdk\9.0.308\Sdks\Microsoft.NET.Sdk\targets\Microsoft.NET.Sdk.BeforeCommon.targets (267,7) [C:\Users\DELL\OneDrive\Desktop\Web spa\Long(ThanhToan_DatLich\SpaN5.csproj]
   2:6>Done building target "AddImplicitDefineConstants" in project "SpaN5.csproj".
   2:6>Target "GenerateGlobalUsings" in file "C:\Program Files\dotnet\sdk\9.0.308\Sdks\Microsoft.NET.Sdk\targets\Microsoft.NET.GenerateGlobalUsings.targets" from project "C:\Users\DELL\OneDrive\Desktop\Web spa\Long(ThanhToan_DatLich\SpaN5.csproj" (target "CoreBuild" depends on it):
       Using "GenerateGlobalUsings" task from assembly "C:\Program Files\dotnet\sdk\9.0.308\Sdks\Microsoft.NET.Sdk\targets\..\tools\net9.0\Microsoft.NET.Build.Tasks.dll".
       Task "GenerateGlobalUsings"
       Done executing task "GenerateGlobalUsings".
       Using "WriteLinesToFile" task from assembly "Microsoft.Build.Tasks.Core, Version=15.1.0.0, Culture=neutral, PublicKeyToken=b03f5f7f11d50a3a".
       Task "WriteLinesToFile"
         Skipping write to file "obj\Debug\net8.0\SpaN5.GlobalUsings.g.cs" because content would not change.
       Done executing task "WriteLinesToFile".
   2:6>Done building target "GenerateGlobalUsings" in project "SpaN5.csproj".
       Target "PreBuildEvent" skipped, due to false condition; ('$(PreBuildEvent)'!='') was evaluated as (''!='').
   2:6>Target "BeforeResolveReferences" in file "C:\Program Files\dotnet\sdk\9.0.308\Microsoft.Common.CurrentVersion.targets" from project "C:\Users\DELL\OneDrive\Desktop\Web spa\Long(ThanhToan_DatLich\SpaN5.csproj" (target "ResolveReferences" depends on it):
   2:6>Done building target "BeforeResolveReferences" in project "SpaN5.csproj".
   2:6>Target "IgnoreJavaScriptOutputAssembly" in file "C:\Program Files\dotnet\sdk\9.0.308\Microsoft.Common.CurrentVersion.targets" from project "C:\Users\DELL\OneDrive\Desktop\Web spa\Long(ThanhToan_DatLich\SpaN5.csproj" (target "AssignProjectConfiguration" depends on it):
   2:6>Done building target "IgnoreJavaScriptOutputAssembly" in project "SpaN5.csproj".
       Target "ProcessFrameworkReferences" skipped. Previously built successfully.
   2:6>Target "_DefaultMicrosoftNETPlatformLibrary" in file "C:\Program Files\dotnet\sdk\9.0.308\Sdks\Microsoft.NET.Sdk\targets\Microsoft.NET.Sdk.Shared.targets" from project "C:\Users\DELL\OneDrive\Desktop\Web spa\Long(ThanhToan_DatLich\SpaN5.csproj" (target "ResolvePackageAssets" depends on it):
   2:6>Done building target "_DefaultMicrosoftNETPlatformLibrary" in project "SpaN5.csproj".
   2:6>Target "_ComputePackageReferencePublish" in file "C:\Program Files\dotnet\sdk\9.0.308\Sdks\Microsoft.NET.Sdk\targets\Microsoft.NET.Sdk.Shared.targets" from project "C:\Users\DELL\OneDrive\Desktop\Web spa\Long(ThanhToan_DatLich\SpaN5.csproj" (target "ResolvePackageAssets" depends on it):
   2:6>Done building target "_ComputePackageReferencePublish" in project "SpaN5.csproj".
       Target "_ResolveCompilerVersion" skipped, due to false condition; ('$(CompilerApiVersion)' == '' And
                            ('$(Language)' == 'C#' Or '$(Language)' == 'VB') And
                            Exists('$(RoslynTargetsPath)\Microsoft.Build.Tasks.CodeAnalysis.dll')) was evaluated as ('roslyn4.14' == '' And
                            ('C#' == 'C#' Or 'C#' == 'VB') And
                            Exists('C:\Program Files\dotnet\sdk\9.0.308\Roslyn\Microsoft.Build.Tasks.CodeAnalysis.dll')).
   2:6>Target "ResolvePackageAssets" in file "C:\Program Files\dotnet\sdk\9.0.308\Sdks\Microsoft.NET.Sdk\targets\Microsoft.PackageDependencyResolution.targets" from project "C:\Users\DELL\OneDrive\Desktop\Web spa\Long(ThanhToan_DatLich\SpaN5.csproj" (target "ResolveLockFileReferences" depends on it):
       Using "ResolvePackageAssets" task from assembly "C:\Program Files\dotnet\sdk\9.0.308\Sdks\Microsoft.NET.Sdk\targets\..\tools\net9.0\Microsoft.NET.Build.Tasks.dll".
       Task "ResolvePackageAssets"
       Done executing task "ResolvePackageAssets".
   2:6>Done building target "ResolvePackageAssets" in project "SpaN5.csproj".
       Target "AdjustDefaultPlatformTargetForNetFrameworkExeWithNoNativeCopyLocalItems" skipped, due to false condition; ('$(_UsingDefaultPlatformTarget)' == 'true' and
                            '$(_UsingDefaultRuntimeIdentifier)' == 'true') was evaluated as ('true' == 'true' and
                            '' == 'true').
       Target "_CheckForTransitiveWindowsDesktopDependencies" skipped, due to false condition; ('$(TargetFrameworkIdentifier)' == '.NETCoreApp' and $([MSBuild]::VersionGreaterThanOrEquals($(_TargetFrameworkVersionWithoutV), '5.0')) and '$(TargetPlatformIdentifier)' != 'Windows' and '@(TransitiveFrameworkReference)' != '') was evaluated as ('.NETCoreApp' == '.NETCoreApp' and True and '' != 'Windows' and '' != '').
       Target "AddTransitiveFrameworkReferences" skipped, due to false condition; ('@(TransitiveFrameworkReference)' != '') was evaluated as ('' != '').
   2:6>Target "ResolveLockFileReferences" in file "C:\Program Files\dotnet\sdk\9.0.308\Sdks\Microsoft.NET.Sdk\targets\Microsoft.PackageDependencyResolution.targets" from project "C:\Users\DELL\OneDrive\Desktop\Web spa\Long(ThanhToan_DatLich\SpaN5.csproj" (target "ResolvePackageDependenciesForBuild" depends on it):
       Using "JoinItems" task from assembly "C:\Program Files\dotnet\sdk\9.0.308\Sdks\Microsoft.NET.Sdk\targets\..\tools\net9.0\Microsoft.NET.Build.Tasks.dll".
       Task "JoinItems"
       Done executing task "JoinItems".
   2:6>Done building target "ResolveLockFileReferences" in project "SpaN5.csproj".
       Target "ResolvePackageAssets" skipped. Previously built successfully.
   2:6>Target "ResolveLockFileAnalyzers" in file "C:\Program Files\dotnet\sdk\9.0.308\Sdks\Microsoft.NET.Sdk\targets\Microsoft.PackageDependencyResolution.targets" from project "C:\Users\DELL\OneDrive\Desktop\Web spa\Long(ThanhToan_DatLich\SpaN5.csproj" (target "ResolvePackageDependenciesForBuild" depends on it):
   2:6>Done building target "ResolveLockFileAnalyzers" in project "SpaN5.csproj".
       Target "ResolvePackageAssets" skipped. Previously built successfully.
       Target "RunProduceContentAssets" skipped, due to false condition; ('@(_ContentFilesToPreprocess)' != '' and '$(_CleaningWithoutRebuilding)' != 'true') was evaluated as ('' != '' and '' != 'true').
   2:6>Target "ResolveLockFileCopyLocalFiles" in file "C:\Program Files\dotnet\sdk\9.0.308\Sdks\Microsoft.NET.Sdk\targets\Microsoft.PackageDependencyResolution.targets" from project "C:\Users\DELL\OneDrive\Desktop\Web spa\Long(ThanhToan_DatLich\SpaN5.csproj" (target "ResolvePackageDependenciesForBuild" depends on it):
   2:6>Done building target "ResolveLockFileCopyLocalFiles" in project "SpaN5.csproj".
       Target "ResolveRuntimePackAssets" skipped, due to false condition; ('@(RuntimePack)' != '') was evaluated as ('' != '').
       Target "RunProduceContentAssets" skipped, due to false condition; ('@(_ContentFilesToPreprocess)' != '' and '$(_CleaningWithoutRebuilding)' != 'true') was evaluated as ('' != '' and '' != 'true').
       Target "ResolvePackageAssets" skipped. Previously built successfully.
   2:6>Target "IncludeTransitiveProjectReferences" in file "C:\Program Files\dotnet\sdk\9.0.308\Sdks\Microsoft.NET.Sdk\targets\Microsoft.PackageDependencyResolution.targets" from project "C:\Users\DELL\OneDrive\Desktop\Web spa\Long(ThanhToan_DatLich\SpaN5.csproj" (target "ResolvePackageDependenciesForBuild" depends on it):
   2:6>Done building target "IncludeTransitiveProjectReferences" in project "SpaN5.csproj".
   2:6>Target "ResolvePackageDependenciesForBuild" in file "C:\Program Files\dotnet\sdk\9.0.308\Sdks\Microsoft.NET.Sdk\targets\Microsoft.PackageDependencyResolution.targets" from project "C:\Users\DELL\OneDrive\Desktop\Web spa\Long(ThanhToan_DatLich\SpaN5.csproj" (target "AssignProjectConfiguration" depends on it):
   2:6>Done building target "ResolvePackageDependenciesForBuild" in project "SpaN5.csproj".
       Target "_Microsoft_Extensions_OptionsAnalyzerMultiTargeting" skipped, due to false condition; ('$(SupportsRoslynComponentVersioning)' != 'true') was evaluated as ('true' != 'true').
       Target "_Microsoft_Extensions_OptionsRemoveAnalyzers" skipped, due to false condition; ('$(DisableMicrosoftExtensionsOptionsSourceGenerator)' == 'true') was evaluated as ('' == 'true').
       Target "_Microsoft_Extensions_Logging_AbstractionsAnalyzerMultiTargeting" skipped, due to false condition; ('$(SupportsRoslynComponentVersioning)' != 'true') was evaluated as ('true' != 'true').
       Target "_Microsoft_Extensions_Logging_AbstractionsRemoveAnalyzers" skipped, due to false condition; ('$(DisableMicrosoftExtensionsLoggingSourceGenerator)' == 'true') was evaluated as ('' == 'true').
   2:6>Target "AssignProjectConfiguration" in file "C:\Program Files\dotnet\sdk\9.0.308\Microsoft.Common.CurrentVersion.targets" from project "C:\Users\DELL\OneDrive\Desktop\Web spa\Long(ThanhToan_DatLich\SpaN5.csproj" (target "ResolveReferences" depends on it):
       Using "AssignProjectConfiguration" task from assembly "Microsoft.Build.Tasks.Core, Version=15.1.0.0, Culture=neutral, PublicKeyToken=b03f5f7f11d50a3a".
       Task "AssignProjectConfiguration"
       Done executing task "AssignProjectConfiguration".
   2:6>Done building target "AssignProjectConfiguration" in project "SpaN5.csproj".
       Target "AssignProjectConfiguration" skipped. Previously built successfully.
   2:6>Target "_SplitProjectReferencesByFileExistence" in file "C:\Program Files\dotnet\sdk\9.0.308\Microsoft.Common.CurrentVersion.targets" from project "C:\Users\DELL\OneDrive\Desktop\Web spa\Long(ThanhToan_DatLich\SpaN5.csproj" (target "PrepareProjectReferences" depends on it):
       Task "ResolveNonMSBuildProjectOutput" skipped, due to false condition; ('$(BuildingInsideVisualStudio)'=='true' and '@(ProjectReferenceWithConfiguration)'!='') was evaluated as (''=='true' and ''!='').
   2:6>Done building target "_SplitProjectReferencesByFileExistence" in project "SpaN5.csproj".
   2:6>Target "_AddOutputPathToGlobalPropertiesToRemove" in file "C:\Program Files\dotnet\sdk\9.0.308\Microsoft.Common.CurrentVersion.targets" from project "C:\Users\DELL\OneDrive\Desktop\Web spa\Long(ThanhToan_DatLich\SpaN5.csproj" (target "_GetProjectReferenceTargetFrameworkProperties" depends on it):
   2:6>Done building target "_AddOutputPathToGlobalPropertiesToRemove" in project "SpaN5.csproj".
   2:6>Target "_GetProjectReferenceTargetFrameworkProperties" in file "C:\Program Files\dotnet\sdk\9.0.308\Microsoft.Common.CurrentVersion.targets" from project "C:\Users\DELL\OneDrive\Desktop\Web spa\Long(ThanhToan_DatLich\SpaN5.csproj" (target "PrepareProjectReferences" depends on it):
       Task "MSBuild"
       Done executing task "MSBuild".
       Task "MSBuild" skipped, due to false condition; ('%(_MSBuildProjectReferenceExistent.SkipGetTargetFrameworkProperties)' != 'true' and '$(EnableDynamicPlatformResolution)' == 'true') was evaluated as ('' != 'true' and '' == 'true').
       Task "GetReferenceNearestTargetFrameworkTask" skipped, due to false condition; ('@(_ProjectReferenceTargetFrameworkPossibilities)' != '' and '$(ReferringTargetFrameworkForProjectReferences)' != ''
                                                               And '$(GetReferenceNearestTargetFrameworkTaskSupportsTargetPlatformParameter)' == 'true' and '%(_ProjectReferenceTargetFrameworkPossibilities.IsVcxOrNativeProj)' != 'true') was evaluated as ('' != '' and '.NETCoreApp,Version=v8.0' != ''
                                                               And 'true' == 'true' and '' != 'true').
       Task "GetReferenceNearestTargetFrameworkTask" skipped, due to false condition; ('@(_ProjectReferenceTargetFrameworkPossibilities)' != '' and '$(ReferringTargetFrameworkForProjectReferences)' != ''
                                                               And '$(GetReferenceNearestTargetFrameworkTaskSupportsTargetPlatformParameter)' != 'true' and '%(_ProjectReferenceTargetFrameworkPossibilities.IsVcxOrNativeProj)' != 'true') was evaluated as ('' != '' and '.NETCoreApp,Version=v8.0' != ''
                                                               And 'true' != 'true' and '' != 'true').
       Using "SetRidAgnosticValueForProjects" task from assembly "Microsoft.Build.Tasks.Core, Version=15.1.0.0, Culture=neutral, PublicKeyToken=b03f5f7f11d50a3a".
       Task "SetRidAgnosticValueForProjects"
       Done executing task "SetRidAgnosticValueForProjects".
   2:6>Done building target "_GetProjectReferenceTargetFrameworkProperties" in project "SpaN5.csproj".
   2:6>Target "ValidateExecutableReferences" in file "C:\Program Files\dotnet\sdk\9.0.308\Sdks\Microsoft.NET.Sdk\targets\Microsoft.NET.Sdk.targets" from project "C:\Users\DELL\OneDrive\Desktop\Web spa\Long(ThanhToan_DatLich\SpaN5.csproj" (target "PrepareProjectReferences" depends on it):
       Using "ValidateExecutableReferences" task from assembly "C:\Program Files\dotnet\sdk\9.0.308\Sdks\Microsoft.NET.Sdk\targets\..\tools\net9.0\Microsoft.NET.Build.Tasks.dll".
       Task "ValidateExecutableReferences"
       Done executing task "ValidateExecutableReferences".
   2:6>Done building target "ValidateExecutableReferences" in project "SpaN5.csproj".
       Target "_GetProjectReferencePlatformProperties" skipped, due to false condition; ('$(EnableDynamicPlatformResolution)' == 'true'
                            and '@(_MSBuildProjectReferenceExistent)' != '') was evaluated as ('' == 'true'
                            and '' != '').
   2:6>Target "PrepareProjectReferences" in file "C:\Program Files\dotnet\sdk\9.0.308\Microsoft.Common.CurrentVersion.targets" from project "C:\Users\DELL\OneDrive\Desktop\Web spa\Long(ThanhToan_DatLich\SpaN5.csproj" (target "ResolveProjectReferences" depends on it):
   2:6>Done building target "PrepareProjectReferences" in project "SpaN5.csproj".
   2:6>Target "ResolveProjectReferences" in file "C:\Program Files\dotnet\sdk\9.0.308\Microsoft.Common.CurrentVersion.targets" from project "C:\Users\DELL\OneDrive\Desktop\Web spa\Long(ThanhToan_DatLich\SpaN5.csproj" (target "ResolveReferences" depends on it):
       Task "MSBuild" skipped, due to false condition; ('%(_MSBuildProjectReferenceExistent.BuildReference)' == 'true' and '@(ProjectReferenceWithConfiguration)' != '' and ('$(BuildingInsideVisualStudio)' == 'true' or '$(BuildProjectReferences)' != 'true') and '$(VisualStudioVersion)' != '10.0' and '@(_MSBuildProjectReferenceExistent)' != '') was evaluated as ('' == 'true' and '' != '' and ('' == 'true' or 'true' != 'true') and '17.0' != '10.0' and '' != '').
       Task "MSBuild" skipped, due to false condition; ('%(_MSBuildProjectReferenceExistent.BuildReference)' == 'true' and '@(ProjectReferenceWithConfiguration)' != '' and '$(BuildingInsideVisualStudio)' != 'true' and '$(BuildProjectReferences)' == 'true' and '@(_MSBuildProjectReferenceExistent)' != '') was evaluated as ('' == 'true' and '' != '' and '' != 'true' and 'true' == 'true' and '' != '').
       Task "MSBuild" skipped, due to false condition; ('%(_MSBuildProjectReferenceExistent.BuildReference)' == 'true' and '@(ProjectReferenceWithConfiguration)' != '' and '$(BuildingProject)' == 'true' and '@(_MSBuildProjectReferenceExistent)' != '') was evaluated as ('' == 'true' and '' != '' and 'true' == 'true' and '' != '').
       Task "MSBuildInternalMessage" skipped, due to false condition; ('$(_NonExistentProjectReferenceSeverity)' != '') was evaluated as ('' != '').
   2:6>Done building target "ResolveProjectReferences" in project "SpaN5.csproj".
       Target "FindInvalidProjectReferences" skipped, due to false condition; ('$(FindInvalidProjectReferences)' == 'true') was evaluated as ('' == 'true').
       Target "ResolveNativeReferences" skipped, due to false condition; ('@(NativeReference)'!='') was evaluated as (''!='').
       Target "ResolveProjectReferences" skipped. Previously built successfully.
       Target "FindInvalidProjectReferences" skipped, due to false condition; ('$(FindInvalidProjectReferences)' == 'true') was evaluated as ('' == 'true').
       Target "GetFrameworkPaths" skipped. Previously built successfully.
       Target "GetReferenceAssemblyPaths" skipped. Previously built successfully.
       Target "PrepareForBuild" skipped. Previously built successfully.
       Target "GetInstalledSDKLocations" skipped, due to false condition; ('@(SDKReference)' != '') was evaluated as ('' != '').
   2:6>Target "ResolveSDKReferences" in file "C:\Program Files\dotnet\sdk\9.0.308\Microsoft.Common.CurrentVersion.targets" from project "C:\Users\DELL\OneDrive\Desktop\Web spa\Long(ThanhToan_DatLich\SpaN5.csproj" (target "ResolveAssemblyReferences" depends on it):
       Task "ResolveSDKReference" skipped, due to false condition; ('@(SDKReference)'!='') was evaluated as (''!='').
   2:6>Done building target "ResolveSDKReferences" in project "SpaN5.csproj".
       Target "ResolveSDKReferences" skipped. Previously built successfully.
   2:6>Target "ExpandSDKReferences" in file "C:\Program Files\dotnet\sdk\9.0.308\Microsoft.Common.CurrentVersion.targets" from project "C:\Users\DELL\OneDrive\Desktop\Web spa\Long(ThanhToan_DatLich\SpaN5.csproj" (target "ResolveAssemblyReferences" depends on it):
       Task "GetSDKReferenceFiles" skipped, due to false condition; ('@(ResolvedSDKReference)'!='') was evaluated as (''!='').
   2:6>Done building target "ExpandSDKReferences" in project "SpaN5.csproj".
       Target "ResolvePackageDependenciesForBuild" skipped. Previously built successfully.
       Target "GetFrameworkPaths" skipped. Previously built successfully.
       Target "GetReferenceAssemblyPaths" skipped. Previously built successfully.
       Target "ProcessFrameworkReferences" skipped. Previously built successfully.
       Target "ResolvePackageAssets" skipped. Previously built successfully.
   2:6>Target "ResolveFrameworkReferences" in file "C:\Program Files\dotnet\sdk\9.0.308\Sdks\Microsoft.NET.Sdk\targets\Microsoft.NET.Sdk.FrameworkReferenceResolution.targets" from project "C:\Users\DELL\OneDrive\Desktop\Web spa\Long(ThanhToan_DatLich\SpaN5.csproj" (target "ResolveTargetingPackAssets" depends on it):
       Using "GetPackageDirectory" task from assembly "C:\Program Files\dotnet\sdk\9.0.308\Sdks\Microsoft.NET.Sdk\targets\..\tools\net9.0\Microsoft.NET.Build.Tasks.dll".
       Task "GetPackageDirectory"
       Done executing task "GetPackageDirectory".
       Task "GetPackageDirectory"
       Done executing task "GetPackageDirectory".
       Task "GetPackageDirectory"
       Done executing task "GetPackageDirectory".
       Task "GetPackageDirectory"
       Done executing task "GetPackageDirectory".
       Task "GetPackageDirectory"
       Done executing task "GetPackageDirectory".
       Task "GetPackageDirectory"
       Done executing task "GetPackageDirectory".
       Task "GetPackageDirectory"
       Done executing task "GetPackageDirectory".
       Task "GetPackageDirectory"
       Done executing task "GetPackageDirectory".
       Task "GetPackageDirectory"
       Done executing task "GetPackageDirectory".
       Task "GetPackageDirectory"
       Done executing task "GetPackageDirectory".
       Using "ResolveFrameworkReferences" task from assembly "C:\Program Files\dotnet\sdk\9.0.308\Sdks\Microsoft.NET.Sdk\targets\..\tools\net9.0\Microsoft.NET.Build.Tasks.dll".
       Task "ResolveFrameworkReferences"
       Done executing task "ResolveFrameworkReferences".
   2:6>Done building target "ResolveFrameworkReferences" in project "SpaN5.csproj".
   2:6>Target "ResolveTargetingPackAssets" in file "C:\Program Files\dotnet\sdk\9.0.308\Sdks\Microsoft.NET.Sdk\targets\Microsoft.NET.Sdk.FrameworkReferenceResolution.targets" from project "C:\Users\DELL\OneDrive\Desktop\Web spa\Long(ThanhToan_DatLich\SpaN5.csproj" (target "_HandlePackageFileConflicts" depends on it):
       Using "ResolveTargetingPackAssets" task from assembly "C:\Program Files\dotnet\sdk\9.0.308\Sdks\Microsoft.NET.Sdk\targets\..\tools\net9.0\Microsoft.NET.Build.Tasks.dll".
       Task "ResolveTargetingPackAssets"
       Done executing task "ResolveTargetingPackAssets".
   2:6>Done building target "ResolveTargetingPackAssets" in project "SpaN5.csproj".
   2:6>Target "ResolveOffByDefaultAnalyzers" in file "C:\Program Files\dotnet\sdk\9.0.308\Sdks\Microsoft.NET.Sdk\targets\Microsoft.NET.Sdk.FrameworkReferenceResolution.targets" from project "C:\Users\DELL\OneDrive\Desktop\Web spa\Long(ThanhToan_DatLich\SpaN5.csproj" (target "_HandlePackageFileConflicts" depends on it):
   2:6>Done building target "ResolveOffByDefaultAnalyzers" in project "SpaN5.csproj".
   2:6>Target "_HandlePackageFileConflicts" in file "C:\Program Files\dotnet\sdk\9.0.308\Sdks\Microsoft.NET.Sdk\targets\Microsoft.NET.ConflictResolution.targets" from project "C:\Users\DELL\OneDrive\Desktop\Web spa\Long(ThanhToan_DatLich\SpaN5.csproj" (target "ResolveAssemblyReferences" depends on it):
       Using "ResolvePackageFileConflicts" task from assembly "C:\Program Files\dotnet\sdk\9.0.308\Sdks\Microsoft.NET.Sdk\targets\..\tools\net9.0\Microsoft.NET.Build.Tasks.dll".
       Task "ResolvePackageFileConflicts"
         Encountered conflict between 'Reference:C:\Users\DELL\.nuget\packages\system.diagnostics.diagnosticsource\6.0.1\lib\net6.0\System.Diagnostics.DiagnosticSource.dll' and 'Reference:C:\Program Files\dotnet\packs\Microsoft.NETCore.App.Ref\8.0.22\ref/net8.0/System.Diagnostics.DiagnosticSource.dll'. Choosing 'Reference:C:\Program Files\dotnet\packs\Microsoft.NETCore.App.Ref\8.0.22\ref/net8.0/System.Diagnostics.DiagnosticSource.dll' because AssemblyVersion '8.0.0.0' is greater than '6.0.0.0'.
         Encountered conflict between 'Reference:C:\Users\DELL\.nuget\packages\system.formats.asn1\8.0.2\lib\net8.0\System.Formats.Asn1.dll' and 'Reference:C:\Program Files\dotnet\packs\Microsoft.NETCore.App.Ref\8.0.22\ref/net8.0/System.Formats.Asn1.dll'. Choosing 'Reference:C:\Program Files\dotnet\packs\Microsoft.NETCore.App.Ref\8.0.22\ref/net8.0/System.Formats.Asn1.dll' because file version '8.0.2225.52707' is greater than '8.0.1325.6609'.
         Encountered conflict between 'Reference:C:\Users\DELL\.nuget\packages\system.runtime.compilerservices.unsafe\6.0.0\lib\net6.0\System.Runtime.CompilerServices.Unsafe.dll' and 'Reference:C:\Program Files\dotnet\packs\Microsoft.NETCore.App.Ref\8.0.22\ref/net8.0/System.Runtime.CompilerServices.Unsafe.dll'. Choosing 'Reference:C:\Program Files\dotnet\packs\Microsoft.NETCore.App.Ref\8.0.22\ref/net8.0/System.Runtime.CompilerServices.Unsafe.dll' because AssemblyVersion '8.0.0.0' is greater than '6.0.0.0'.
         Encountered conflict between 'Reference:C:\Users\DELL\.nuget\packages\system.security.cryptography.cng\5.0.0\ref\netcoreapp3.0\System.Security.Cryptography.Cng.dll' and 'Reference:C:\Program Files\dotnet\packs\Microsoft.NETCore.App.Ref\8.0.22\ref/net8.0/System.Security.Cryptography.Cng.dll'. Choosing 'Reference:C:\Program Files\dotnet\packs\Microsoft.NETCore.App.Ref\8.0.22\ref/net8.0/System.Security.Cryptography.Cng.dll' because AssemblyVersion '8.0.0.0' is greater than '5.0.0.0'.
         Encountered conflict between 'Reference:C:\Users\DELL\.nuget\packages\system.text.encodings.web\6.0.1\lib\net6.0\System.Text.Encodings.Web.dll' and 'Reference:C:\Program Files\dotnet\packs\Microsoft.NETCore.App.Ref\8.0.22\ref/net8.0/System.Text.Encodings.Web.dll'. Choosing 'Reference:C:\Program Files\dotnet\packs\Microsoft.NETCore.App.Ref\8.0.22\ref/net8.0/System.Text.Encodings.Web.dll' because AssemblyVersion '8.0.0.0' is greater than '6.0.0.0'.
         Encountered conflict between 'Reference:C:\Users\DELL\.nuget\packages\system.text.json\4.7.2\lib\netcoreapp3.0\System.Text.Json.dll' and 'Reference:C:\Program Files\dotnet\packs\Microsoft.NETCore.App.Ref\8.0.22\ref/net8.0/System.Text.Json.dll'. Choosing 'Reference:C:\Program Files\dotnet\packs\Microsoft.NETCore.App.Ref\8.0.22\ref/net8.0/System.Text.Json.dll' because AssemblyVersion '8.0.0.0' is greater than '4.0.1.2'.
         Encountered conflict between 'Reference:C:\Users\DELL\.nuget\packages\microsoft.extensions.caching.memory\8.0.1\lib\net8.0\Microsoft.Extensions.Caching.Memory.dll' and 'Reference:C:\Program Files\dotnet\packs\Microsoft.AspNetCore.App.Ref\8.0.22\ref\net8.0\Microsoft.Extensions.Caching.Memory.dll'. Choosing 'Reference:C:\Program Files\dotnet\packs\Microsoft.AspNetCore.App.Ref\8.0.22\ref\net8.0\Microsoft.Extensions.Caching.Memory.dll' because file version '8.0.2225.52707' is greater than '8.0.1024.46610'.
         Encountered conflict between 'Reference:C:\Users\DELL\.nuget\packages\microsoft.extensions.dependencyinjection.abstractions\8.0.2\lib\net8.0\Microsoft.Extensions.DependencyInjection.Abstractions.dll' and 'Reference:C:\Program Files\dotnet\packs\Microsoft.AspNetCore.App.Ref\8.0.22\ref\net8.0\Microsoft.Extensions.DependencyInjection.Abstractions.dll'. Choosing 'Reference:C:\Program Files\dotnet\packs\Microsoft.AspNetCore.App.Ref\8.0.22\ref\net8.0\Microsoft.Extensions.DependencyInjection.Abstractions.dll' because file version '8.0.2225.52707' is greater than '8.0.1024.46610'.
         Encountered conflict between 'Reference:C:\Users\DELL\.nuget\packages\microsoft.extensions.dependencyinjection\8.0.1\lib\net8.0\Microsoft.Extensions.DependencyInjection.dll' and 'Reference:C:\Program Files\dotnet\packs\Microsoft.AspNetCore.App.Ref\8.0.22\ref\net8.0\Microsoft.Extensions.DependencyInjection.dll'. Choosing 'Reference:C:\Program Files\dotnet\packs\Microsoft.AspNetCore.App.Ref\8.0.22\ref\net8.0\Microsoft.Extensions.DependencyInjection.dll' because file version '8.0.2225.52707' is greater than '8.0.1024.46610'.
         Encountered conflict between 'Reference:C:\Users\DELL\.nuget\packages\microsoft.extensions.logging.abstractions\8.0.2\lib\net8.0\Microsoft.Extensions.Logging.Abstractions.dll' and 'Reference:C:\Program Files\dotnet\packs\Microsoft.AspNetCore.App.Ref\8.0.22\ref\net8.0\Microsoft.Extensions.Logging.Abstractions.dll'. Choosing 'Reference:C:\Program Files\dotnet\packs\Microsoft.AspNetCore.App.Ref\8.0.22\ref\net8.0\Microsoft.Extensions.Logging.Abstractions.dll' because file version '8.0.2225.52707' is greater than '8.0.1024.46610'.
         Encountered conflict between 'Reference:C:\Users\DELL\.nuget\packages\microsoft.extensions.logging\8.0.1\lib\net8.0\Microsoft.Extensions.Logging.dll' and 'Reference:C:\Program Files\dotnet\packs\Microsoft.AspNetCore.App.Ref\8.0.22\ref\net8.0\Microsoft.Extensions.Logging.dll'. Choosing 'Reference:C:\Program Files\dotnet\packs\Microsoft.AspNetCore.App.Ref\8.0.22\ref\net8.0\Microsoft.Extensions.Logging.dll' because file version '8.0.2225.52707' is greater than '8.0.1024.46610'.
         Encountered conflict between 'Reference:C:\Users\DELL\.nuget\packages\microsoft.extensions.options\8.0.2\lib\net8.0\Microsoft.Extensions.Options.dll' and 'Reference:C:\Program Files\dotnet\packs\Microsoft.AspNetCore.App.Ref\8.0.22\ref\net8.0\Microsoft.Extensions.Options.dll'. Choosing 'Reference:C:\Program Files\dotnet\packs\Microsoft.AspNetCore.App.Ref\8.0.22\ref\net8.0\Microsoft.Extensions.Options.dll' because file version '8.0.2225.52707' is greater than '8.0.224.6711'.
         Encountered conflict between 'Analyzer:C:\Users\DELL\.nuget\packages\microsoft.extensions.logging.abstractions\8.0.2\analyzers\dotnet\roslyn4.4\cs\Microsoft.Extensions.Logging.Generators.dll' and 'Analyzer:C:\Program Files\dotnet\packs\Microsoft.AspNetCore.App.Ref\8.0.22\analyzers/dotnet/roslyn4.4/cs/Microsoft.Extensions.Logging.Generators.dll'. Choosing 'Analyzer:C:\Program Files\dotnet\packs\Microsoft.AspNetCore.App.Ref\8.0.22\analyzers/dotnet/roslyn4.4/cs/Microsoft.Extensions.Logging.Generators.dll' because AssemblyVersion '8.0.13.2707' is greater than '8.0.10.46610'.
         Encountered conflict between 'Analyzer:C:\Users\DELL\.nuget\packages\microsoft.extensions.options\8.0.2\analyzers\dotnet\roslyn4.4\cs\Microsoft.Extensions.Options.SourceGeneration.dll' and 'Analyzer:C:\Program Files\dotnet\packs\Microsoft.AspNetCore.App.Ref\8.0.22\analyzers/dotnet/roslyn4.4/cs/Microsoft.Extensions.Options.SourceGeneration.dll'. Choosing 'Analyzer:C:\Program Files\dotnet\packs\Microsoft.AspNetCore.App.Ref\8.0.22\analyzers/dotnet/roslyn4.4/cs/Microsoft.Extensions.Options.SourceGeneration.dll' because AssemblyVersion '8.0.13.2707' is greater than '8.0.10.6711'.
         Encountered conflict between 'Platform:Microsoft.Extensions.Caching.Memory.dll' and 'CopyLocal:C:\Users\DELL\.nuget\packages\microsoft.extensions.caching.memory\8.0.1\lib\net8.0\Microsoft.Extensions.Caching.Memory.dll'. Choosing 'CopyLocal:C:\Users\DELL\.nuget\packages\microsoft.extensions.caching.memory\8.0.1\lib\net8.0\Microsoft.Extensions.Caching.Memory.dll' because file version '8.0.1024.46610' is greater than '8.0.23.53103'.
         Encountered conflict between 'Platform:Microsoft.Extensions.DependencyInjection.dll' and 'CopyLocal:C:\Users\DELL\.nuget\packages\microsoft.extensions.dependencyinjection\8.0.1\lib\net8.0\Microsoft.Extensions.DependencyInjection.dll'. Choosing 'CopyLocal:C:\Users\DELL\.nuget\packages\microsoft.extensions.dependencyinjection\8.0.1\lib\net8.0\Microsoft.Extensions.DependencyInjection.dll' because file version '8.0.1024.46610' is greater than '8.0.23.53103'.
         Encountered conflict between 'Platform:Microsoft.Extensions.DependencyInjection.Abstractions.dll' and 'CopyLocal:C:\Users\DELL\.nuget\packages\microsoft.extensions.dependencyinjection.abstractions\8.0.2\lib\net8.0\Microsoft.Extensions.DependencyInjection.Abstractions.dll'. Choosing 'CopyLocal:C:\Users\DELL\.nuget\packages\microsoft.extensions.dependencyinjection.abstractions\8.0.2\lib\net8.0\Microsoft.Extensions.DependencyInjection.Abstractions.dll' because file version '8.0.1024.46610' is greater than '8.0.23.53103'.
         Encountered conflict between 'Platform:Microsoft.Extensions.Logging.dll' and 'CopyLocal:C:\Users\DELL\.nuget\packages\microsoft.extensions.logging\8.0.1\lib\net8.0\Microsoft.Extensions.Logging.dll'. Choosing 'CopyLocal:C:\Users\DELL\.nuget\packages\microsoft.extensions.logging\8.0.1\lib\net8.0\Microsoft.Extensions.Logging.dll' because file version '8.0.1024.46610' is greater than '8.0.23.53103'.
         Encountered conflict between 'Platform:Microsoft.Extensions.Logging.Abstractions.dll' and 'CopyLocal:C:\Users\DELL\.nuget\packages\microsoft.extensions.logging.abstractions\8.0.2\lib\net8.0\Microsoft.Extensions.Logging.Abstractions.dll'. Choosing 'CopyLocal:C:\Users\DELL\.nuget\packages\microsoft.extensions.logging.abstractions\8.0.2\lib\net8.0\Microsoft.Extensions.Logging.Abstractions.dll' because file version '8.0.1024.46610' is greater than '8.0.23.53103'.
         Encountered conflict between 'Platform:Microsoft.Extensions.Options.dll' and 'CopyLocal:C:\Users\DELL\.nuget\packages\microsoft.extensions.options\8.0.2\lib\net8.0\Microsoft.Extensions.Options.dll'. Choosing 'CopyLocal:C:\Users\DELL\.nuget\packages\microsoft.extensions.options\8.0.2\lib\net8.0\Microsoft.Extensions.Options.dll' because file version '8.0.224.6711' is greater than '8.0.23.53103'.
         Encountered conflict between 'Platform:System.Collections.Immutable.dll' and 'CopyLocal:C:\Users\DELL\.nuget\packages\system.collections.immutable\6.0.0\lib\net6.0\System.Collections.Immutable.dll'. Choosing 'Platform:System.Collections.Immutable.dll' because AssemblyVersion '8.0.0.0' is greater than '6.0.0.0'.
         Encountered conflict between 'Platform:System.Diagnostics.DiagnosticSource.dll' and 'CopyLocal:C:\Users\DELL\.nuget\packages\system.diagnostics.diagnosticsource\6.0.1\lib\net6.0\System.Diagnostics.DiagnosticSource.dll'. Choosing 'Platform:System.Diagnostics.DiagnosticSource.dll' because AssemblyVersion '8.0.0.0' is greater than '6.0.0.0'.
         Encountered conflict between 'Platform:System.Formats.Asn1.dll' and 'CopyLocal:C:\Users\DELL\.nuget\packages\system.formats.asn1\8.0.2\lib\net8.0\System.Formats.Asn1.dll'. Choosing 'Platform:System.Formats.Asn1.dll' because file version '8.0.2225.52707' is greater than '8.0.1325.6609'.
         Encountered conflict between 'Platform:System.Reflection.Metadata.dll' and 'CopyLocal:C:\Users\DELL\.nuget\packages\system.reflection.metadata\6.0.1\lib\net6.0\System.Reflection.Metadata.dll'. Choosing 'Platform:System.Reflection.Metadata.dll' because AssemblyVersion '8.0.0.0' is greater than '6.0.0.0'.
         Encountered conflict between 'Platform:System.Runtime.CompilerServices.Unsafe.dll' and 'CopyLocal:C:\Users\DELL\.nuget\packages\system.runtime.compilerservices.unsafe\6.0.0\lib\net6.0\System.Runtime.CompilerServices.Unsafe.dll'. Choosing 'Platform:System.Runtime.CompilerServices.Unsafe.dll' because AssemblyVersion '8.0.0.0' is greater than '6.0.0.0'.
         Encountered conflict between 'Platform:System.Security.AccessControl.dll' and 'CopyLocal:C:\Users\DELL\.nuget\packages\system.security.accesscontrol\6.0.0\lib\net6.0\System.Security.AccessControl.dll'. Choosing 'Platform:System.Security.AccessControl.dll' because AssemblyVersion '8.0.0.0' is greater than '6.0.0.0'.
         Encountered conflict between 'Platform:System.Security.Cryptography.Cng.dll' and 'CopyLocal:C:\Users\DELL\.nuget\packages\system.security.cryptography.cng\5.0.0\lib\netcoreapp3.0\System.Security.Cryptography.Cng.dll'. Choosing 'Platform:System.Security.Cryptography.Cng.dll' because AssemblyVersion '8.0.0.0' is greater than '5.0.0.0'.
         Encountered conflict between 'Platform:System.Security.Principal.Windows.dll' and 'CopyLocal:C:\Users\DELL\.nuget\packages\system.security.principal.windows\5.0.0\lib\netstandard2.0\System.Security.Principal.Windows.dll'. Choosing 'Platform:System.Security.Principal.Windows.dll' because AssemblyVersion '8.0.0.0' is greater than '5.0.0.0'.
         Encountered conflict between 'Platform:System.Text.Encoding.CodePages.dll' and 'CopyLocal:C:\Users\DELL\.nuget\packages\system.text.encoding.codepages\6.0.0\lib\net6.0\System.Text.Encoding.CodePages.dll'. Choosing 'Platform:System.Text.Encoding.CodePages.dll' because AssemblyVersion '8.0.0.0' is greater than '6.0.0.0'.
         Encountered conflict between 'Platform:System.Text.Encodings.Web.dll' and 'CopyLocal:C:\Users\DELL\.nuget\packages\system.text.encodings.web\6.0.1\lib\net6.0\System.Text.Encodings.Web.dll'. Choosing 'Platform:System.Text.Encodings.Web.dll' because AssemblyVersion '8.0.0.0' is greater than '6.0.0.0'.
         Encountered conflict between 'Platform:System.Text.Json.dll' and 'CopyLocal:C:\Users\DELL\.nuget\packages\system.text.json\4.7.2\lib\netcoreapp3.0\System.Text.Json.dll'. Choosing 'Platform:System.Text.Json.dll' because AssemblyVersion '8.0.0.0' is greater than '4.0.1.2'.
         Encountered conflict between 'Platform:System.Threading.Channels.dll' and 'CopyLocal:C:\Users\DELL\.nuget\packages\system.threading.channels\6.0.0\lib\net6.0\System.Threading.Channels.dll'. Choosing 'Platform:System.Threading.Channels.dll' because AssemblyVersion '8.0.0.0' is greater than '6.0.0.0'.
         Encountered conflict between 'Platform:System.Security.AccessControl.dll' and 'CopyLocal:C:\Users\DELL\.nuget\packages\system.security.accesscontrol\6.0.0\runtimes\win\lib\net6.0\System.Security.AccessControl.dll'. Choosing 'Platform:System.Security.AccessControl.dll' because AssemblyVersion '8.0.0.0' is greater than '6.0.0.0'.
         Encountered conflict between 'Platform:System.Security.Cryptography.Cng.dll' and 'CopyLocal:C:\Users\DELL\.nuget\packages\system.security.cryptography.cng\5.0.0\runtimes\win\lib\netcoreapp3.0\System.Security.Cryptography.Cng.dll'. Choosing 'Platform:System.Security.Cryptography.Cng.dll' because AssemblyVersion '8.0.0.0' is greater than '5.0.0.0'.
         Encountered conflict between 'Platform:System.Security.Principal.Windows.dll' and 'CopyLocal:C:\Users\DELL\.nuget\packages\system.security.principal.windows\5.0.0\runtimes\unix\lib\netcoreapp2.1\System.Security.Principal.Windows.dll'. Choosing 'Platform:System.Security.Principal.Windows.dll' because AssemblyVersion '8.0.0.0' is greater than '5.0.0.0'.
         Encountered conflict between 'Platform:System.Security.Principal.Windows.dll' and 'CopyLocal:C:\Users\DELL\.nuget\packages\system.security.principal.windows\5.0.0\runtimes\win\lib\netcoreapp2.1\System.Security.Principal.Windows.dll'. Choosing 'Platform:System.Security.Principal.Windows.dll' because AssemblyVersion '8.0.0.0' is greater than '5.0.0.0'.
         Encountered conflict between 'Platform:System.Text.Encoding.CodePages.dll' and 'CopyLocal:C:\Users\DELL\.nuget\packages\system.text.encoding.codepages\6.0.0\runtimes\win\lib\net6.0\System.Text.Encoding.CodePages.dll'. Choosing 'Platform:System.Text.Encoding.CodePages.dll' because AssemblyVersion '8.0.0.0' is greater than '6.0.0.0'.
         Encountered conflict between 'Platform:System.Text.Encodings.Web.dll' and 'CopyLocal:C:\Users\DELL\.nuget\packages\system.text.encodings.web\6.0.1\runtimes\browser\lib\net6.0\System.Text.Encodings.Web.dll'. Choosing 'Platform:System.Text.Encodings.Web.dll' because AssemblyVersion '8.0.0.0' is greater than '6.0.0.0'.
         Encountered conflict between 'Platform:mscorlib.dll' and 'Platform:mscorlib.dll'. Could not determine winner due to equal file and assembly versions.
         Encountered conflict between 'Platform:Microsoft.VisualBasic.dll' and 'Platform:Microsoft.VisualBasic.dll'. Could not determine winner due to equal file and assembly versions.
         Encountered conflict between 'Platform:System.dll' and 'Platform:System.dll'. Could not determine winner due to equal file and assembly versions.
         Encountered conflict between 'Platform:System.ComponentModel.DataAnnotations.dll' and 'Platform:System.ComponentModel.DataAnnotations.dll'. Could not determine winner due to equal file and assembly versions.
         Encountered conflict between 'Platform:System.Configuration.dll' and 'Platform:System.Configuration.dll'. Could not determine winner due to equal file and assembly versions.
         Encountered conflict between 'Platform:System.Core.dll' and 'Platform:System.Core.dll'. Could not determine winner due to equal file and assembly versions.
         Encountered conflict between 'Platform:System.Data.dll' and 'Platform:System.Data.dll'. Could not determine winner due to equal file and assembly versions.
         Encountered conflict between 'Platform:System.Drawing.dll' and 'Platform:System.Drawing.dll'. Could not determine winner due to equal file and assembly versions.
         Encountered conflict between 'Platform:System.IO.Compression.FileSystem.dll' and 'Platform:System.IO.Compression.FileSystem.dll'. Could not determine winner due to equal file and assembly versions.
         Encountered conflict between 'Platform:System.Net.dll' and 'Platform:System.Net.dll'. Could not determine winner due to equal file and assembly versions.
         Encountered conflict between 'Platform:System.Numerics.dll' and 'Platform:System.Numerics.dll'. Could not determine winner due to equal file and assembly versions.
         Encountered conflict between 'Platform:System.Runtime.Serialization.dll' and 'Platform:System.Runtime.Serialization.dll'. Could not determine winner due to equal file and assembly versions.
         Encountered conflict between 'Platform:System.Security.dll' and 'Platform:System.Security.dll'. Could not determine winner due to equal file and assembly versions.
         Encountered conflict between 'Platform:System.ServiceProcess.dll' and 'Platform:System.ServiceProcess.dll'. Could not determine winner due to equal file and assembly versions.
         Encountered conflict between 'Platform:System.ServiceModel.Web.dll' and 'Platform:System.ServiceModel.Web.dll'. Could not determine winner due to equal file and assembly versions.
         Encountered conflict between 'Platform:System.Transactions.dll' and 'Platform:System.Transactions.dll'. Could not determine winner due to equal file and assembly versions.
         Encountered conflict between 'Platform:System.Web.dll' and 'Platform:System.Web.dll'. Could not determine winner due to equal file and assembly versions.
         Encountered conflict between 'Platform:System.Windows.dll' and 'Platform:System.Windows.dll'. Could not determine winner due to equal file and assembly versions.
         Encountered conflict between 'Platform:System.Xml.dll' and 'Platform:System.Xml.dll'. Could not determine winner due to equal file and assembly versions.
         Encountered conflict between 'Platform:System.Xml.Serialization.dll' and 'Platform:System.Xml.Serialization.dll'. Could not determine winner due to equal file and assembly versions.
         Encountered conflict between 'Platform:System.Xml.Linq.dll' and 'Platform:System.Xml.Linq.dll'. Could not determine winner due to equal file and assembly versions.
         Encountered conflict between 'Platform:WindowsBase.dll' and 'Platform:WindowsBase.dll'. Could not determine winner due to equal file and assembly versions.
         Encountered conflict between 'Platform:netstandard.dll' and 'Platform:netstandard.dll'. Could not determine winner due to equal file and assembly versions.
         Encountered conflict between 'Platform:System.Private.CoreLib.dll' and 'Platform:System.Private.CoreLib.dll'. Could not determine winner due to equal file and assembly versions.
         Encountered conflict between 'Platform:System.Private.DataContractSerialization.dll' and 'Platform:System.Private.DataContractSerialization.dll'. Could not determine winner due to equal file and assembly versions.
         Encountered conflict between 'Platform:System.Private.Uri.dll' and 'Platform:System.Private.Uri.dll'. Could not determine winner due to equal file and assembly versions.
         Encountered conflict between 'Platform:System.Private.Xml.dll' and 'Platform:System.Private.Xml.dll'. Could not determine winner due to equal file and assembly versions.
         Encountered conflict between 'Platform:System.Private.Xml.Linq.dll' and 'Platform:System.Private.Xml.Linq.dll'. Could not determine winner due to equal file and assembly versions.
         Encountered conflict between 'Platform:mscordaccore_amd64_amd64_8.0.2225.52707.dll' and 'Platform:mscordaccore_amd64_amd64_8.0.2225.52707.dll'. Could not determine winner due to equal file and assembly versions.
       Done executing task "ResolvePackageFileConflicts".
   2:6>Done building target "_HandlePackageFileConflicts" in project "SpaN5.csproj".
       Target "ResolveTargetingPackAssets" skipped. Previously built successfully.
   2:6>Target "ResolveAssemblyReferences" in file "C:\Program Files\dotnet\sdk\9.0.308\Microsoft.Common.CurrentVersion.targets" from project "C:\Users\DELL\OneDrive\Desktop\Web spa\Long(ThanhToan_DatLich\SpaN5.csproj" (target "ResolveReferences" depends on it):
       Using "ResolveAssemblyReference" task from assembly "Microsoft.Build.Tasks.Core, Version=15.1.0.0, Culture=neutral, PublicKeyToken=b03f5f7f11d50a3a".
       Task "ResolveAssemblyReference"
         TargetFrameworkMoniker:
             .NETCoreApp,Version=v8.0
         TargetFrameworkMonikerDisplayName:
             .NET 8.0
         TargetedRuntimeVersion:
             
         Assemblies:
             C:\Users\DELL\.nuget\packages\azure.core\1.38.0\lib\net6.0\Azure.Core.dll
                 Private = 'false'
                 HintPath = 'C:\Users\DELL\.nuget\packages\azure.core\1.38.0\lib\net6.0\Azure.Core.dll'
             C:\Users\DELL\.nuget\packages\azure.identity\1.11.4\lib\netstandard2.0\Azure.Identity.dll
                 Private = 'false'
                 HintPath = 'C:\Users\DELL\.nuget\packages\azure.identity\1.11.4\lib\netstandard2.0\Azure.Identity.dll'
             C:\Users\DELL\.nuget\packages\microsoft.bcl.asyncinterfaces\6.0.0\lib\netstandard2.1\Microsoft.Bcl.AsyncInterfaces.dll
                 Private = 'false'
                 HintPath = 'C:\Users\DELL\.nuget\packages\microsoft.bcl.asyncinterfaces\6.0.0\lib\netstandard2.1\Microsoft.Bcl.AsyncInterfaces.dll'
             C:\Users\DELL\.nuget\packages\microsoft.data.sqlclient\5.1.7\ref\net6.0\Microsoft.Data.SqlClient.dll
                 Private = 'false'
                 HintPath = 'C:\Users\DELL\.nuget\packages\microsoft.data.sqlclient\5.1.7\ref\net6.0\Microsoft.Data.SqlClient.dll'
             C:\Users\DELL\.nuget\packages\microsoft.entityframeworkcore\8.0.24\lib\net8.0\Microsoft.EntityFrameworkCore.dll
                 Private = 'false'
                 HintPath = 'C:\Users\DELL\.nuget\packages\microsoft.entityframeworkcore\8.0.24\lib\net8.0\Microsoft.EntityFrameworkCore.dll'
             C:\Users\DELL\.nuget\packages\microsoft.entityframeworkcore.abstractions\8.0.24\lib\net8.0\Microsoft.EntityFrameworkCore.Abstractions.dll
                 Private = 'false'
                 HintPath = 'C:\Users\DELL\.nuget\packages\microsoft.entityframeworkcore.abstractions\8.0.24\lib\net8.0\Microsoft.EntityFrameworkCore.Abstractions.dll'
             C:\Users\DELL\.nuget\packages\microsoft.entityframeworkcore.relational\8.0.24\lib\net8.0\Microsoft.EntityFrameworkCore.Relational.dll
                 Private = 'false'
                 HintPath = 'C:\Users\DELL\.nuget\packages\microsoft.entityframeworkcore.relational\8.0.24\lib\net8.0\Microsoft.EntityFrameworkCore.Relational.dll'
             C:\Users\DELL\.nuget\packages\microsoft.entityframeworkcore.sqlserver\8.0.24\lib\net8.0\Microsoft.EntityFrameworkCore.SqlServer.dll
                 Private = 'false'
                 HintPath = 'C:\Users\DELL\.nuget\packages\microsoft.entityframeworkcore.sqlserver\8.0.24\lib\net8.0\Microsoft.EntityFrameworkCore.SqlServer.dll'
             C:\Users\DELL\.nuget\packages\microsoft.identity.client\4.61.3\lib\net6.0\Microsoft.Identity.Client.dll
                 Private = 'false'
                 HintPath = 'C:\Users\DELL\.nuget\packages\microsoft.identity.client\4.61.3\lib\net6.0\Microsoft.Identity.Client.dll'
             C:\Users\DELL\.nuget\packages\microsoft.identity.client.extensions.msal\4.61.3\lib\net6.0\Microsoft.Identity.Client.Extensions.Msal.dll
                 Private = 'false'
                 HintPath = 'C:\Users\DELL\.nuget\packages\microsoft.identity.client.extensions.msal\4.61.3\lib\net6.0\Microsoft.Identity.Client.Extensions.Msal.dll'
             C:\Users\DELL\.nuget\packages\microsoft.identitymodel.abstractions\6.35.0\lib\net6.0\Microsoft.IdentityModel.Abstractions.dll
                 Private = 'false'
                 HintPath = 'C:\Users\DELL\.nuget\packages\microsoft.identitymodel.abstractions\6.35.0\lib\net6.0\Microsoft.IdentityModel.Abstractions.dll'
             C:\Users\DELL\.nuget\packages\microsoft.identitymodel.jsonwebtokens\6.35.0\lib\net6.0\Microsoft.IdentityModel.JsonWebTokens.dll
                 Private = 'false'
                 HintPath = 'C:\Users\DELL\.nuget\packages\microsoft.identitymodel.jsonwebtokens\6.35.0\lib\net6.0\Microsoft.IdentityModel.JsonWebTokens.dll'
             C:\Users\DELL\.nuget\packages\microsoft.identitymodel.logging\6.35.0\lib\net6.0\Microsoft.IdentityModel.Logging.dll
                 Private = 'false'
                 HintPath = 'C:\Users\DELL\.nuget\packages\microsoft.identitymodel.logging\6.35.0\lib\net6.0\Microsoft.IdentityModel.Logging.dll'
             C:\Users\DELL\.nuget\packages\microsoft.identitymodel.protocols\6.35.0\lib\net6.0\Microsoft.IdentityModel.Protocols.dll
                 Private = 'false'
                 HintPath = 'C:\Users\DELL\.nuget\packages\microsoft.identitymodel.protocols\6.35.0\lib\net6.0\Microsoft.IdentityModel.Protocols.dll'
             C:\Users\DELL\.nuget\packages\microsoft.identitymodel.protocols.openidconnect\6.35.0\lib\net6.0\Microsoft.IdentityModel.Protocols.OpenIdConnect.dll
                 Private = 'false'
                 HintPath = 'C:\Users\DELL\.nuget\packages\microsoft.identitymodel.protocols.openidconnect\6.35.0\lib\net6.0\Microsoft.IdentityModel.Protocols.OpenIdConnect.dll'
             C:\Users\DELL\.nuget\packages\microsoft.identitymodel.tokens\6.35.0\lib\net6.0\Microsoft.IdentityModel.Tokens.dll
                 Private = 'false'
                 HintPath = 'C:\Users\DELL\.nuget\packages\microsoft.identitymodel.tokens\6.35.0\lib\net6.0\Microsoft.IdentityModel.Tokens.dll'
             C:\Users\DELL\.nuget\packages\microsoft.sqlserver.server\1.0.0\lib\netstandard2.0\Microsoft.SqlServer.Server.dll
                 Private = 'false'
                 HintPath = 'C:\Users\DELL\.nuget\packages\microsoft.sqlserver.server\1.0.0\lib\netstandard2.0\Microsoft.SqlServer.Server.dll'
             C:\Users\DELL\.nuget\packages\system.clientmodel\1.0.0\lib\net6.0\System.ClientModel.dll
                 Private = 'false'
                 HintPath = 'C:\Users\DELL\.nuget\packages\system.clientmodel\1.0.0\lib\net6.0\System.ClientModel.dll'
             C:\Users\DELL\.nuget\packages\system.identitymodel.tokens.jwt\6.35.0\lib\net6.0\System.IdentityModel.Tokens.Jwt.dll
                 Private = 'false'
                 HintPath = 'C:\Users\DELL\.nuget\packages\system.identitymodel.tokens.jwt\6.35.0\lib\net6.0\System.IdentityModel.Tokens.Jwt.dll'
             C:\Users\DELL\.nuget\packages\system.memory.data\1.0.2\lib\netstandard2.0\System.Memory.Data.dll
                 Private = 'false'
                 HintPath = 'C:\Users\DELL\.nuget\packages\system.memory.data\1.0.2\lib\netstandard2.0\System.Memory.Data.dll'
             C:\Users\DELL\.nuget\packages\system.security.cryptography.protecteddata\6.0.0\lib\net6.0\System.Security.Cryptography.ProtectedData.dll
                 Private = 'false'
                 HintPath = 'C:\Users\DELL\.nuget\packages\system.security.cryptography.protecteddata\6.0.0\lib\net6.0\System.Security.Cryptography.ProtectedData.dll'
             C:\Program Files\dotnet\packs\Microsoft.NETCore.App.Ref\8.0.22\ref/net8.0/Microsoft.CSharp.dll
                 Private = 'false'
             C:\Program Files\dotnet\packs\Microsoft.NETCore.App.Ref\8.0.22\ref/net8.0/Microsoft.VisualBasic.Core.dll
                 Private = 'false'
             C:\Program Files\dotnet\packs\Microsoft.NETCore.App.Ref\8.0.22\ref/net8.0/Microsoft.VisualBasic.dll
                 Private = 'false'
             C:\Program Files\dotnet\packs\Microsoft.NETCore.App.Ref\8.0.22\ref/net8.0/Microsoft.Win32.Primitives.dll
                 Private = 'false'
             C:\Program Files\dotnet\packs\Microsoft.NETCore.App.Ref\8.0.22\ref/net8.0/Microsoft.Win32.Registry.dll
                 Private = 'false'
             C:\Program Files\dotnet\packs\Microsoft.NETCore.App.Ref\8.0.22\ref/net8.0/System.AppContext.dll
                 Private = 'false'
             C:\Program Files\dotnet\packs\Microsoft.NETCore.App.Ref\8.0.22\ref/net8.0/System.Buffers.dll
                 Private = 'false'
             C:\Program Files\dotnet\packs\Microsoft.NETCore.App.Ref\8.0.22\ref/net8.0/System.Collections.Concurrent.dll
                 Private = 'false'
             C:\Program Files\dotnet\packs\Microsoft.NETCore.App.Ref\8.0.22\ref/net8.0/System.Collections.Immutable.dll
                 Private = 'false'
             C:\Program Files\dotnet\packs\Microsoft.NETCore.App.Ref\8.0.22\ref/net8.0/System.Collections.NonGeneric.dll
                 Private = 'false'
             C:\Program Files\dotnet\packs\Microsoft.NETCore.App.Ref\8.0.22\ref/net8.0/System.Collections.Specialized.dll
                 Private = 'false'
             C:\Program Files\dotnet\packs\Microsoft.NETCore.App.Ref\8.0.22\ref/net8.0/System.Collections.dll
                 Private = 'false'
             C:\Program Files\dotnet\packs\Microsoft.NETCore.App.Ref\8.0.22\ref/net8.0/System.ComponentModel.Annotations.dll
                 Private = 'false'
             C:\Program Files\dotnet\packs\Microsoft.NETCore.App.Ref\8.0.22\ref/net8.0/System.ComponentModel.DataAnnotations.dll
                 Private = 'false'
             C:\Program Files\dotnet\packs\Microsoft.NETCore.App.Ref\8.0.22\ref/net8.0/System.ComponentModel.EventBasedAsync.dll
                 Private = 'false'
             C:\Program Files\dotnet\packs\Microsoft.NETCore.App.Ref\8.0.22\ref/net8.0/System.ComponentModel.Primitives.dll
                 Private = 'false'
             C:\Program Files\dotnet\packs\Microsoft.NETCore.App.Ref\8.0.22\ref/net8.0/System.ComponentModel.TypeConverter.dll
                 Private = 'false'
             C:\Program Files\dotnet\packs\Microsoft.NETCore.App.Ref\8.0.22\ref/net8.0/System.ComponentModel.dll
                 Private = 'false'
             C:\Program Files\dotnet\packs\Microsoft.NETCore.App.Ref\8.0.22\ref/net8.0/System.Configuration.dll
                 Private = 'false'
             C:\Program Files\dotnet\packs\Microsoft.NETCore.App.Ref\8.0.22\ref/net8.0/System.Console.dll
                 Private = 'false'
             C:\Program Files\dotnet\packs\Microsoft.NETCore.App.Ref\8.0.22\ref/net8.0/System.Core.dll
                 Private = 'false'
             C:\Program Files\dotnet\packs\Microsoft.NETCore.App.Ref\8.0.22\ref/net8.0/System.Data.Common.dll
                 Private = 'false'
             C:\Program Files\dotnet\packs\Microsoft.NETCore.App.Ref\8.0.22\ref/net8.0/System.Data.DataSetExtensions.dll
                 Private = 'false'
             C:\Program Files\dotnet\packs\Microsoft.NETCore.App.Ref\8.0.22\ref/net8.0/System.Data.dll
                 Private = 'false'
             C:\Program Files\dotnet\packs\Microsoft.NETCore.App.Ref\8.0.22\ref/net8.0/System.Diagnostics.Contracts.dll
                 Private = 'false'
             C:\Program Files\dotnet\packs\Microsoft.NETCore.App.Ref\8.0.22\ref/net8.0/System.Diagnostics.Debug.dll
                 Private = 'false'
             C:\Program Files\dotnet\packs\Microsoft.NETCore.App.Ref\8.0.22\ref/net8.0/System.Diagnostics.DiagnosticSource.dll
                 Private = 'false'
             C:\Program Files\dotnet\packs\Microsoft.NETCore.App.Ref\8.0.22\ref/net8.0/System.Diagnostics.FileVersionInfo.dll
                 Private = 'false'
             C:\Program Files\dotnet\packs\Microsoft.NETCore.App.Ref\8.0.22\ref/net8.0/System.Diagnostics.Process.dll
                 Private = 'false'
             C:\Program Files\dotnet\packs\Microsoft.NETCore.App.Ref\8.0.22\ref/net8.0/System.Diagnostics.StackTrace.dll
                 Private = 'false'
             C:\Program Files\dotnet\packs\Microsoft.NETCore.App.Ref\8.0.22\ref/net8.0/System.Diagnostics.TextWriterTraceListener.dll
                 Private = 'false'
             C:\Program Files\dotnet\packs\Microsoft.NETCore.App.Ref\8.0.22\ref/net8.0/System.Diagnostics.Tools.dll
                 Private = 'false'
             C:\Program Files\dotnet\packs\Microsoft.NETCore.App.Ref\8.0.22\ref/net8.0/System.Diagnostics.TraceSource.dll
                 Private = 'false'
             C:\Program Files\dotnet\packs\Microsoft.NETCore.App.Ref\8.0.22\ref/net8.0/System.Diagnostics.Tracing.dll
                 Private = 'false'
             C:\Program Files\dotnet\packs\Microsoft.NETCore.App.Ref\8.0.22\ref/net8.0/System.Drawing.Primitives.dll
                 Private = 'false'
             C:\Program Files\dotnet\packs\Microsoft.NETCore.App.Ref\8.0.22\ref/net8.0/System.Drawing.dll
                 Private = 'false'
             C:\Program Files\dotnet\packs\Microsoft.NETCore.App.Ref\8.0.22\ref/net8.0/System.Dynamic.Runtime.dll
                 Private = 'false'
             C:\Program Files\dotnet\packs\Microsoft.NETCore.App.Ref\8.0.22\ref/net8.0/System.Formats.Asn1.dll
                 Private = 'false'
             C:\Program Files\dotnet\packs\Microsoft.NETCore.App.Ref\8.0.22\ref/net8.0/System.Formats.Tar.dll
                 Private = 'false'
             C:\Program Files\dotnet\packs\Microsoft.NETCore.App.Ref\8.0.22\ref/net8.0/System.Globalization.Calendars.dll
                 Private = 'false'
             C:\Program Files\dotnet\packs\Microsoft.NETCore.App.Ref\8.0.22\ref/net8.0/System.Globalization.Extensions.dll
                 Private = 'false'
             C:\Program Files\dotnet\packs\Microsoft.NETCore.App.Ref\8.0.22\ref/net8.0/System.Globalization.dll
                 Private = 'false'
             C:\Program Files\dotnet\packs\Microsoft.NETCore.App.Ref\8.0.22\ref/net8.0/System.IO.Compression.Brotli.dll
                 Private = 'false'
             C:\Program Files\dotnet\packs\Microsoft.NETCore.App.Ref\8.0.22\ref/net8.0/System.IO.Compression.FileSystem.dll
                 Private = 'false'
             C:\Program Files\dotnet\packs\Microsoft.NETCore.App.Ref\8.0.22\ref/net8.0/System.IO.Compression.ZipFile.dll
                 Private = 'false'
             C:\Program Files\dotnet\packs\Microsoft.NETCore.App.Ref\8.0.22\ref/net8.0/System.IO.Compression.dll
                 Private = 'false'
             C:\Program Files\dotnet\packs\Microsoft.NETCore.App.Ref\8.0.22\ref/net8.0/System.IO.FileSystem.AccessControl.dll
                 Private = 'false'
             C:\Program Files\dotnet\packs\Microsoft.NETCore.App.Ref\8.0.22\ref/net8.0/System.IO.FileSystem.DriveInfo.dll
                 Private = 'false'
             C:\Program Files\dotnet\packs\Microsoft.NETCore.App.Ref\8.0.22\ref/net8.0/System.IO.FileSystem.Primitives.dll
                 Private = 'false'
             C:\Program Files\dotnet\packs\Microsoft.NETCore.App.Ref\8.0.22\ref/net8.0/System.IO.FileSystem.Watcher.dll
                 Private = 'false'
             C:\Program Files\dotnet\packs\Microsoft.NETCore.App.Ref\8.0.22\ref/net8.0/System.IO.FileSystem.dll
                 Private = 'false'
             C:\Program Files\dotnet\packs\Microsoft.NETCore.App.Ref\8.0.22\ref/net8.0/System.IO.IsolatedStorage.dll
                 Private = 'false'
             C:\Program Files\dotnet\packs\Microsoft.NETCore.App.Ref\8.0.22\ref/net8.0/System.IO.MemoryMappedFiles.dll
                 Private = 'false'
             C:\Program Files\dotnet\packs\Microsoft.NETCore.App.Ref\8.0.22\ref/net8.0/System.IO.Pipes.AccessControl.dll
                 Private = 'false'
             C:\Program Files\dotnet\packs\Microsoft.NETCore.App.Ref\8.0.22\ref/net8.0/System.IO.Pipes.dll
                 Private = 'false'
             C:\Program Files\dotnet\packs\Microsoft.NETCore.App.Ref\8.0.22\ref/net8.0/System.IO.UnmanagedMemoryStream.dll
                 Private = 'false'
             C:\Program Files\dotnet\packs\Microsoft.NETCore.App.Ref\8.0.22\ref/net8.0/System.IO.dll
                 Private = 'false'
             C:\Program Files\dotnet\packs\Microsoft.NETCore.App.Ref\8.0.22\ref/net8.0/System.Linq.Expressions.dll
                 Private = 'false'
             C:\Program Files\dotnet\packs\Microsoft.NETCore.App.Ref\8.0.22\ref/net8.0/System.Linq.Parallel.dll
                 Private = 'false'
             C:\Program Files\dotnet\packs\Microsoft.NETCore.App.Ref\8.0.22\ref/net8.0/System.Linq.Queryable.dll
                 Private = 'false'
             C:\Program Files\dotnet\packs\Microsoft.NETCore.App.Ref\8.0.22\ref/net8.0/System.Linq.dll
                 Private = 'false'
             C:\Program Files\dotnet\packs\Microsoft.NETCore.App.Ref\8.0.22\ref/net8.0/System.Memory.dll
                 Private = 'false'
             C:\Program Files\dotnet\packs\Microsoft.NETCore.App.Ref\8.0.22\ref/net8.0/System.Net.Http.Json.dll
                 Private = 'false'
             C:\Program Files\dotnet\packs\Microsoft.NETCore.App.Ref\8.0.22\ref/net8.0/System.Net.Http.dll
                 Private = 'false'
             C:\Program Files\dotnet\packs\Microsoft.NETCore.App.Ref\8.0.22\ref/net8.0/System.Net.HttpListener.dll
                 Private = 'false'
             C:\Program Files\dotnet\packs\Microsoft.NETCore.App.Ref\8.0.22\ref/net8.0/System.Net.Mail.dll
                 Private = 'false'
             C:\Program Files\dotnet\packs\Microsoft.NETCore.App.Ref\8.0.22\ref/net8.0/System.Net.NameResolution.dll
                 Private = 'false'
             C:\Program Files\dotnet\packs\Microsoft.NETCore.App.Ref\8.0.22\ref/net8.0/System.Net.NetworkInformation.dll
                 Private = 'false'
             C:\Program Files\dotnet\packs\Microsoft.NETCore.App.Ref\8.0.22\ref/net8.0/System.Net.Ping.dll
                 Private = 'false'
             C:\Program Files\dotnet\packs\Microsoft.NETCore.App.Ref\8.0.22\ref/net8.0/System.Net.Primitives.dll
                 Private = 'false'
             C:\Program Files\dotnet\packs\Microsoft.NETCore.App.Ref\8.0.22\ref/net8.0/System.Net.Quic.dll
                 Private = 'false'
             C:\Program Files\dotnet\packs\Microsoft.NETCore.App.Ref\8.0.22\ref/net8.0/System.Net.Requests.dll
                 Private = 'false'
             C:\Program Files\dotnet\packs\Microsoft.NETCore.App.Ref\8.0.22\ref/net8.0/System.Net.Security.dll
                 Private = 'false'
             C:\Program Files\dotnet\packs\Microsoft.NETCore.App.Ref\8.0.22\ref/net8.0/System.Net.ServicePoint.dll
                 Private = 'false'
             C:\Program Files\dotnet\packs\Microsoft.NETCore.App.Ref\8.0.22\ref/net8.0/System.Net.Sockets.dll
                 Private = 'false'
             C:\Program Files\dotnet\packs\Microsoft.NETCore.App.Ref\8.0.22\ref/net8.0/System.Net.WebClient.dll
                 Private = 'false'
             C:\Program Files\dotnet\packs\Microsoft.NETCore.App.Ref\8.0.22\ref/net8.0/System.Net.WebHeaderCollection.dll
                 Private = 'false'
             C:\Program Files\dotnet\packs\Microsoft.NETCore.App.Ref\8.0.22\ref/net8.0/System.Net.WebProxy.dll
                 Private = 'false'
             C:\Program Files\dotnet\packs\Microsoft.NETCore.App.Ref\8.0.22\ref/net8.0/System.Net.WebSockets.Client.dll
                 Private = 'false'
             C:\Program Files\dotnet\packs\Microsoft.NETCore.App.Ref\8.0.22\ref/net8.0/System.Net.WebSockets.dll
                 Private = 'false'
             C:\Program Files\dotnet\packs\Microsoft.NETCore.App.Ref\8.0.22\ref/net8.0/System.Net.dll
                 Private = 'false'
             C:\Program Files\dotnet\packs\Microsoft.NETCore.App.Ref\8.0.22\ref/net8.0/System.Numerics.Vectors.dll
                 Private = 'false'
             C:\Program Files\dotnet\packs\Microsoft.NETCore.App.Ref\8.0.22\ref/net8.0/System.Numerics.dll
                 Private = 'false'
             C:\Program Files\dotnet\packs\Microsoft.NETCore.App.Ref\8.0.22\ref/net8.0/System.ObjectModel.dll
                 Private = 'false'
             C:\Program Files\dotnet\packs\Microsoft.NETCore.App.Ref\8.0.22\ref/net8.0/System.Reflection.DispatchProxy.dll
                 Private = 'false'
             C:\Program Files\dotnet\packs\Microsoft.NETCore.App.Ref\8.0.22\ref/net8.0/System.Reflection.Emit.ILGeneration.dll
                 Private = 'false'
             C:\Program Files\dotnet\packs\Microsoft.NETCore.App.Ref\8.0.22\ref/net8.0/System.Reflection.Emit.Lightweight.dll
                 Private = 'false'
             C:\Program Files\dotnet\packs\Microsoft.NETCore.App.Ref\8.0.22\ref/net8.0/System.Reflection.Emit.dll
                 Private = 'false'
             C:\Program Files\dotnet\packs\Microsoft.NETCore.App.Ref\8.0.22\ref/net8.0/System.Reflection.Extensions.dll
                 Private = 'false'
             C:\Program Files\dotnet\packs\Microsoft.NETCore.App.Ref\8.0.22\ref/net8.0/System.Reflection.Metadata.dll
                 Private = 'false'
             C:\Program Files\dotnet\packs\Microsoft.NETCore.App.Ref\8.0.22\ref/net8.0/System.Reflection.Primitives.dll
                 Private = 'false'
             C:\Program Files\dotnet\packs\Microsoft.NETCore.App.Ref\8.0.22\ref/net8.0/System.Reflection.TypeExtensions.dll
                 Private = 'false'
             C:\Program Files\dotnet\packs\Microsoft.NETCore.App.Ref\8.0.22\ref/net8.0/System.Reflection.dll
                 Private = 'false'
             C:\Program Files\dotnet\packs\Microsoft.NETCore.App.Ref\8.0.22\ref/net8.0/System.Resources.Reader.dll
                 Private = 'false'
             C:\Program Files\dotnet\packs\Microsoft.NETCore.App.Ref\8.0.22\ref/net8.0/System.Resources.ResourceManager.dll
                 Private = 'false'
             C:\Program Files\dotnet\packs\Microsoft.NETCore.App.Ref\8.0.22\ref/net8.0/System.Resources.Writer.dll
                 Private = 'false'
             C:\Program Files\dotnet\packs\Microsoft.NETCore.App.Ref\8.0.22\ref/net8.0/System.Runtime.CompilerServices.Unsafe.dll
                 Private = 'false'
             C:\Program Files\dotnet\packs\Microsoft.NETCore.App.Ref\8.0.22\ref/net8.0/System.Runtime.CompilerServices.VisualC.dll
                 Private = 'false'
             C:\Program Files\dotnet\packs\Microsoft.NETCore.App.Ref\8.0.22\ref/net8.0/System.Runtime.Extensions.dll
                 Private = 'false'
             C:\Program Files\dotnet\packs\Microsoft.NETCore.App.Ref\8.0.22\ref/net8.0/System.Runtime.Handles.dll
                 Private = 'false'
             C:\Program Files\dotnet\packs\Microsoft.NETCore.App.Ref\8.0.22\ref/net8.0/System.Runtime.InteropServices.JavaScript.dll
                 Private = 'false'
             C:\Program Files\dotnet\packs\Microsoft.NETCore.App.Ref\8.0.22\ref/net8.0/System.Runtime.InteropServices.RuntimeInformation.dll
                 Private = 'false'
             C:\Program Files\dotnet\packs\Microsoft.NETCore.App.Ref\8.0.22\ref/net8.0/System.Runtime.InteropServices.dll
                 Private = 'false'
             C:\Program Files\dotnet\packs\Microsoft.NETCore.App.Ref\8.0.22\ref/net8.0/System.Runtime.Intrinsics.dll
                 Private = 'false'
             C:\Program Files\dotnet\packs\Microsoft.NETCore.App.Ref\8.0.22\ref/net8.0/System.Runtime.Loader.dll
                 Private = 'false'
             C:\Program Files\dotnet\packs\Microsoft.NETCore.App.Ref\8.0.22\ref/net8.0/System.Runtime.Numerics.dll
                 Private = 'false'
             C:\Program Files\dotnet\packs\Microsoft.NETCore.App.Ref\8.0.22\ref/net8.0/System.Runtime.Serialization.Formatters.dll
                 Private = 'false'
             C:\Program Files\dotnet\packs\Microsoft.NETCore.App.Ref\8.0.22\ref/net8.0/System.Runtime.Serialization.Json.dll
                 Private = 'false'
             C:\Program Files\dotnet\packs\Microsoft.NETCore.App.Ref\8.0.22\ref/net8.0/System.Runtime.Serialization.Primitives.dll
                 Private = 'false'
             C:\Program Files\dotnet\packs\Microsoft.NETCore.App.Ref\8.0.22\ref/net8.0/System.Runtime.Serialization.Xml.dll
                 Private = 'false'
             C:\Program Files\dotnet\packs\Microsoft.NETCore.App.Ref\8.0.22\ref/net8.0/System.Runtime.Serialization.dll
                 Private = 'false'
             C:\Program Files\dotnet\packs\Microsoft.NETCore.App.Ref\8.0.22\ref/net8.0/System.Runtime.dll
                 Private = 'false'
             C:\Program Files\dotnet\packs\Microsoft.NETCore.App.Ref\8.0.22\ref/net8.0/System.Security.AccessControl.dll
                 Private = 'false'
             C:\Program Files\dotnet\packs\Microsoft.NETCore.App.Ref\8.0.22\ref/net8.0/System.Security.Claims.dll
                 Private = 'false'
             C:\Program Files\dotnet\packs\Microsoft.NETCore.App.Ref\8.0.22\ref/net8.0/System.Security.Cryptography.Algorithms.dll
                 Private = 'false'
             C:\Program Files\dotnet\packs\Microsoft.NETCore.App.Ref\8.0.22\ref/net8.0/System.Security.Cryptography.Cng.dll
                 Private = 'false'
             C:\Program Files\dotnet\packs\Microsoft.NETCore.App.Ref\8.0.22\ref/net8.0/System.Security.Cryptography.Csp.dll
                 Private = 'false'
             C:\Program Files\dotnet\packs\Microsoft.NETCore.App.Ref\8.0.22\ref/net8.0/System.Security.Cryptography.Encoding.dll
                 Private = 'false'
             C:\Program Files\dotnet\packs\Microsoft.NETCore.App.Ref\8.0.22\ref/net8.0/System.Security.Cryptography.OpenSsl.dll
                 Private = 'false'
             C:\Program Files\dotnet\packs\Microsoft.NETCore.App.Ref\8.0.22\ref/net8.0/System.Security.Cryptography.Primitives.dll
                 Private = 'false'
             C:\Program Files\dotnet\packs\Microsoft.NETCore.App.Ref\8.0.22\ref/net8.0/System.Security.Cryptography.X509Certificates.dll
                 Private = 'false'
             C:\Program Files\dotnet\packs\Microsoft.NETCore.App.Ref\8.0.22\ref/net8.0/System.Security.Cryptography.dll
                 Private = 'false'
             C:\Program Files\dotnet\packs\Microsoft.NETCore.App.Ref\8.0.22\ref/net8.0/System.Security.Principal.Windows.dll
                 Private = 'false'
             C:\Program Files\dotnet\packs\Microsoft.NETCore.App.Ref\8.0.22\ref/net8.0/System.Security.Principal.dll
                 Private = 'false'
             C:\Program Files\dotnet\packs\Microsoft.NETCore.App.Ref\8.0.22\ref/net8.0/System.Security.SecureString.dll
                 Private = 'false'
             C:\Program Files\dotnet\packs\Microsoft.NETCore.App.Ref\8.0.22\ref/net8.0/System.Security.dll
                 Private = 'false'
             C:\Program Files\dotnet\packs\Microsoft.NETCore.App.Ref\8.0.22\ref/net8.0/System.ServiceModel.Web.dll
                 Private = 'false'
             C:\Program Files\dotnet\packs\Microsoft.NETCore.App.Ref\8.0.22\ref/net8.0/System.ServiceProcess.dll
                 Private = 'false'
             C:\Program Files\dotnet\packs\Microsoft.NETCore.App.Ref\8.0.22\ref/net8.0/System.Text.Encoding.CodePages.dll
                 Private = 'false'
             C:\Program Files\dotnet\packs\Microsoft.NETCore.App.Ref\8.0.22\ref/net8.0/System.Text.Encoding.Extensions.dll
                 Private = 'false'
             C:\Program Files\dotnet\packs\Microsoft.NETCore.App.Ref\8.0.22\ref/net8.0/System.Text.Encoding.dll
                 Private = 'false'
             C:\Program Files\dotnet\packs\Microsoft.NETCore.App.Ref\8.0.22\ref/net8.0/System.Text.Encodings.Web.dll
                 Private = 'false'
             C:\Program Files\dotnet\packs\Microsoft.NETCore.App.Ref\8.0.22\ref/net8.0/System.Text.Json.dll
                 Private = 'false'
             C:\Program Files\dotnet\packs\Microsoft.NETCore.App.Ref\8.0.22\ref/net8.0/System.Text.RegularExpressions.dll
                 Private = 'false'
             C:\Program Files\dotnet\packs\Microsoft.NETCore.App.Ref\8.0.22\ref/net8.0/System.Threading.Channels.dll
                 Private = 'false'
             C:\Program Files\dotnet\packs\Microsoft.NETCore.App.Ref\8.0.22\ref/net8.0/System.Threading.Overlapped.dll
                 Private = 'false'
             C:\Program Files\dotnet\packs\Microsoft.NETCore.App.Ref\8.0.22\ref/net8.0/System.Threading.Tasks.Dataflow.dll
                 Private = 'false'
             C:\Program Files\dotnet\packs\Microsoft.NETCore.App.Ref\8.0.22\ref/net8.0/System.Threading.Tasks.Extensions.dll
                 Private = 'false'
             C:\Program Files\dotnet\packs\Microsoft.NETCore.App.Ref\8.0.22\ref/net8.0/System.Threading.Tasks.Parallel.dll
                 Private = 'false'
             C:\Program Files\dotnet\packs\Microsoft.NETCore.App.Ref\8.0.22\ref/net8.0/System.Threading.Tasks.dll
                 Private = 'false'
             C:\Program Files\dotnet\packs\Microsoft.NETCore.App.Ref\8.0.22\ref/net8.0/System.Threading.Thread.dll
                 Private = 'false'
             C:\Program Files\dotnet\packs\Microsoft.NETCore.App.Ref\8.0.22\ref/net8.0/System.Threading.ThreadPool.dll
                 Private = 'false'
             C:\Program Files\dotnet\packs\Microsoft.NETCore.App.Ref\8.0.22\ref/net8.0/System.Threading.Timer.dll
                 Private = 'false'
             C:\Program Files\dotnet\packs\Microsoft.NETCore.App.Ref\8.0.22\ref/net8.0/System.Threading.dll
                 Private = 'false'
             C:\Program Files\dotnet\packs\Microsoft.NETCore.App.Ref\8.0.22\ref/net8.0/System.Transactions.Local.dll
                 Private = 'false'
             C:\Program Files\dotnet\packs\Microsoft.NETCore.App.Ref\8.0.22\ref/net8.0/System.Transactions.dll
                 Private = 'false'
             C:\Program Files\dotnet\packs\Microsoft.NETCore.App.Ref\8.0.22\ref/net8.0/System.ValueTuple.dll
                 Private = 'false'
             C:\Program Files\dotnet\packs\Microsoft.NETCore.App.Ref\8.0.22\ref/net8.0/System.Web.HttpUtility.dll
                 Private = 'false'
             C:\Program Files\dotnet\packs\Microsoft.NETCore.App.Ref\8.0.22\ref/net8.0/System.Web.dll
                 Private = 'false'
             C:\Program Files\dotnet\packs\Microsoft.NETCore.App.Ref\8.0.22\ref/net8.0/System.Windows.dll
                 Private = 'false'
             C:\Program Files\dotnet\packs\Microsoft.NETCore.App.Ref\8.0.22\ref/net8.0/System.Xml.Linq.dll
                 Private = 'false'
             C:\Program Files\dotnet\packs\Microsoft.NETCore.App.Ref\8.0.22\ref/net8.0/System.Xml.ReaderWriter.dll
                 Private = 'false'
             C:\Program Files\dotnet\packs\Microsoft.NETCore.App.Ref\8.0.22\ref/net8.0/System.Xml.Serialization.dll
                 Private = 'false'
             C:\Program Files\dotnet\packs\Microsoft.NETCore.App.Ref\8.0.22\ref/net8.0/System.Xml.XDocument.dll
                 Private = 'false'
             C:\Program Files\dotnet\packs\Microsoft.NETCore.App.Ref\8.0.22\ref/net8.0/System.Xml.XPath.XDocument.dll
                 Private = 'false'
             C:\Program Files\dotnet\packs\Microsoft.NETCore.App.Ref\8.0.22\ref/net8.0/System.Xml.XPath.dll
                 Private = 'false'
             C:\Program Files\dotnet\packs\Microsoft.NETCore.App.Ref\8.0.22\ref/net8.0/System.Xml.XmlDocument.dll
                 Private = 'false'
             C:\Program Files\dotnet\packs\Microsoft.NETCore.App.Ref\8.0.22\ref/net8.0/System.Xml.XmlSerializer.dll
                 Private = 'false'
             C:\Program Files\dotnet\packs\Microsoft.NETCore.App.Ref\8.0.22\ref/net8.0/System.Xml.dll
                 Private = 'false'
             C:\Program Files\dotnet\packs\Microsoft.NETCore.App.Ref\8.0.22\ref/net8.0/System.dll
                 Private = 'false'
             C:\Program Files\dotnet\packs\Microsoft.NETCore.App.Ref\8.0.22\ref/net8.0/WindowsBase.dll
                 Private = 'false'
             C:\Program Files\dotnet\packs\Microsoft.NETCore.App.Ref\8.0.22\ref/net8.0/mscorlib.dll
                 Private = 'false'
             C:\Program Files\dotnet\packs\Microsoft.NETCore.App.Ref\8.0.22\ref/net8.0/netstandard.dll
                 Private = 'false'
             C:\Program Files\dotnet\packs\Microsoft.AspNetCore.App.Ref\8.0.22\ref\net8.0\Microsoft.AspNetCore.Antiforgery.dll
                 Private = 'false'
             C:\Program Files\dotnet\packs\Microsoft.AspNetCore.App.Ref\8.0.22\ref\net8.0\Microsoft.AspNetCore.Authentication.Abstractions.dll
                 Private = 'false'
             C:\Program Files\dotnet\packs\Microsoft.AspNetCore.App.Ref\8.0.22\ref\net8.0\Microsoft.AspNetCore.Authentication.BearerToken.dll
                 Private = 'false'
             C:\Program Files\dotnet\packs\Microsoft.AspNetCore.App.Ref\8.0.22\ref\net8.0\Microsoft.AspNetCore.Authentication.Cookies.dll
                 Private = 'false'
             C:\Program Files\dotnet\packs\Microsoft.AspNetCore.App.Ref\8.0.22\ref\net8.0\Microsoft.AspNetCore.Authentication.Core.dll
                 Private = 'false'
             C:\Program Files\dotnet\packs\Microsoft.AspNetCore.App.Ref\8.0.22\ref\net8.0\Microsoft.AspNetCore.Authentication.OAuth.dll
                 Private = 'false'
             C:\Program Files\dotnet\packs\Microsoft.AspNetCore.App.Ref\8.0.22\ref\net8.0\Microsoft.AspNetCore.Authentication.dll
                 Private = 'false'
             C:\Program Files\dotnet\packs\Microsoft.AspNetCore.App.Ref\8.0.22\ref\net8.0\Microsoft.AspNetCore.Authorization.Policy.dll
                 Private = 'false'
             C:\Program Files\dotnet\packs\Microsoft.AspNetCore.App.Ref\8.0.22\ref\net8.0\Microsoft.AspNetCore.Authorization.dll
                 Private = 'false'
             C:\Program Files\dotnet\packs\Microsoft.AspNetCore.App.Ref\8.0.22\ref\net8.0\Microsoft.AspNetCore.Components.Authorization.dll
                 Private = 'false'
             C:\Program Files\dotnet\packs\Microsoft.AspNetCore.App.Ref\8.0.22\ref\net8.0\Microsoft.AspNetCore.Components.Endpoints.dll
                 Private = 'false'
             C:\Program Files\dotnet\packs\Microsoft.AspNetCore.App.Ref\8.0.22\ref\net8.0\Microsoft.AspNetCore.Components.Forms.dll
                 Private = 'false'
             C:\Program Files\dotnet\packs\Microsoft.AspNetCore.App.Ref\8.0.22\ref\net8.0\Microsoft.AspNetCore.Components.Server.dll
                 Private = 'false'
             C:\Program Files\dotnet\packs\Microsoft.AspNetCore.App.Ref\8.0.22\ref\net8.0\Microsoft.AspNetCore.Components.Web.dll
                 Private = 'false'
             C:\Program Files\dotnet\packs\Microsoft.AspNetCore.App.Ref\8.0.22\ref\net8.0\Microsoft.AspNetCore.Components.dll
                 Private = 'false'
             C:\Program Files\dotnet\packs\Microsoft.AspNetCore.App.Ref\8.0.22\ref\net8.0\Microsoft.AspNetCore.Connections.Abstractions.dll
                 Private = 'false'
             C:\Program Files\dotnet\packs\Microsoft.AspNetCore.App.Ref\8.0.22\ref\net8.0\Microsoft.AspNetCore.CookiePolicy.dll
                 Private = 'false'
             C:\Program Files\dotnet\packs\Microsoft.AspNetCore.App.Ref\8.0.22\ref\net8.0\Microsoft.AspNetCore.Cors.dll
                 Private = 'false'
             C:\Program Files\dotnet\packs\Microsoft.AspNetCore.App.Ref\8.0.22\ref\net8.0\Microsoft.AspNetCore.Cryptography.Internal.dll
                 Private = 'false'
             C:\Program Files\dotnet\packs\Microsoft.AspNetCore.App.Ref\8.0.22\ref\net8.0\Microsoft.AspNetCore.Cryptography.KeyDerivation.dll
                 Private = 'false'
             C:\Program Files\dotnet\packs\Microsoft.AspNetCore.App.Ref\8.0.22\ref\net8.0\Microsoft.AspNetCore.DataProtection.Abstractions.dll
                 Private = 'false'
             C:\Program Files\dotnet\packs\Microsoft.AspNetCore.App.Ref\8.0.22\ref\net8.0\Microsoft.AspNetCore.DataProtection.Extensions.dll
                 Private = 'false'
             C:\Program Files\dotnet\packs\Microsoft.AspNetCore.App.Ref\8.0.22\ref\net8.0\Microsoft.AspNetCore.DataProtection.dll
                 Private = 'false'
             C:\Program Files\dotnet\packs\Microsoft.AspNetCore.App.Ref\8.0.22\ref\net8.0\Microsoft.AspNetCore.Diagnostics.Abstractions.dll
                 Private = 'false'
             C:\Program Files\dotnet\packs\Microsoft.AspNetCore.App.Ref\8.0.22\ref\net8.0\Microsoft.AspNetCore.Diagnostics.HealthChecks.dll
                 Private = 'false'
             C:\Program Files\dotnet\packs\Microsoft.AspNetCore.App.Ref\8.0.22\ref\net8.0\Microsoft.AspNetCore.Diagnostics.dll
                 Private = 'false'
             C:\Program Files\dotnet\packs\Microsoft.AspNetCore.App.Ref\8.0.22\ref\net8.0\Microsoft.AspNetCore.HostFiltering.dll
                 Private = 'false'
             C:\Program Files\dotnet\packs\Microsoft.AspNetCore.App.Ref\8.0.22\ref\net8.0\Microsoft.AspNetCore.Hosting.Abstractions.dll
                 Private = 'false'
             C:\Program Files\dotnet\packs\Microsoft.AspNetCore.App.Ref\8.0.22\ref\net8.0\Microsoft.AspNetCore.Hosting.Server.Abstractions.dll
                 Private = 'false'
             C:\Program Files\dotnet\packs\Microsoft.AspNetCore.App.Ref\8.0.22\ref\net8.0\Microsoft.AspNetCore.Hosting.dll
                 Private = 'false'
             C:\Program Files\dotnet\packs\Microsoft.AspNetCore.App.Ref\8.0.22\ref\net8.0\Microsoft.AspNetCore.Html.Abstractions.dll
                 Private = 'false'
             C:\Program Files\dotnet\packs\Microsoft.AspNetCore.App.Ref\8.0.22\ref\net8.0\Microsoft.AspNetCore.Http.Abstractions.dll
                 Private = 'false'
             C:\Program Files\dotnet\packs\Microsoft.AspNetCore.App.Ref\8.0.22\ref\net8.0\Microsoft.AspNetCore.Http.Connections.Common.dll
                 Private = 'false'
             C:\Program Files\dotnet\packs\Microsoft.AspNetCore.App.Ref\8.0.22\ref\net8.0\Microsoft.AspNetCore.Http.Connections.dll
                 Private = 'false'
             C:\Program Files\dotnet\packs\Microsoft.AspNetCore.App.Ref\8.0.22\ref\net8.0\Microsoft.AspNetCore.Http.Extensions.dll
                 Private = 'false'
             C:\Program Files\dotnet\packs\Microsoft.AspNetCore.App.Ref\8.0.22\ref\net8.0\Microsoft.AspNetCore.Http.Features.dll
                 Private = 'false'
             C:\Program Files\dotnet\packs\Microsoft.AspNetCore.App.Ref\8.0.22\ref\net8.0\Microsoft.AspNetCore.Http.Results.dll
                 Private = 'false'
             C:\Program Files\dotnet\packs\Microsoft.AspNetCore.App.Ref\8.0.22\ref\net8.0\Microsoft.AspNetCore.Http.dll
                 Private = 'false'
             C:\Program Files\dotnet\packs\Microsoft.AspNetCore.App.Ref\8.0.22\ref\net8.0\Microsoft.AspNetCore.HttpLogging.dll
                 Private = 'false'
             C:\Program Files\dotnet\packs\Microsoft.AspNetCore.App.Ref\8.0.22\ref\net8.0\Microsoft.AspNetCore.HttpOverrides.dll
                 Private = 'false'
             C:\Program Files\dotnet\packs\Microsoft.AspNetCore.App.Ref\8.0.22\ref\net8.0\Microsoft.AspNetCore.HttpsPolicy.dll
                 Private = 'false'
             C:\Program Files\dotnet\packs\Microsoft.AspNetCore.App.Ref\8.0.22\ref\net8.0\Microsoft.AspNetCore.Identity.dll
                 Private = 'false'
             C:\Program Files\dotnet\packs\Microsoft.AspNetCore.App.Ref\8.0.22\ref\net8.0\Microsoft.AspNetCore.Localization.Routing.dll
                 Private = 'false'
             C:\Program Files\dotnet\packs\Microsoft.AspNetCore.App.Ref\8.0.22\ref\net8.0\Microsoft.AspNetCore.Localization.dll
                 Private = 'false'
             C:\Program Files\dotnet\packs\Microsoft.AspNetCore.App.Ref\8.0.22\ref\net8.0\Microsoft.AspNetCore.Metadata.dll
                 Private = 'false'
             C:\Program Files\dotnet\packs\Microsoft.AspNetCore.App.Ref\8.0.22\ref\net8.0\Microsoft.AspNetCore.Mvc.Abstractions.dll
                 Private = 'false'
             C:\Program Files\dotnet\packs\Microsoft.AspNetCore.App.Ref\8.0.22\ref\net8.0\Microsoft.AspNetCore.Mvc.ApiExplorer.dll
                 Private = 'false'
             C:\Program Files\dotnet\packs\Microsoft.AspNetCore.App.Ref\8.0.22\ref\net8.0\Microsoft.AspNetCore.Mvc.Core.dll
                 Private = 'false'
             C:\Program Files\dotnet\packs\Microsoft.AspNetCore.App.Ref\8.0.22\ref\net8.0\Microsoft.AspNetCore.Mvc.Cors.dll
                 Private = 'false'
             C:\Program Files\dotnet\packs\Microsoft.AspNetCore.App.Ref\8.0.22\ref\net8.0\Microsoft.AspNetCore.Mvc.DataAnnotations.dll
                 Private = 'false'
             C:\Program Files\dotnet\packs\Microsoft.AspNetCore.App.Ref\8.0.22\ref\net8.0\Microsoft.AspNetCore.Mvc.Formatters.Json.dll
                 Private = 'false'
             C:\Program Files\dotnet\packs\Microsoft.AspNetCore.App.Ref\8.0.22\ref\net8.0\Microsoft.AspNetCore.Mvc.Formatters.Xml.dll
                 Private = 'false'
             C:\Program Files\dotnet\packs\Microsoft.AspNetCore.App.Ref\8.0.22\ref\net8.0\Microsoft.AspNetCore.Mvc.Localization.dll
                 Private = 'false'
             C:\Program Files\dotnet\packs\Microsoft.AspNetCore.App.Ref\8.0.22\ref\net8.0\Microsoft.AspNetCore.Mvc.Razor.dll
                 Private = 'false'
             C:\Program Files\dotnet\packs\Microsoft.AspNetCore.App.Ref\8.0.22\ref\net8.0\Microsoft.AspNetCore.Mvc.RazorPages.dll
                 Private = 'false'
             C:\Program Files\dotnet\packs\Microsoft.AspNetCore.App.Ref\8.0.22\ref\net8.0\Microsoft.AspNetCore.Mvc.TagHelpers.dll
                 Private = 'false'
             C:\Program Files\dotnet\packs\Microsoft.AspNetCore.App.Ref\8.0.22\ref\net8.0\Microsoft.AspNetCore.Mvc.ViewFeatures.dll
                 Private = 'false'
             C:\Program Files\dotnet\packs\Microsoft.AspNetCore.App.Ref\8.0.22\ref\net8.0\Microsoft.AspNetCore.Mvc.dll
                 Private = 'false'
             C:\Program Files\dotnet\packs\Microsoft.AspNetCore.App.Ref\8.0.22\ref\net8.0\Microsoft.AspNetCore.OutputCaching.dll
                 Private = 'false'
             C:\Program Files\dotnet\packs\Microsoft.AspNetCore.App.Ref\8.0.22\ref\net8.0\Microsoft.AspNetCore.RateLimiting.dll
                 Private = 'false'
             C:\Program Files\dotnet\packs\Microsoft.AspNetCore.App.Ref\8.0.22\ref\net8.0\Microsoft.AspNetCore.Razor.Runtime.dll
                 Private = 'false'
             C:\Program Files\dotnet\packs\Microsoft.AspNetCore.App.Ref\8.0.22\ref\net8.0\Microsoft.AspNetCore.Razor.dll
                 Private = 'false'
             C:\Program Files\dotnet\packs\Microsoft.AspNetCore.App.Ref\8.0.22\ref\net8.0\Microsoft.AspNetCore.RequestDecompression.dll
                 Private = 'false'
             C:\Program Files\dotnet\packs\Microsoft.AspNetCore.App.Ref\8.0.22\ref\net8.0\Microsoft.AspNetCore.ResponseCaching.Abstractions.dll
                 Private = 'false'
             C:\Program Files\dotnet\packs\Microsoft.AspNetCore.App.Ref\8.0.22\ref\net8.0\Microsoft.AspNetCore.ResponseCaching.dll
                 Private = 'false'
             C:\Program Files\dotnet\packs\Microsoft.AspNetCore.App.Ref\8.0.22\ref\net8.0\Microsoft.AspNetCore.ResponseCompression.dll
                 Private = 'false'
             C:\Program Files\dotnet\packs\Microsoft.AspNetCore.App.Ref\8.0.22\ref\net8.0\Microsoft.AspNetCore.Rewrite.dll
                 Private = 'false'
             C:\Program Files\dotnet\packs\Microsoft.AspNetCore.App.Ref\8.0.22\ref\net8.0\Microsoft.AspNetCore.Routing.Abstractions.dll
                 Private = 'false'
             C:\Program Files\dotnet\packs\Microsoft.AspNetCore.App.Ref\8.0.22\ref\net8.0\Microsoft.AspNetCore.Routing.dll
                 Private = 'false'
             C:\Program Files\dotnet\packs\Microsoft.AspNetCore.App.Ref\8.0.22\ref\net8.0\Microsoft.AspNetCore.Server.HttpSys.dll
                 Private = 'false'
             C:\Program Files\dotnet\packs\Microsoft.AspNetCore.App.Ref\8.0.22\ref\net8.0\Microsoft.AspNetCore.Server.IIS.dll
                 Private = 'false'
             C:\Program Files\dotnet\packs\Microsoft.AspNetCore.App.Ref\8.0.22\ref\net8.0\Microsoft.AspNetCore.Server.IISIntegration.dll
                 Private = 'false'
             C:\Program Files\dotnet\packs\Microsoft.AspNetCore.App.Ref\8.0.22\ref\net8.0\Microsoft.AspNetCore.Server.Kestrel.Core.dll
                 Private = 'false'
             C:\Program Files\dotnet\packs\Microsoft.AspNetCore.App.Ref\8.0.22\ref\net8.0\Microsoft.AspNetCore.Server.Kestrel.Transport.NamedPipes.dll
                 Private = 'false'
             C:\Program Files\dotnet\packs\Microsoft.AspNetCore.App.Ref\8.0.22\ref\net8.0\Microsoft.AspNetCore.Server.Kestrel.Transport.Quic.dll
                 Private = 'false'
             C:\Program Files\dotnet\packs\Microsoft.AspNetCore.App.Ref\8.0.22\ref\net8.0\Microsoft.AspNetCore.Server.Kestrel.Transport.Sockets.dll
                 Private = 'false'
             C:\Program Files\dotnet\packs\Microsoft.AspNetCore.App.Ref\8.0.22\ref\net8.0\Microsoft.AspNetCore.Server.Kestrel.dll
                 Private = 'false'
             C:\Program Files\dotnet\packs\Microsoft.AspNetCore.App.Ref\8.0.22\ref\net8.0\Microsoft.AspNetCore.Session.dll
                 Private = 'false'
             C:\Program Files\dotnet\packs\Microsoft.AspNetCore.App.Ref\8.0.22\ref\net8.0\Microsoft.AspNetCore.SignalR.Common.dll
                 Private = 'false'
             C:\Program Files\dotnet\packs\Microsoft.AspNetCore.App.Ref\8.0.22\ref\net8.0\Microsoft.AspNetCore.SignalR.Core.dll
                 Private = 'false'
             C:\Program Files\dotnet\packs\Microsoft.AspNetCore.App.Ref\8.0.22\ref\net8.0\Microsoft.AspNetCore.SignalR.Protocols.Json.dll
                 Private = 'false'
             C:\Program Files\dotnet\packs\Microsoft.AspNetCore.App.Ref\8.0.22\ref\net8.0\Microsoft.AspNetCore.SignalR.dll
                 Private = 'false'
             C:\Program Files\dotnet\packs\Microsoft.AspNetCore.App.Ref\8.0.22\ref\net8.0\Microsoft.AspNetCore.StaticFiles.dll
                 Private = 'false'
             C:\Program Files\dotnet\packs\Microsoft.AspNetCore.App.Ref\8.0.22\ref\net8.0\Microsoft.AspNetCore.WebSockets.dll
                 Private = 'false'
             C:\Program Files\dotnet\packs\Microsoft.AspNetCore.App.Ref\8.0.22\ref\net8.0\Microsoft.AspNetCore.WebUtilities.dll
                 Private = 'false'
             C:\Program Files\dotnet\packs\Microsoft.AspNetCore.App.Ref\8.0.22\ref\net8.0\Microsoft.AspNetCore.dll
                 Private = 'false'
             C:\Program Files\dotnet\packs\Microsoft.AspNetCore.App.Ref\8.0.22\ref\net8.0\Microsoft.Extensions.Caching.Abstractions.dll
                 Private = 'false'
             C:\Program Files\dotnet\packs\Microsoft.AspNetCore.App.Ref\8.0.22\ref\net8.0\Microsoft.Extensions.Caching.Memory.dll
                 Private = 'false'
             C:\Program Files\dotnet\packs\Microsoft.AspNetCore.App.Ref\8.0.22\ref\net8.0\Microsoft.Extensions.Configuration.Abstractions.dll
                 Private = 'false'
             C:\Program Files\dotnet\packs\Microsoft.AspNetCore.App.Ref\8.0.22\ref\net8.0\Microsoft.Extensions.Configuration.Binder.dll
                 Private = 'false'
             C:\Program Files\dotnet\packs\Microsoft.AspNetCore.App.Ref\8.0.22\ref\net8.0\Microsoft.Extensions.Configuration.CommandLine.dll
                 Private = 'false'
             C:\Program Files\dotnet\packs\Microsoft.AspNetCore.App.Ref\8.0.22\ref\net8.0\Microsoft.Extensions.Configuration.EnvironmentVariables.dll
                 Private = 'false'
             C:\Program Files\dotnet\packs\Microsoft.AspNetCore.App.Ref\8.0.22\ref\net8.0\Microsoft.Extensions.Configuration.FileExtensions.dll
                 Private = 'false'
             C:\Program Files\dotnet\packs\Microsoft.AspNetCore.App.Ref\8.0.22\ref\net8.0\Microsoft.Extensions.Configuration.Ini.dll
                 Private = 'false'
             C:\Program Files\dotnet\packs\Microsoft.AspNetCore.App.Ref\8.0.22\ref\net8.0\Microsoft.Extensions.Configuration.Json.dll
                 Private = 'false'
             C:\Program Files\dotnet\packs\Microsoft.AspNetCore.App.Ref\8.0.22\ref\net8.0\Microsoft.Extensions.Configuration.KeyPerFile.dll
                 Private = 'false'
             C:\Program Files\dotnet\packs\Microsoft.AspNetCore.App.Ref\8.0.22\ref\net8.0\Microsoft.Extensions.Configuration.UserSecrets.dll
                 Private = 'false'
             C:\Program Files\dotnet\packs\Microsoft.AspNetCore.App.Ref\8.0.22\ref\net8.0\Microsoft.Extensions.Configuration.Xml.dll
                 Private = 'false'
             C:\Program Files\dotnet\packs\Microsoft.AspNetCore.App.Ref\8.0.22\ref\net8.0\Microsoft.Extensions.Configuration.dll
                 Private = 'false'
             C:\Program Files\dotnet\packs\Microsoft.AspNetCore.App.Ref\8.0.22\ref\net8.0\Microsoft.Extensions.DependencyInjection.Abstractions.dll
                 Private = 'false'
             C:\Program Files\dotnet\packs\Microsoft.AspNetCore.App.Ref\8.0.22\ref\net8.0\Microsoft.Extensions.DependencyInjection.dll
                 Private = 'false'
             C:\Program Files\dotnet\packs\Microsoft.AspNetCore.App.Ref\8.0.22\ref\net8.0\Microsoft.Extensions.Diagnostics.Abstractions.dll
                 Private = 'false'
             C:\Program Files\dotnet\packs\Microsoft.AspNetCore.App.Ref\8.0.22\ref\net8.0\Microsoft.Extensions.Diagnostics.HealthChecks.Abstractions.dll
                 Private = 'false'
             C:\Program Files\dotnet\packs\Microsoft.AspNetCore.App.Ref\8.0.22\ref\net8.0\Microsoft.Extensions.Diagnostics.HealthChecks.dll
                 Private = 'false'
             C:\Program Files\dotnet\packs\Microsoft.AspNetCore.App.Ref\8.0.22\ref\net8.0\Microsoft.Extensions.Diagnostics.dll
                 Private = 'false'
             C:\Program Files\dotnet\packs\Microsoft.AspNetCore.App.Ref\8.0.22\ref\net8.0\Microsoft.Extensions.Features.dll
                 Private = 'false'
             C:\Program Files\dotnet\packs\Microsoft.AspNetCore.App.Ref\8.0.22\ref\net8.0\Microsoft.Extensions.FileProviders.Abstractions.dll
                 Private = 'false'
             C:\Program Files\dotnet\packs\Microsoft.AspNetCore.App.Ref\8.0.22\ref\net8.0\Microsoft.Extensions.FileProviders.Composite.dll
                 Private = 'false'
             C:\Program Files\dotnet\packs\Microsoft.AspNetCore.App.Ref\8.0.22\ref\net8.0\Microsoft.Extensions.FileProviders.Embedded.dll
                 Private = 'false'
             C:\Program Files\dotnet\packs\Microsoft.AspNetCore.App.Ref\8.0.22\ref\net8.0\Microsoft.Extensions.FileProviders.Physical.dll
                 Private = 'false'
             C:\Program Files\dotnet\packs\Microsoft.AspNetCore.App.Ref\8.0.22\ref\net8.0\Microsoft.Extensions.FileSystemGlobbing.dll
                 Private = 'false'
             C:\Program Files\dotnet\packs\Microsoft.AspNetCore.App.Ref\8.0.22\ref\net8.0\Microsoft.Extensions.Hosting.Abstractions.dll
                 Private = 'false'
             C:\Program Files\dotnet\packs\Microsoft.AspNetCore.App.Ref\8.0.22\ref\net8.0\Microsoft.Extensions.Hosting.dll
                 Private = 'false'
             C:\Program Files\dotnet\packs\Microsoft.AspNetCore.App.Ref\8.0.22\ref\net8.0\Microsoft.Extensions.Http.dll
                 Private = 'false'
             C:\Program Files\dotnet\packs\Microsoft.AspNetCore.App.Ref\8.0.22\ref\net8.0\Microsoft.Extensions.Identity.Core.dll
                 Private = 'false'
             C:\Program Files\dotnet\packs\Microsoft.AspNetCore.App.Ref\8.0.22\ref\net8.0\Microsoft.Extensions.Identity.Stores.dll
                 Private = 'false'
             C:\Program Files\dotnet\packs\Microsoft.AspNetCore.App.Ref\8.0.22\ref\net8.0\Microsoft.Extensions.Localization.Abstractions.dll
                 Private = 'false'
             C:\Program Files\dotnet\packs\Microsoft.AspNetCore.App.Ref\8.0.22\ref\net8.0\Microsoft.Extensions.Localization.dll
                 Private = 'false'
             C:\Program Files\dotnet\packs\Microsoft.AspNetCore.App.Ref\8.0.22\ref\net8.0\Microsoft.Extensions.Logging.Abstractions.dll
                 Private = 'false'
             C:\Program Files\dotnet\packs\Microsoft.AspNetCore.App.Ref\8.0.22\ref\net8.0\Microsoft.Extensions.Logging.Configuration.dll
                 Private = 'false'
             C:\Program Files\dotnet\packs\Microsoft.AspNetCore.App.Ref\8.0.22\ref\net8.0\Microsoft.Extensions.Logging.Console.dll
                 Private = 'false'
             C:\Program Files\dotnet\packs\Microsoft.AspNetCore.App.Ref\8.0.22\ref\net8.0\Microsoft.Extensions.Logging.Debug.dll
                 Private = 'false'
             C:\Program Files\dotnet\packs\Microsoft.AspNetCore.App.Ref\8.0.22\ref\net8.0\Microsoft.Extensions.Logging.EventLog.dll
                 Private = 'false'
             C:\Program Files\dotnet\packs\Microsoft.AspNetCore.App.Ref\8.0.22\ref\net8.0\Microsoft.Extensions.Logging.EventSource.dll
                 Private = 'false'
             C:\Program Files\dotnet\packs\Microsoft.AspNetCore.App.Ref\8.0.22\ref\net8.0\Microsoft.Extensions.Logging.TraceSource.dll
                 Private = 'false'
             C:\Program Files\dotnet\packs\Microsoft.AspNetCore.App.Ref\8.0.22\ref\net8.0\Microsoft.Extensions.Logging.dll
                 Private = 'false'
             C:\Program Files\dotnet\packs\Microsoft.AspNetCore.App.Ref\8.0.22\ref\net8.0\Microsoft.Extensions.ObjectPool.dll
                 Private = 'false'
             C:\Program Files\dotnet\packs\Microsoft.AspNetCore.App.Ref\8.0.22\ref\net8.0\Microsoft.Extensions.Options.ConfigurationExtensions.dll
                 Private = 'false'
             C:\Program Files\dotnet\packs\Microsoft.AspNetCore.App.Ref\8.0.22\ref\net8.0\Microsoft.Extensions.Options.DataAnnotations.dll
                 Private = 'false'
             C:\Program Files\dotnet\packs\Microsoft.AspNetCore.App.Ref\8.0.22\ref\net8.0\Microsoft.Extensions.Options.dll
                 Private = 'false'
             C:\Program Files\dotnet\packs\Microsoft.AspNetCore.App.Ref\8.0.22\ref\net8.0\Microsoft.Extensions.Primitives.dll
                 Private = 'false'
             C:\Program Files\dotnet\packs\Microsoft.AspNetCore.App.Ref\8.0.22\ref\net8.0\Microsoft.Extensions.WebEncoders.dll
                 Private = 'false'
             C:\Program Files\dotnet\packs\Microsoft.AspNetCore.App.Ref\8.0.22\ref\net8.0\Microsoft.JSInterop.dll
                 Private = 'false'
             C:\Program Files\dotnet\packs\Microsoft.AspNetCore.App.Ref\8.0.22\ref\net8.0\Microsoft.Net.Http.Headers.dll
                 Private = 'false'
             C:\Program Files\dotnet\packs\Microsoft.AspNetCore.App.Ref\8.0.22\ref\net8.0\System.Diagnostics.EventLog.dll
                 Private = 'false'
             C:\Program Files\dotnet\packs\Microsoft.AspNetCore.App.Ref\8.0.22\ref\net8.0\System.IO.Pipelines.dll
                 Private = 'false'
             C:\Program Files\dotnet\packs\Microsoft.AspNetCore.App.Ref\8.0.22\ref\net8.0\System.Security.Cryptography.Xml.dll
                 Private = 'false'
             C:\Program Files\dotnet\packs\Microsoft.AspNetCore.App.Ref\8.0.22\ref\net8.0\System.Threading.RateLimiting.dll
                 Private = 'false'
         AssemblyFiles:
         CandidateAssemblyFiles:
             New folder\bin\Debug\net8.0\Azure.Core.dll
             New folder\bin\Debug\net8.0\Azure.Identity.dll
             New folder\bin\Debug\net8.0\cs\Microsoft.CodeAnalysis.CSharp.resources.dll
             New folder\bin\Debug\net8.0\cs\Microsoft.CodeAnalysis.CSharp.Workspaces.resources.dll
             New folder\bin\Debug\net8.0\cs\Microsoft.CodeAnalysis.resources.dll
             New folder\bin\Debug\net8.0\cs\Microsoft.CodeAnalysis.Workspaces.resources.dll
             New folder\bin\Debug\net8.0\de\Microsoft.CodeAnalysis.CSharp.resources.dll
             New folder\bin\Debug\net8.0\de\Microsoft.CodeAnalysis.CSharp.Workspaces.resources.dll
             New folder\bin\Debug\net8.0\de\Microsoft.CodeAnalysis.resources.dll
             New folder\bin\Debug\net8.0\de\Microsoft.CodeAnalysis.Workspaces.resources.dll
             New folder\bin\Debug\net8.0\es\Microsoft.CodeAnalysis.CSharp.resources.dll
             New folder\bin\Debug\net8.0\es\Microsoft.CodeAnalysis.CSharp.Workspaces.resources.dll
             New folder\bin\Debug\net8.0\es\Microsoft.CodeAnalysis.resources.dll
             New folder\bin\Debug\net8.0\es\Microsoft.CodeAnalysis.Workspaces.resources.dll
             New folder\bin\Debug\net8.0\fr\Microsoft.CodeAnalysis.CSharp.resources.dll
             New folder\bin\Debug\net8.0\fr\Microsoft.CodeAnalysis.CSharp.Workspaces.resources.dll
             New folder\bin\Debug\net8.0\fr\Microsoft.CodeAnalysis.resources.dll
             New folder\bin\Debug\net8.0\fr\Microsoft.CodeAnalysis.Workspaces.resources.dll
             New folder\bin\Debug\net8.0\Humanizer.dll
             New folder\bin\Debug\net8.0\it\Microsoft.CodeAnalysis.CSharp.resources.dll
             New folder\bin\Debug\net8.0\it\Microsoft.CodeAnalysis.CSharp.Workspaces.resources.dll
             New folder\bin\Debug\net8.0\it\Microsoft.CodeAnalysis.resources.dll
             New folder\bin\Debug\net8.0\it\Microsoft.CodeAnalysis.Workspaces.resources.dll
             New folder\bin\Debug\net8.0\ja\Microsoft.CodeAnalysis.CSharp.resources.dll
             New folder\bin\Debug\net8.0\ja\Microsoft.CodeAnalysis.CSharp.Workspaces.resources.dll
             New folder\bin\Debug\net8.0\ja\Microsoft.CodeAnalysis.resources.dll
             New folder\bin\Debug\net8.0\ja\Microsoft.CodeAnalysis.Workspaces.resources.dll
             New folder\bin\Debug\net8.0\ko\Microsoft.CodeAnalysis.CSharp.resources.dll
             New folder\bin\Debug\net8.0\ko\Microsoft.CodeAnalysis.CSharp.Workspaces.resources.dll
             New folder\bin\Debug\net8.0\ko\Microsoft.CodeAnalysis.resources.dll
             New folder\bin\Debug\net8.0\ko\Microsoft.CodeAnalysis.Workspaces.resources.dll
             New folder\bin\Debug\net8.0\Microsoft.Bcl.AsyncInterfaces.dll
             New folder\bin\Debug\net8.0\Microsoft.CodeAnalysis.CSharp.dll
             New folder\bin\Debug\net8.0\Microsoft.CodeAnalysis.CSharp.Workspaces.dll
             New folder\bin\Debug\net8.0\Microsoft.CodeAnalysis.dll
             New folder\bin\Debug\net8.0\Microsoft.CodeAnalysis.Workspaces.dll
             New folder\bin\Debug\net8.0\Microsoft.Data.SqlClient.dll
             New folder\bin\Debug\net8.0\Microsoft.EntityFrameworkCore.Abstractions.dll
             New folder\bin\Debug\net8.0\Microsoft.EntityFrameworkCore.Design.dll
             New folder\bin\Debug\net8.0\Microsoft.EntityFrameworkCore.dll
             New folder\bin\Debug\net8.0\Microsoft.EntityFrameworkCore.Relational.dll
             New folder\bin\Debug\net8.0\Microsoft.EntityFrameworkCore.SqlServer.dll
             New folder\bin\Debug\net8.0\Microsoft.Extensions.Caching.Memory.dll
             New folder\bin\Debug\net8.0\Microsoft.Extensions.DependencyInjection.Abstractions.dll
             New folder\bin\Debug\net8.0\Microsoft.Extensions.DependencyInjection.dll
             New folder\bin\Debug\net8.0\Microsoft.Extensions.DependencyModel.dll
             New folder\bin\Debug\net8.0\Microsoft.Extensions.Logging.Abstractions.dll
             New folder\bin\Debug\net8.0\Microsoft.Extensions.Logging.dll
             New folder\bin\Debug\net8.0\Microsoft.Extensions.Options.dll
             New folder\bin\Debug\net8.0\Microsoft.Identity.Client.dll
             New folder\bin\Debug\net8.0\Microsoft.Identity.Client.Extensions.Msal.dll
             New folder\bin\Debug\net8.0\Microsoft.IdentityModel.Abstractions.dll
             New folder\bin\Debug\net8.0\Microsoft.IdentityModel.JsonWebTokens.dll
             New folder\bin\Debug\net8.0\Microsoft.IdentityModel.Logging.dll
             New folder\bin\Debug\net8.0\Microsoft.IdentityModel.Protocols.dll
             New folder\bin\Debug\net8.0\Microsoft.IdentityModel.Protocols.OpenIdConnect.dll
             New folder\bin\Debug\net8.0\Microsoft.IdentityModel.Tokens.dll
             New folder\bin\Debug\net8.0\Microsoft.SqlServer.Server.dll
             New folder\bin\Debug\net8.0\Microsoft.Win32.SystemEvents.dll
             New folder\bin\Debug\net8.0\Mono.TextTemplating.dll
             New folder\bin\Debug\net8.0\pl\Microsoft.CodeAnalysis.CSharp.resources.dll
             New folder\bin\Debug\net8.0\pl\Microsoft.CodeAnalysis.CSharp.Workspaces.resources.dll
             New folder\bin\Debug\net8.0\pl\Microsoft.CodeAnalysis.resources.dll
             New folder\bin\Debug\net8.0\pl\Microsoft.CodeAnalysis.Workspaces.resources.dll
             New folder\bin\Debug\net8.0\pt-BR\Microsoft.CodeAnalysis.CSharp.resources.dll
             New folder\bin\Debug\net8.0\pt-BR\Microsoft.CodeAnalysis.CSharp.Workspaces.resources.dll
             New folder\bin\Debug\net8.0\pt-BR\Microsoft.CodeAnalysis.resources.dll
             New folder\bin\Debug\net8.0\pt-BR\Microsoft.CodeAnalysis.Workspaces.resources.dll
             New folder\bin\Debug\net8.0\runtimes\unix\lib\net6.0\Microsoft.Data.SqlClient.dll
             New folder\bin\Debug\net8.0\runtimes\unix\lib\net6.0\System.Drawing.Common.dll
             New folder\bin\Debug\net8.0\runtimes\win-arm64\native\Microsoft.Data.SqlClient.SNI.dll
             New folder\bin\Debug\net8.0\runtimes\win-arm\native\Microsoft.Data.SqlClient.SNI.dll
             New folder\bin\Debug\net8.0\runtimes\win-x64\native\Microsoft.Data.SqlClient.SNI.dll
             New folder\bin\Debug\net8.0\runtimes\win-x86\native\Microsoft.Data.SqlClient.SNI.dll
             New folder\bin\Debug\net8.0\runtimes\win\lib\net6.0\Microsoft.Data.SqlClient.dll
             New folder\bin\Debug\net8.0\runtimes\win\lib\net6.0\Microsoft.Win32.SystemEvents.dll
             New folder\bin\Debug\net8.0\runtimes\win\lib\net6.0\System.Drawing.Common.dll
             New folder\bin\Debug\net8.0\runtimes\win\lib\net6.0\System.Runtime.Caching.dll
             New folder\bin\Debug\net8.0\runtimes\win\lib\net6.0\System.Security.Cryptography.ProtectedData.dll
             New folder\bin\Debug\net8.0\runtimes\win\lib\net6.0\System.Windows.Extensions.dll
             New folder\bin\Debug\net8.0\ru\Microsoft.CodeAnalysis.CSharp.resources.dll
             New folder\bin\Debug\net8.0\ru\Microsoft.CodeAnalysis.CSharp.Workspaces.resources.dll
             New folder\bin\Debug\net8.0\ru\Microsoft.CodeAnalysis.resources.dll
             New folder\bin\Debug\net8.0\ru\Microsoft.CodeAnalysis.Workspaces.resources.dll
             New folder\bin\Debug\net8.0\SpaN5.dll
             New folder\bin\Debug\net8.0\SpaN5.exe
             New folder\bin\Debug\net8.0\System.ClientModel.dll
             New folder\bin\Debug\net8.0\System.CodeDom.dll
             New folder\bin\Debug\net8.0\System.Composition.AttributedModel.dll
             New folder\bin\Debug\net8.0\System.Composition.Convention.dll
             New folder\bin\Debug\net8.0\System.Composition.Hosting.dll
             New folder\bin\Debug\net8.0\System.Composition.Runtime.dll
             New folder\bin\Debug\net8.0\System.Composition.TypedParts.dll
             New folder\bin\Debug\net8.0\System.Configuration.ConfigurationManager.dll
             New folder\bin\Debug\net8.0\System.Drawing.Common.dll
             New folder\bin\Debug\net8.0\System.IdentityModel.Tokens.Jwt.dll
             New folder\bin\Debug\net8.0\System.Memory.Data.dll
             New folder\bin\Debug\net8.0\System.Runtime.Caching.dll
             New folder\bin\Debug\net8.0\System.Security.Cryptography.ProtectedData.dll
             New folder\bin\Debug\net8.0\System.Security.Permissions.dll
             New folder\bin\Debug\net8.0\System.Windows.Extensions.dll
             New folder\bin\Debug\net8.0\tr\Microsoft.CodeAnalysis.CSharp.resources.dll
             New folder\bin\Debug\net8.0\tr\Microsoft.CodeAnalysis.CSharp.Workspaces.resources.dll
             New folder\bin\Debug\net8.0\tr\Microsoft.CodeAnalysis.resources.dll
             New folder\bin\Debug\net8.0\tr\Microsoft.CodeAnalysis.Workspaces.resources.dll
             New folder\bin\Debug\net8.0\zh-Hans\Microsoft.CodeAnalysis.CSharp.resources.dll
             New folder\bin\Debug\net8.0\zh-Hans\Microsoft.CodeAnalysis.CSharp.Workspaces.resources.dll
             New folder\bin\Debug\net8.0\zh-Hans\Microsoft.CodeAnalysis.resources.dll
             New folder\bin\Debug\net8.0\zh-Hans\Microsoft.CodeAnalysis.Workspaces.resources.dll
             New folder\bin\Debug\net8.0\zh-Hant\Microsoft.CodeAnalysis.CSharp.resources.dll
             New folder\bin\Debug\net8.0\zh-Hant\Microsoft.CodeAnalysis.CSharp.Workspaces.resources.dll
             New folder\bin\Debug\net8.0\zh-Hant\Microsoft.CodeAnalysis.resources.dll
             New folder\bin\Debug\net8.0\zh-Hant\Microsoft.CodeAnalysis.Workspaces.resources.dll
         TargetFrameworkDirectories:
             
         NonCultureResourceDirectories:
             
         InstalledAssemblyTables:
         IgnoreInstalledAssemblyTable:
             False
         SearchPaths:
             {CandidateAssemblyFiles}
             {HintPathFromItem}
             {TargetFrameworkDirectory}
             {RawFileName}
         AllowedAssemblyExtensions:
             .winmd
             .dll
             .exe
         AllowedRelatedFileExtensions:
             .pdb
             .xml
             .pri
             .dll.config
             .exe.config
         AppConfigFile:
             
         AutoUnify:
             True
         EnableCustomCulture:
             False
         CopyLocalDependenciesWhenParentReferenceInGac:
             True
         FindDependencies:
             True
         TargetProcessorArchitecture:
             msil
         StateFile:
             obj\Debug\net8.0\SpaN5.csproj.AssemblyReference.cache
         InstalledAssemblySubsetTables:
         IgnoreInstalledAssemblySubsetTable:
             False
         TargetFrameworkSubsets:
         FullTargetFrameworkSubsetNames:
             Full
         ProfileName:
             
         FullFrameworkFolders:
         LatestTargetFrameworkDirectories:
         ProfileTablesLocation:
         Primary reference "Azure.Core, Version=1.38.0.0, Culture=neutral, PublicKeyToken=92742159e12e44c8".
             Resolved file path is "C:\Users\DELL\.nuget\packages\azure.core\1.38.0\lib\net6.0\Azure.Core.dll".
             Reference found at search path location "{HintPathFromItem}".
             This reference is not "CopyLocal" because at least one source item had "Private" set to "false" and no source items had "Private" set to "true".
         Primary reference "Azure.Identity, Version=1.11.4.0, Culture=neutral, PublicKeyToken=92742159e12e44c8".
             Resolved file path is "C:\Users\DELL\.nuget\packages\azure.identity\1.11.4\lib\netstandard2.0\Azure.Identity.dll".
             Reference found at search path location "{HintPathFromItem}".
             This reference is not "CopyLocal" because at least one source item had "Private" set to "false" and no source items had "Private" set to "true".
         Primary reference "Microsoft.Bcl.AsyncInterfaces, Version=6.0.0.0, Culture=neutral, PublicKeyToken=cc7b13ffcd2ddd51".
             Resolved file path is "C:\Users\DELL\.nuget\packages\microsoft.bcl.asyncinterfaces\6.0.0\lib\netstandard2.1\Microsoft.Bcl.AsyncInterfaces.dll".
             Reference found at search path location "{HintPathFromItem}".
             This reference is not "CopyLocal" because at least one source item had "Private" set to "false" and no source items had "Private" set to "true".
         Primary reference "Microsoft.Data.SqlClient, Version=5.0.0.0, Culture=neutral, PublicKeyToken=23ec7fc2d6eaa4a5".
             Resolved file path is "C:\Users\DELL\.nuget\packages\microsoft.data.sqlclient\5.1.7\ref\net6.0\Microsoft.Data.SqlClient.dll".
             Reference found at search path location "{HintPathFromItem}".
             This reference is not "CopyLocal" because at least one source item had "Private" set to "false" and no source items had "Private" set to "true".
         Primary reference "Microsoft.EntityFrameworkCore, Version=8.0.24.0, Culture=neutral, PublicKeyToken=adb9793829ddae60".
             Resolved file path is "C:\Users\DELL\.nuget\packages\microsoft.entityframeworkcore\8.0.24\lib\net8.0\Microsoft.EntityFrameworkCore.dll".
             Reference found at search path location "{HintPathFromItem}".
             This reference is not "CopyLocal" because at least one source item had "Private" set to "false" and no source items had "Private" set to "true".
         Primary reference "Microsoft.EntityFrameworkCore.Abstractions, Version=8.0.24.0, Culture=neutral, PublicKeyToken=adb9793829ddae60".
             Resolved file path is "C:\Users\DELL\.nuget\packages\microsoft.entityframeworkcore.abstractions\8.0.24\lib\net8.0\Microsoft.EntityFrameworkCore.Abstractions.dll".
             Reference found at search path location "{HintPathFromItem}".
             This reference is not "CopyLocal" because at least one source item had "Private" set to "false" and no source items had "Private" set to "true".
         Primary reference "Microsoft.EntityFrameworkCore.Relational, Version=8.0.24.0, Culture=neutral, PublicKeyToken=adb9793829ddae60".
             Resolved file path is "C:\Users\DELL\.nuget\packages\microsoft.entityframeworkcore.relational\8.0.24\lib\net8.0\Microsoft.EntityFrameworkCore.Relational.dll".
             Reference found at search path location "{HintPathFromItem}".
             This reference is not "CopyLocal" because at least one source item had "Private" set to "false" and no source items had "Private" set to "true".
         Primary reference "Microsoft.EntityFrameworkCore.SqlServer, Version=8.0.24.0, Culture=neutral, PublicKeyToken=adb9793829ddae60".
             Resolved file path is "C:\Users\DELL\.nuget\packages\microsoft.entityframeworkcore.sqlserver\8.0.24\lib\net8.0\Microsoft.EntityFrameworkCore.SqlServer.dll".
             Reference found at search path location "{HintPathFromItem}".
             This reference is not "CopyLocal" because at least one source item had "Private" set to "false" and no source items had "Private" set to "true".
         Primary reference "Microsoft.Identity.Client, Version=4.61.3.0, Culture=neutral, PublicKeyToken=0a613f4dd989e8ae".
             Resolved file path is "C:\Users\DELL\.nuget\packages\microsoft.identity.client\4.61.3\lib\net6.0\Microsoft.Identity.Client.dll".
             Reference found at search path location "{HintPathFromItem}".
             This reference is not "CopyLocal" because at least one source item had "Private" set to "false" and no source items had "Private" set to "true".
         Primary reference "Microsoft.Identity.Client.Extensions.Msal, Version=4.61.3.0, Culture=neutral, PublicKeyToken=0a613f4dd989e8ae".
             Resolved file path is "C:\Users\DELL\.nuget\packages\microsoft.identity.client.extensions.msal\4.61.3\lib\net6.0\Microsoft.Identity.Client.Extensions.Msal.dll".
             Reference found at search path location "{HintPathFromItem}".
             This reference is not "CopyLocal" because at least one source item had "Private" set to "false" and no source items had "Private" set to "true".
         Primary reference "Microsoft.IdentityModel.Abstractions, Version=6.35.0.0, Culture=neutral, PublicKeyToken=31bf3856ad364e35".
             Resolved file path is "C:\Users\DELL\.nuget\packages\microsoft.identitymodel.abstractions\6.35.0\lib\net6.0\Microsoft.IdentityModel.Abstractions.dll".
             Reference found at search path location "{HintPathFromItem}".
             This reference is not "CopyLocal" because at least one source item had "Private" set to "false" and no source items had "Private" set to "true".
         Primary reference "Microsoft.IdentityModel.JsonWebTokens, Version=6.35.0.0, Culture=neutral, PublicKeyToken=31bf3856ad364e35".
             Resolved file path is "C:\Users\DELL\.nuget\packages\microsoft.identitymodel.jsonwebtokens\6.35.0\lib\net6.0\Microsoft.IdentityModel.JsonWebTokens.dll".
             Reference found at search path location "{HintPathFromItem}".
             This reference is not "CopyLocal" because at least one source item had "Private" set to "false" and no source items had "Private" set to "true".
         Primary reference "Microsoft.IdentityModel.Logging, Version=6.35.0.0, Culture=neutral, PublicKeyToken=31bf3856ad364e35".
             Resolved file path is "C:\Users\DELL\.nuget\packages\microsoft.identitymodel.logging\6.35.0\lib\net6.0\Microsoft.IdentityModel.Logging.dll".
             Reference found at search path location "{HintPathFromItem}".
             This reference is not "CopyLocal" because at least one source item had "Private" set to "false" and no source items had "Private" set to "true".
         Primary reference "Microsoft.IdentityModel.Protocols, Version=6.35.0.0, Culture=neutral, PublicKeyToken=31bf3856ad364e35".
             Resolved file path is "C:\Users\DELL\.nuget\packages\microsoft.identitymodel.protocols\6.35.0\lib\net6.0\Microsoft.IdentityModel.Protocols.dll".
             Reference found at search path location "{HintPathFromItem}".
             This reference is not "CopyLocal" because at least one source item had "Private" set to "false" and no source items had "Private" set to "true".
         Primary reference "Microsoft.IdentityModel.Protocols.OpenIdConnect, Version=6.35.0.0, Culture=neutral, PublicKeyToken=31bf3856ad364e35".
             Resolved file path is "C:\Users\DELL\.nuget\packages\microsoft.identitymodel.protocols.openidconnect\6.35.0\lib\net6.0\Microsoft.IdentityModel.Protocols.OpenIdConnect.dll".
             Reference found at search path location "{HintPathFromItem}".
             This reference is not "CopyLocal" because at least one source item had "Private" set to "false" and no source items had "Private" set to "true".
         Primary reference "Microsoft.IdentityModel.Tokens, Version=6.35.0.0, Culture=neutral, PublicKeyToken=31bf3856ad364e35".
             Resolved file path is "C:\Users\DELL\.nuget\packages\microsoft.identitymodel.tokens\6.35.0\lib\net6.0\Microsoft.IdentityModel.Tokens.dll".
             Reference found at search path location "{HintPathFromItem}".
             This reference is not "CopyLocal" because at least one source item had "Private" set to "false" and no source items had "Private" set to "true".
         Primary reference "Microsoft.SqlServer.Server, Version=1.0.0.0, Culture=neutral, PublicKeyToken=23ec7fc2d6eaa4a5".
             Resolved file path is "C:\Users\DELL\.nuget\packages\microsoft.sqlserver.server\1.0.0\lib\netstandard2.0\Microsoft.SqlServer.Server.dll".
             Reference found at search path location "{HintPathFromItem}".
             This reference is not "CopyLocal" because at least one source item had "Private" set to "false" and no source items had "Private" set to "true".
         Primary reference "System.ClientModel, Version=1.0.0.0, Culture=neutral, PublicKeyToken=92742159e12e44c8".
             Resolved file path is "C:\Users\DELL\.nuget\packages\system.clientmodel\1.0.0\lib\net6.0\System.ClientModel.dll".
             Reference found at search path location "{HintPathFromItem}".
             This reference is not "CopyLocal" because at least one source item had "Private" set to "false" and no source items had "Private" set to "true".
         Primary reference "System.IdentityModel.Tokens.Jwt, Version=6.35.0.0, Culture=neutral, PublicKeyToken=31bf3856ad364e35".
             Resolved file path is "C:\Users\DELL\.nuget\packages\system.identitymodel.tokens.jwt\6.35.0\lib\net6.0\System.IdentityModel.Tokens.Jwt.dll".
             Reference found at search path location "{HintPathFromItem}".
             This reference is not "CopyLocal" because at least one source item had "Private" set to "false" and no source items had "Private" set to "true".
         Primary reference "System.Memory.Data, Version=1.0.2.0, Culture=neutral, PublicKeyToken=cc7b13ffcd2ddd51".
             Resolved file path is "C:\Users\DELL\.nuget\packages\system.memory.data\1.0.2\lib\netstandard2.0\System.Memory.Data.dll".
             Reference found at search path location "{HintPathFromItem}".
             This reference is not "CopyLocal" because at least one source item had "Private" set to "false" and no source items had "Private" set to "true".
         Primary reference "System.Security.Cryptography.ProtectedData, Version=6.0.0.0, Culture=neutral, PublicKeyToken=b03f5f7f11d50a3a".
             Resolved file path is "C:\Users\DELL\.nuget\packages\system.security.cryptography.protecteddata\6.0.0\lib\net6.0\System.Security.Cryptography.ProtectedData.dll".
             Reference found at search path location "{HintPathFromItem}".
             This reference is not "CopyLocal" because at least one source item had "Private" set to "false" and no source items had "Private" set to "true".
         Primary reference "Microsoft.CSharp, Version=8.0.0.0, Culture=neutral, PublicKeyToken=b03f5f7f11d50a3a".
             Resolved file path is "C:\Program Files\dotnet\packs\Microsoft.NETCore.App.Ref\8.0.22\ref\net8.0\Microsoft.CSharp.dll".
             Reference found at search path location "{RawFileName}".
             This reference is not "CopyLocal" because at least one source item had "Private" set to "false" and no source items had "Private" set to "true".
         Primary reference "Microsoft.VisualBasic.Core, Version=13.0.0.0, Culture=neutral, PublicKeyToken=b03f5f7f11d50a3a".
             Resolved file path is "C:\Program Files\dotnet\packs\Microsoft.NETCore.App.Ref\8.0.22\ref\net8.0\Microsoft.VisualBasic.Core.dll".
             Reference found at search path location "{RawFileName}".
             This reference is not "CopyLocal" because at least one source item had "Private" set to "false" and no source items had "Private" set to "true".
         Primary reference "Microsoft.VisualBasic, Version=10.0.0.0, Culture=neutral, PublicKeyToken=b03f5f7f11d50a3a".
             Resolved file path is "C:\Program Files\dotnet\packs\Microsoft.NETCore.App.Ref\8.0.22\ref\net8.0\Microsoft.VisualBasic.dll".
             Reference found at search path location "{RawFileName}".
             This reference is not "CopyLocal" because at least one source item had "Private" set to "false" and no source items had "Private" set to "true".
         Primary reference "Microsoft.Win32.Primitives, Version=8.0.0.0, Culture=neutral, PublicKeyToken=b03f5f7f11d50a3a".
             Resolved file path is "C:\Program Files\dotnet\packs\Microsoft.NETCore.App.Ref\8.0.22\ref\net8.0\Microsoft.Win32.Primitives.dll".
             Reference found at search path location "{RawFileName}".
             This reference is not "CopyLocal" because at least one source item had "Private" set to "false" and no source items had "Private" set to "true".
         Primary reference "Microsoft.Win32.Registry, Version=8.0.0.0, Culture=neutral, PublicKeyToken=b03f5f7f11d50a3a".
             Resolved file path is "C:\Program Files\dotnet\packs\Microsoft.NETCore.App.Ref\8.0.22\ref\net8.0\Microsoft.Win32.Registry.dll".
             Reference found at search path location "{RawFileName}".
             This reference is not "CopyLocal" because at least one source item had "Private" set to "false" and no source items had "Private" set to "true".
         Primary reference "System.AppContext, Version=8.0.0.0, Culture=neutral, PublicKeyToken=b03f5f7f11d50a3a".
             Resolved file path is "C:\Program Files\dotnet\packs\Microsoft.NETCore.App.Ref\8.0.22\ref\net8.0\System.AppContext.dll".
             Reference found at search path location "{RawFileName}".
             This reference is not "CopyLocal" because at least one source item had "Private" set to "false" and no source items had "Private" set to "true".
         Primary reference "System.Buffers, Version=8.0.0.0, Culture=neutral, PublicKeyToken=cc7b13ffcd2ddd51".
             Resolved file path is "C:\Program Files\dotnet\packs\Microsoft.NETCore.App.Ref\8.0.22\ref\net8.0\System.Buffers.dll".
             Reference found at search path location "{RawFileName}".
             This reference is not "CopyLocal" because at least one source item had "Private" set to "false" and no source items had "Private" set to "true".
         Primary reference "System.Collections.Concurrent, Version=8.0.0.0, Culture=neutral, PublicKeyToken=b03f5f7f11d50a3a".
             Resolved file path is "C:\Program Files\dotnet\packs\Microsoft.NETCore.App.Ref\8.0.22\ref\net8.0\System.Collections.Concurrent.dll".
             Reference found at search path location "{RawFileName}".
             This reference is not "CopyLocal" because at least one source item had "Private" set to "false" and no source items had "Private" set to "true".
         Primary reference "System.Collections.Immutable, Version=8.0.0.0, Culture=neutral, PublicKeyToken=b03f5f7f11d50a3a".
             Resolved file path is "C:\Program Files\dotnet\packs\Microsoft.NETCore.App.Ref\8.0.22\ref\net8.0\System.Collections.Immutable.dll".
             Reference found at search path location "{RawFileName}".
             This reference is not "CopyLocal" because at least one source item had "Private" set to "false" and no source items had "Private" set to "true".
         Primary reference "System.Collections.NonGeneric, Version=8.0.0.0, Culture=neutral, PublicKeyToken=b03f5f7f11d50a3a".
             Resolved file path is "C:\Program Files\dotnet\packs\Microsoft.NETCore.App.Ref\8.0.22\ref\net8.0\System.Collections.NonGeneric.dll".
             Reference found at search path location "{RawFileName}".
             This reference is not "CopyLocal" because at least one source item had "Private" set to "false" and no source items had "Private" set to "true".
         Primary reference "System.Collections.Specialized, Version=8.0.0.0, Culture=neutral, PublicKeyToken=b03f5f7f11d50a3a".
             Resolved file path is "C:\Program Files\dotnet\packs\Microsoft.NETCore.App.Ref\8.0.22\ref\net8.0\System.Collections.Specialized.dll".
             Reference found at search path location "{RawFileName}".
             This reference is not "CopyLocal" because at least one source item had "Private" set to "false" and no source items had "Private" set to "true".
         Primary reference "System.Collections, Version=8.0.0.0, Culture=neutral, PublicKeyToken=b03f5f7f11d50a3a".
             Resolved file path is "C:\Program Files\dotnet\packs\Microsoft.NETCore.App.Ref\8.0.22\ref\net8.0\System.Collections.dll".
             Reference found at search path location "{RawFileName}".
             This reference is not "CopyLocal" because at least one source item had "Private" set to "false" and no source items had "Private" set to "true".
         Primary reference "System.ComponentModel.Annotations, Version=8.0.0.0, Culture=neutral, PublicKeyToken=b03f5f7f11d50a3a".
             Resolved file path is "C:\Program Files\dotnet\packs\Microsoft.NETCore.App.Ref\8.0.22\ref\net8.0\System.ComponentModel.Annotations.dll".
             Reference found at search path location "{RawFileName}".
             This reference is not "CopyLocal" because at least one source item had "Private" set to "false" and no source items had "Private" set to "true".
         Primary reference "System.ComponentModel.DataAnnotations, Version=4.0.0.0, Culture=neutral, PublicKeyToken=31bf3856ad364e35".
             Resolved file path is "C:\Program Files\dotnet\packs\Microsoft.NETCore.App.Ref\8.0.22\ref\net8.0\System.ComponentModel.DataAnnotations.dll".
             Reference found at search path location "{RawFileName}".
             This reference is not "CopyLocal" because at least one source item had "Private" set to "false" and no source items had "Private" set to "true".
         Primary reference "System.ComponentModel.EventBasedAsync, Version=8.0.0.0, Culture=neutral, PublicKeyToken=b03f5f7f11d50a3a".
             Resolved file path is "C:\Program Files\dotnet\packs\Microsoft.NETCore.App.Ref\8.0.22\ref\net8.0\System.ComponentModel.EventBasedAsync.dll".
             Reference found at search path location "{RawFileName}".
             This reference is not "CopyLocal" because at least one source item had "Private" set to "false" and no source items had "Private" set to "true".
         Primary reference "System.ComponentModel.Primitives, Version=8.0.0.0, Culture=neutral, PublicKeyToken=b03f5f7f11d50a3a".
             Resolved file path is "C:\Program Files\dotnet\packs\Microsoft.NETCore.App.Ref\8.0.22\ref\net8.0\System.ComponentModel.Primitives.dll".
             Reference found at search path location "{RawFileName}".
             This reference is not "CopyLocal" because at least one source item had "Private" set to "false" and no source items had "Private" set to "true".
         Primary reference "System.ComponentModel.TypeConverter, Version=8.0.0.0, Culture=neutral, PublicKeyToken=b03f5f7f11d50a3a".
             Resolved file path is "C:\Program Files\dotnet\packs\Microsoft.NETCore.App.Ref\8.0.22\ref\net8.0\System.ComponentModel.TypeConverter.dll".
             Reference found at search path location "{RawFileName}".
             This reference is not "CopyLocal" because at least one source item had "Private" set to "false" and no source items had "Private" set to "true".
         Primary reference "System.ComponentModel, Version=8.0.0.0, Culture=neutral, PublicKeyToken=b03f5f7f11d50a3a".
             Resolved file path is "C:\Program Files\dotnet\packs\Microsoft.NETCore.App.Ref\8.0.22\ref\net8.0\System.ComponentModel.dll".
             Reference found at search path location "{RawFileName}".
             This reference is not "CopyLocal" because at least one source item had "Private" set to "false" and no source items had "Private" set to "true".
         Primary reference "System.Configuration, Version=4.0.0.0, Culture=neutral, PublicKeyToken=b03f5f7f11d50a3a".
             Resolved file path is "C:\Program Files\dotnet\packs\Microsoft.NETCore.App.Ref\8.0.22\ref\net8.0\System.Configuration.dll".
             Reference found at search path location "{RawFileName}".
             This reference is not "CopyLocal" because at least one source item had "Private" set to "false" and no source items had "Private" set to "true".
         Primary reference "System.Console, Version=8.0.0.0, Culture=neutral, PublicKeyToken=b03f5f7f11d50a3a".
             Resolved file path is "C:\Program Files\dotnet\packs\Microsoft.NETCore.App.Ref\8.0.22\ref\net8.0\System.Console.dll".
             Reference found at search path location "{RawFileName}".
             This reference is not "CopyLocal" because at least one source item had "Private" set to "false" and no source items had "Private" set to "true".
         Primary reference "System.Core, Version=4.0.0.0, Culture=neutral, PublicKeyToken=b77a5c561934e089".
             Resolved file path is "C:\Program Files\dotnet\packs\Microsoft.NETCore.App.Ref\8.0.22\ref\net8.0\System.Core.dll".
             Reference found at search path location "{RawFileName}".
             This reference is not "CopyLocal" because at least one source item had "Private" set to "false" and no source items had "Private" set to "true".
         Primary reference "System.Data.Common, Version=8.0.0.0, Culture=neutral, PublicKeyToken=b03f5f7f11d50a3a".
             Resolved file path is "C:\Program Files\dotnet\packs\Microsoft.NETCore.App.Ref\8.0.22\ref\net8.0\System.Data.Common.dll".
             Reference found at search path location "{RawFileName}".
             This reference is not "CopyLocal" because at least one source item had "Private" set to "false" and no source items had "Private" set to "true".
         Primary reference "System.Data.DataSetExtensions, Version=8.0.0.0, Culture=neutral, PublicKeyToken=b77a5c561934e089".
             Resolved file path is "C:\Program Files\dotnet\packs\Microsoft.NETCore.App.Ref\8.0.22\ref\net8.0\System.Data.DataSetExtensions.dll".
             Reference found at search path location "{RawFileName}".
             This reference is not "CopyLocal" because at least one source item had "Private" set to "false" and no source items had "Private" set to "true".
         Primary reference "System.Data, Version=4.0.0.0, Culture=neutral, PublicKeyToken=b77a5c561934e089".
             Resolved file path is "C:\Program Files\dotnet\packs\Microsoft.NETCore.App.Ref\8.0.22\ref\net8.0\System.Data.dll".
             Reference found at search path location "{RawFileName}".
             This reference is not "CopyLocal" because at least one source item had "Private" set to "false" and no source items had "Private" set to "true".
         Primary reference "System.Diagnostics.Contracts, Version=8.0.0.0, Culture=neutral, PublicKeyToken=b03f5f7f11d50a3a".
             Resolved file path is "C:\Program Files\dotnet\packs\Microsoft.NETCore.App.Ref\8.0.22\ref\net8.0\System.Diagnostics.Contracts.dll".
             Reference found at search path location "{RawFileName}".
             This reference is not "CopyLocal" because at least one source item had "Private" set to "false" and no source items had "Private" set to "true".
         Primary reference "System.Diagnostics.Debug, Version=8.0.0.0, Culture=neutral, PublicKeyToken=b03f5f7f11d50a3a".
             Resolved file path is "C:\Program Files\dotnet\packs\Microsoft.NETCore.App.Ref\8.0.22\ref\net8.0\System.Diagnostics.Debug.dll".
             Reference found at search path location "{RawFileName}".
             This reference is not "CopyLocal" because at least one source item had "Private" set to "false" and no source items had "Private" set to "true".
         Primary reference "System.Diagnostics.DiagnosticSource, Version=8.0.0.0, Culture=neutral, PublicKeyToken=cc7b13ffcd2ddd51".
             Resolved file path is "C:\Program Files\dotnet\packs\Microsoft.NETCore.App.Ref\8.0.22\ref\net8.0\System.Diagnostics.DiagnosticSource.dll".
             Reference found at search path location "{RawFileName}".
             This reference is not "CopyLocal" because at least one source item had "Private" set to "false" and no source items had "Private" set to "true".
         Primary reference "System.Diagnostics.FileVersionInfo, Version=8.0.0.0, Culture=neutral, PublicKeyToken=b03f5f7f11d50a3a".
             Resolved file path is "C:\Program Files\dotnet\packs\Microsoft.NETCore.App.Ref\8.0.22\ref\net8.0\System.Diagnostics.FileVersionInfo.dll".
             Reference found at search path location "{RawFileName}".
             This reference is not "CopyLocal" because at least one source item had "Private" set to "false" and no source items had "Private" set to "true".
         Primary reference "System.Diagnostics.Process, Version=8.0.0.0, Culture=neutral, PublicKeyToken=b03f5f7f11d50a3a".
             Resolved file path is "C:\Program Files\dotnet\packs\Microsoft.NETCore.App.Ref\8.0.22\ref\net8.0\System.Diagnostics.Process.dll".
             Reference found at search path location "{RawFileName}".
             This reference is not "CopyLocal" because at least one source item had "Private" set to "false" and no source items had "Private" set to "true".
         Primary reference "System.Diagnostics.StackTrace, Version=8.0.0.0, Culture=neutral, PublicKeyToken=b03f5f7f11d50a3a".
             Resolved file path is "C:\Program Files\dotnet\packs\Microsoft.NETCore.App.Ref\8.0.22\ref\net8.0\System.Diagnostics.StackTrace.dll".
             Reference found at search path location "{RawFileName}".
             This reference is not "CopyLocal" because at least one source item had "Private" set to "false" and no source items had "Private" set to "true".
         Primary reference "System.Diagnostics.TextWriterTraceListener, Version=8.0.0.0, Culture=neutral, PublicKeyToken=b03f5f7f11d50a3a".
             Resolved file path is "C:\Program Files\dotnet\packs\Microsoft.NETCore.App.Ref\8.0.22\ref\net8.0\System.Diagnostics.TextWriterTraceListener.dll".
             Reference found at search path location "{RawFileName}".
             This reference is not "CopyLocal" because at least one source item had "Private" set to "false" and no source items had "Private" set to "true".
         Primary reference "System.Diagnostics.Tools, Version=8.0.0.0, Culture=neutral, PublicKeyToken=b03f5f7f11d50a3a".
             Resolved file path is "C:\Program Files\dotnet\packs\Microsoft.NETCore.App.Ref\8.0.22\ref\net8.0\System.Diagnostics.Tools.dll".
             Reference found at search path location "{RawFileName}".
             This reference is not "CopyLocal" because at least one source item had "Private" set to "false" and no source items had "Private" set to "true".
         Primary reference "System.Diagnostics.TraceSource, Version=8.0.0.0, Culture=neutral, PublicKeyToken=b03f5f7f11d50a3a".
             Resolved file path is "C:\Program Files\dotnet\packs\Microsoft.NETCore.App.Ref\8.0.22\ref\net8.0\System.Diagnostics.TraceSource.dll".
             Reference found at search path location "{RawFileName}".
             This reference is not "CopyLocal" because at least one source item had "Private" set to "false" and no source items had "Private" set to "true".
         Primary reference "System.Diagnostics.Tracing, Version=8.0.0.0, Culture=neutral, PublicKeyToken=b03f5f7f11d50a3a".
             Resolved file path is "C:\Program Files\dotnet\packs\Microsoft.NETCore.App.Ref\8.0.22\ref\net8.0\System.Diagnostics.Tracing.dll".
             Reference found at search path location "{RawFileName}".
             This reference is not "CopyLocal" because at least one source item had "Private" set to "false" and no source items had "Private" set to "true".
         Primary reference "System.Drawing.Primitives, Version=8.0.0.0, Culture=neutral, PublicKeyToken=b03f5f7f11d50a3a".
             Resolved file path is "C:\Program Files\dotnet\packs\Microsoft.NETCore.App.Ref\8.0.22\ref\net8.0\System.Drawing.Primitives.dll".
             Reference found at search path location "{RawFileName}".
             This reference is not "CopyLocal" because at least one source item had "Private" set to "false" and no source items had "Private" set to "true".
         Primary reference "System.Drawing, Version=4.0.0.0, Culture=neutral, PublicKeyToken=b03f5f7f11d50a3a".
             Resolved file path is "C:\Program Files\dotnet\packs\Microsoft.NETCore.App.Ref\8.0.22\ref\net8.0\System.Drawing.dll".
             Reference found at search path location "{RawFileName}".
             This reference is not "CopyLocal" because at least one source item had "Private" set to "false" and no source items had "Private" set to "true".
         Primary reference "System.Dynamic.Runtime, Version=8.0.0.0, Culture=neutral, PublicKeyToken=b03f5f7f11d50a3a".
             Resolved file path is "C:\Program Files\dotnet\packs\Microsoft.NETCore.App.Ref\8.0.22\ref\net8.0\System.Dynamic.Runtime.dll".
             Reference found at search path location "{RawFileName}".
             This reference is not "CopyLocal" because at least one source item had "Private" set to "false" and no source items had "Private" set to "true".
         Primary reference "System.Formats.Asn1, Version=8.0.0.0, Culture=neutral, PublicKeyToken=cc7b13ffcd2ddd51".
             Resolved file path is "C:\Program Files\dotnet\packs\Microsoft.NETCore.App.Ref\8.0.22\ref\net8.0\System.Formats.Asn1.dll".
             Reference found at search path location "{RawFileName}".
             This reference is not "CopyLocal" because at least one source item had "Private" set to "false" and no source items had "Private" set to "true".
         Primary reference "System.Formats.Tar, Version=8.0.0.0, Culture=neutral, PublicKeyToken=cc7b13ffcd2ddd51".
             Resolved file path is "C:\Program Files\dotnet\packs\Microsoft.NETCore.App.Ref\8.0.22\ref\net8.0\System.Formats.Tar.dll".
             Reference found at search path location "{RawFileName}".
             This reference is not "CopyLocal" because at least one source item had "Private" set to "false" and no source items had "Private" set to "true".
         Primary reference "System.Globalization.Calendars, Version=8.0.0.0, Culture=neutral, PublicKeyToken=b03f5f7f11d50a3a".
             Resolved file path is "C:\Program Files\dotnet\packs\Microsoft.NETCore.App.Ref\8.0.22\ref\net8.0\System.Globalization.Calendars.dll".
             Reference found at search path location "{RawFileName}".
             This reference is not "CopyLocal" because at least one source item had "Private" set to "false" and no source items had "Private" set to "true".
         Primary reference "System.Globalization.Extensions, Version=8.0.0.0, Culture=neutral, PublicKeyToken=b03f5f7f11d50a3a".
             Resolved file path is "C:\Program Files\dotnet\packs\Microsoft.NETCore.App.Ref\8.0.22\ref\net8.0\System.Globalization.Extensions.dll".
             Reference found at search path location "{RawFileName}".
             This reference is not "CopyLocal" because at least one source item had "Private" set to "false" and no source items had "Private" set to "true".
         Primary reference "System.Globalization, Version=8.0.0.0, Culture=neutral, PublicKeyToken=b03f5f7f11d50a3a".
             Resolved file path is "C:\Program Files\dotnet\packs\Microsoft.NETCore.App.Ref\8.0.22\ref\net8.0\System.Globalization.dll".
             Reference found at search path location "{RawFileName}".
             This reference is not "CopyLocal" because at least one source item had "Private" set to "false" and no source items had "Private" set to "true".
         Primary reference "System.IO.Compression.Brotli, Version=8.0.0.0, Culture=neutral, PublicKeyToken=b77a5c561934e089".
             Resolved file path is "C:\Program Files\dotnet\packs\Microsoft.NETCore.App.Ref\8.0.22\ref\net8.0\System.IO.Compression.Brotli.dll".
             Reference found at search path location "{RawFileName}".
             This reference is not "CopyLocal" because at least one source item had "Private" set to "false" and no source items had "Private" set to "true".
         Primary reference "System.IO.Compression.FileSystem, Version=4.0.0.0, Culture=neutral, PublicKeyToken=b77a5c561934e089".
             Resolved file path is "C:\Program Files\dotnet\packs\Microsoft.NETCore.App.Ref\8.0.22\ref\net8.0\System.IO.Compression.FileSystem.dll".
             Reference found at search path location "{RawFileName}".
             This reference is not "CopyLocal" because at least one source item had "Private" set to "false" and no source items had "Private" set to "true".
         Primary reference "System.IO.Compression.ZipFile, Version=8.0.0.0, Culture=neutral, PublicKeyToken=b77a5c561934e089".
             Resolved file path is "C:\Program Files\dotnet\packs\Microsoft.NETCore.App.Ref\8.0.22\ref\net8.0\System.IO.Compression.ZipFile.dll".
             Reference found at search path location "{RawFileName}".
             This reference is not "CopyLocal" because at least one source item had "Private" set to "false" and no source items had "Private" set to "true".
         Primary reference "System.IO.Compression, Version=8.0.0.0, Culture=neutral, PublicKeyToken=b77a5c561934e089".
             Resolved file path is "C:\Program Files\dotnet\packs\Microsoft.NETCore.App.Ref\8.0.22\ref\net8.0\System.IO.Compression.dll".
             Reference found at search path location "{RawFileName}".
             This reference is not "CopyLocal" because at least one source item had "Private" set to "false" and no source items had "Private" set to "true".
         Primary reference "System.IO.FileSystem.AccessControl, Version=8.0.0.0, Culture=neutral, PublicKeyToken=b03f5f7f11d50a3a".
             Resolved file path is "C:\Program Files\dotnet\packs\Microsoft.NETCore.App.Ref\8.0.22\ref\net8.0\System.IO.FileSystem.AccessControl.dll".
             Reference found at search path location "{RawFileName}".
             This reference is not "CopyLocal" because at least one source item had "Private" set to "false" and no source items had "Private" set to "true".
         Primary reference "System.IO.FileSystem.DriveInfo, Version=8.0.0.0, Culture=neutral, PublicKeyToken=b03f5f7f11d50a3a".
             Resolved file path is "C:\Program Files\dotnet\packs\Microsoft.NETCore.App.Ref\8.0.22\ref\net8.0\System.IO.FileSystem.DriveInfo.dll".
             Reference found at search path location "{RawFileName}".
             This reference is not "CopyLocal" because at least one source item had "Private" set to "false" and no source items had "Private" set to "true".
         Primary reference "System.IO.FileSystem.Primitives, Version=8.0.0.0, Culture=neutral, PublicKeyToken=b03f5f7f11d50a3a".
             Resolved file path is "C:\Program Files\dotnet\packs\Microsoft.NETCore.App.Ref\8.0.22\ref\net8.0\System.IO.FileSystem.Primitives.dll".
             Reference found at search path location "{RawFileName}".
             This reference is not "CopyLocal" because at least one source item had "Private" set to "false" and no source items had "Private" set to "true".
         Primary reference "System.IO.FileSystem.Watcher, Version=8.0.0.0, Culture=neutral, PublicKeyToken=b03f5f7f11d50a3a".
             Resolved file path is "C:\Program Files\dotnet\packs\Microsoft.NETCore.App.Ref\8.0.22\ref\net8.0\System.IO.FileSystem.Watcher.dll".
             Reference found at search path location "{RawFileName}".
             This reference is not "CopyLocal" because at least one source item had "Private" set to "false" and no source items had "Private" set to "true".
         Primary reference "System.IO.FileSystem, Version=8.0.0.0, Culture=neutral, PublicKeyToken=b03f5f7f11d50a3a".
             Resolved file path is "C:\Program Files\dotnet\packs\Microsoft.NETCore.App.Ref\8.0.22\ref\net8.0\System.IO.FileSystem.dll".
             Reference found at search path location "{RawFileName}".
             This reference is not "CopyLocal" because at least one source item had "Private" set to "false" and no source items had "Private" set to "true".
         Primary reference "System.IO.IsolatedStorage, Version=8.0.0.0, Culture=neutral, PublicKeyToken=b03f5f7f11d50a3a".
             Resolved file path is "C:\Program Files\dotnet\packs\Microsoft.NETCore.App.Ref\8.0.22\ref\net8.0\System.IO.IsolatedStorage.dll".
             Reference found at search path location "{RawFileName}".
             This reference is not "CopyLocal" because at least one source item had "Private" set to "false" and no source items had "Private" set to "true".
         Primary reference "System.IO.MemoryMappedFiles, Version=8.0.0.0, Culture=neutral, PublicKeyToken=b03f5f7f11d50a3a".
             Resolved file path is "C:\Program Files\dotnet\packs\Microsoft.NETCore.App.Ref\8.0.22\ref\net8.0\System.IO.MemoryMappedFiles.dll".
             Reference found at search path location "{RawFileName}".
             This reference is not "CopyLocal" because at least one source item had "Private" set to "false" and no source items had "Private" set to "true".
         Primary reference "System.IO.Pipes.AccessControl, Version=8.0.0.0, Culture=neutral, PublicKeyToken=b03f5f7f11d50a3a".
             Resolved file path is "C:\Program Files\dotnet\packs\Microsoft.NETCore.App.Ref\8.0.22\ref\net8.0\System.IO.Pipes.AccessControl.dll".
             Reference found at search path location "{RawFileName}".
             This reference is not "CopyLocal" because at least one source item had "Private" set to "false" and no source items had "Private" set to "true".
         Primary reference "System.IO.Pipes, Version=8.0.0.0, Culture=neutral, PublicKeyToken=b03f5f7f11d50a3a".
             Resolved file path is "C:\Program Files\dotnet\packs\Microsoft.NETCore.App.Ref\8.0.22\ref\net8.0\System.IO.Pipes.dll".
             Reference found at search path location "{RawFileName}".
             This reference is not "CopyLocal" because at least one source item had "Private" set to "false" and no source items had "Private" set to "true".
         Primary reference "System.IO.UnmanagedMemoryStream, Version=8.0.0.0, Culture=neutral, PublicKeyToken=b03f5f7f11d50a3a".
             Resolved file path is "C:\Program Files\dotnet\packs\Microsoft.NETCore.App.Ref\8.0.22\ref\net8.0\System.IO.UnmanagedMemoryStream.dll".
             Reference found at search path location "{RawFileName}".
             This reference is not "CopyLocal" because at least one source item had "Private" set to "false" and no source items had "Private" set to "true".
         Primary reference "System.IO, Version=8.0.0.0, Culture=neutral, PublicKeyToken=b03f5f7f11d50a3a".
             Resolved file path is "C:\Program Files\dotnet\packs\Microsoft.NETCore.App.Ref\8.0.22\ref\net8.0\System.IO.dll".
             Reference found at search path location "{RawFileName}".
             This reference is not "CopyLocal" because at least one source item had "Private" set to "false" and no source items had "Private" set to "true".
         Primary reference "System.Linq.Expressions, Version=8.0.0.0, Culture=neutral, PublicKeyToken=b03f5f7f11d50a3a".
             Resolved file path is "C:\Program Files\dotnet\packs\Microsoft.NETCore.App.Ref\8.0.22\ref\net8.0\System.Linq.Expressions.dll".
             Reference found at search path location "{RawFileName}".
             This reference is not "CopyLocal" because at least one source item had "Private" set to "false" and no source items had "Private" set to "true".
         Primary reference "System.Linq.Parallel, Version=8.0.0.0, Culture=neutral, PublicKeyToken=b03f5f7f11d50a3a".
             Resolved file path is "C:\Program Files\dotnet\packs\Microsoft.NETCore.App.Ref\8.0.22\ref\net8.0\System.Linq.Parallel.dll".
             Reference found at search path location "{RawFileName}".
             This reference is not "CopyLocal" because at least one source item had "Private" set to "false" and no source items had "Private" set to "true".
         Primary reference "System.Linq.Queryable, Version=8.0.0.0, Culture=neutral, PublicKeyToken=b03f5f7f11d50a3a".
             Resolved file path is "C:\Program Files\dotnet\packs\Microsoft.NETCore.App.Ref\8.0.22\ref\net8.0\System.Linq.Queryable.dll".
             Reference found at search path location "{RawFileName}".
             This reference is not "CopyLocal" because at least one source item had "Private" set to "false" and no source items had "Private" set to "true".
         Primary reference "System.Linq, Version=8.0.0.0, Culture=neutral, PublicKeyToken=b03f5f7f11d50a3a".
             Resolved file path is "C:\Program Files\dotnet\packs\Microsoft.NETCore.App.Ref\8.0.22\ref\net8.0\System.Linq.dll".
             Reference found at search path location "{RawFileName}".
             This reference is not "CopyLocal" because at least one source item had "Private" set to "false" and no source items had "Private" set to "true".
         Primary reference "System.Memory, Version=8.0.0.0, Culture=neutral, PublicKeyToken=cc7b13ffcd2ddd51".
             Resolved file path is "C:\Program Files\dotnet\packs\Microsoft.NETCore.App.Ref\8.0.22\ref\net8.0\System.Memory.dll".
             Reference found at search path location "{RawFileName}".
             This reference is not "CopyLocal" because at least one source item had "Private" set to "false" and no source items had "Private" set to "true".
         Primary reference "System.Net.Http.Json, Version=8.0.0.0, Culture=neutral, PublicKeyToken=cc7b13ffcd2ddd51".
             Resolved file path is "C:\Program Files\dotnet\packs\Microsoft.NETCore.App.Ref\8.0.22\ref\net8.0\System.Net.Http.Json.dll".
             Reference found at search path location "{RawFileName}".
             This reference is not "CopyLocal" because at least one source item had "Private" set to "false" and no source items had "Private" set to "true".
         Primary reference "System.Net.Http, Version=8.0.0.0, Culture=neutral, PublicKeyToken=b03f5f7f11d50a3a".
             Resolved file path is "C:\Program Files\dotnet\packs\Microsoft.NETCore.App.Ref\8.0.22\ref\net8.0\System.Net.Http.dll".
             Reference found at search path location "{RawFileName}".
             This reference is not "CopyLocal" because at least one source item had "Private" set to "false" and no source items had "Private" set to "true".
         Primary reference "System.Net.HttpListener, Version=8.0.0.0, Culture=neutral, PublicKeyToken=cc7b13ffcd2ddd51".
             Resolved file path is "C:\Program Files\dotnet\packs\Microsoft.NETCore.App.Ref\8.0.22\ref\net8.0\System.Net.HttpListener.dll".
             Reference found at search path location "{RawFileName}".
             This reference is not "CopyLocal" because at least one source item had "Private" set to "false" and no source items had "Private" set to "true".
         Primary reference "System.Net.Mail, Version=8.0.0.0, Culture=neutral, PublicKeyToken=cc7b13ffcd2ddd51".
             Resolved file path is "C:\Program Files\dotnet\packs\Microsoft.NETCore.App.Ref\8.0.22\ref\net8.0\System.Net.Mail.dll".
             Reference found at search path location "{RawFileName}".
             This reference is not "CopyLocal" because at least one source item had "Private" set to "false" and no source items had "Private" set to "true".
         Primary reference "System.Net.NameResolution, Version=8.0.0.0, Culture=neutral, PublicKeyToken=b03f5f7f11d50a3a".
             Resolved file path is "C:\Program Files\dotnet\packs\Microsoft.NETCore.App.Ref\8.0.22\ref\net8.0\System.Net.NameResolution.dll".
             Reference found at search path location "{RawFileName}".
             This reference is not "CopyLocal" because at least one source item had "Private" set to "false" and no source items had "Private" set to "true".
         Primary reference "System.Net.NetworkInformation, Version=8.0.0.0, Culture=neutral, PublicKeyToken=b03f5f7f11d50a3a".
             Resolved file path is "C:\Program Files\dotnet\packs\Microsoft.NETCore.App.Ref\8.0.22\ref\net8.0\System.Net.NetworkInformation.dll".
             Reference found at search path location "{RawFileName}".
             This reference is not "CopyLocal" because at least one source item had "Private" set to "false" and no source items had "Private" set to "true".
         Primary reference "System.Net.Ping, Version=8.0.0.0, Culture=neutral, PublicKeyToken=b03f5f7f11d50a3a".
             Resolved file path is "C:\Program Files\dotnet\packs\Microsoft.NETCore.App.Ref\8.0.22\ref\net8.0\System.Net.Ping.dll".
             Reference found at search path location "{RawFileName}".
             This reference is not "CopyLocal" because at least one source item had "Private" set to "false" and no source items had "Private" set to "true".
         Primary reference "System.Net.Primitives, Version=8.0.0.0, Culture=neutral, PublicKeyToken=b03f5f7f11d50a3a".
             Resolved file path is "C:\Program Files\dotnet\packs\Microsoft.NETCore.App.Ref\8.0.22\ref\net8.0\System.Net.Primitives.dll".
             Reference found at search path location "{RawFileName}".
             This reference is not "CopyLocal" because at least one source item had "Private" set to "false" and no source items had "Private" set to "true".
         Primary reference "System.Net.Quic, Version=8.0.0.0, Culture=neutral, PublicKeyToken=b03f5f7f11d50a3a".
             Resolved file path is "C:\Program Files\dotnet\packs\Microsoft.NETCore.App.Ref\8.0.22\ref\net8.0\System.Net.Quic.dll".
             Reference found at search path location "{RawFileName}".
             This reference is not "CopyLocal" because at least one source item had "Private" set to "false" and no source items had "Private" set to "true".
         Primary reference "System.Net.Requests, Version=8.0.0.0, Culture=neutral, PublicKeyToken=b03f5f7f11d50a3a".
             Resolved file path is "C:\Program Files\dotnet\packs\Microsoft.NETCore.App.Ref\8.0.22\ref\net8.0\System.Net.Requests.dll".
             Reference found at search path location "{RawFileName}".
             This reference is not "CopyLocal" because at least one source item had "Private" set to "false" and no source items had "Private" set to "true".
         Primary reference "System.Net.Security, Version=8.0.0.0, Culture=neutral, PublicKeyToken=b03f5f7f11d50a3a".
             Resolved file path is "C:\Program Files\dotnet\packs\Microsoft.NETCore.App.Ref\8.0.22\ref\net8.0\System.Net.Security.dll".
             Reference found at search path location "{RawFileName}".
             This reference is not "CopyLocal" because at least one source item had "Private" set to "false" and no source items had "Private" set to "true".
         Primary reference "System.Net.ServicePoint, Version=8.0.0.0, Culture=neutral, PublicKeyToken=cc7b13ffcd2ddd51".
             Resolved file path is "C:\Program Files\dotnet\packs\Microsoft.NETCore.App.Ref\8.0.22\ref\net8.0\System.Net.ServicePoint.dll".
             Reference found at search path location "{RawFileName}".
             This reference is not "CopyLocal" because at least one source item had "Private" set to "false" and no source items had "Private" set to "true".
         Primary reference "System.Net.Sockets, Version=8.0.0.0, Culture=neutral, PublicKeyToken=b03f5f7f11d50a3a".
             Resolved file path is "C:\Program Files\dotnet\packs\Microsoft.NETCore.App.Ref\8.0.22\ref\net8.0\System.Net.Sockets.dll".
             Reference found at search path location "{RawFileName}".
             This reference is not "CopyLocal" because at least one source item had "Private" set to "false" and no source items had "Private" set to "true".
         Primary reference "System.Net.WebClient, Version=8.0.0.0, Culture=neutral, PublicKeyToken=cc7b13ffcd2ddd51".
             Resolved file path is "C:\Program Files\dotnet\packs\Microsoft.NETCore.App.Ref\8.0.22\ref\net8.0\System.Net.WebClient.dll".
             Reference found at search path location "{RawFileName}".
             This reference is not "CopyLocal" because at least one source item had "Private" set to "false" and no source items had "Private" set to "true".
         Primary reference "System.Net.WebHeaderCollection, Version=8.0.0.0, Culture=neutral, PublicKeyToken=b03f5f7f11d50a3a".
             Resolved file path is "C:\Program Files\dotnet\packs\Microsoft.NETCore.App.Ref\8.0.22\ref\net8.0\System.Net.WebHeaderCollection.dll".
             Reference found at search path location "{RawFileName}".
             This reference is not "CopyLocal" because at least one source item had "Private" set to "false" and no source items had "Private" set to "true".
         Primary reference "System.Net.WebProxy, Version=8.0.0.0, Culture=neutral, PublicKeyToken=cc7b13ffcd2ddd51".
             Resolved file path is "C:\Program Files\dotnet\packs\Microsoft.NETCore.App.Ref\8.0.22\ref\net8.0\System.Net.WebProxy.dll".
             Reference found at search path location "{RawFileName}".
             This reference is not "CopyLocal" because at least one source item had "Private" set to "false" and no source items had "Private" set to "true".
         Primary reference "System.Net.WebSockets.Client, Version=8.0.0.0, Culture=neutral, PublicKeyToken=b03f5f7f11d50a3a".
             Resolved file path is "C:\Program Files\dotnet\packs\Microsoft.NETCore.App.Ref\8.0.22\ref\net8.0\System.Net.WebSockets.Client.dll".
             Reference found at search path location "{RawFileName}".
             This reference is not "CopyLocal" because at least one source item had "Private" set to "false" and no source items had "Private" set to "true".
         Primary reference "System.Net.WebSockets, Version=8.0.0.0, Culture=neutral, PublicKeyToken=b03f5f7f11d50a3a".
             Resolved file path is "C:\Program Files\dotnet\packs\Microsoft.NETCore.App.Ref\8.0.22\ref\net8.0\System.Net.WebSockets.dll".
             Reference found at search path location "{RawFileName}".
             This reference is not "CopyLocal" because at least one source item had "Private" set to "false" and no source items had "Private" set to "true".
         Primary reference "System.Net, Version=4.0.0.0, Culture=neutral, PublicKeyToken=b03f5f7f11d50a3a".
             Resolved file path is "C:\Program Files\dotnet\packs\Microsoft.NETCore.App.Ref\8.0.22\ref\net8.0\System.Net.dll".
             Reference found at search path location "{RawFileName}".
             This reference is not "CopyLocal" because at least one source item had "Private" set to "false" and no source items had "Private" set to "true".
         Primary reference "System.Numerics.Vectors, Version=8.0.0.0, Culture=neutral, PublicKeyToken=b03f5f7f11d50a3a".
             Resolved file path is "C:\Program Files\dotnet\packs\Microsoft.NETCore.App.Ref\8.0.22\ref\net8.0\System.Numerics.Vectors.dll".
             Reference found at search path location "{RawFileName}".
             This reference is not "CopyLocal" because at least one source item had "Private" set to "false" and no source items had "Private" set to "true".
         Primary reference "System.Numerics, Version=4.0.0.0, Culture=neutral, PublicKeyToken=b77a5c561934e089".
             Resolved file path is "C:\Program Files\dotnet\packs\Microsoft.NETCore.App.Ref\8.0.22\ref\net8.0\System.Numerics.dll".
             Reference found at search path location "{RawFileName}".
             This reference is not "CopyLocal" because at least one source item had "Private" set to "false" and no source items had "Private" set to "true".
         Primary reference "System.ObjectModel, Version=8.0.0.0, Culture=neutral, PublicKeyToken=b03f5f7f11d50a3a".
             Resolved file path is "C:\Program Files\dotnet\packs\Microsoft.NETCore.App.Ref\8.0.22\ref\net8.0\System.ObjectModel.dll".
             Reference found at search path location "{RawFileName}".
             This reference is not "CopyLocal" because at least one source item had "Private" set to "false" and no source items had "Private" set to "true".
         Primary reference "System.Reflection.DispatchProxy, Version=8.0.0.0, Culture=neutral, PublicKeyToken=b03f5f7f11d50a3a".
             Resolved file path is "C:\Program Files\dotnet\packs\Microsoft.NETCore.App.Ref\8.0.22\ref\net8.0\System.Reflection.DispatchProxy.dll".
             Reference found at search path location "{RawFileName}".
             This reference is not "CopyLocal" because at least one source item had "Private" set to "false" and no source items had "Private" set to "true".
         Primary reference "System.Reflection.Emit.ILGeneration, Version=8.0.0.0, Culture=neutral, PublicKeyToken=b03f5f7f11d50a3a".
             Resolved file path is "C:\Program Files\dotnet\packs\Microsoft.NETCore.App.Ref\8.0.22\ref\net8.0\System.Reflection.Emit.ILGeneration.dll".
             Reference found at search path location "{RawFileName}".
             This reference is not "CopyLocal" because at least one source item had "Private" set to "false" and no source items had "Private" set to "true".
         Primary reference "System.Reflection.Emit.Lightweight, Version=8.0.0.0, Culture=neutral, PublicKeyToken=b03f5f7f11d50a3a".
             Resolved file path is "C:\Program Files\dotnet\packs\Microsoft.NETCore.App.Ref\8.0.22\ref\net8.0\System.Reflection.Emit.Lightweight.dll".
             Reference found at search path location "{RawFileName}".
             This reference is not "CopyLocal" because at least one source item had "Private" set to "false" and no source items had "Private" set to "true".
         Primary reference "System.Reflection.Emit, Version=8.0.0.0, Culture=neutral, PublicKeyToken=b03f5f7f11d50a3a".
             Resolved file path is "C:\Program Files\dotnet\packs\Microsoft.NETCore.App.Ref\8.0.22\ref\net8.0\System.Reflection.Emit.dll".
             Reference found at search path location "{RawFileName}".
             This reference is not "CopyLocal" because at least one source item had "Private" set to "false" and no source items had "Private" set to "true".
         Primary reference "System.Reflection.Extensions, Version=8.0.0.0, Culture=neutral, PublicKeyToken=b03f5f7f11d50a3a".
             Resolved file path is "C:\Program Files\dotnet\packs\Microsoft.NETCore.App.Ref\8.0.22\ref\net8.0\System.Reflection.Extensions.dll".
             Reference found at search path location "{RawFileName}".
             This reference is not "CopyLocal" because at least one source item had "Private" set to "false" and no source items had "Private" set to "true".
         Primary reference "System.Reflection.Metadata, Version=8.0.0.0, Culture=neutral, PublicKeyToken=b03f5f7f11d50a3a".
             Resolved file path is "C:\Program Files\dotnet\packs\Microsoft.NETCore.App.Ref\8.0.22\ref\net8.0\System.Reflection.Metadata.dll".
             Reference found at search path location "{RawFileName}".
             This reference is not "CopyLocal" because at least one source item had "Private" set to "false" and no source items had "Private" set to "true".
         Primary reference "System.Reflection.Primitives, Version=8.0.0.0, Culture=neutral, PublicKeyToken=b03f5f7f11d50a3a".
             Resolved file path is "C:\Program Files\dotnet\packs\Microsoft.NETCore.App.Ref\8.0.22\ref\net8.0\System.Reflection.Primitives.dll".
             Reference found at search path location "{RawFileName}".
             This reference is not "CopyLocal" because at least one source item had "Private" set to "false" and no source items had "Private" set to "true".
         Primary reference "System.Reflection.TypeExtensions, Version=8.0.0.0, Culture=neutral, PublicKeyToken=b03f5f7f11d50a3a".
             Resolved file path is "C:\Program Files\dotnet\packs\Microsoft.NETCore.App.Ref\8.0.22\ref\net8.0\System.Reflection.TypeExtensions.dll".
             Reference found at search path location "{RawFileName}".
             This reference is not "CopyLocal" because at least one source item had "Private" set to "false" and no source items had "Private" set to "true".
         Primary reference "System.Reflection, Version=8.0.0.0, Culture=neutral, PublicKeyToken=b03f5f7f11d50a3a".
             Resolved file path is "C:\Program Files\dotnet\packs\Microsoft.NETCore.App.Ref\8.0.22\ref\net8.0\System.Reflection.dll".
             Reference found at search path location "{RawFileName}".
             This reference is not "CopyLocal" because at least one source item had "Private" set to "false" and no source items had "Private" set to "true".
         Primary reference "System.Resources.Reader, Version=8.0.0.0, Culture=neutral, PublicKeyToken=b03f5f7f11d50a3a".
             Resolved file path is "C:\Program Files\dotnet\packs\Microsoft.NETCore.App.Ref\8.0.22\ref\net8.0\System.Resources.Reader.dll".
             Reference found at search path location "{RawFileName}".
             This reference is not "CopyLocal" because at least one source item had "Private" set to "false" and no source items had "Private" set to "true".
         Primary reference "System.Resources.ResourceManager, Version=8.0.0.0, Culture=neutral, PublicKeyToken=b03f5f7f11d50a3a".
             Resolved file path is "C:\Program Files\dotnet\packs\Microsoft.NETCore.App.Ref\8.0.22\ref\net8.0\System.Resources.ResourceManager.dll".
             Reference found at search path location "{RawFileName}".
             This reference is not "CopyLocal" because at least one source item had "Private" set to "false" and no source items had "Private" set to "true".
         Primary reference "System.Resources.Writer, Version=8.0.0.0, Culture=neutral, PublicKeyToken=b03f5f7f11d50a3a".
             Resolved file path is "C:\Program Files\dotnet\packs\Microsoft.NETCore.App.Ref\8.0.22\ref\net8.0\System.Resources.Writer.dll".
             Reference found at search path location "{RawFileName}".
             This reference is not "CopyLocal" because at least one source item had "Private" set to "false" and no source items had "Private" set to "true".
         Primary reference "System.Runtime.CompilerServices.Unsafe, Version=8.0.0.0, Culture=neutral, PublicKeyToken=b03f5f7f11d50a3a".
             Resolved file path is "C:\Program Files\dotnet\packs\Microsoft.NETCore.App.Ref\8.0.22\ref\net8.0\System.Runtime.CompilerServices.Unsafe.dll".
             Reference found at search path location "{RawFileName}".
             This reference is not "CopyLocal" because at least one source item had "Private" set to "false" and no source items had "Private" set to "true".
         Primary reference "System.Runtime.CompilerServices.VisualC, Version=8.0.0.0, Culture=neutral, PublicKeyToken=b03f5f7f11d50a3a".
             Resolved file path is "C:\Program Files\dotnet\packs\Microsoft.NETCore.App.Ref\8.0.22\ref\net8.0\System.Runtime.CompilerServices.VisualC.dll".
             Reference found at search path location "{RawFileName}".
             This reference is not "CopyLocal" because at least one source item had "Private" set to "false" and no source items had "Private" set to "true".
         Primary reference "System.Runtime.Extensions, Version=8.0.0.0, Culture=neutral, PublicKeyToken=b03f5f7f11d50a3a".
             Resolved file path is "C:\Program Files\dotnet\packs\Microsoft.NETCore.App.Ref\8.0.22\ref\net8.0\System.Runtime.Extensions.dll".
             Reference found at search path location "{RawFileName}".
             This reference is not "CopyLocal" because at least one source item had "Private" set to "false" and no source items had "Private" set to "true".
         Primary reference "System.Runtime.Handles, Version=8.0.0.0, Culture=neutral, PublicKeyToken=b03f5f7f11d50a3a".
             Resolved file path is "C:\Program Files\dotnet\packs\Microsoft.NETCore.App.Ref\8.0.22\ref\net8.0\System.Runtime.Handles.dll".
             Reference found at search path location "{RawFileName}".
             This reference is not "CopyLocal" because at least one source item had "Private" set to "false" and no source items had "Private" set to "true".
         Primary reference "System.Runtime.InteropServices.JavaScript, Version=8.0.0.0, Culture=neutral, PublicKeyToken=b03f5f7f11d50a3a".
             Resolved file path is "C:\Program Files\dotnet\packs\Microsoft.NETCore.App.Ref\8.0.22\ref\net8.0\System.Runtime.InteropServices.JavaScript.dll".
             Reference found at search path location "{RawFileName}".
             This reference is not "CopyLocal" because at least one source item had "Private" set to "false" and no source items had "Private" set to "true".
         Primary reference "System.Runtime.InteropServices.RuntimeInformation, Version=8.0.0.0, Culture=neutral, PublicKeyToken=b03f5f7f11d50a3a".
             Resolved file path is "C:\Program Files\dotnet\packs\Microsoft.NETCore.App.Ref\8.0.22\ref\net8.0\System.Runtime.InteropServices.RuntimeInformation.dll".
             Reference found at search path location "{RawFileName}".
             This reference is not "CopyLocal" because at least one source item had "Private" set to "false" and no source items had "Private" set to "true".
         Primary reference "System.Runtime.InteropServices, Version=8.0.0.0, Culture=neutral, PublicKeyToken=b03f5f7f11d50a3a".
             Resolved file path is "C:\Program Files\dotnet\packs\Microsoft.NETCore.App.Ref\8.0.22\ref\net8.0\System.Runtime.InteropServices.dll".
             Reference found at search path location "{RawFileName}".
             This reference is not "CopyLocal" because at least one source item had "Private" set to "false" and no source items had "Private" set to "true".
         Primary reference "System.Runtime.Intrinsics, Version=8.0.0.0, Culture=neutral, PublicKeyToken=cc7b13ffcd2ddd51".
             Resolved file path is "C:\Program Files\dotnet\packs\Microsoft.NETCore.App.Ref\8.0.22\ref\net8.0\System.Runtime.Intrinsics.dll".
             Reference found at search path location "{RawFileName}".
             This reference is not "CopyLocal" because at least one source item had "Private" set to "false" and no source items had "Private" set to "true".
         Primary reference "System.Runtime.Loader, Version=8.0.0.0, Culture=neutral, PublicKeyToken=b03f5f7f11d50a3a".
             Resolved file path is "C:\Program Files\dotnet\packs\Microsoft.NETCore.App.Ref\8.0.22\ref\net8.0\System.Runtime.Loader.dll".
             Reference found at search path location "{RawFileName}".
             This reference is not "CopyLocal" because at least one source item had "Private" set to "false" and no source items had "Private" set to "true".
         Primary reference "System.Runtime.Numerics, Version=8.0.0.0, Culture=neutral, PublicKeyToken=b03f5f7f11d50a3a".
             Resolved file path is "C:\Program Files\dotnet\packs\Microsoft.NETCore.App.Ref\8.0.22\ref\net8.0\System.Runtime.Numerics.dll".
             Reference found at search path location "{RawFileName}".
             This reference is not "CopyLocal" because at least one source item had "Private" set to "false" and no source items had "Private" set to "true".
         Primary reference "System.Runtime.Serialization.Formatters, Version=8.0.0.0, Culture=neutral, PublicKeyToken=b03f5f7f11d50a3a".
             Resolved file path is "C:\Program Files\dotnet\packs\Microsoft.NETCore.App.Ref\8.0.22\ref\net8.0\System.Runtime.Serialization.Formatters.dll".
             Reference found at search path location "{RawFileName}".
             This reference is not "CopyLocal" because at least one source item had "Private" set to "false" and no source items had "Private" set to "true".
         Primary reference "System.Runtime.Serialization.Json, Version=8.0.0.0, Culture=neutral, PublicKeyToken=b03f5f7f11d50a3a".
             Resolved file path is "C:\Program Files\dotnet\packs\Microsoft.NETCore.App.Ref\8.0.22\ref\net8.0\System.Runtime.Serialization.Json.dll".
             Reference found at search path location "{RawFileName}".
             This reference is not "CopyLocal" because at least one source item had "Private" set to "false" and no source items had "Private" set to "true".
         Primary reference "System.Runtime.Serialization.Primitives, Version=8.0.0.0, Culture=neutral, PublicKeyToken=b03f5f7f11d50a3a".
             Resolved file path is "C:\Program Files\dotnet\packs\Microsoft.NETCore.App.Ref\8.0.22\ref\net8.0\System.Runtime.Serialization.Primitives.dll".
             Reference found at search path location "{RawFileName}".
             This reference is not "CopyLocal" because at least one source item had "Private" set to "false" and no source items had "Private" set to "true".
         Primary reference "System.Runtime.Serialization.Xml, Version=8.0.0.0, Culture=neutral, PublicKeyToken=b03f5f7f11d50a3a".
             Resolved file path is "C:\Program Files\dotnet\packs\Microsoft.NETCore.App.Ref\8.0.22\ref\net8.0\System.Runtime.Serialization.Xml.dll".
             Reference found at search path location "{RawFileName}".
             This reference is not "CopyLocal" because at least one source item had "Private" set to "false" and no source items had "Private" set to "true".
         Primary reference "System.Runtime.Serialization, Version=4.0.0.0, Culture=neutral, PublicKeyToken=b77a5c561934e089".
             Resolved file path is "C:\Program Files\dotnet\packs\Microsoft.NETCore.App.Ref\8.0.22\ref\net8.0\System.Runtime.Serialization.dll".
             Reference found at search path location "{RawFileName}".
             This reference is not "CopyLocal" because at least one source item had "Private" set to "false" and no source items had "Private" set to "true".
         Primary reference "System.Runtime, Version=8.0.0.0, Culture=neutral, PublicKeyToken=b03f5f7f11d50a3a".
             Resolved file path is "C:\Program Files\dotnet\packs\Microsoft.NETCore.App.Ref\8.0.22\ref\net8.0\System.Runtime.dll".
             Reference found at search path location "{RawFileName}".
             This reference is not "CopyLocal" because at least one source item had "Private" set to "false" and no source items had "Private" set to "true".
         Primary reference "System.Security.AccessControl, Version=8.0.0.0, Culture=neutral, PublicKeyToken=b03f5f7f11d50a3a".
             Resolved file path is "C:\Program Files\dotnet\packs\Microsoft.NETCore.App.Ref\8.0.22\ref\net8.0\System.Security.AccessControl.dll".
             Reference found at search path location "{RawFileName}".
             This reference is not "CopyLocal" because at least one source item had "Private" set to "false" and no source items had "Private" set to "true".
         Primary reference "System.Security.Claims, Version=8.0.0.0, Culture=neutral, PublicKeyToken=b03f5f7f11d50a3a".
             Resolved file path is "C:\Program Files\dotnet\packs\Microsoft.NETCore.App.Ref\8.0.22\ref\net8.0\System.Security.Claims.dll".
             Reference found at search path location "{RawFileName}".
             This reference is not "CopyLocal" because at least one source item had "Private" set to "false" and no source items had "Private" set to "true".
         Primary reference "System.Security.Cryptography.Algorithms, Version=8.0.0.0, Culture=neutral, PublicKeyToken=b03f5f7f11d50a3a".
             Resolved file path is "C:\Program Files\dotnet\packs\Microsoft.NETCore.App.Ref\8.0.22\ref\net8.0\System.Security.Cryptography.Algorithms.dll".
             Reference found at search path location "{RawFileName}".
             This reference is not "CopyLocal" because at least one source item had "Private" set to "false" and no source items had "Private" set to "true".
         Primary reference "System.Security.Cryptography.Cng, Version=8.0.0.0, Culture=neutral, PublicKeyToken=b03f5f7f11d50a3a".
             Resolved file path is "C:\Program Files\dotnet\packs\Microsoft.NETCore.App.Ref\8.0.22\ref\net8.0\System.Security.Cryptography.Cng.dll".
             Reference found at search path location "{RawFileName}".
             This reference is not "CopyLocal" because at least one source item had "Private" set to "false" and no source items had "Private" set to "true".
         Primary reference "System.Security.Cryptography.Csp, Version=8.0.0.0, Culture=neutral, PublicKeyToken=b03f5f7f11d50a3a".
             Resolved file path is "C:\Program Files\dotnet\packs\Microsoft.NETCore.App.Ref\8.0.22\ref\net8.0\System.Security.Cryptography.Csp.dll".
             Reference found at search path location "{RawFileName}".
             This reference is not "CopyLocal" because at least one source item had "Private" set to "false" and no source items had "Private" set to "true".
         Primary reference "System.Security.Cryptography.Encoding, Version=8.0.0.0, Culture=neutral, PublicKeyToken=b03f5f7f11d50a3a".
             Resolved file path is "C:\Program Files\dotnet\packs\Microsoft.NETCore.App.Ref\8.0.22\ref\net8.0\System.Security.Cryptography.Encoding.dll".
             Reference found at search path location "{RawFileName}".
             This reference is not "CopyLocal" because at least one source item had "Private" set to "false" and no source items had "Private" set to "true".
         Primary reference "System.Security.Cryptography.OpenSsl, Version=8.0.0.0, Culture=neutral, PublicKeyToken=b03f5f7f11d50a3a".
             Resolved file path is "C:\Program Files\dotnet\packs\Microsoft.NETCore.App.Ref\8.0.22\ref\net8.0\System.Security.Cryptography.OpenSsl.dll".
             Reference found at search path location "{RawFileName}".
             This reference is not "CopyLocal" because at least one source item had "Private" set to "false" and no source items had "Private" set to "true".
         Primary reference "System.Security.Cryptography.Primitives, Version=8.0.0.0, Culture=neutral, PublicKeyToken=b03f5f7f11d50a3a".
             Resolved file path is "C:\Program Files\dotnet\packs\Microsoft.NETCore.App.Ref\8.0.22\ref\net8.0\System.Security.Cryptography.Primitives.dll".
             Reference found at search path location "{RawFileName}".
             This reference is not "CopyLocal" because at least one source item had "Private" set to "false" and no source items had "Private" set to "true".
         Primary reference "System.Security.Cryptography.X509Certificates, Version=8.0.0.0, Culture=neutral, PublicKeyToken=b03f5f7f11d50a3a".
             Resolved file path is "C:\Program Files\dotnet\packs\Microsoft.NETCore.App.Ref\8.0.22\ref\net8.0\System.Security.Cryptography.X509Certificates.dll".
             Reference found at search path location "{RawFileName}".
             This reference is not "CopyLocal" because at least one source item had "Private" set to "false" and no source items had "Private" set to "true".
         Primary reference "System.Security.Cryptography, Version=8.0.0.0, Culture=neutral, PublicKeyToken=b03f5f7f11d50a3a".
             Resolved file path is "C:\Program Files\dotnet\packs\Microsoft.NETCore.App.Ref\8.0.22\ref\net8.0\System.Security.Cryptography.dll".
             Reference found at search path location "{RawFileName}".
             This reference is not "CopyLocal" because at least one source item had "Private" set to "false" and no source items had "Private" set to "true".
         Primary reference "System.Security.Principal.Windows, Version=8.0.0.0, Culture=neutral, PublicKeyToken=b03f5f7f11d50a3a".
             Resolved file path is "C:\Program Files\dotnet\packs\Microsoft.NETCore.App.Ref\8.0.22\ref\net8.0\System.Security.Principal.Windows.dll".
             Reference found at search path location "{RawFileName}".
             This reference is not "CopyLocal" because at least one source item had "Private" set to "false" and no source items had "Private" set to "true".
         Primary reference "System.Security.Principal, Version=8.0.0.0, Culture=neutral, PublicKeyToken=b03f5f7f11d50a3a".
             Resolved file path is "C:\Program Files\dotnet\packs\Microsoft.NETCore.App.Ref\8.0.22\ref\net8.0\System.Security.Principal.dll".
             Reference found at search path location "{RawFileName}".
             This reference is not "CopyLocal" because at least one source item had "Private" set to "false" and no source items had "Private" set to "true".
         Primary reference "System.Security.SecureString, Version=8.0.0.0, Culture=neutral, PublicKeyToken=b03f5f7f11d50a3a".
             Resolved file path is "C:\Program Files\dotnet\packs\Microsoft.NETCore.App.Ref\8.0.22\ref\net8.0\System.Security.SecureString.dll".
             Reference found at search path location "{RawFileName}".
             This reference is not "CopyLocal" because at least one source item had "Private" set to "false" and no source items had "Private" set to "true".
         Primary reference "System.Security, Version=4.0.0.0, Culture=neutral, PublicKeyToken=b03f5f7f11d50a3a".
             Resolved file path is "C:\Program Files\dotnet\packs\Microsoft.NETCore.App.Ref\8.0.22\ref\net8.0\System.Security.dll".
             Reference found at search path location "{RawFileName}".
             This reference is not "CopyLocal" because at least one source item had "Private" set to "false" and no source items had "Private" set to "true".
         Primary reference "System.ServiceModel.Web, Version=4.0.0.0, Culture=neutral, PublicKeyToken=31bf3856ad364e35".
             Resolved file path is "C:\Program Files\dotnet\packs\Microsoft.NETCore.App.Ref\8.0.22\ref\net8.0\System.ServiceModel.Web.dll".
             Reference found at search path location "{RawFileName}".
             This reference is not "CopyLocal" because at least one source item had "Private" set to "false" and no source items had "Private" set to "true".
         Primary reference "System.ServiceProcess, Version=4.0.0.0, Culture=neutral, PublicKeyToken=b03f5f7f11d50a3a".
             Resolved file path is "C:\Program Files\dotnet\packs\Microsoft.NETCore.App.Ref\8.0.22\ref\net8.0\System.ServiceProcess.dll".
             Reference found at search path location "{RawFileName}".
             This reference is not "CopyLocal" because at least one source item had "Private" set to "false" and no source items had "Private" set to "true".
         Primary reference "System.Text.Encoding.CodePages, Version=8.0.0.0, Culture=neutral, PublicKeyToken=b03f5f7f11d50a3a".
             Resolved file path is "C:\Program Files\dotnet\packs\Microsoft.NETCore.App.Ref\8.0.22\ref\net8.0\System.Text.Encoding.CodePages.dll".
             Reference found at search path location "{RawFileName}".
             This reference is not "CopyLocal" because at least one source item had "Private" set to "false" and no source items had "Private" set to "true".
         Primary reference "System.Text.Encoding.Extensions, Version=8.0.0.0, Culture=neutral, PublicKeyToken=b03f5f7f11d50a3a".
             Resolved file path is "C:\Program Files\dotnet\packs\Microsoft.NETCore.App.Ref\8.0.22\ref\net8.0\System.Text.Encoding.Extensions.dll".
             Reference found at search path location "{RawFileName}".
             This reference is not "CopyLocal" because at least one source item had "Private" set to "false" and no source items had "Private" set to "true".
         Primary reference "System.Text.Encoding, Version=8.0.0.0, Culture=neutral, PublicKeyToken=b03f5f7f11d50a3a".
             Resolved file path is "C:\Program Files\dotnet\packs\Microsoft.NETCore.App.Ref\8.0.22\ref\net8.0\System.Text.Encoding.dll".
             Reference found at search path location "{RawFileName}".
             This reference is not "CopyLocal" because at least one source item had "Private" set to "false" and no source items had "Private" set to "true".
         Primary reference "System.Text.Encodings.Web, Version=8.0.0.0, Culture=neutral, PublicKeyToken=cc7b13ffcd2ddd51".
             Resolved file path is "C:\Program Files\dotnet\packs\Microsoft.NETCore.App.Ref\8.0.22\ref\net8.0\System.Text.Encodings.Web.dll".
             Reference found at search path location "{RawFileName}".
             This reference is not "CopyLocal" because at least one source item had "Private" set to "false" and no source items had "Private" set to "true".
         Primary reference "System.Text.Json, Version=8.0.0.0, Culture=neutral, PublicKeyToken=cc7b13ffcd2ddd51".
             Resolved file path is "C:\Program Files\dotnet\packs\Microsoft.NETCore.App.Ref\8.0.22\ref\net8.0\System.Text.Json.dll".
             Reference found at search path location "{RawFileName}".
             This reference is not "CopyLocal" because at least one source item had "Private" set to "false" and no source items had "Private" set to "true".
         Primary reference "System.Text.RegularExpressions, Version=8.0.0.0, Culture=neutral, PublicKeyToken=b03f5f7f11d50a3a".
             Resolved file path is "C:\Program Files\dotnet\packs\Microsoft.NETCore.App.Ref\8.0.22\ref\net8.0\System.Text.RegularExpressions.dll".
             Reference found at search path location "{RawFileName}".
             This reference is not "CopyLocal" because at least one source item had "Private" set to "false" and no source items had "Private" set to "true".
         Primary reference "System.Threading.Channels, Version=8.0.0.0, Culture=neutral, PublicKeyToken=cc7b13ffcd2ddd51".
             Resolved file path is "C:\Program Files\dotnet\packs\Microsoft.NETCore.App.Ref\8.0.22\ref\net8.0\System.Threading.Channels.dll".
             Reference found at search path location "{RawFileName}".
             This reference is not "CopyLocal" because at least one source item had "Private" set to "false" and no source items had "Private" set to "true".
         Primary reference "System.Threading.Overlapped, Version=8.0.0.0, Culture=neutral, PublicKeyToken=b03f5f7f11d50a3a".
             Resolved file path is "C:\Program Files\dotnet\packs\Microsoft.NETCore.App.Ref\8.0.22\ref\net8.0\System.Threading.Overlapped.dll".
             Reference found at search path location "{RawFileName}".
             This reference is not "CopyLocal" because at least one source item had "Private" set to "false" and no source items had "Private" set to "true".
         Primary reference "System.Threading.Tasks.Dataflow, Version=8.0.0.0, Culture=neutral, PublicKeyToken=b03f5f7f11d50a3a".
             Resolved file path is "C:\Program Files\dotnet\packs\Microsoft.NETCore.App.Ref\8.0.22\ref\net8.0\System.Threading.Tasks.Dataflow.dll".
             Reference found at search path location "{RawFileName}".
             This reference is not "CopyLocal" because at least one source item had "Private" set to "false" and no source items had "Private" set to "true".
         Primary reference "System.Threading.Tasks.Extensions, Version=8.0.0.0, Culture=neutral, PublicKeyToken=cc7b13ffcd2ddd51".
             Resolved file path is "C:\Program Files\dotnet\packs\Microsoft.NETCore.App.Ref\8.0.22\ref\net8.0\System.Threading.Tasks.Extensions.dll".
             Reference found at search path location "{RawFileName}".
             This reference is not "CopyLocal" because at least one source item had "Private" set to "false" and no source items had "Private" set to "true".
         Primary reference "System.Threading.Tasks.Parallel, Version=8.0.0.0, Culture=neutral, PublicKeyToken=b03f5f7f11d50a3a".
             Resolved file path is "C:\Program Files\dotnet\packs\Microsoft.NETCore.App.Ref\8.0.22\ref\net8.0\System.Threading.Tasks.Parallel.dll".
             Reference found at search path location "{RawFileName}".
             This reference is not "CopyLocal" because at least one source item had "Private" set to "false" and no source items had "Private" set to "true".
         Primary reference "System.Threading.Tasks, Version=8.0.0.0, Culture=neutral, PublicKeyToken=b03f5f7f11d50a3a".
             Resolved file path is "C:\Program Files\dotnet\packs\Microsoft.NETCore.App.Ref\8.0.22\ref\net8.0\System.Threading.Tasks.dll".
             Reference found at search path location "{RawFileName}".
             This reference is not "CopyLocal" because at least one source item had "Private" set to "false" and no source items had "Private" set to "true".
         Primary reference "System.Threading.Thread, Version=8.0.0.0, Culture=neutral, PublicKeyToken=b03f5f7f11d50a3a".
             Resolved file path is "C:\Program Files\dotnet\packs\Microsoft.NETCore.App.Ref\8.0.22\ref\net8.0\System.Threading.Thread.dll".
             Reference found at search path location "{RawFileName}".
             This reference is not "CopyLocal" because at least one source item had "Private" set to "false" and no source items had "Private" set to "true".
         Primary reference "System.Threading.ThreadPool, Version=8.0.0.0, Culture=neutral, PublicKeyToken=b03f5f7f11d50a3a".
             Resolved file path is "C:\Program Files\dotnet\packs\Microsoft.NETCore.App.Ref\8.0.22\ref\net8.0\System.Threading.ThreadPool.dll".
             Reference found at search path location "{RawFileName}".
             This reference is not "CopyLocal" because at least one source item had "Private" set to "false" and no source items had "Private" set to "true".
         Primary reference "System.Threading.Timer, Version=8.0.0.0, Culture=neutral, PublicKeyToken=b03f5f7f11d50a3a".
             Resolved file path is "C:\Program Files\dotnet\packs\Microsoft.NETCore.App.Ref\8.0.22\ref\net8.0\System.Threading.Timer.dll".
             Reference found at search path location "{RawFileName}".
             This reference is not "CopyLocal" because at least one source item had "Private" set to "false" and no source items had "Private" set to "true".
         Primary reference "System.Threading, Version=8.0.0.0, Culture=neutral, PublicKeyToken=b03f5f7f11d50a3a".
             Resolved file path is "C:\Program Files\dotnet\packs\Microsoft.NETCore.App.Ref\8.0.22\ref\net8.0\System.Threading.dll".
             Reference found at search path location "{RawFileName}".
             This reference is not "CopyLocal" because at least one source item had "Private" set to "false" and no source items had "Private" set to "true".
         Primary reference "System.Transactions.Local, Version=8.0.0.0, Culture=neutral, PublicKeyToken=cc7b13ffcd2ddd51".
             Resolved file path is "C:\Program Files\dotnet\packs\Microsoft.NETCore.App.Ref\8.0.22\ref\net8.0\System.Transactions.Local.dll".
             Reference found at search path location "{RawFileName}".
             This reference is not "CopyLocal" because at least one source item had "Private" set to "false" and no source items had "Private" set to "true".
         Primary reference "System.Transactions, Version=4.0.0.0, Culture=neutral, PublicKeyToken=b77a5c561934e089".
             Resolved file path is "C:\Program Files\dotnet\packs\Microsoft.NETCore.App.Ref\8.0.22\ref\net8.0\System.Transactions.dll".
             Reference found at search path location "{RawFileName}".
             This reference is not "CopyLocal" because at least one source item had "Private" set to "false" and no source items had "Private" set to "true".
         Primary reference "System.ValueTuple, Version=8.0.0.0, Culture=neutral, PublicKeyToken=cc7b13ffcd2ddd51".
             Resolved file path is "C:\Program Files\dotnet\packs\Microsoft.NETCore.App.Ref\8.0.22\ref\net8.0\System.ValueTuple.dll".
             Reference found at search path location "{RawFileName}".
             This reference is not "CopyLocal" because at least one source item had "Private" set to "false" and no source items had "Private" set to "true".
         Primary reference "System.Web.HttpUtility, Version=8.0.0.0, Culture=neutral, PublicKeyToken=cc7b13ffcd2ddd51".
             Resolved file path is "C:\Program Files\dotnet\packs\Microsoft.NETCore.App.Ref\8.0.22\ref\net8.0\System.Web.HttpUtility.dll".
             Reference found at search path location "{RawFileName}".
             This reference is not "CopyLocal" because at least one source item had "Private" set to "false" and no source items had "Private" set to "true".
         Primary reference "System.Web, Version=4.0.0.0, Culture=neutral, PublicKeyToken=b03f5f7f11d50a3a".
             Resolved file path is "C:\Program Files\dotnet\packs\Microsoft.NETCore.App.Ref\8.0.22\ref\net8.0\System.Web.dll".
             Reference found at search path location "{RawFileName}".
             This reference is not "CopyLocal" because at least one source item had "Private" set to "false" and no source items had "Private" set to "true".
         Primary reference "System.Windows, Version=4.0.0.0, Culture=neutral, PublicKeyToken=b03f5f7f11d50a3a".
             Resolved file path is "C:\Program Files\dotnet\packs\Microsoft.NETCore.App.Ref\8.0.22\ref\net8.0\System.Windows.dll".
             Reference found at search path location "{RawFileName}".
             This reference is not "CopyLocal" because at least one source item had "Private" set to "false" and no source items had "Private" set to "true".
         Primary reference "System.Xml.Linq, Version=4.0.0.0, Culture=neutral, PublicKeyToken=b77a5c561934e089".
             Resolved file path is "C:\Program Files\dotnet\packs\Microsoft.NETCore.App.Ref\8.0.22\ref\net8.0\System.Xml.Linq.dll".
             Reference found at search path location "{RawFileName}".
             This reference is not "CopyLocal" because at least one source item had "Private" set to "false" and no source items had "Private" set to "true".
         Primary reference "System.Xml.ReaderWriter, Version=8.0.0.0, Culture=neutral, PublicKeyToken=b03f5f7f11d50a3a".
             Resolved file path is "C:\Program Files\dotnet\packs\Microsoft.NETCore.App.Ref\8.0.22\ref\net8.0\System.Xml.ReaderWriter.dll".
             Reference found at search path location "{RawFileName}".
             This reference is not "CopyLocal" because at least one source item had "Private" set to "false" and no source items had "Private" set to "true".
         Primary reference "System.Xml.Serialization, Version=4.0.0.0, Culture=neutral, PublicKeyToken=b77a5c561934e089".
             Resolved file path is "C:\Program Files\dotnet\packs\Microsoft.NETCore.App.Ref\8.0.22\ref\net8.0\System.Xml.Serialization.dll".
             Reference found at search path location "{RawFileName}".
             This reference is not "CopyLocal" because at least one source item had "Private" set to "false" and no source items had "Private" set to "true".
         Primary reference "System.Xml.XDocument, Version=8.0.0.0, Culture=neutral, PublicKeyToken=b03f5f7f11d50a3a".
             Resolved file path is "C:\Program Files\dotnet\packs\Microsoft.NETCore.App.Ref\8.0.22\ref\net8.0\System.Xml.XDocument.dll".
             Reference found at search path location "{RawFileName}".
             This reference is not "CopyLocal" because at least one source item had "Private" set to "false" and no source items had "Private" set to "true".
         Primary reference "System.Xml.XPath.XDocument, Version=8.0.0.0, Culture=neutral, PublicKeyToken=b03f5f7f11d50a3a".
             Resolved file path is "C:\Program Files\dotnet\packs\Microsoft.NETCore.App.Ref\8.0.22\ref\net8.0\System.Xml.XPath.XDocument.dll".
             Reference found at search path location "{RawFileName}".
             This reference is not "CopyLocal" because at least one source item had "Private" set to "false" and no source items had "Private" set to "true".
         Primary reference "System.Xml.XPath, Version=8.0.0.0, Culture=neutral, PublicKeyToken=b03f5f7f11d50a3a".
             Resolved file path is "C:\Program Files\dotnet\packs\Microsoft.NETCore.App.Ref\8.0.22\ref\net8.0\System.Xml.XPath.dll".
             Reference found at search path location "{RawFileName}".
             This reference is not "CopyLocal" because at least one source item had "Private" set to "false" and no source items had "Private" set to "true".
         Primary reference "System.Xml.XmlDocument, Version=8.0.0.0, Culture=neutral, PublicKeyToken=b03f5f7f11d50a3a".
             Resolved file path is "C:\Program Files\dotnet\packs\Microsoft.NETCore.App.Ref\8.0.22\ref\net8.0\System.Xml.XmlDocument.dll".
             Reference found at search path location "{RawFileName}".
             This reference is not "CopyLocal" because at least one source item had "Private" set to "false" and no source items had "Private" set to "true".
         Primary reference "System.Xml.XmlSerializer, Version=8.0.0.0, Culture=neutral, PublicKeyToken=b03f5f7f11d50a3a".
             Resolved file path is "C:\Program Files\dotnet\packs\Microsoft.NETCore.App.Ref\8.0.22\ref\net8.0\System.Xml.XmlSerializer.dll".
             Reference found at search path location "{RawFileName}".
             This reference is not "CopyLocal" because at least one source item had "Private" set to "false" and no source items had "Private" set to "true".
         Primary reference "System.Xml, Version=4.0.0.0, Culture=neutral, PublicKeyToken=b77a5c561934e089".
             Resolved file path is "C:\Program Files\dotnet\packs\Microsoft.NETCore.App.Ref\8.0.22\ref\net8.0\System.Xml.dll".
             Reference found at search path location "{RawFileName}".
             This reference is not "CopyLocal" because at least one source item had "Private" set to "false" and no source items had "Private" set to "true".
         Primary reference "System, Version=4.0.0.0, Culture=neutral, PublicKeyToken=b77a5c561934e089".
             Resolved file path is "C:\Program Files\dotnet\packs\Microsoft.NETCore.App.Ref\8.0.22\ref\net8.0\System.dll".
             Reference found at search path location "{RawFileName}".
             This reference is not "CopyLocal" because at least one source item had "Private" set to "false" and no source items had "Private" set to "true".
         Primary reference "WindowsBase, Version=4.0.0.0, Culture=neutral, PublicKeyToken=31bf3856ad364e35".
             Resolved file path is "C:\Program Files\dotnet\packs\Microsoft.NETCore.App.Ref\8.0.22\ref\net8.0\WindowsBase.dll".
             Reference found at search path location "{RawFileName}".
             This reference is not "CopyLocal" because at least one source item had "Private" set to "false" and no source items had "Private" set to "true".
         Primary reference "mscorlib, Version=4.0.0.0, Culture=neutral, PublicKeyToken=b77a5c561934e089".
             Resolved file path is "C:\Program Files\dotnet\packs\Microsoft.NETCore.App.Ref\8.0.22\ref\net8.0\mscorlib.dll".
             Reference found at search path location "{RawFileName}".
             This reference is not "CopyLocal" because at least one source item had "Private" set to "false" and no source items had "Private" set to "true".
         Primary reference "netstandard, Version=2.1.0.0, Culture=neutral, PublicKeyToken=cc7b13ffcd2ddd51".
             Resolved file path is "C:\Program Files\dotnet\packs\Microsoft.NETCore.App.Ref\8.0.22\ref\net8.0\netstandard.dll".
             Reference found at search path location "{RawFileName}".
             This reference is not "CopyLocal" because at least one source item had "Private" set to "false" and no source items had "Private" set to "true".
         Primary reference "Microsoft.AspNetCore.Antiforgery, Version=8.0.0.0, Culture=neutral, PublicKeyToken=adb9793829ddae60".
             Resolved file path is "C:\Program Files\dotnet\packs\Microsoft.AspNetCore.App.Ref\8.0.22\ref\net8.0\Microsoft.AspNetCore.Antiforgery.dll".
             Reference found at search path location "{RawFileName}".
             This reference is not "CopyLocal" because at least one source item had "Private" set to "false" and no source items had "Private" set to "true".
         Primary reference "Microsoft.AspNetCore.Authentication.Abstractions, Version=8.0.0.0, Culture=neutral, PublicKeyToken=adb9793829ddae60".
             Resolved file path is "C:\Program Files\dotnet\packs\Microsoft.AspNetCore.App.Ref\8.0.22\ref\net8.0\Microsoft.AspNetCore.Authentication.Abstractions.dll".
             Reference found at search path location "{RawFileName}".
             This reference is not "CopyLocal" because at least one source item had "Private" set to "false" and no source items had "Private" set to "true".
         Primary reference "Microsoft.AspNetCore.Authentication.BearerToken, Version=8.0.0.0, Culture=neutral, PublicKeyToken=adb9793829ddae60".
             Resolved file path is "C:\Program Files\dotnet\packs\Microsoft.AspNetCore.App.Ref\8.0.22\ref\net8.0\Microsoft.AspNetCore.Authentication.BearerToken.dll".
             Reference found at search path location "{RawFileName}".
             This reference is not "CopyLocal" because at least one source item had "Private" set to "false" and no source items had "Private" set to "true".
         Primary reference "Microsoft.AspNetCore.Authentication.Cookies, Version=8.0.0.0, Culture=neutral, PublicKeyToken=adb9793829ddae60".
             Resolved file path is "C:\Program Files\dotnet\packs\Microsoft.AspNetCore.App.Ref\8.0.22\ref\net8.0\Microsoft.AspNetCore.Authentication.Cookies.dll".
             Reference found at search path location "{RawFileName}".
             This reference is not "CopyLocal" because at least one source item had "Private" set to "false" and no source items had "Private" set to "true".
         Primary reference "Microsoft.AspNetCore.Authentication.Core, Version=8.0.0.0, Culture=neutral, PublicKeyToken=adb9793829ddae60".
             Resolved file path is "C:\Program Files\dotnet\packs\Microsoft.AspNetCore.App.Ref\8.0.22\ref\net8.0\Microsoft.AspNetCore.Authentication.Core.dll".
             Reference found at search path location "{RawFileName}".
             This reference is not "CopyLocal" because at least one source item had "Private" set to "false" and no source items had "Private" set to "true".
         Primary reference "Microsoft.AspNetCore.Authentication.OAuth, Version=8.0.0.0, Culture=neutral, PublicKeyToken=adb9793829ddae60".
             Resolved file path is "C:\Program Files\dotnet\packs\Microsoft.AspNetCore.App.Ref\8.0.22\ref\net8.0\Microsoft.AspNetCore.Authentication.OAuth.dll".
             Reference found at search path location "{RawFileName}".
             This reference is not "CopyLocal" because at least one source item had "Private" set to "false" and no source items had "Private" set to "true".
         Primary reference "Microsoft.AspNetCore.Authentication, Version=8.0.0.0, Culture=neutral, PublicKeyToken=adb9793829ddae60".
             Resolved file path is "C:\Program Files\dotnet\packs\Microsoft.AspNetCore.App.Ref\8.0.22\ref\net8.0\Microsoft.AspNetCore.Authentication.dll".
             Reference found at search path location "{RawFileName}".
             This reference is not "CopyLocal" because at least one source item had "Private" set to "false" and no source items had "Private" set to "true".
         Primary reference "Microsoft.AspNetCore.Authorization.Policy, Version=8.0.0.0, Culture=neutral, PublicKeyToken=adb9793829ddae60".
             Resolved file path is "C:\Program Files\dotnet\packs\Microsoft.AspNetCore.App.Ref\8.0.22\ref\net8.0\Microsoft.AspNetCore.Authorization.Policy.dll".
             Reference found at search path location "{RawFileName}".
             This reference is not "CopyLocal" because at least one source item had "Private" set to "false" and no source items had "Private" set to "true".
         Primary reference "Microsoft.AspNetCore.Authorization, Version=8.0.0.0, Culture=neutral, PublicKeyToken=adb9793829ddae60".
             Resolved file path is "C:\Program Files\dotnet\packs\Microsoft.AspNetCore.App.Ref\8.0.22\ref\net8.0\Microsoft.AspNetCore.Authorization.dll".
             Reference found at search path location "{RawFileName}".
             This reference is not "CopyLocal" because at least one source item had "Private" set to "false" and no source items had "Private" set to "true".
         Primary reference "Microsoft.AspNetCore.Components.Authorization, Version=8.0.0.0, Culture=neutral, PublicKeyToken=adb9793829ddae60".
             Resolved file path is "C:\Program Files\dotnet\packs\Microsoft.AspNetCore.App.Ref\8.0.22\ref\net8.0\Microsoft.AspNetCore.Components.Authorization.dll".
             Reference found at search path location "{RawFileName}".
             This reference is not "CopyLocal" because at least one source item had "Private" set to "false" and no source items had "Private" set to "true".
         Primary reference "Microsoft.AspNetCore.Components.Endpoints, Version=8.0.0.0, Culture=neutral, PublicKeyToken=adb9793829ddae60".
             Resolved file path is "C:\Program Files\dotnet\packs\Microsoft.AspNetCore.App.Ref\8.0.22\ref\net8.0\Microsoft.AspNetCore.Components.Endpoints.dll".
             Reference found at search path location "{RawFileName}".
             This reference is not "CopyLocal" because at least one source item had "Private" set to "false" and no source items had "Private" set to "true".
         Primary reference "Microsoft.AspNetCore.Components.Forms, Version=8.0.0.0, Culture=neutral, PublicKeyToken=adb9793829ddae60".
             Resolved file path is "C:\Program Files\dotnet\packs\Microsoft.AspNetCore.App.Ref\8.0.22\ref\net8.0\Microsoft.AspNetCore.Components.Forms.dll".
             Reference found at search path location "{RawFileName}".
             This reference is not "CopyLocal" because at least one source item had "Private" set to "false" and no source items had "Private" set to "true".
         Primary reference "Microsoft.AspNetCore.Components.Server, Version=8.0.0.0, Culture=neutral, PublicKeyToken=adb9793829ddae60".
             Resolved file path is "C:\Program Files\dotnet\packs\Microsoft.AspNetCore.App.Ref\8.0.22\ref\net8.0\Microsoft.AspNetCore.Components.Server.dll".
             Reference found at search path location "{RawFileName}".
             This reference is not "CopyLocal" because at least one source item had "Private" set to "false" and no source items had "Private" set to "true".
         Primary reference "Microsoft.AspNetCore.Components.Web, Version=8.0.0.0, Culture=neutral, PublicKeyToken=adb9793829ddae60".
             Resolved file path is "C:\Program Files\dotnet\packs\Microsoft.AspNetCore.App.Ref\8.0.22\ref\net8.0\Microsoft.AspNetCore.Components.Web.dll".
             Reference found at search path location "{RawFileName}".
             This reference is not "CopyLocal" because at least one source item had "Private" set to "false" and no source items had "Private" set to "true".
         Primary reference "Microsoft.AspNetCore.Components, Version=8.0.0.0, Culture=neutral, PublicKeyToken=adb9793829ddae60".
             Resolved file path is "C:\Program Files\dotnet\packs\Microsoft.AspNetCore.App.Ref\8.0.22\ref\net8.0\Microsoft.AspNetCore.Components.dll".
             Reference found at search path location "{RawFileName}".
             This reference is not "CopyLocal" because at least one source item had "Private" set to "false" and no source items had "Private" set to "true".
         Primary reference "Microsoft.AspNetCore.Connections.Abstractions, Version=8.0.0.0, Culture=neutral, PublicKeyToken=adb9793829ddae60".
             Resolved file path is "C:\Program Files\dotnet\packs\Microsoft.AspNetCore.App.Ref\8.0.22\ref\net8.0\Microsoft.AspNetCore.Connections.Abstractions.dll".
             Reference found at search path location "{RawFileName}".
             This reference is not "CopyLocal" because at least one source item had "Private" set to "false" and no source items had "Private" set to "true".
         Primary reference "Microsoft.AspNetCore.CookiePolicy, Version=8.0.0.0, Culture=neutral, PublicKeyToken=adb9793829ddae60".
             Resolved file path is "C:\Program Files\dotnet\packs\Microsoft.AspNetCore.App.Ref\8.0.22\ref\net8.0\Microsoft.AspNetCore.CookiePolicy.dll".
             Reference found at search path location "{RawFileName}".
             This reference is not "CopyLocal" because at least one source item had "Private" set to "false" and no source items had "Private" set to "true".
         Primary reference "Microsoft.AspNetCore.Cors, Version=8.0.0.0, Culture=neutral, PublicKeyToken=adb9793829ddae60".
             Resolved file path is "C:\Program Files\dotnet\packs\Microsoft.AspNetCore.App.Ref\8.0.22\ref\net8.0\Microsoft.AspNetCore.Cors.dll".
             Reference found at search path location "{RawFileName}".
             This reference is not "CopyLocal" because at least one source item had "Private" set to "false" and no source items had "Private" set to "true".
         Primary reference "Microsoft.AspNetCore.Cryptography.Internal, Version=8.0.0.0, Culture=neutral, PublicKeyToken=adb9793829ddae60".
             Resolved file path is "C:\Program Files\dotnet\packs\Microsoft.AspNetCore.App.Ref\8.0.22\ref\net8.0\Microsoft.AspNetCore.Cryptography.Internal.dll".
             Reference found at search path location "{RawFileName}".
             This reference is not "CopyLocal" because at least one source item had "Private" set to "false" and no source items had "Private" set to "true".
         Primary reference "Microsoft.AspNetCore.Cryptography.KeyDerivation, Version=8.0.0.0, Culture=neutral, PublicKeyToken=adb9793829ddae60".
             Resolved file path is "C:\Program Files\dotnet\packs\Microsoft.AspNetCore.App.Ref\8.0.22\ref\net8.0\Microsoft.AspNetCore.Cryptography.KeyDerivation.dll".
             Reference found at search path location "{RawFileName}".
             This reference is not "CopyLocal" because at least one source item had "Private" set to "false" and no source items had "Private" set to "true".
         Primary reference "Microsoft.AspNetCore.DataProtection.Abstractions, Version=8.0.0.0, Culture=neutral, PublicKeyToken=adb9793829ddae60".
             Resolved file path is "C:\Program Files\dotnet\packs\Microsoft.AspNetCore.App.Ref\8.0.22\ref\net8.0\Microsoft.AspNetCore.DataProtection.Abstractions.dll".
             Reference found at search path location "{RawFileName}".
             This reference is not "CopyLocal" because at least one source item had "Private" set to "false" and no source items had "Private" set to "true".
         Primary reference "Microsoft.AspNetCore.DataProtection.Extensions, Version=8.0.0.0, Culture=neutral, PublicKeyToken=adb9793829ddae60".
             Resolved file path is "C:\Program Files\dotnet\packs\Microsoft.AspNetCore.App.Ref\8.0.22\ref\net8.0\Microsoft.AspNetCore.DataProtection.Extensions.dll".
             Reference found at search path location "{RawFileName}".
             This reference is not "CopyLocal" because at least one source item had "Private" set to "false" and no source items had "Private" set to "true".
         Primary reference "Microsoft.AspNetCore.DataProtection, Version=8.0.0.0, Culture=neutral, PublicKeyToken=adb9793829ddae60".
             Resolved file path is "C:\Program Files\dotnet\packs\Microsoft.AspNetCore.App.Ref\8.0.22\ref\net8.0\Microsoft.AspNetCore.DataProtection.dll".
             Reference found at search path location "{RawFileName}".
             This reference is not "CopyLocal" because at least one source item had "Private" set to "false" and no source items had "Private" set to "true".
         Primary reference "Microsoft.AspNetCore.Diagnostics.Abstractions, Version=8.0.0.0, Culture=neutral, PublicKeyToken=adb9793829ddae60".
             Resolved file path is "C:\Program Files\dotnet\packs\Microsoft.AspNetCore.App.Ref\8.0.22\ref\net8.0\Microsoft.AspNetCore.Diagnostics.Abstractions.dll".
             Reference found at search path location "{RawFileName}".
             This reference is not "CopyLocal" because at least one source item had "Private" set to "false" and no source items had "Private" set to "true".
         Primary reference "Microsoft.AspNetCore.Diagnostics.HealthChecks, Version=8.0.0.0, Culture=neutral, PublicKeyToken=adb9793829ddae60".
             Resolved file path is "C:\Program Files\dotnet\packs\Microsoft.AspNetCore.App.Ref\8.0.22\ref\net8.0\Microsoft.AspNetCore.Diagnostics.HealthChecks.dll".
             Reference found at search path location "{RawFileName}".
             This reference is not "CopyLocal" because at least one source item had "Private" set to "false" and no source items had "Private" set to "true".
         Primary reference "Microsoft.AspNetCore.Diagnostics, Version=8.0.0.0, Culture=neutral, PublicKeyToken=adb9793829ddae60".
             Resolved file path is "C:\Program Files\dotnet\packs\Microsoft.AspNetCore.App.Ref\8.0.22\ref\net8.0\Microsoft.AspNetCore.Diagnostics.dll".
             Reference found at search path location "{RawFileName}".
             This reference is not "CopyLocal" because at least one source item had "Private" set to "false" and no source items had "Private" set to "true".
         Primary reference "Microsoft.AspNetCore.HostFiltering, Version=8.0.0.0, Culture=neutral, PublicKeyToken=adb9793829ddae60".
             Resolved file path is "C:\Program Files\dotnet\packs\Microsoft.AspNetCore.App.Ref\8.0.22\ref\net8.0\Microsoft.AspNetCore.HostFiltering.dll".
             Reference found at search path location "{RawFileName}".
             This reference is not "CopyLocal" because at least one source item had "Private" set to "false" and no source items had "Private" set to "true".
         Primary reference "Microsoft.AspNetCore.Hosting.Abstractions, Version=8.0.0.0, Culture=neutral, PublicKeyToken=adb9793829ddae60".
             Resolved file path is "C:\Program Files\dotnet\packs\Microsoft.AspNetCore.App.Ref\8.0.22\ref\net8.0\Microsoft.AspNetCore.Hosting.Abstractions.dll".
             Reference found at search path location "{RawFileName}".
             This reference is not "CopyLocal" because at least one source item had "Private" set to "false" and no source items had "Private" set to "true".
         Primary reference "Microsoft.AspNetCore.Hosting.Server.Abstractions, Version=8.0.0.0, Culture=neutral, PublicKeyToken=adb9793829ddae60".
             Resolved file path is "C:\Program Files\dotnet\packs\Microsoft.AspNetCore.App.Ref\8.0.22\ref\net8.0\Microsoft.AspNetCore.Hosting.Server.Abstractions.dll".
             Reference found at search path location "{RawFileName}".
             This reference is not "CopyLocal" because at least one source item had "Private" set to "false" and no source items had "Private" set to "true".
         Primary reference "Microsoft.AspNetCore.Hosting, Version=8.0.0.0, Culture=neutral, PublicKeyToken=adb9793829ddae60".
             Resolved file path is "C:\Program Files\dotnet\packs\Microsoft.AspNetCore.App.Ref\8.0.22\ref\net8.0\Microsoft.AspNetCore.Hosting.dll".
             Reference found at search path location "{RawFileName}".
             This reference is not "CopyLocal" because at least one source item had "Private" set to "false" and no source items had "Private" set to "true".
         Primary reference "Microsoft.AspNetCore.Html.Abstractions, Version=8.0.0.0, Culture=neutral, PublicKeyToken=adb9793829ddae60".
             Resolved file path is "C:\Program Files\dotnet\packs\Microsoft.AspNetCore.App.Ref\8.0.22\ref\net8.0\Microsoft.AspNetCore.Html.Abstractions.dll".
             Reference found at search path location "{RawFileName}".
             This reference is not "CopyLocal" because at least one source item had "Private" set to "false" and no source items had "Private" set to "true".
         Primary reference "Microsoft.AspNetCore.Http.Abstractions, Version=8.0.0.0, Culture=neutral, PublicKeyToken=adb9793829ddae60".
             Resolved file path is "C:\Program Files\dotnet\packs\Microsoft.AspNetCore.App.Ref\8.0.22\ref\net8.0\Microsoft.AspNetCore.Http.Abstractions.dll".
             Reference found at search path location "{RawFileName}".
             This reference is not "CopyLocal" because at least one source item had "Private" set to "false" and no source items had "Private" set to "true".
         Primary reference "Microsoft.AspNetCore.Http.Connections.Common, Version=8.0.0.0, Culture=neutral, PublicKeyToken=adb9793829ddae60".
             Resolved file path is "C:\Program Files\dotnet\packs\Microsoft.AspNetCore.App.Ref\8.0.22\ref\net8.0\Microsoft.AspNetCore.Http.Connections.Common.dll".
             Reference found at search path location "{RawFileName}".
             This reference is not "CopyLocal" because at least one source item had "Private" set to "false" and no source items had "Private" set to "true".
         Primary reference "Microsoft.AspNetCore.Http.Connections, Version=8.0.0.0, Culture=neutral, PublicKeyToken=adb9793829ddae60".
             Resolved file path is "C:\Program Files\dotnet\packs\Microsoft.AspNetCore.App.Ref\8.0.22\ref\net8.0\Microsoft.AspNetCore.Http.Connections.dll".
             Reference found at search path location "{RawFileName}".
             This reference is not "CopyLocal" because at least one source item had "Private" set to "false" and no source items had "Private" set to "true".
         Primary reference "Microsoft.AspNetCore.Http.Extensions, Version=8.0.0.0, Culture=neutral, PublicKeyToken=adb9793829ddae60".
             Resolved file path is "C:\Program Files\dotnet\packs\Microsoft.AspNetCore.App.Ref\8.0.22\ref\net8.0\Microsoft.AspNetCore.Http.Extensions.dll".
             Reference found at search path location "{RawFileName}".
             This reference is not "CopyLocal" because at least one source item had "Private" set to "false" and no source items had "Private" set to "true".
         Primary reference "Microsoft.AspNetCore.Http.Features, Version=8.0.0.0, Culture=neutral, PublicKeyToken=adb9793829ddae60".
             Resolved file path is "C:\Program Files\dotnet\packs\Microsoft.AspNetCore.App.Ref\8.0.22\ref\net8.0\Microsoft.AspNetCore.Http.Features.dll".
             Reference found at search path location "{RawFileName}".
             This reference is not "CopyLocal" because at least one source item had "Private" set to "false" and no source items had "Private" set to "true".
         Primary reference "Microsoft.AspNetCore.Http.Results, Version=8.0.0.0, Culture=neutral, PublicKeyToken=adb9793829ddae60".
             Resolved file path is "C:\Program Files\dotnet\packs\Microsoft.AspNetCore.App.Ref\8.0.22\ref\net8.0\Microsoft.AspNetCore.Http.Results.dll".
             Reference found at search path location "{RawFileName}".
             This reference is not "CopyLocal" because at least one source item had "Private" set to "false" and no source items had "Private" set to "true".
         Primary reference "Microsoft.AspNetCore.Http, Version=8.0.0.0, Culture=neutral, PublicKeyToken=adb9793829ddae60".
             Resolved file path is "C:\Program Files\dotnet\packs\Microsoft.AspNetCore.App.Ref\8.0.22\ref\net8.0\Microsoft.AspNetCore.Http.dll".
             Reference found at search path location "{RawFileName}".
             This reference is not "CopyLocal" because at least one source item had "Private" set to "false" and no source items had "Private" set to "true".
         Primary reference "Microsoft.AspNetCore.HttpLogging, Version=8.0.0.0, Culture=neutral, PublicKeyToken=adb9793829ddae60".
             Resolved file path is "C:\Program Files\dotnet\packs\Microsoft.AspNetCore.App.Ref\8.0.22\ref\net8.0\Microsoft.AspNetCore.HttpLogging.dll".
             Reference found at search path location "{RawFileName}".
             This reference is not "CopyLocal" because at least one source item had "Private" set to "false" and no source items had "Private" set to "true".
         Primary reference "Microsoft.AspNetCore.HttpOverrides, Version=8.0.0.0, Culture=neutral, PublicKeyToken=adb9793829ddae60".
             Resolved file path is "C:\Program Files\dotnet\packs\Microsoft.AspNetCore.App.Ref\8.0.22\ref\net8.0\Microsoft.AspNetCore.HttpOverrides.dll".
             Reference found at search path location "{RawFileName}".
             This reference is not "CopyLocal" because at least one source item had "Private" set to "false" and no source items had "Private" set to "true".
         Primary reference "Microsoft.AspNetCore.HttpsPolicy, Version=8.0.0.0, Culture=neutral, PublicKeyToken=adb9793829ddae60".
             Resolved file path is "C:\Program Files\dotnet\packs\Microsoft.AspNetCore.App.Ref\8.0.22\ref\net8.0\Microsoft.AspNetCore.HttpsPolicy.dll".
             Reference found at search path location "{RawFileName}".
             This reference is not "CopyLocal" because at least one source item had "Private" set to "false" and no source items had "Private" set to "true".
         Primary reference "Microsoft.AspNetCore.Identity, Version=8.0.0.0, Culture=neutral, PublicKeyToken=adb9793829ddae60".
             Resolved file path is "C:\Program Files\dotnet\packs\Microsoft.AspNetCore.App.Ref\8.0.22\ref\net8.0\Microsoft.AspNetCore.Identity.dll".
             Reference found at search path location "{RawFileName}".
             This reference is not "CopyLocal" because at least one source item had "Private" set to "false" and no source items had "Private" set to "true".
         Primary reference "Microsoft.AspNetCore.Localization.Routing, Version=8.0.0.0, Culture=neutral, PublicKeyToken=adb9793829ddae60".
             Resolved file path is "C:\Program Files\dotnet\packs\Microsoft.AspNetCore.App.Ref\8.0.22\ref\net8.0\Microsoft.AspNetCore.Localization.Routing.dll".
             Reference found at search path location "{RawFileName}".
             This reference is not "CopyLocal" because at least one source item had "Private" set to "false" and no source items had "Private" set to "true".
         Primary reference "Microsoft.AspNetCore.Localization, Version=8.0.0.0, Culture=neutral, PublicKeyToken=adb9793829ddae60".
             Resolved file path is "C:\Program Files\dotnet\packs\Microsoft.AspNetCore.App.Ref\8.0.22\ref\net8.0\Microsoft.AspNetCore.Localization.dll".
             Reference found at search path location "{RawFileName}".
             This reference is not "CopyLocal" because at least one source item had "Private" set to "false" and no source items had "Private" set to "true".
         Primary reference "Microsoft.AspNetCore.Metadata, Version=8.0.0.0, Culture=neutral, PublicKeyToken=adb9793829ddae60".
             Resolved file path is "C:\Program Files\dotnet\packs\Microsoft.AspNetCore.App.Ref\8.0.22\ref\net8.0\Microsoft.AspNetCore.Metadata.dll".
             Reference found at search path location "{RawFileName}".
             This reference is not "CopyLocal" because at least one source item had "Private" set to "false" and no source items had "Private" set to "true".
         Primary reference "Microsoft.AspNetCore.Mvc.Abstractions, Version=8.0.0.0, Culture=neutral, PublicKeyToken=adb9793829ddae60".
             Resolved file path is "C:\Program Files\dotnet\packs\Microsoft.AspNetCore.App.Ref\8.0.22\ref\net8.0\Microsoft.AspNetCore.Mvc.Abstractions.dll".
             Reference found at search path location "{RawFileName}".
             This reference is not "CopyLocal" because at least one source item had "Private" set to "false" and no source items had "Private" set to "true".
         Primary reference "Microsoft.AspNetCore.Mvc.ApiExplorer, Version=8.0.0.0, Culture=neutral, PublicKeyToken=adb9793829ddae60".
             Resolved file path is "C:\Program Files\dotnet\packs\Microsoft.AspNetCore.App.Ref\8.0.22\ref\net8.0\Microsoft.AspNetCore.Mvc.ApiExplorer.dll".
             Reference found at search path location "{RawFileName}".
             This reference is not "CopyLocal" because at least one source item had "Private" set to "false" and no source items had "Private" set to "true".
         Primary reference "Microsoft.AspNetCore.Mvc.Core, Version=8.0.0.0, Culture=neutral, PublicKeyToken=adb9793829ddae60".
             Resolved file path is "C:\Program Files\dotnet\packs\Microsoft.AspNetCore.App.Ref\8.0.22\ref\net8.0\Microsoft.AspNetCore.Mvc.Core.dll".
             Reference found at search path location "{RawFileName}".
             This reference is not "CopyLocal" because at least one source item had "Private" set to "false" and no source items had "Private" set to "true".
         Primary reference "Microsoft.AspNetCore.Mvc.Cors, Version=8.0.0.0, Culture=neutral, PublicKeyToken=adb9793829ddae60".
             Resolved file path is "C:\Program Files\dotnet\packs\Microsoft.AspNetCore.App.Ref\8.0.22\ref\net8.0\Microsoft.AspNetCore.Mvc.Cors.dll".
             Reference found at search path location "{RawFileName}".
             This reference is not "CopyLocal" because at least one source item had "Private" set to "false" and no source items had "Private" set to "true".
         Primary reference "Microsoft.AspNetCore.Mvc.DataAnnotations, Version=8.0.0.0, Culture=neutral, PublicKeyToken=adb9793829ddae60".
             Resolved file path is "C:\Program Files\dotnet\packs\Microsoft.AspNetCore.App.Ref\8.0.22\ref\net8.0\Microsoft.AspNetCore.Mvc.DataAnnotations.dll".
             Reference found at search path location "{RawFileName}".
             This reference is not "CopyLocal" because at least one source item had "Private" set to "false" and no source items had "Private" set to "true".
         Primary reference "Microsoft.AspNetCore.Mvc.Formatters.Json, Version=8.0.0.0, Culture=neutral, PublicKeyToken=adb9793829ddae60".
             Resolved file path is "C:\Program Files\dotnet\packs\Microsoft.AspNetCore.App.Ref\8.0.22\ref\net8.0\Microsoft.AspNetCore.Mvc.Formatters.Json.dll".
             Reference found at search path location "{RawFileName}".
             This reference is not "CopyLocal" because at least one source item had "Private" set to "false" and no source items had "Private" set to "true".
         Primary reference "Microsoft.AspNetCore.Mvc.Formatters.Xml, Version=8.0.0.0, Culture=neutral, PublicKeyToken=adb9793829ddae60".
             Resolved file path is "C:\Program Files\dotnet\packs\Microsoft.AspNetCore.App.Ref\8.0.22\ref\net8.0\Microsoft.AspNetCore.Mvc.Formatters.Xml.dll".
             Reference found at search path location "{RawFileName}".
             This reference is not "CopyLocal" because at least one source item had "Private" set to "false" and no source items had "Private" set to "true".
         Primary reference "Microsoft.AspNetCore.Mvc.Localization, Version=8.0.0.0, Culture=neutral, PublicKeyToken=adb9793829ddae60".
             Resolved file path is "C:\Program Files\dotnet\packs\Microsoft.AspNetCore.App.Ref\8.0.22\ref\net8.0\Microsoft.AspNetCore.Mvc.Localization.dll".
             Reference found at search path location "{RawFileName}".
             This reference is not "CopyLocal" because at least one source item had "Private" set to "false" and no source items had "Private" set to "true".
         Primary reference "Microsoft.AspNetCore.Mvc.Razor, Version=8.0.0.0, Culture=neutral, PublicKeyToken=adb9793829ddae60".
             Resolved file path is "C:\Program Files\dotnet\packs\Microsoft.AspNetCore.App.Ref\8.0.22\ref\net8.0\Microsoft.AspNetCore.Mvc.Razor.dll".
             Reference found at search path location "{RawFileName}".
             This reference is not "CopyLocal" because at least one source item had "Private" set to "false" and no source items had "Private" set to "true".
         Primary reference "Microsoft.AspNetCore.Mvc.RazorPages, Version=8.0.0.0, Culture=neutral, PublicKeyToken=adb9793829ddae60".
             Resolved file path is "C:\Program Files\dotnet\packs\Microsoft.AspNetCore.App.Ref\8.0.22\ref\net8.0\Microsoft.AspNetCore.Mvc.RazorPages.dll".
             Reference found at search path location "{RawFileName}".
             This reference is not "CopyLocal" because at least one source item had "Private" set to "false" and no source items had "Private" set to "true".
         Primary reference "Microsoft.AspNetCore.Mvc.TagHelpers, Version=8.0.0.0, Culture=neutral, PublicKeyToken=adb9793829ddae60".
             Resolved file path is "C:\Program Files\dotnet\packs\Microsoft.AspNetCore.App.Ref\8.0.22\ref\net8.0\Microsoft.AspNetCore.Mvc.TagHelpers.dll".
             Reference found at search path location "{RawFileName}".
             This reference is not "CopyLocal" because at least one source item had "Private" set to "false" and no source items had "Private" set to "true".
         Primary reference "Microsoft.AspNetCore.Mvc.ViewFeatures, Version=8.0.0.0, Culture=neutral, PublicKeyToken=adb9793829ddae60".
             Resolved file path is "C:\Program Files\dotnet\packs\Microsoft.AspNetCore.App.Ref\8.0.22\ref\net8.0\Microsoft.AspNetCore.Mvc.ViewFeatures.dll".
             Reference found at search path location "{RawFileName}".
             This reference is not "CopyLocal" because at least one source item had "Private" set to "false" and no source items had "Private" set to "true".
         Primary reference "Microsoft.AspNetCore.Mvc, Version=8.0.0.0, Culture=neutral, PublicKeyToken=adb9793829ddae60".
             Resolved file path is "C:\Program Files\dotnet\packs\Microsoft.AspNetCore.App.Ref\8.0.22\ref\net8.0\Microsoft.AspNetCore.Mvc.dll".
             Reference found at search path location "{RawFileName}".
             This reference is not "CopyLocal" because at least one source item had "Private" set to "false" and no source items had "Private" set to "true".
         Primary reference "Microsoft.AspNetCore.OutputCaching, Version=8.0.0.0, Culture=neutral, PublicKeyToken=adb9793829ddae60".
             Resolved file path is "C:\Program Files\dotnet\packs\Microsoft.AspNetCore.App.Ref\8.0.22\ref\net8.0\Microsoft.AspNetCore.OutputCaching.dll".
             Reference found at search path location "{RawFileName}".
             This reference is not "CopyLocal" because at least one source item had "Private" set to "false" and no source items had "Private" set to "true".
         Primary reference "Microsoft.AspNetCore.RateLimiting, Version=8.0.0.0, Culture=neutral, PublicKeyToken=adb9793829ddae60".
             Resolved file path is "C:\Program Files\dotnet\packs\Microsoft.AspNetCore.App.Ref\8.0.22\ref\net8.0\Microsoft.AspNetCore.RateLimiting.dll".
             Reference found at search path location "{RawFileName}".
             This reference is not "CopyLocal" because at least one source item had "Private" set to "false" and no source items had "Private" set to "true".
         Primary reference "Microsoft.AspNetCore.Razor.Runtime, Version=8.0.0.0, Culture=neutral, PublicKeyToken=adb9793829ddae60".
             Resolved file path is "C:\Program Files\dotnet\packs\Microsoft.AspNetCore.App.Ref\8.0.22\ref\net8.0\Microsoft.AspNetCore.Razor.Runtime.dll".
             Reference found at search path location "{RawFileName}".
             This reference is not "CopyLocal" because at least one source item had "Private" set to "false" and no source items had "Private" set to "true".
         Primary reference "Microsoft.AspNetCore.Razor, Version=8.0.0.0, Culture=neutral, PublicKeyToken=adb9793829ddae60".
             Resolved file path is "C:\Program Files\dotnet\packs\Microsoft.AspNetCore.App.Ref\8.0.22\ref\net8.0\Microsoft.AspNetCore.Razor.dll".
             Reference found at search path location "{RawFileName}".
             This reference is not "CopyLocal" because at least one source item had "Private" set to "false" and no source items had "Private" set to "true".
         Primary reference "Microsoft.AspNetCore.RequestDecompression, Version=8.0.0.0, Culture=neutral, PublicKeyToken=adb9793829ddae60".
             Resolved file path is "C:\Program Files\dotnet\packs\Microsoft.AspNetCore.App.Ref\8.0.22\ref\net8.0\Microsoft.AspNetCore.RequestDecompression.dll".
             Reference found at search path location "{RawFileName}".
             This reference is not "CopyLocal" because at least one source item had "Private" set to "false" and no source items had "Private" set to "true".
         Primary reference "Microsoft.AspNetCore.ResponseCaching.Abstractions, Version=8.0.0.0, Culture=neutral, PublicKeyToken=adb9793829ddae60".
             Resolved file path is "C:\Program Files\dotnet\packs\Microsoft.AspNetCore.App.Ref\8.0.22\ref\net8.0\Microsoft.AspNetCore.ResponseCaching.Abstractions.dll".
             Reference found at search path location "{RawFileName}".
             This reference is not "CopyLocal" because at least one source item had "Private" set to "false" and no source items had "Private" set to "true".
         Primary reference "Microsoft.AspNetCore.ResponseCaching, Version=8.0.0.0, Culture=neutral, PublicKeyToken=adb9793829ddae60".
             Resolved file path is "C:\Program Files\dotnet\packs\Microsoft.AspNetCore.App.Ref\8.0.22\ref\net8.0\Microsoft.AspNetCore.ResponseCaching.dll".
             Reference found at search path location "{RawFileName}".
             This reference is not "CopyLocal" because at least one source item had "Private" set to "false" and no source items had "Private" set to "true".
         Primary reference "Microsoft.AspNetCore.ResponseCompression, Version=8.0.0.0, Culture=neutral, PublicKeyToken=adb9793829ddae60".
             Resolved file path is "C:\Program Files\dotnet\packs\Microsoft.AspNetCore.App.Ref\8.0.22\ref\net8.0\Microsoft.AspNetCore.ResponseCompression.dll".
             Reference found at search path location "{RawFileName}".
             This reference is not "CopyLocal" because at least one source item had "Private" set to "false" and no source items had "Private" set to "true".
         Primary reference "Microsoft.AspNetCore.Rewrite, Version=8.0.0.0, Culture=neutral, PublicKeyToken=adb9793829ddae60".
             Resolved file path is "C:\Program Files\dotnet\packs\Microsoft.AspNetCore.App.Ref\8.0.22\ref\net8.0\Microsoft.AspNetCore.Rewrite.dll".
             Reference found at search path location "{RawFileName}".
             This reference is not "CopyLocal" because at least one source item had "Private" set to "false" and no source items had "Private" set to "true".
         Primary reference "Microsoft.AspNetCore.Routing.Abstractions, Version=8.0.0.0, Culture=neutral, PublicKeyToken=adb9793829ddae60".
             Resolved file path is "C:\Program Files\dotnet\packs\Microsoft.AspNetCore.App.Ref\8.0.22\ref\net8.0\Microsoft.AspNetCore.Routing.Abstractions.dll".
             Reference found at search path location "{RawFileName}".
             This reference is not "CopyLocal" because at least one source item had "Private" set to "false" and no source items had "Private" set to "true".
         Primary reference "Microsoft.AspNetCore.Routing, Version=8.0.0.0, Culture=neutral, PublicKeyToken=adb9793829ddae60".
             Resolved file path is "C:\Program Files\dotnet\packs\Microsoft.AspNetCore.App.Ref\8.0.22\ref\net8.0\Microsoft.AspNetCore.Routing.dll".
             Reference found at search path location "{RawFileName}".
             This reference is not "CopyLocal" because at least one source item had "Private" set to "false" and no source items had "Private" set to "true".
         Primary reference "Microsoft.AspNetCore.Server.HttpSys, Version=8.0.0.0, Culture=neutral, PublicKeyToken=adb9793829ddae60".
             Resolved file path is "C:\Program Files\dotnet\packs\Microsoft.AspNetCore.App.Ref\8.0.22\ref\net8.0\Microsoft.AspNetCore.Server.HttpSys.dll".
             Reference found at search path location "{RawFileName}".
             This reference is not "CopyLocal" because at least one source item had "Private" set to "false" and no source items had "Private" set to "true".
         Primary reference "Microsoft.AspNetCore.Server.IIS, Version=8.0.0.0, Culture=neutral, PublicKeyToken=adb9793829ddae60".
             Resolved file path is "C:\Program Files\dotnet\packs\Microsoft.AspNetCore.App.Ref\8.0.22\ref\net8.0\Microsoft.AspNetCore.Server.IIS.dll".
             Reference found at search path location "{RawFileName}".
             This reference is not "CopyLocal" because at least one source item had "Private" set to "false" and no source items had "Private" set to "true".
         Primary reference "Microsoft.AspNetCore.Server.IISIntegration, Version=8.0.0.0, Culture=neutral, PublicKeyToken=adb9793829ddae60".
             Resolved file path is "C:\Program Files\dotnet\packs\Microsoft.AspNetCore.App.Ref\8.0.22\ref\net8.0\Microsoft.AspNetCore.Server.IISIntegration.dll".
             Reference found at search path location "{RawFileName}".
             This reference is not "CopyLocal" because at least one source item had "Private" set to "false" and no source items had "Private" set to "true".
         Primary reference "Microsoft.AspNetCore.Server.Kestrel.Core, Version=8.0.0.0, Culture=neutral, PublicKeyToken=adb9793829ddae60".
             Resolved file path is "C:\Program Files\dotnet\packs\Microsoft.AspNetCore.App.Ref\8.0.22\ref\net8.0\Microsoft.AspNetCore.Server.Kestrel.Core.dll".
             Reference found at search path location "{RawFileName}".
             This reference is not "CopyLocal" because at least one source item had "Private" set to "false" and no source items had "Private" set to "true".
         Primary reference "Microsoft.AspNetCore.Server.Kestrel.Transport.NamedPipes, Version=8.0.0.0, Culture=neutral, PublicKeyToken=adb9793829ddae60".
             Resolved file path is "C:\Program Files\dotnet\packs\Microsoft.AspNetCore.App.Ref\8.0.22\ref\net8.0\Microsoft.AspNetCore.Server.Kestrel.Transport.NamedPipes.dll".
             Reference found at search path location "{RawFileName}".
             This reference is not "CopyLocal" because at least one source item had "Private" set to "false" and no source items had "Private" set to "true".
         Primary reference "Microsoft.AspNetCore.Server.Kestrel.Transport.Quic, Version=8.0.0.0, Culture=neutral, PublicKeyToken=adb9793829ddae60".
             Resolved file path is "C:\Program Files\dotnet\packs\Microsoft.AspNetCore.App.Ref\8.0.22\ref\net8.0\Microsoft.AspNetCore.Server.Kestrel.Transport.Quic.dll".
             Reference found at search path location "{RawFileName}".
             This reference is not "CopyLocal" because at least one source item had "Private" set to "false" and no source items had "Private" set to "true".
         Primary reference "Microsoft.AspNetCore.Server.Kestrel.Transport.Sockets, Version=8.0.0.0, Culture=neutral, PublicKeyToken=adb9793829ddae60".
             Resolved file path is "C:\Program Files\dotnet\packs\Microsoft.AspNetCore.App.Ref\8.0.22\ref\net8.0\Microsoft.AspNetCore.Server.Kestrel.Transport.Sockets.dll".
             Reference found at search path location "{RawFileName}".
             This reference is not "CopyLocal" because at least one source item had "Private" set to "false" and no source items had "Private" set to "true".
         Primary reference "Microsoft.AspNetCore.Server.Kestrel, Version=8.0.0.0, Culture=neutral, PublicKeyToken=adb9793829ddae60".
             Resolved file path is "C:\Program Files\dotnet\packs\Microsoft.AspNetCore.App.Ref\8.0.22\ref\net8.0\Microsoft.AspNetCore.Server.Kestrel.dll".
             Reference found at search path location "{RawFileName}".
             This reference is not "CopyLocal" because at least one source item had "Private" set to "false" and no source items had "Private" set to "true".
         Primary reference "Microsoft.AspNetCore.Session, Version=8.0.0.0, Culture=neutral, PublicKeyToken=adb9793829ddae60".
             Resolved file path is "C:\Program Files\dotnet\packs\Microsoft.AspNetCore.App.Ref\8.0.22\ref\net8.0\Microsoft.AspNetCore.Session.dll".
             Reference found at search path location "{RawFileName}".
             This reference is not "CopyLocal" because at least one source item had "Private" set to "false" and no source items had "Private" set to "true".
         Primary reference "Microsoft.AspNetCore.SignalR.Common, Version=8.0.0.0, Culture=neutral, PublicKeyToken=adb9793829ddae60".
             Resolved file path is "C:\Program Files\dotnet\packs\Microsoft.AspNetCore.App.Ref\8.0.22\ref\net8.0\Microsoft.AspNetCore.SignalR.Common.dll".
             Reference found at search path location "{RawFileName}".
             This reference is not "CopyLocal" because at least one source item had "Private" set to "false" and no source items had "Private" set to "true".
         Primary reference "Microsoft.AspNetCore.SignalR.Core, Version=8.0.0.0, Culture=neutral, PublicKeyToken=adb9793829ddae60".
             Resolved file path is "C:\Program Files\dotnet\packs\Microsoft.AspNetCore.App.Ref\8.0.22\ref\net8.0\Microsoft.AspNetCore.SignalR.Core.dll".
             Reference found at search path location "{RawFileName}".
             This reference is not "CopyLocal" because at least one source item had "Private" set to "false" and no source items had "Private" set to "true".
         Primary reference "Microsoft.AspNetCore.SignalR.Protocols.Json, Version=8.0.0.0, Culture=neutral, PublicKeyToken=adb9793829ddae60".
             Resolved file path is "C:\Program Files\dotnet\packs\Microsoft.AspNetCore.App.Ref\8.0.22\ref\net8.0\Microsoft.AspNetCore.SignalR.Protocols.Json.dll".
             Reference found at search path location "{RawFileName}".
             This reference is not "CopyLocal" because at least one source item had "Private" set to "false" and no source items had "Private" set to "true".
         Primary reference "Microsoft.AspNetCore.SignalR, Version=8.0.0.0, Culture=neutral, PublicKeyToken=adb9793829ddae60".
             Resolved file path is "C:\Program Files\dotnet\packs\Microsoft.AspNetCore.App.Ref\8.0.22\ref\net8.0\Microsoft.AspNetCore.SignalR.dll".
             Reference found at search path location "{RawFileName}".
             This reference is not "CopyLocal" because at least one source item had "Private" set to "false" and no source items had "Private" set to "true".
         Primary reference "Microsoft.AspNetCore.StaticFiles, Version=8.0.0.0, Culture=neutral, PublicKeyToken=adb9793829ddae60".
             Resolved file path is "C:\Program Files\dotnet\packs\Microsoft.AspNetCore.App.Ref\8.0.22\ref\net8.0\Microsoft.AspNetCore.StaticFiles.dll".
             Reference found at search path location "{RawFileName}".
             This reference is not "CopyLocal" because at least one source item had "Private" set to "false" and no source items had "Private" set to "true".
         Primary reference "Microsoft.AspNetCore.WebSockets, Version=8.0.0.0, Culture=neutral, PublicKeyToken=adb9793829ddae60".
             Resolved file path is "C:\Program Files\dotnet\packs\Microsoft.AspNetCore.App.Ref\8.0.22\ref\net8.0\Microsoft.AspNetCore.WebSockets.dll".
             Reference found at search path location "{RawFileName}".
             This reference is not "CopyLocal" because at least one source item had "Private" set to "false" and no source items had "Private" set to "true".
         Primary reference "Microsoft.AspNetCore.WebUtilities, Version=8.0.0.0, Culture=neutral, PublicKeyToken=adb9793829ddae60".
             Resolved file path is "C:\Program Files\dotnet\packs\Microsoft.AspNetCore.App.Ref\8.0.22\ref\net8.0\Microsoft.AspNetCore.WebUtilities.dll".
             Reference found at search path location "{RawFileName}".
             This reference is not "CopyLocal" because at least one source item had "Private" set to "false" and no source items had "Private" set to "true".
         Primary reference "Microsoft.AspNetCore, Version=8.0.0.0, Culture=neutral, PublicKeyToken=adb9793829ddae60".
             Resolved file path is "C:\Program Files\dotnet\packs\Microsoft.AspNetCore.App.Ref\8.0.22\ref\net8.0\Microsoft.AspNetCore.dll".
             Reference found at search path location "{RawFileName}".
             This reference is not "CopyLocal" because at least one source item had "Private" set to "false" and no source items had "Private" set to "true".
         Primary reference "Microsoft.Extensions.Caching.Abstractions, Version=8.0.0.0, Culture=neutral, PublicKeyToken=adb9793829ddae60".
             Resolved file path is "C:\Program Files\dotnet\packs\Microsoft.AspNetCore.App.Ref\8.0.22\ref\net8.0\Microsoft.Extensions.Caching.Abstractions.dll".
             Reference found at search path location "{RawFileName}".
             This reference is not "CopyLocal" because at least one source item had "Private" set to "false" and no source items had "Private" set to "true".
         Primary reference "Microsoft.Extensions.Caching.Memory, Version=8.0.0.0, Culture=neutral, PublicKeyToken=adb9793829ddae60".
             Resolved file path is "C:\Program Files\dotnet\packs\Microsoft.AspNetCore.App.Ref\8.0.22\ref\net8.0\Microsoft.Extensions.Caching.Memory.dll".
             Reference found at search path location "{RawFileName}".
             This reference is not "CopyLocal" because at least one source item had "Private" set to "false" and no source items had "Private" set to "true".
         Primary reference "Microsoft.Extensions.Configuration.Abstractions, Version=8.0.0.0, Culture=neutral, PublicKeyToken=adb9793829ddae60".
             Resolved file path is "C:\Program Files\dotnet\packs\Microsoft.AspNetCore.App.Ref\8.0.22\ref\net8.0\Microsoft.Extensions.Configuration.Abstractions.dll".
             Reference found at search path location "{RawFileName}".
             This reference is not "CopyLocal" because at least one source item had "Private" set to "false" and no source items had "Private" set to "true".
         Primary reference "Microsoft.Extensions.Configuration.Binder, Version=8.0.0.0, Culture=neutral, PublicKeyToken=adb9793829ddae60".
             Resolved file path is "C:\Program Files\dotnet\packs\Microsoft.AspNetCore.App.Ref\8.0.22\ref\net8.0\Microsoft.Extensions.Configuration.Binder.dll".
             Reference found at search path location "{RawFileName}".
             This reference is not "CopyLocal" because at least one source item had "Private" set to "false" and no source items had "Private" set to "true".
         Primary reference "Microsoft.Extensions.Configuration.CommandLine, Version=8.0.0.0, Culture=neutral, PublicKeyToken=adb9793829ddae60".
             Resolved file path is "C:\Program Files\dotnet\packs\Microsoft.AspNetCore.App.Ref\8.0.22\ref\net8.0\Microsoft.Extensions.Configuration.CommandLine.dll".
             Reference found at search path location "{RawFileName}".
             This reference is not "CopyLocal" because at least one source item had "Private" set to "false" and no source items had "Private" set to "true".
         Primary reference "Microsoft.Extensions.Configuration.EnvironmentVariables, Version=8.0.0.0, Culture=neutral, PublicKeyToken=adb9793829ddae60".
             Resolved file path is "C:\Program Files\dotnet\packs\Microsoft.AspNetCore.App.Ref\8.0.22\ref\net8.0\Microsoft.Extensions.Configuration.EnvironmentVariables.dll".
             Reference found at search path location "{RawFileName}".
             This reference is not "CopyLocal" because at least one source item had "Private" set to "false" and no source items had "Private" set to "true".
         Primary reference "Microsoft.Extensions.Configuration.FileExtensions, Version=8.0.0.0, Culture=neutral, PublicKeyToken=adb9793829ddae60".
             Resolved file path is "C:\Program Files\dotnet\packs\Microsoft.AspNetCore.App.Ref\8.0.22\ref\net8.0\Microsoft.Extensions.Configuration.FileExtensions.dll".
             Reference found at search path location "{RawFileName}".
             This reference is not "CopyLocal" because at least one source item had "Private" set to "false" and no source items had "Private" set to "true".
         Primary reference "Microsoft.Extensions.Configuration.Ini, Version=8.0.0.0, Culture=neutral, PublicKeyToken=adb9793829ddae60".
             Resolved file path is "C:\Program Files\dotnet\packs\Microsoft.AspNetCore.App.Ref\8.0.22\ref\net8.0\Microsoft.Extensions.Configuration.Ini.dll".
             Reference found at search path location "{RawFileName}".
             This reference is not "CopyLocal" because at least one source item had "Private" set to "false" and no source items had "Private" set to "true".
         Primary reference "Microsoft.Extensions.Configuration.Json, Version=8.0.0.0, Culture=neutral, PublicKeyToken=adb9793829ddae60".
             Resolved file path is "C:\Program Files\dotnet\packs\Microsoft.AspNetCore.App.Ref\8.0.22\ref\net8.0\Microsoft.Extensions.Configuration.Json.dll".
             Reference found at search path location "{RawFileName}".
             This reference is not "CopyLocal" because at least one source item had "Private" set to "false" and no source items had "Private" set to "true".
         Primary reference "Microsoft.Extensions.Configuration.KeyPerFile, Version=8.0.0.0, Culture=neutral, PublicKeyToken=adb9793829ddae60".
             Resolved file path is "C:\Program Files\dotnet\packs\Microsoft.AspNetCore.App.Ref\8.0.22\ref\net8.0\Microsoft.Extensions.Configuration.KeyPerFile.dll".
             Reference found at search path location "{RawFileName}".
             This reference is not "CopyLocal" because at least one source item had "Private" set to "false" and no source items had "Private" set to "true".
         Primary reference "Microsoft.Extensions.Configuration.UserSecrets, Version=8.0.0.0, Culture=neutral, PublicKeyToken=adb9793829ddae60".
             Resolved file path is "C:\Program Files\dotnet\packs\Microsoft.AspNetCore.App.Ref\8.0.22\ref\net8.0\Microsoft.Extensions.Configuration.UserSecrets.dll".
             Reference found at search path location "{RawFileName}".
             This reference is not "CopyLocal" because at least one source item had "Private" set to "false" and no source items had "Private" set to "true".
         Primary reference "Microsoft.Extensions.Configuration.Xml, Version=8.0.0.0, Culture=neutral, PublicKeyToken=adb9793829ddae60".
             Resolved file path is "C:\Program Files\dotnet\packs\Microsoft.AspNetCore.App.Ref\8.0.22\ref\net8.0\Microsoft.Extensions.Configuration.Xml.dll".
             Reference found at search path location "{RawFileName}".
             This reference is not "CopyLocal" because at least one source item had "Private" set to "false" and no source items had "Private" set to "true".
         Primary reference "Microsoft.Extensions.Configuration, Version=8.0.0.0, Culture=neutral, PublicKeyToken=adb9793829ddae60".
             Resolved file path is "C:\Program Files\dotnet\packs\Microsoft.AspNetCore.App.Ref\8.0.22\ref\net8.0\Microsoft.Extensions.Configuration.dll".
             Reference found at search path location "{RawFileName}".
             This reference is not "CopyLocal" because at least one source item had "Private" set to "false" and no source items had "Private" set to "true".
         Primary reference "Microsoft.Extensions.DependencyInjection.Abstractions, Version=8.0.0.0, Culture=neutral, PublicKeyToken=adb9793829ddae60".
             Resolved file path is "C:\Program Files\dotnet\packs\Microsoft.AspNetCore.App.Ref\8.0.22\ref\net8.0\Microsoft.Extensions.DependencyInjection.Abstractions.dll".
             Reference found at search path location "{RawFileName}".
             This reference is not "CopyLocal" because at least one source item had "Private" set to "false" and no source items had "Private" set to "true".
         Primary reference "Microsoft.Extensions.DependencyInjection, Version=8.0.0.0, Culture=neutral, PublicKeyToken=adb9793829ddae60".
             Resolved file path is "C:\Program Files\dotnet\packs\Microsoft.AspNetCore.App.Ref\8.0.22\ref\net8.0\Microsoft.Extensions.DependencyInjection.dll".
             Reference found at search path location "{RawFileName}".
             This reference is not "CopyLocal" because at least one source item had "Private" set to "false" and no source items had "Private" set to "true".
         Primary reference "Microsoft.Extensions.Diagnostics.Abstractions, Version=8.0.0.0, Culture=neutral, PublicKeyToken=adb9793829ddae60".
             Resolved file path is "C:\Program Files\dotnet\packs\Microsoft.AspNetCore.App.Ref\8.0.22\ref\net8.0\Microsoft.Extensions.Diagnostics.Abstractions.dll".
             Reference found at search path location "{RawFileName}".
             This reference is not "CopyLocal" because at least one source item had "Private" set to "false" and no source items had "Private" set to "true".
         Primary reference "Microsoft.Extensions.Diagnostics.HealthChecks.Abstractions, Version=8.0.0.0, Culture=neutral, PublicKeyToken=adb9793829ddae60".
             Resolved file path is "C:\Program Files\dotnet\packs\Microsoft.AspNetCore.App.Ref\8.0.22\ref\net8.0\Microsoft.Extensions.Diagnostics.HealthChecks.Abstractions.dll".
             Reference found at search path location "{RawFileName}".
             This reference is not "CopyLocal" because at least one source item had "Private" set to "false" and no source items had "Private" set to "true".
         Primary reference "Microsoft.Extensions.Diagnostics.HealthChecks, Version=8.0.0.0, Culture=neutral, PublicKeyToken=adb9793829ddae60".
             Resolved file path is "C:\Program Files\dotnet\packs\Microsoft.AspNetCore.App.Ref\8.0.22\ref\net8.0\Microsoft.Extensions.Diagnostics.HealthChecks.dll".
             Reference found at search path location "{RawFileName}".
             This reference is not "CopyLocal" because at least one source item had "Private" set to "false" and no source items had "Private" set to "true".
         Primary reference "Microsoft.Extensions.Diagnostics, Version=8.0.0.0, Culture=neutral, PublicKeyToken=adb9793829ddae60".
             Resolved file path is "C:\Program Files\dotnet\packs\Microsoft.AspNetCore.App.Ref\8.0.22\ref\net8.0\Microsoft.Extensions.Diagnostics.dll".
             Reference found at search path location "{RawFileName}".
             This reference is not "CopyLocal" because at least one source item had "Private" set to "false" and no source items had "Private" set to "true".
         Primary reference "Microsoft.Extensions.Features, Version=8.0.0.0, Culture=neutral, PublicKeyToken=adb9793829ddae60".
             Resolved file path is "C:\Program Files\dotnet\packs\Microsoft.AspNetCore.App.Ref\8.0.22\ref\net8.0\Microsoft.Extensions.Features.dll".
             Reference found at search path location "{RawFileName}".
             This reference is not "CopyLocal" because at least one source item had "Private" set to "false" and no source items had "Private" set to "true".
         Primary reference "Microsoft.Extensions.FileProviders.Abstractions, Version=8.0.0.0, Culture=neutral, PublicKeyToken=adb9793829ddae60".
             Resolved file path is "C:\Program Files\dotnet\packs\Microsoft.AspNetCore.App.Ref\8.0.22\ref\net8.0\Microsoft.Extensions.FileProviders.Abstractions.dll".
             Reference found at search path location "{RawFileName}".
             This reference is not "CopyLocal" because at least one source item had "Private" set to "false" and no source items had "Private" set to "true".
         Primary reference "Microsoft.Extensions.FileProviders.Composite, Version=8.0.0.0, Culture=neutral, PublicKeyToken=adb9793829ddae60".
             Resolved file path is "C:\Program Files\dotnet\packs\Microsoft.AspNetCore.App.Ref\8.0.22\ref\net8.0\Microsoft.Extensions.FileProviders.Composite.dll".
             Reference found at search path location "{RawFileName}".
             This reference is not "CopyLocal" because at least one source item had "Private" set to "false" and no source items had "Private" set to "true".
         Primary reference "Microsoft.Extensions.FileProviders.Embedded, Version=8.0.0.0, Culture=neutral, PublicKeyToken=adb9793829ddae60".
             Resolved file path is "C:\Program Files\dotnet\packs\Microsoft.AspNetCore.App.Ref\8.0.22\ref\net8.0\Microsoft.Extensions.FileProviders.Embedded.dll".
             Reference found at search path location "{RawFileName}".
             This reference is not "CopyLocal" because at least one source item had "Private" set to "false" and no source items had "Private" set to "true".
         Primary reference "Microsoft.Extensions.FileProviders.Physical, Version=8.0.0.0, Culture=neutral, PublicKeyToken=adb9793829ddae60".
             Resolved file path is "C:\Program Files\dotnet\packs\Microsoft.AspNetCore.App.Ref\8.0.22\ref\net8.0\Microsoft.Extensions.FileProviders.Physical.dll".
             Reference found at search path location "{RawFileName}".
             This reference is not "CopyLocal" because at least one source item had "Private" set to "false" and no source items had "Private" set to "true".
         Primary reference "Microsoft.Extensions.FileSystemGlobbing, Version=8.0.0.0, Culture=neutral, PublicKeyToken=adb9793829ddae60".
             Resolved file path is "C:\Program Files\dotnet\packs\Microsoft.AspNetCore.App.Ref\8.0.22\ref\net8.0\Microsoft.Extensions.FileSystemGlobbing.dll".
             Reference found at search path location "{RawFileName}".
             This reference is not "CopyLocal" because at least one source item had "Private" set to "false" and no source items had "Private" set to "true".
         Primary reference "Microsoft.Extensions.Hosting.Abstractions, Version=8.0.0.0, Culture=neutral, PublicKeyToken=adb9793829ddae60".
             Resolved file path is "C:\Program Files\dotnet\packs\Microsoft.AspNetCore.App.Ref\8.0.22\ref\net8.0\Microsoft.Extensions.Hosting.Abstractions.dll".
             Reference found at search path location "{RawFileName}".
             This reference is not "CopyLocal" because at least one source item had "Private" set to "false" and no source items had "Private" set to "true".
         Primary reference "Microsoft.Extensions.Hosting, Version=8.0.0.0, Culture=neutral, PublicKeyToken=adb9793829ddae60".
             Resolved file path is "C:\Program Files\dotnet\packs\Microsoft.AspNetCore.App.Ref\8.0.22\ref\net8.0\Microsoft.Extensions.Hosting.dll".
             Reference found at search path location "{RawFileName}".
             This reference is not "CopyLocal" because at least one source item had "Private" set to "false" and no source items had "Private" set to "true".
         Primary reference "Microsoft.Extensions.Http, Version=8.0.0.0, Culture=neutral, PublicKeyToken=adb9793829ddae60".
             Resolved file path is "C:\Program Files\dotnet\packs\Microsoft.AspNetCore.App.Ref\8.0.22\ref\net8.0\Microsoft.Extensions.Http.dll".
             Reference found at search path location "{RawFileName}".
             This reference is not "CopyLocal" because at least one source item had "Private" set to "false" and no source items had "Private" set to "true".
         Primary reference "Microsoft.Extensions.Identity.Core, Version=8.0.0.0, Culture=neutral, PublicKeyToken=adb9793829ddae60".
             Resolved file path is "C:\Program Files\dotnet\packs\Microsoft.AspNetCore.App.Ref\8.0.22\ref\net8.0\Microsoft.Extensions.Identity.Core.dll".
             Reference found at search path location "{RawFileName}".
             This reference is not "CopyLocal" because at least one source item had "Private" set to "false" and no source items had "Private" set to "true".
         Primary reference "Microsoft.Extensions.Identity.Stores, Version=8.0.0.0, Culture=neutral, PublicKeyToken=adb9793829ddae60".
             Resolved file path is "C:\Program Files\dotnet\packs\Microsoft.AspNetCore.App.Ref\8.0.22\ref\net8.0\Microsoft.Extensions.Identity.Stores.dll".
             Reference found at search path location "{RawFileName}".
             This reference is not "CopyLocal" because at least one source item had "Private" set to "false" and no source items had "Private" set to "true".
         Primary reference "Microsoft.Extensions.Localization.Abstractions, Version=8.0.0.0, Culture=neutral, PublicKeyToken=adb9793829ddae60".
             Resolved file path is "C:\Program Files\dotnet\packs\Microsoft.AspNetCore.App.Ref\8.0.22\ref\net8.0\Microsoft.Extensions.Localization.Abstractions.dll".
             Reference found at search path location "{RawFileName}".
             This reference is not "CopyLocal" because at least one source item had "Private" set to "false" and no source items had "Private" set to "true".
         Primary reference "Microsoft.Extensions.Localization, Version=8.0.0.0, Culture=neutral, PublicKeyToken=adb9793829ddae60".
             Resolved file path is "C:\Program Files\dotnet\packs\Microsoft.AspNetCore.App.Ref\8.0.22\ref\net8.0\Microsoft.Extensions.Localization.dll".
             Reference found at search path location "{RawFileName}".
             This reference is not "CopyLocal" because at least one source item had "Private" set to "false" and no source items had "Private" set to "true".
         Primary reference "Microsoft.Extensions.Logging.Abstractions, Version=8.0.0.0, Culture=neutral, PublicKeyToken=adb9793829ddae60".
             Resolved file path is "C:\Program Files\dotnet\packs\Microsoft.AspNetCore.App.Ref\8.0.22\ref\net8.0\Microsoft.Extensions.Logging.Abstractions.dll".
             Reference found at search path location "{RawFileName}".
             This reference is not "CopyLocal" because at least one source item had "Private" set to "false" and no source items had "Private" set to "true".
         Primary reference "Microsoft.Extensions.Logging.Configuration, Version=8.0.0.0, Culture=neutral, PublicKeyToken=adb9793829ddae60".
             Resolved file path is "C:\Program Files\dotnet\packs\Microsoft.AspNetCore.App.Ref\8.0.22\ref\net8.0\Microsoft.Extensions.Logging.Configuration.dll".
             Reference found at search path location "{RawFileName}".
             This reference is not "CopyLocal" because at least one source item had "Private" set to "false" and no source items had "Private" set to "true".
         Primary reference "Microsoft.Extensions.Logging.Console, Version=8.0.0.0, Culture=neutral, PublicKeyToken=adb9793829ddae60".
             Resolved file path is "C:\Program Files\dotnet\packs\Microsoft.AspNetCore.App.Ref\8.0.22\ref\net8.0\Microsoft.Extensions.Logging.Console.dll".
             Reference found at search path location "{RawFileName}".
             This reference is not "CopyLocal" because at least one source item had "Private" set to "false" and no source items had "Private" set to "true".
         Primary reference "Microsoft.Extensions.Logging.Debug, Version=8.0.0.0, Culture=neutral, PublicKeyToken=adb9793829ddae60".
             Resolved file path is "C:\Program Files\dotnet\packs\Microsoft.AspNetCore.App.Ref\8.0.22\ref\net8.0\Microsoft.Extensions.Logging.Debug.dll".
             Reference found at search path location "{RawFileName}".
             This reference is not "CopyLocal" because at least one source item had "Private" set to "false" and no source items had "Private" set to "true".
         Primary reference "Microsoft.Extensions.Logging.EventLog, Version=8.0.0.0, Culture=neutral, PublicKeyToken=adb9793829ddae60".
             Resolved file path is "C:\Program Files\dotnet\packs\Microsoft.AspNetCore.App.Ref\8.0.22\ref\net8.0\Microsoft.Extensions.Logging.EventLog.dll".
             Reference found at search path location "{RawFileName}".
             This reference is not "CopyLocal" because at least one source item had "Private" set to "false" and no source items had "Private" set to "true".
         Primary reference "Microsoft.Extensions.Logging.EventSource, Version=8.0.0.0, Culture=neutral, PublicKeyToken=adb9793829ddae60".
             Resolved file path is "C:\Program Files\dotnet\packs\Microsoft.AspNetCore.App.Ref\8.0.22\ref\net8.0\Microsoft.Extensions.Logging.EventSource.dll".
             Reference found at search path location "{RawFileName}".
             This reference is not "CopyLocal" because at least one source item had "Private" set to "false" and no source items had "Private" set to "true".
         Primary reference "Microsoft.Extensions.Logging.TraceSource, Version=8.0.0.0, Culture=neutral, PublicKeyToken=adb9793829ddae60".
             Resolved file path is "C:\Program Files\dotnet\packs\Microsoft.AspNetCore.App.Ref\8.0.22\ref\net8.0\Microsoft.Extensions.Logging.TraceSource.dll".
             Reference found at search path location "{RawFileName}".
             This reference is not "CopyLocal" because at least one source item had "Private" set to "false" and no source items had "Private" set to "true".
         Primary reference "Microsoft.Extensions.Logging, Version=8.0.0.0, Culture=neutral, PublicKeyToken=adb9793829ddae60".
             Resolved file path is "C:\Program Files\dotnet\packs\Microsoft.AspNetCore.App.Ref\8.0.22\ref\net8.0\Microsoft.Extensions.Logging.dll".
             Reference found at search path location "{RawFileName}".
             This reference is not "CopyLocal" because at least one source item had "Private" set to "false" and no source items had "Private" set to "true".
         Primary reference "Microsoft.Extensions.ObjectPool, Version=8.0.0.0, Culture=neutral, PublicKeyToken=adb9793829ddae60".
             Resolved file path is "C:\Program Files\dotnet\packs\Microsoft.AspNetCore.App.Ref\8.0.22\ref\net8.0\Microsoft.Extensions.ObjectPool.dll".
             Reference found at search path location "{RawFileName}".
             This reference is not "CopyLocal" because at least one source item had "Private" set to "false" and no source items had "Private" set to "true".
         Primary reference "Microsoft.Extensions.Options.ConfigurationExtensions, Version=8.0.0.0, Culture=neutral, PublicKeyToken=adb9793829ddae60".
             Resolved file path is "C:\Program Files\dotnet\packs\Microsoft.AspNetCore.App.Ref\8.0.22\ref\net8.0\Microsoft.Extensions.Options.ConfigurationExtensions.dll".
             Reference found at search path location "{RawFileName}".
             This reference is not "CopyLocal" because at least one source item had "Private" set to "false" and no source items had "Private" set to "true".
         Primary reference "Microsoft.Extensions.Options.DataAnnotations, Version=8.0.0.0, Culture=neutral, PublicKeyToken=adb9793829ddae60".
             Resolved file path is "C:\Program Files\dotnet\packs\Microsoft.AspNetCore.App.Ref\8.0.22\ref\net8.0\Microsoft.Extensions.Options.DataAnnotations.dll".
             Reference found at search path location "{RawFileName}".
             This reference is not "CopyLocal" because at least one source item had "Private" set to "false" and no source items had "Private" set to "true".
         Primary reference "Microsoft.Extensions.Options, Version=8.0.0.0, Culture=neutral, PublicKeyToken=adb9793829ddae60".
             Resolved file path is "C:\Program Files\dotnet\packs\Microsoft.AspNetCore.App.Ref\8.0.22\ref\net8.0\Microsoft.Extensions.Options.dll".
             Reference found at search path location "{RawFileName}".
             This reference is not "CopyLocal" because at least one source item had "Private" set to "false" and no source items had "Private" set to "true".
         Primary reference "Microsoft.Extensions.Primitives, Version=8.0.0.0, Culture=neutral, PublicKeyToken=adb9793829ddae60".
             Resolved file path is "C:\Program Files\dotnet\packs\Microsoft.AspNetCore.App.Ref\8.0.22\ref\net8.0\Microsoft.Extensions.Primitives.dll".
             Reference found at search path location "{RawFileName}".
             This reference is not "CopyLocal" because at least one source item had "Private" set to "false" and no source items had "Private" set to "true".
         Primary reference "Microsoft.Extensions.WebEncoders, Version=8.0.0.0, Culture=neutral, PublicKeyToken=adb9793829ddae60".
             Resolved file path is "C:\Program Files\dotnet\packs\Microsoft.AspNetCore.App.Ref\8.0.22\ref\net8.0\Microsoft.Extensions.WebEncoders.dll".
             Reference found at search path location "{RawFileName}".
             This reference is not "CopyLocal" because at least one source item had "Private" set to "false" and no source items had "Private" set to "true".
         Primary reference "Microsoft.JSInterop, Version=8.0.0.0, Culture=neutral, PublicKeyToken=adb9793829ddae60".
             Resolved file path is "C:\Program Files\dotnet\packs\Microsoft.AspNetCore.App.Ref\8.0.22\ref\net8.0\Microsoft.JSInterop.dll".
             Reference found at search path location "{RawFileName}".
             This reference is not "CopyLocal" because at least one source item had "Private" set to "false" and no source items had "Private" set to "true".
         Primary reference "Microsoft.Net.Http.Headers, Version=8.0.0.0, Culture=neutral, PublicKeyToken=adb9793829ddae60".
             Resolved file path is "C:\Program Files\dotnet\packs\Microsoft.AspNetCore.App.Ref\8.0.22\ref\net8.0\Microsoft.Net.Http.Headers.dll".
             Reference found at search path location "{RawFileName}".
             This reference is not "CopyLocal" because at least one source item had "Private" set to "false" and no source items had "Private" set to "true".
         Primary reference "System.Diagnostics.EventLog, Version=8.0.0.0, Culture=neutral, PublicKeyToken=cc7b13ffcd2ddd51".
             Resolved file path is "C:\Program Files\dotnet\packs\Microsoft.AspNetCore.App.Ref\8.0.22\ref\net8.0\System.Diagnostics.EventLog.dll".
             Reference found at search path location "{RawFileName}".
             This reference is not "CopyLocal" because at least one source item had "Private" set to "false" and no source items had "Private" set to "true".
         Primary reference "System.IO.Pipelines, Version=8.0.0.0, Culture=neutral, PublicKeyToken=cc7b13ffcd2ddd51".
             Resolved file path is "C:\Program Files\dotnet\packs\Microsoft.AspNetCore.App.Ref\8.0.22\ref\net8.0\System.IO.Pipelines.dll".
             Reference found at search path location "{RawFileName}".
             This reference is not "CopyLocal" because at least one source item had "Private" set to "false" and no source items had "Private" set to "true".
         Primary reference "System.Security.Cryptography.Xml, Version=8.0.0.0, Culture=neutral, PublicKeyToken=cc7b13ffcd2ddd51".
             Resolved file path is "C:\Program Files\dotnet\packs\Microsoft.AspNetCore.App.Ref\8.0.22\ref\net8.0\System.Security.Cryptography.Xml.dll".
             Reference found at search path location "{RawFileName}".
             This reference is not "CopyLocal" because at least one source item had "Private" set to "false" and no source items had "Private" set to "true".
         Primary reference "System.Threading.RateLimiting, Version=8.0.0.0, Culture=neutral, PublicKeyToken=cc7b13ffcd2ddd51".
             Resolved file path is "C:\Program Files\dotnet\packs\Microsoft.AspNetCore.App.Ref\8.0.22\ref\net8.0\System.Threading.RateLimiting.dll".
             Reference found at search path location "{RawFileName}".
             This reference is not "CopyLocal" because at least one source item had "Private" set to "false" and no source items had "Private" set to "true".
       Done executing task "ResolveAssemblyReference".
   2:6>Done building target "ResolveAssemblyReferences" in project "SpaN5.csproj".
       Target "GenerateBindingRedirects" skipped, due to false condition; ('$(AutoGenerateBindingRedirects)' == 'true' and '$(GenerateBindingRedirectsOutputType)' == 'true' and '@(SuggestedBindingRedirects)' != '' and '$(DesignTimeBuild)' != 'true' and '$(BuildingProject)' == 'true') was evaluated as ('' == 'true' and 'true' == 'true' and '' != '' and '' != 'true' and 'true' == 'true').
       Target "GenerateSupportedRuntime" skipped, due to false condition; ('$(GenerateSupportedRuntime)' != 'false' and '$(TargetFrameworkIdentifier)' == '.NETFramework' and '$(HasRuntimeOutput)' == 'true') was evaluated as ('' != 'false' and '.NETCoreApp' == '.NETFramework' and 'true' == 'true').
       Target "GenerateBindingRedirectsUpdateAppConfig" skipped, due to false condition; ('$(AutoGenerateBindingRedirects)' == 'true' and '$(GenerateBindingRedirectsOutputType)' == 'true') was evaluated as ('' == 'true' and 'true' == 'true').
       Target "ResolveComReferences" skipped, due to false condition; ('@(COMReference)'!='' or '@(COMFileReference)'!='') was evaluated as (''!='' or ''!='').
   2:6>Target "AfterResolveReferences" in file "C:\Program Files\dotnet\sdk\9.0.308\Microsoft.Common.CurrentVersion.targets" from project "C:\Users\DELL\OneDrive\Desktop\Web spa\Long(ThanhToan_DatLich\SpaN5.csproj" (target "ResolveReferences" depends on it):
   2:6>Done building target "AfterResolveReferences" in project "SpaN5.csproj".
   2:6>Target "ResolveReferences" in file "C:\Program Files\dotnet\sdk\9.0.308\Microsoft.Common.CurrentVersion.targets" from project "C:\Users\DELL\OneDrive\Desktop\Web spa\Long(ThanhToan_DatLich\SpaN5.csproj" (target "_BlockWinMDsOnUnsupportedTFMs" depends on it):
   2:6>Done building target "ResolveReferences" in project "SpaN5.csproj".
   2:6>Target "_BlockWinMDsOnUnsupportedTFMs" in file "C:\Program Files\dotnet\sdk\9.0.308\Sdks\Microsoft.NET.Sdk\targets\Microsoft.NET.Sdk.targets" from project "C:\Users\DELL\OneDrive\Desktop\Web spa\Long(ThanhToan_DatLich\SpaN5.csproj" (target "CoreBuild" depends on it):
       Using "CheckForUnsupportedWinMDReferences" task from assembly "C:\Program Files\dotnet\sdk\9.0.308\Sdks\Microsoft.NET.Sdk\targets\..\tools\net9.0\Microsoft.NET.Build.Tasks.dll".
       Task "CheckForUnsupportedWinMDReferences"
       Done executing task "CheckForUnsupportedWinMDReferences".
       Task "NETSdkError" skipped, due to false condition; ('$(OutputType)' == 'winmdobj') was evaluated as ('Exe' == 'winmdobj').
   2:6>Done building target "_BlockWinMDsOnUnsupportedTFMs" in project "SpaN5.csproj".
       Target "ResolveReferences" skipped. Previously built successfully.
       Target "ResolvePackageDependenciesForBuild" skipped. Previously built successfully.
       Target "_HandlePackageFileConflicts" skipped. Previously built successfully.
   2:6>Target "CopyAdditionalFiles" in file "C:\Program Files\dotnet\sdk\9.0.308\Roslyn\Microsoft.Managed.Core.targets" from project "C:\Users\DELL\OneDrive\Desktop\Web spa\Long(ThanhToan_DatLich\SpaN5.csproj" (target "AssignTargetPaths" depends on it):
   2:6>Done building target "CopyAdditionalFiles" in project "SpaN5.csproj".
       Target "_GetAppHostPaths" skipped, due to false condition; ('$(UseAppHost)' == 'true' and '$(_IsExecutable)' == 'true') was evaluated as ('false' == 'true' and 'true' == 'true').
       Target "_GetAppHostCreationConfiguration" skipped, due to false condition; ('$(UseAppHost)' == 'true' and '$(_IsExecutable)' == 'true') was evaluated as ('false' == 'true' and 'true' == 'true').
       Target "_GetComHostPaths" skipped, due to false condition; ('$(EnableComHosting)' == 'true' and '$(_IsExecutable)' != 'true') was evaluated as ('' == 'true' and 'true' != 'true').
       Target "_GetIjwHostPaths" skipped, due to false condition; ('$(UseIJWHost)' == 'true') was evaluated as ('' == 'true').
   2:6>Target "_ComputeNETCoreBuildOutputFiles" in file "C:\Program Files\dotnet\sdk\9.0.308\Sdks\Microsoft.NET.Sdk\targets\Microsoft.NET.Sdk.targets" from project "C:\Users\DELL\OneDrive\Desktop\Web spa\Long(ThanhToan_DatLich\SpaN5.csproj" (target "AssignTargetPaths" depends on it):
   2:6>Done building target "_ComputeNETCoreBuildOutputFiles" in project "SpaN5.csproj".
   2:6>Target "ResolveStaticWebAssetsConfiguration" in file "C:\Program Files\dotnet\sdk\9.0.308\Sdks\Microsoft.NET.Sdk.StaticWebAssets\targets\Microsoft.NET.Sdk.StaticWebAssets.targets" from project "C:\Users\DELL\OneDrive\Desktop\Web spa\Long(ThanhToan_DatLich\SpaN5.csproj" (target "ResolveProjectStaticWebAssets" depends on it):
       Task "MakeDir" skipped, due to false condition; (!Exists('$(_StaticWebAssetsManifestBase)')) was evaluated as (!Exists('obj\Debug\net8.0\')).
       Task "MakeDir" skipped, due to false condition; (!Exists('$(_StaticWebAssetsIntermediateOutputPath)')) was evaluated as (!Exists('obj\Debug\net8.0\staticwebassets\')).
   2:6>Done building target "ResolveStaticWebAssetsConfiguration" in project "SpaN5.csproj".
   2:6>Target "UpdateExistingPackageStaticWebAssets" in file "C:\Program Files\dotnet\sdk\9.0.308\Sdks\Microsoft.NET.Sdk.StaticWebAssets\targets\Microsoft.NET.Sdk.StaticWebAssets.targets" from project "C:\Users\DELL\OneDrive\Desktop\Web spa\Long(ThanhToan_DatLich\SpaN5.csproj" (target "ResolveProjectStaticWebAssets" depends on it):
       Using "UpdatePackageStaticWebAssets" task from assembly "C:\Program Files\dotnet\sdk\9.0.308\Sdks\Microsoft.NET.Sdk.StaticWebAssets\targets\..\tasks\net9.0\Microsoft.NET.Sdk.StaticWebAssets.Tasks.dll".
       Task "UpdatePackageStaticWebAssets"
       Done executing task "UpdatePackageStaticWebAssets".
       Using "DefineStaticWebAssetEndpoints" task from assembly "C:\Program Files\dotnet\sdk\9.0.308\Sdks\Microsoft.NET.Sdk.StaticWebAssets\targets\..\tasks\net9.0\Microsoft.NET.Sdk.StaticWebAssets.Tasks.dll".
       Task "DefineStaticWebAssetEndpoints"
       Done executing task "DefineStaticWebAssetEndpoints".
   2:6>Done building target "UpdateExistingPackageStaticWebAssets" in project "SpaN5.csproj".
   2:6>Target "ResolveProjectStaticWebAssets" in file "C:\Program Files\dotnet\sdk\9.0.308\Sdks\Microsoft.NET.Sdk.StaticWebAssets\targets\Microsoft.NET.Sdk.StaticWebAssets.targets" from project "C:\Users\DELL\OneDrive\Desktop\Web spa\Long(ThanhToan_DatLich\SpaN5.csproj" (target "AssignTargetPaths" depends on it):
       Using "DefineStaticWebAssets" task from assembly "C:\Program Files\dotnet\sdk\9.0.308\Sdks\Microsoft.NET.Sdk.StaticWebAssets\targets\..\tasks\net9.0\Microsoft.NET.Sdk.StaticWebAssets.Tasks.dll".
       Task "DefineStaticWebAssets"
         Cache is fully up to date.
       Done executing task "DefineStaticWebAssets".
       Task "DefineStaticWebAssetEndpoints"
         No match for lib/bootstrap/LICENSE. Using default content type 'application/octet-stream'
         No match for lib/bootstrap/LICENSE. Using default content type 'application/octet-stream'
         Matched lib/bootstrap/dist/js/bootstrap.bundle.min.js.map to text/plain using pattern *.map
         Matched lib/bootstrap/dist/css/bootstrap-reboot.css to text/css using pattern *.css
         Matched lib/bootstrap/dist/js/bootstrap.js.map to text/plain using pattern *.map
         Matched lib/bootstrap/dist/css/bootstrap-grid.rtl.css.map to text/plain using pattern *.map
         Matched lib/bootstrap/dist/css/bootstrap-utilities.rtl.min.css.map to text/plain using pattern *.map
         Matched lib/bootstrap/dist/js/bootstrap.js.map to text/plain using pattern *.map
         Matched lib/bootstrap/dist/js/bootstrap.bundle.min.js.map to text/plain using pattern *.map
         Matched lib/bootstrap/dist/css/bootstrap-grid.rtl.css.map to text/plain using pattern *.map
         Matched lib/jquery-validation-unobtrusive/LICENSE.txt to text/plain using pattern *.txt
         Matched lib/bootstrap/dist/css/bootstrap-utilities.rtl.min.css.map to text/plain using pattern *.map
         Matched lib/jquery-validation-unobtrusive/LICENSE.txt to text/plain using pattern *.txt
         Matched css/site.css to text/css using pattern *.css
         Matched lib/bootstrap/dist/css/bootstrap-reboot.css to text/css using pattern *.css
         Matched lib/bootstrap/dist/css/bootstrap-utilities.rtl.css to text/css using pattern *.css
         Matched css/site.css to text/css using pattern *.css
         Matched lib/bootstrap/dist/css/bootstrap.rtl.css.map to text/plain using pattern *.map
         Matched lib/bootstrap/dist/css/bootstrap-utilities.rtl.css to text/css using pattern *.css
         Matched lib/bootstrap/dist/js/bootstrap.esm.min.js to text/javascript using pattern *.js
         Matched lib/bootstrap/dist/css/bootstrap-utilities.css.map to text/plain using pattern *.map
         Matched lib/bootstrap/dist/css/bootstrap-grid.min.css to text/css using pattern *.css
         Matched lib/bootstrap/dist/js/bootstrap.esm.min.js to text/javascript using pattern *.js
         Matched lib/bootstrap/dist/css/bootstrap.rtl.css.map to text/plain using pattern *.map
         Matched lib/bootstrap/dist/css/bootstrap-utilities.css.map to text/plain using pattern *.map
         Matched lib/bootstrap/dist/css/bootstrap-grid.min.css to text/css using pattern *.css
         Adding endpoint lib/bootstrap/dist/css/bootstrap-utilities.css.map for asset C:\Users\DELL\OneDrive\Desktop\Web spa\Long(ThanhToan_DatLich\wwwroot\lib\bootstrap\dist\css\bootstrap-utilities.css.map.
         Adding endpoint lib/bootstrap/LICENSE for asset C:\Users\DELL\OneDrive\Desktop\Web spa\Long(ThanhToan_DatLich\wwwroot\lib\bootstrap\LICENSE.
         Matched lib/bootstrap/dist/css/bootstrap-reboot.rtl.min.css to text/css using pattern *.css
         Adding endpoint lib/bootstrap/dist/js/bootstrap.bundle.min.js.map for asset C:\Users\DELL\OneDrive\Desktop\Web spa\Long(ThanhToan_DatLich\wwwroot\lib\bootstrap\dist\js\bootstrap.bundle.min.js.map.
         Adding endpoint lib/bootstrap/dist/js/bootstrap.bundle.min.js.c2nslu3uf3.map for asset C:\Users\DELL\OneDrive\Desktop\Web spa\Long(ThanhToan_DatLich\wwwroot\lib\bootstrap\dist\js\bootstrap.bundle.min.js.map.
         Matched lib/bootstrap/dist/css/bootstrap-reboot.min.css.map to text/plain using pattern *.map
         Adding endpoint lib/bootstrap/dist/css/bootstrap-utilities.css.j75batdsum.map for asset C:\Users\DELL\OneDrive\Desktop\Web spa\Long(ThanhToan_DatLich\wwwroot\lib\bootstrap\dist\css\bootstrap-utilities.css.map.
         Matched lib/bootstrap/dist/css/bootstrap-reboot.rtl.min.css to text/css using pattern *.css
         Adding endpoint lib/bootstrap/dist/css/bootstrap.rtl.css.map for asset C:\Users\DELL\OneDrive\Desktop\Web spa\Long(ThanhToan_DatLich\wwwroot\lib\bootstrap\dist\css\bootstrap.rtl.css.map.
         Adding endpoint lib/bootstrap/dist/css/bootstrap-reboot.rtl.min.css for asset C:\Users\DELL\OneDrive\Desktop\Web spa\Long(ThanhToan_DatLich\wwwroot\lib\bootstrap\dist\css\bootstrap-reboot.rtl.min.css.
         Adding endpoint lib/bootstrap/dist/css/bootstrap.rtl.css.4gxs3k148c.map for asset C:\Users\DELL\OneDrive\Desktop\Web spa\Long(ThanhToan_DatLich\wwwroot\lib\bootstrap\dist\css\bootstrap.rtl.css.map.
         Adding endpoint lib/bootstrap/dist/css/bootstrap-reboot.rtl.min.y53cy5s2zj.css for asset C:\Users\DELL\OneDrive\Desktop\Web spa\Long(ThanhToan_DatLich\wwwroot\lib\bootstrap\dist\css\bootstrap-reboot.rtl.min.css.
         Matched css/app.css to text/css using pattern *.css
         Matched css/app.css to text/css using pattern *.css
         Adding endpoint lib/jquery-validation-unobtrusive/LICENSE.txt for asset C:\Users\DELL\OneDrive\Desktop\Web spa\Long(ThanhToan_DatLich\wwwroot\lib\jquery-validation-unobtrusive\LICENSE.txt.
         Adding endpoint css/app.css for asset C:\Users\DELL\OneDrive\Desktop\Web spa\Long(ThanhToan_DatLich\wwwroot\css\app.css.
         Adding endpoint css/app.kl2etpq6db.css for asset C:\Users\DELL\OneDrive\Desktop\Web spa\Long(ThanhToan_DatLich\wwwroot\css\app.css.
         Adding endpoint lib/jquery-validation-unobtrusive/LICENSE.356vix0kms.txt for asset C:\Users\DELL\OneDrive\Desktop\Web spa\Long(ThanhToan_DatLich\wwwroot\lib\jquery-validation-unobtrusive\LICENSE.txt.
         Matched lib/bootstrap/dist/js/bootstrap.esm.js to text/javascript using pattern *.js
         Matched lib/bootstrap/dist/js/bootstrap.esm.js to text/javascript using pattern *.js
         Matched lib/bootstrap/dist/css/bootstrap-utilities.min.css to text/css using pattern *.css
         Adding endpoint lib/bootstrap/dist/js/bootstrap.esm.js for asset C:\Users\DELL\OneDrive\Desktop\Web spa\Long(ThanhToan_DatLich\wwwroot\lib\bootstrap\dist\js\bootstrap.esm.js.
         Adding endpoint lib/bootstrap/dist/js/bootstrap.esm.n5w6o92d9r.js for asset C:\Users\DELL\OneDrive\Desktop\Web spa\Long(ThanhToan_DatLich\wwwroot\lib\bootstrap\dist\js\bootstrap.esm.js.
         Matched favicon.ico to image/x-icon using pattern *.ico
         Matched lib/bootstrap/dist/css/bootstrap-utilities.min.css to text/css using pattern *.css
         Matched lib/bootstrap/dist/css/bootstrap-reboot.rtl.min.css.map to text/plain using pattern *.map
         Adding endpoint lib/bootstrap/dist/css/bootstrap-utilities.min.css for asset C:\Users\DELL\OneDrive\Desktop\Web spa\Long(ThanhToan_DatLich\wwwroot\lib\bootstrap\dist\css\bootstrap-utilities.min.css.
         Matched favicon.ico to image/x-icon using pattern *.ico
         Matched lib/bootstrap/dist/css/bootstrap.rtl.min.css to text/css using pattern *.css
         Adding endpoint lib/bootstrap/dist/css/bootstrap-utilities.min.2yn17lgxub.css for asset C:\Users\DELL\OneDrive\Desktop\Web spa\Long(ThanhToan_DatLich\wwwroot\lib\bootstrap\dist\css\bootstrap-utilities.min.css.
         Adding endpoint favicon.ico for asset C:\Users\DELL\OneDrive\Desktop\Web spa\Long(ThanhToan_DatLich\wwwroot\favicon.ico.
         Adding endpoint favicon.61n19gt1b8.ico for asset C:\Users\DELL\OneDrive\Desktop\Web spa\Long(ThanhToan_DatLich\wwwroot\favicon.ico.
         Matched lib/bootstrap/dist/js/bootstrap.esm.js.map to text/plain using pattern *.map
         Matched lib/jquery-validation/dist/additional-methods.js to text/javascript using pattern *.js
         Adding endpoint lib/bootstrap/dist/css/bootstrap-grid.rtl.css.map for asset C:\Users\DELL\OneDrive\Desktop\Web spa\Long(ThanhToan_DatLich\wwwroot\lib\bootstrap\dist\css\bootstrap-grid.rtl.css.map.
         Matched js/site.js to text/javascript using pattern *.js
         Adding endpoint lib/bootstrap/LICENSE.81b7ukuj9c for asset C:\Users\DELL\OneDrive\Desktop\Web spa\Long(ThanhToan_DatLich\wwwroot\lib\bootstrap\LICENSE.
         Adding endpoint lib/bootstrap/dist/css/bootstrap-grid.rtl.css.2q4vfeazbq.map for asset C:\Users\DELL\OneDrive\Desktop\Web spa\Long(ThanhToan_DatLich\wwwroot\lib\bootstrap\dist\css\bootstrap-grid.rtl.css.map.
         Matched lib/bootstrap/dist/css/bootstrap-utilities.min.css.map to text/plain using pattern *.map
         Matched js/site.js to text/javascript using pattern *.js
         Matched lib/jquery-validation/dist/additional-methods.js to text/javascript using pattern *.js
         Adding endpoint lib/bootstrap/dist/css/bootstrap-grid.min.css for asset C:\Users\DELL\OneDrive\Desktop\Web spa\Long(ThanhToan_DatLich\wwwroot\lib\bootstrap\dist\css\bootstrap-grid.min.css.
         Matched lib/bootstrap/dist/css/bootstrap-utilities.min.css.map to text/plain using pattern *.map
         Adding endpoint lib/jquery-validation/dist/additional-methods.js for asset C:\Users\DELL\OneDrive\Desktop\Web spa\Long(ThanhToan_DatLich\wwwroot\lib\jquery-validation\dist\additional-methods.js.
         Matched lib/bootstrap/dist/js/bootstrap.bundle.js to text/javascript using pattern *.js
         Adding endpoint lib/bootstrap/dist/css/bootstrap-utilities.rtl.min.css.map for asset C:\Users\DELL\OneDrive\Desktop\Web spa\Long(ThanhToan_DatLich\wwwroot\lib\bootstrap\dist\css\bootstrap-utilities.rtl.min.css.map.
         Adding endpoint lib/jquery-validation/dist/additional-methods.ay5nd8zt9x.js for asset C:\Users\DELL\OneDrive\Desktop\Web spa\Long(ThanhToan_DatLich\wwwroot\lib\jquery-validation\dist\additional-methods.js.
         Matched lib/bootstrap/dist/js/bootstrap.bundle.js to text/javascript using pattern *.js
         Matched lib/bootstrap/dist/css/bootstrap-grid.rtl.min.css to text/css using pattern *.css
         Adding endpoint lib/bootstrap/dist/css/bootstrap-grid.min.5p029spbuu.css for asset C:\Users\DELL\OneDrive\Desktop\Web spa\Long(ThanhToan_DatLich\wwwroot\lib\bootstrap\dist\css\bootstrap-grid.min.css.
         Matched lib/bootstrap/dist/css/bootstrap-grid.rtl.min.css to text/css using pattern *.css
         Adding endpoint lib/bootstrap/dist/js/bootstrap.bundle.js for asset C:\Users\DELL\OneDrive\Desktop\Web spa\Long(ThanhToan_DatLich\wwwroot\lib\bootstrap\dist\js\bootstrap.bundle.js.
         Adding endpoint lib/bootstrap/dist/js/bootstrap.bundle.f6zq8v6eb3.js for asset C:\Users\DELL\OneDrive\Desktop\Web spa\Long(ThanhToan_DatLich\wwwroot\lib\bootstrap\dist\js\bootstrap.bundle.js.
         Adding endpoint lib/bootstrap/dist/css/bootstrap-reboot.css for asset C:\Users\DELL\OneDrive\Desktop\Web spa\Long(ThanhToan_DatLich\wwwroot\lib\bootstrap\dist\css\bootstrap-reboot.css.
         Adding endpoint lib/bootstrap/dist/css/bootstrap-utilities.rtl.css for asset C:\Users\DELL\OneDrive\Desktop\Web spa\Long(ThanhToan_DatLich\wwwroot\lib\bootstrap\dist\css\bootstrap-utilities.rtl.css.
         Adding endpoint lib/bootstrap/dist/css/bootstrap-grid.rtl.min.css for asset C:\Users\DELL\OneDrive\Desktop\Web spa\Long(ThanhToan_DatLich\wwwroot\lib\bootstrap\dist\css\bootstrap-grid.rtl.min.css.
         Adding endpoint lib/bootstrap/dist/css/bootstrap-reboot.mk8rdyw69w.css for asset C:\Users\DELL\OneDrive\Desktop\Web spa\Long(ThanhToan_DatLich\wwwroot\lib\bootstrap\dist\css\bootstrap-reboot.css.
         Adding endpoint lib/bootstrap/dist/css/bootstrap-utilities.rtl.ophe14yye5.css for asset C:\Users\DELL\OneDrive\Desktop\Web spa\Long(ThanhToan_DatLich\wwwroot\lib\bootstrap\dist\css\bootstrap-utilities.rtl.css.
         Adding endpoint lib/bootstrap/dist/css/bootstrap-grid.rtl.min.dy6jgresuo.css for asset C:\Users\DELL\OneDrive\Desktop\Web spa\Long(ThanhToan_DatLich\wwwroot\lib\bootstrap\dist\css\bootstrap-grid.rtl.min.css.
         Matched lib/jquery-validation-unobtrusive/jquery.validate.unobtrusive.js to text/javascript using pattern *.js
         Matched lib/bootstrap/dist/css/bootstrap-reboot.css.map to text/plain using pattern *.map
         Matched lib/bootstrap/dist/css/bootstrap-grid.rtl.min.css.map to text/plain using pattern *.map
         Matched lib/jquery-validation-unobtrusive/jquery.validate.unobtrusive.js to text/javascript using pattern *.js
         Matched lib/bootstrap/dist/css/bootstrap-reboot.css.map to text/plain using pattern *.map
         Matched lib/bootstrap/dist/css/bootstrap-grid.rtl.min.css.map to text/plain using pattern *.map
         Adding endpoint lib/jquery-validation-unobtrusive/jquery.validate.unobtrusive.js for asset C:\Users\DELL\OneDrive\Desktop\Web spa\Long(ThanhToan_DatLich\wwwroot\lib\jquery-validation-unobtrusive\jquery.validate.unobtrusive.js.
         Adding endpoint lib/bootstrap/dist/css/bootstrap-reboot.css.map for asset C:\Users\DELL\OneDrive\Desktop\Web spa\Long(ThanhToan_DatLich\wwwroot\lib\bootstrap\dist\css\bootstrap-reboot.css.map.
         Adding endpoint lib/bootstrap/dist/css/bootstrap-grid.rtl.min.css.map for asset C:\Users\DELL\OneDrive\Desktop\Web spa\Long(ThanhToan_DatLich\wwwroot\lib\bootstrap\dist\css\bootstrap-grid.rtl.min.css.map.
         Adding endpoint lib/jquery-validation-unobtrusive/jquery.validate.unobtrusive.03hjc8e09r.js for asset C:\Users\DELL\OneDrive\Desktop\Web spa\Long(ThanhToan_DatLich\wwwroot\lib\jquery-validation-unobtrusive\jquery.validate.unobtrusive.js.
         Adding endpoint lib/bootstrap/dist/css/bootstrap-grid.rtl.min.css.o371a8zbv2.map for asset C:\Users\DELL\OneDrive\Desktop\Web spa\Long(ThanhToan_DatLich\wwwroot\lib\bootstrap\dist\css\bootstrap-grid.rtl.min.css.map.
         Adding endpoint lib/bootstrap/dist/css/bootstrap-reboot.css.jeal3x0ldm.map for asset C:\Users\DELL\OneDrive\Desktop\Web spa\Long(ThanhToan_DatLich\wwwroot\lib\bootstrap\dist\css\bootstrap-reboot.css.map.
         Matched lib/jquery-validation/dist/additional-methods.min.js to text/javascript using pattern *.js
         Matched lib/bootstrap/dist/css/bootstrap-utilities.rtl.css.map to text/plain using pattern *.map
         Matched lib/jquery-validation/dist/additional-methods.min.js to text/javascript using pattern *.js
         Matched lib/bootstrap/dist/css/bootstrap-reboot.min.css to text/css using pattern *.css
         Matched lib/bootstrap/dist/css/bootstrap-reboot.rtl.css to text/css using pattern *.css
         Matched lib/bootstrap/dist/css/bootstrap-reboot.min.css to text/css using pattern *.css
         Adding endpoint lib/jquery-validation/dist/additional-methods.min.js for asset C:\Users\DELL\OneDrive\Desktop\Web spa\Long(ThanhToan_DatLich\wwwroot\lib\jquery-validation\dist\additional-methods.min.js.
         Matched lib/bootstrap/dist/css/bootstrap-grid.min.css.map to text/plain using pattern *.map
         Adding endpoint lib/jquery-validation/dist/additional-methods.min.9oaff4kq20.js for asset C:\Users\DELL\OneDrive\Desktop\Web spa\Long(ThanhToan_DatLich\wwwroot\lib\jquery-validation\dist\additional-methods.min.js.
         Matched lib/bootstrap/dist/css/bootstrap-reboot.rtl.css to text/css using pattern *.css
         Matched lib/jquery-validation-unobtrusive/jquery.validate.unobtrusive.min.js to text/javascript using pattern *.js
         Adding endpoint lib/bootstrap/dist/css/bootstrap-reboot.min.css for asset C:\Users\DELL\OneDrive\Desktop\Web spa\Long(ThanhToan_DatLich\wwwroot\lib\bootstrap\dist\css\bootstrap-reboot.min.css.
         Adding endpoint lib/bootstrap/dist/css/bootstrap-reboot.rtl.css for asset C:\Users\DELL\OneDrive\Desktop\Web spa\Long(ThanhToan_DatLich\wwwroot\lib\bootstrap\dist\css\bootstrap-reboot.rtl.css.
         Adding endpoint lib/bootstrap/dist/css/bootstrap-reboot.min.z7kmom2977.css for asset C:\Users\DELL\OneDrive\Desktop\Web spa\Long(ThanhToan_DatLich\wwwroot\lib\bootstrap\dist\css\bootstrap-reboot.min.css.
         Adding endpoint lib/bootstrap/dist/css/bootstrap-reboot.rtl.97yrjpyf9r.css for asset C:\Users\DELL\OneDrive\Desktop\Web spa\Long(ThanhToan_DatLich\wwwroot\lib\bootstrap\dist\css\bootstrap-reboot.rtl.css.
         Matched lib/jquery-validation-unobtrusive/jquery.validate.unobtrusive.min.js to text/javascript using pattern *.js
         Adding endpoint lib/jquery-validation-unobtrusive/jquery.validate.unobtrusive.min.js for asset C:\Users\DELL\OneDrive\Desktop\Web spa\Long(ThanhToan_DatLich\wwwroot\lib\jquery-validation-unobtrusive\jquery.validate.unobtrusive.min.js.
         Adding endpoint lib/jquery-validation-unobtrusive/jquery.validate.unobtrusive.min.48y08845bh.js for asset C:\Users\DELL\OneDrive\Desktop\Web spa\Long(ThanhToan_DatLich\wwwroot\lib\jquery-validation-unobtrusive\jquery.validate.unobtrusive.min.js.
         Matched lib/bootstrap/dist/css/bootstrap-grid.min.css.map to text/plain using pattern *.map
         Adding endpoint lib/bootstrap/dist/css/bootstrap-grid.min.css.map for asset C:\Users\DELL\OneDrive\Desktop\Web spa\Long(ThanhToan_DatLich\wwwroot\lib\bootstrap\dist\css\bootstrap-grid.min.css.map.
         Matched lib/bootstrap/dist/css/bootstrap-reboot.rtl.css.map to text/plain using pattern *.map
         Matched lib/bootstrap/dist/css/bootstrap.css to text/css using pattern *.css
         Adding endpoint lib/bootstrap/dist/css/bootstrap-grid.min.css.5vj65cig9w.map for asset C:\Users\DELL\OneDrive\Desktop\Web spa\Long(ThanhToan_DatLich\wwwroot\lib\bootstrap\dist\css\bootstrap-grid.min.css.map.
         Matched lib/bootstrap/dist/css/bootstrap-reboot.rtl.css.map to text/plain using pattern *.map
         Matched lib/bootstrap/dist/css/bootstrap.css to text/css using pattern *.css
         Matched lib/jquery/dist/jquery.js to text/javascript using pattern *.js
         Adding endpoint lib/bootstrap/dist/css/bootstrap.css for asset C:\Users\DELL\OneDrive\Desktop\Web spa\Long(ThanhToan_DatLich\wwwroot\lib\bootstrap\dist\css\bootstrap.css.
         Adding endpoint lib/bootstrap/dist/css/bootstrap.ozu22stjof.css for asset C:\Users\DELL\OneDrive\Desktop\Web spa\Long(ThanhToan_DatLich\wwwroot\lib\bootstrap\dist\css\bootstrap.css.
         Adding endpoint lib/bootstrap/dist/css/bootstrap-reboot.rtl.css.map for asset C:\Users\DELL\OneDrive\Desktop\Web spa\Long(ThanhToan_DatLich\wwwroot\lib\bootstrap\dist\css\bootstrap-reboot.rtl.css.map.
         Adding endpoint lib/bootstrap/dist/css/bootstrap-reboot.rtl.css.cwzlr5n8x4.map for asset C:\Users\DELL\OneDrive\Desktop\Web spa\Long(ThanhToan_DatLich\wwwroot\lib\bootstrap\dist\css\bootstrap-reboot.rtl.css.map.
         Matched lib/jquery/dist/jquery.js to text/javascript using pattern *.js
         Adding endpoint lib/jquery/dist/jquery.js for asset C:\Users\DELL\OneDrive\Desktop\Web spa\Long(ThanhToan_DatLich\wwwroot\lib\jquery\dist\jquery.js.
         Adding endpoint lib/jquery/dist/jquery.7s2n0ol71w.js for asset C:\Users\DELL\OneDrive\Desktop\Web spa\Long(ThanhToan_DatLich\wwwroot\lib\jquery\dist\jquery.js.
         Matched lib/bootstrap/dist/css/bootstrap.css.map to text/plain using pattern *.map
         Matched lib/bootstrap/dist/css/bootstrap.min.css.map to text/plain using pattern *.map
         Matched lib/bootstrap/dist/css/bootstrap.min.css.map to text/plain using pattern *.map
         Adding endpoint lib/bootstrap/dist/css/bootstrap.min.css.map for asset C:\Users\DELL\OneDrive\Desktop\Web spa\Long(ThanhToan_DatLich\wwwroot\lib\bootstrap\dist\css\bootstrap.min.css.map.
         Matched lib/bootstrap/dist/css/bootstrap.css.map to text/plain using pattern *.map
         Adding endpoint lib/bootstrap/dist/css/bootstrap.min.css.8inm30yfxf.map for asset C:\Users\DELL\OneDrive\Desktop\Web spa\Long(ThanhToan_DatLich\wwwroot\lib\bootstrap\dist\css\bootstrap.min.css.map.
         Matched lib/jquery-validation/dist/jquery.validate.js to text/javascript using pattern *.js
         Adding endpoint lib/bootstrap/dist/css/bootstrap.css.map for asset C:\Users\DELL\OneDrive\Desktop\Web spa\Long(ThanhToan_DatLich\wwwroot\lib\bootstrap\dist\css\bootstrap.css.map.
         Matched lib/jquery/dist/jquery.min.js to text/javascript using pattern *.js
         Adding endpoint lib/bootstrap/dist/css/bootstrap.css.73kdqttayv.map for asset C:\Users\DELL\OneDrive\Desktop\Web spa\Long(ThanhToan_DatLich\wwwroot\lib\bootstrap\dist\css\bootstrap.css.map.
         Matched lib/jquery/dist/jquery.min.js to text/javascript using pattern *.js
         Adding endpoint lib/jquery/dist/jquery.min.js for asset C:\Users\DELL\OneDrive\Desktop\Web spa\Long(ThanhToan_DatLich\wwwroot\lib\jquery\dist\jquery.min.js.
         Matched lib/bootstrap/dist/css/bootstrap.rtl.css to text/css using pattern *.css
         Matched lib/bootstrap/dist/css/bootstrap-grid.rtl.css to text/css using pattern *.css
         Adding endpoint lib/jquery/dist/jquery.min.ehgnz7f14e.js for asset C:\Users\DELL\OneDrive\Desktop\Web spa\Long(ThanhToan_DatLich\wwwroot\lib\jquery\dist\jquery.min.js.
         Matched lib/bootstrap/dist/css/bootstrap.rtl.css to text/css using pattern *.css
         Adding endpoint lib/bootstrap/dist/css/bootstrap.rtl.css for asset C:\Users\DELL\OneDrive\Desktop\Web spa\Long(ThanhToan_DatLich\wwwroot\lib\bootstrap\dist\css\bootstrap.rtl.css.
         Adding endpoint lib/bootstrap/dist/css/bootstrap.rtl.gjcw7pocpk.css for asset C:\Users\DELL\OneDrive\Desktop\Web spa\Long(ThanhToan_DatLich\wwwroot\lib\bootstrap\dist\css\bootstrap.rtl.css.
         Matched lib/bootstrap/dist/js/bootstrap.esm.min.js.map to text/plain using pattern *.map
         Matched lib/bootstrap/dist/js/bootstrap.esm.min.js.map to text/plain using pattern *.map
         Adding endpoint lib/bootstrap/dist/js/bootstrap.esm.min.js.map for asset C:\Users\DELL\OneDrive\Desktop\Web spa\Long(ThanhToan_DatLich\wwwroot\lib\bootstrap\dist\js\bootstrap.esm.min.js.map.
         Matched lib/jquery/dist/jquery.min.map to text/plain using pattern *.map
         Adding endpoint lib/bootstrap/dist/js/bootstrap.esm.min.js.wsezl0heh6.map for asset C:\Users\DELL\OneDrive\Desktop\Web spa\Long(ThanhToan_DatLich\wwwroot\lib\bootstrap\dist\js\bootstrap.esm.min.js.map.
         Matched lib/bootstrap/dist/css/bootstrap-grid.rtl.css to text/css using pattern *.css
         Matched lib/bootstrap/dist/js/bootstrap.min.js to text/javascript using pattern *.js
         Matched lib/jquery/dist/jquery.min.map to text/plain using pattern *.map
         Adding endpoint lib/jquery/dist/jquery.min.map for asset C:\Users\DELL\OneDrive\Desktop\Web spa\Long(ThanhToan_DatLich\wwwroot\lib\jquery\dist\jquery.min.map.
         Adding endpoint lib/jquery/dist/jquery.min.5pze98is44.map for asset C:\Users\DELL\OneDrive\Desktop\Web spa\Long(ThanhToan_DatLich\wwwroot\lib\jquery\dist\jquery.min.map.
         Adding endpoint lib/bootstrap/dist/css/bootstrap-grid.rtl.css for asset C:\Users\DELL\OneDrive\Desktop\Web spa\Long(ThanhToan_DatLich\wwwroot\lib\bootstrap\dist\css\bootstrap-grid.rtl.css.
         Matched lib/bootstrap/dist/js/bootstrap.min.js to text/javascript using pattern *.js
         Adding endpoint lib/bootstrap/dist/css/bootstrap-grid.rtl.e6q6xbwqzk.css for asset C:\Users\DELL\OneDrive\Desktop\Web spa\Long(ThanhToan_DatLich\wwwroot\lib\bootstrap\dist\css\bootstrap-grid.rtl.css.
         Adding endpoint lib/bootstrap/dist/js/bootstrap.min.js for asset C:\Users\DELL\OneDrive\Desktop\Web spa\Long(ThanhToan_DatLich\wwwroot\lib\bootstrap\dist\js\bootstrap.min.js.
         Adding endpoint lib/bootstrap/dist/js/bootstrap.min.4908xmbfjr.js for asset C:\Users\DELL\OneDrive\Desktop\Web spa\Long(ThanhToan_DatLich\wwwroot\lib\bootstrap\dist\js\bootstrap.min.js.
         Matched lib/bootstrap/dist/js/bootstrap.js to text/javascript using pattern *.js
         Matched lib/bootstrap/dist/js/bootstrap.js to text/javascript using pattern *.js
         Adding endpoint lib/bootstrap/dist/js/bootstrap.js for asset C:\Users\DELL\OneDrive\Desktop\Web spa\Long(ThanhToan_DatLich\wwwroot\lib\bootstrap\dist\js\bootstrap.js.
         Matched lib/jquery/LICENSE.txt to text/plain using pattern *.txt
         Adding endpoint lib/bootstrap/dist/js/bootstrap.1piudyfv7h.js for asset C:\Users\DELL\OneDrive\Desktop\Web spa\Long(ThanhToan_DatLich\wwwroot\lib\bootstrap\dist\js\bootstrap.js.
         Matched lib/jquery/LICENSE.txt to text/plain using pattern *.txt
         Matched lib/jquery-validation/dist/jquery.validate.js to text/javascript using pattern *.js
         Adding endpoint lib/jquery/LICENSE.txt for asset C:\Users\DELL\OneDrive\Desktop\Web spa\Long(ThanhToan_DatLich\wwwroot\lib\jquery\LICENSE.txt.
         Adding endpoint lib/jquery/LICENSE.mlv21k5csn.txt for asset C:\Users\DELL\OneDrive\Desktop\Web spa\Long(ThanhToan_DatLich\wwwroot\lib\jquery\LICENSE.txt.
         Matched lib/bootstrap/dist/js/bootstrap.bundle.js.map to text/plain using pattern *.map
         Adding endpoint css/site.css for asset C:\Users\DELL\OneDrive\Desktop\Web spa\Long(ThanhToan_DatLich\wwwroot\css\site.css.
         Adding endpoint css/site.41vpb3zw5q.css for asset C:\Users\DELL\OneDrive\Desktop\Web spa\Long(ThanhToan_DatLich\wwwroot\css\site.css.
         Matched lib/bootstrap/dist/css/bootstrap-grid.css to text/css using pattern *.css
         Matched lib/bootstrap/dist/css/bootstrap-reboot.min.css.map to text/plain using pattern *.map
         Matched lib/bootstrap/dist/js/bootstrap.bundle.js.map to text/plain using pattern *.map
         Adding endpoint lib/bootstrap/dist/js/bootstrap.js.map for asset C:\Users\DELL\OneDrive\Desktop\Web spa\Long(ThanhToan_DatLich\wwwroot\lib\bootstrap\dist\js\bootstrap.js.map.
         Matched lib/bootstrap/dist/css/bootstrap-grid.css to text/css using pattern *.css
         Adding endpoint lib/bootstrap/dist/js/bootstrap.js.6ukhryfubh.map for asset C:\Users\DELL\OneDrive\Desktop\Web spa\Long(ThanhToan_DatLich\wwwroot\lib\bootstrap\dist\js\bootstrap.js.map.
         Adding endpoint lib/bootstrap/dist/css/bootstrap-reboot.min.css.map for asset C:\Users\DELL\OneDrive\Desktop\Web spa\Long(ThanhToan_DatLich\wwwroot\lib\bootstrap\dist\css\bootstrap-reboot.min.css.map.
         Matched lib/bootstrap/dist/css/bootstrap.rtl.min.css to text/css using pattern *.css
         Adding endpoint lib/bootstrap/dist/css/bootstrap-grid.css for asset C:\Users\DELL\OneDrive\Desktop\Web spa\Long(ThanhToan_DatLich\wwwroot\lib\bootstrap\dist\css\bootstrap-grid.css.
         Adding endpoint lib/bootstrap/dist/js/bootstrap.esm.min.js for asset C:\Users\DELL\OneDrive\Desktop\Web spa\Long(ThanhToan_DatLich\wwwroot\lib\bootstrap\dist\js\bootstrap.esm.min.js.
         Adding endpoint lib/bootstrap/dist/css/bootstrap-grid.nakmwdwsxp.css for asset C:\Users\DELL\OneDrive\Desktop\Web spa\Long(ThanhToan_DatLich\wwwroot\lib\bootstrap\dist\css\bootstrap-grid.css.
         Adding endpoint lib/bootstrap/dist/js/bootstrap.esm.min.jqwzsa9uv6.js for asset C:\Users\DELL\OneDrive\Desktop\Web spa\Long(ThanhToan_DatLich\wwwroot\lib\bootstrap\dist\js\bootstrap.esm.min.js.
         Adding endpoint lib/bootstrap/dist/css/bootstrap.rtl.min.css for asset C:\Users\DELL\OneDrive\Desktop\Web spa\Long(ThanhToan_DatLich\wwwroot\lib\bootstrap\dist\css\bootstrap.rtl.min.css.
         Matched lib/bootstrap/dist/js/bootstrap.min.js.map to text/plain using pattern *.map
         Adding endpoint lib/bootstrap/dist/css/bootstrap.rtl.min.6l4ir0ityv.css for asset C:\Users\DELL\OneDrive\Desktop\Web spa\Long(ThanhToan_DatLich\wwwroot\lib\bootstrap\dist\css\bootstrap.rtl.min.css.
         Matched lib/bootstrap/dist/js/bootstrap.min.js.map to text/plain using pattern *.map
         Matched lib/bootstrap/dist/css/bootstrap-reboot.rtl.min.css.map to text/plain using pattern *.map
         Adding endpoint lib/bootstrap/dist/js/bootstrap.min.js.map for asset C:\Users\DELL\OneDrive\Desktop\Web spa\Long(ThanhToan_DatLich\wwwroot\lib\bootstrap\dist\js\bootstrap.min.js.map.
         Adding endpoint lib/bootstrap/dist/js/bootstrap.min.js.u33ctipx7g.map for asset C:\Users\DELL\OneDrive\Desktop\Web spa\Long(ThanhToan_DatLich\wwwroot\lib\bootstrap\dist\js\bootstrap.min.js.map.
         Matched lib/bootstrap/dist/css/bootstrap-grid.css.map to text/plain using pattern *.map
         Adding endpoint lib/bootstrap/dist/css/bootstrap-reboot.rtl.min.css.map for asset C:\Users\DELL\OneDrive\Desktop\Web spa\Long(ThanhToan_DatLich\wwwroot\lib\bootstrap\dist\css\bootstrap-reboot.rtl.min.css.map.
         Adding endpoint lib/bootstrap/dist/css/bootstrap-reboot.rtl.min.css.wmug9u23qg.map for asset C:\Users\DELL\OneDrive\Desktop\Web spa\Long(ThanhToan_DatLich\wwwroot\lib\bootstrap\dist\css\bootstrap-reboot.rtl.min.css.map.
         Matched lib/bootstrap/dist/css/bootstrap-grid.css.map to text/plain using pattern *.map
         Adding endpoint lib/bootstrap/dist/css/bootstrap-grid.css.map for asset C:\Users\DELL\OneDrive\Desktop\Web spa\Long(ThanhToan_DatLich\wwwroot\lib\bootstrap\dist\css\bootstrap-grid.css.map.
         Matched lib/bootstrap/dist/js/bootstrap.esm.js.map to text/plain using pattern *.map
         Matched lib/bootstrap/dist/css/bootstrap.min.css to text/css using pattern *.css
         Matched lib/bootstrap/dist/css/bootstrap-utilities.css to text/css using pattern *.css
         Matched lib/bootstrap/dist/css/bootstrap.rtl.min.css.map to text/plain using pattern *.map
         Matched lib/bootstrap/dist/css/bootstrap-utilities.css to text/css using pattern *.css
         Adding endpoint lib/bootstrap/dist/js/bootstrap.esm.js.map for asset C:\Users\DELL\OneDrive\Desktop\Web spa\Long(ThanhToan_DatLich\wwwroot\lib\bootstrap\dist\js\bootstrap.esm.js.map.
         Adding endpoint lib/bootstrap/dist/js/bootstrap.esm.js.2lgwfvgpvi.map for asset C:\Users\DELL\OneDrive\Desktop\Web spa\Long(ThanhToan_DatLich\wwwroot\lib\bootstrap\dist\js\bootstrap.esm.js.map.
         Matched lib/bootstrap/dist/css/bootstrap.rtl.min.css.map to text/plain using pattern *.map
         Matched lib/bootstrap/dist/css/bootstrap.min.css to text/css using pattern *.css
         Adding endpoint lib/bootstrap/dist/css/bootstrap-utilities.css for asset C:\Users\DELL\OneDrive\Desktop\Web spa\Long(ThanhToan_DatLich\wwwroot\lib\bootstrap\dist\css\bootstrap-utilities.css.
         Adding endpoint lib/bootstrap/dist/css/bootstrap-utilities.z9shlbduue.css for asset C:\Users\DELL\OneDrive\Desktop\Web spa\Long(ThanhToan_DatLich\wwwroot\lib\bootstrap\dist\css\bootstrap-utilities.css.
         Adding endpoint js/site.js for asset C:\Users\DELL\OneDrive\Desktop\Web spa\Long(ThanhToan_DatLich\wwwroot\js\site.js.
         Adding endpoint lib/bootstrap/dist/css/bootstrap.rtl.min.css.map for asset C:\Users\DELL\OneDrive\Desktop\Web spa\Long(ThanhToan_DatLich\wwwroot\lib\bootstrap\dist\css\bootstrap.rtl.min.css.map.
         Adding endpoint js/site.d54hkp5ryr.js for asset C:\Users\DELL\OneDrive\Desktop\Web spa\Long(ThanhToan_DatLich\wwwroot\js\site.js.
         Adding endpoint lib/bootstrap/dist/css/bootstrap.min.css for asset C:\Users\DELL\OneDrive\Desktop\Web spa\Long(ThanhToan_DatLich\wwwroot\lib\bootstrap\dist\css\bootstrap.min.css.
         Adding endpoint lib/bootstrap/dist/css/bootstrap.rtl.min.css.fctod5rc9n.map for asset C:\Users\DELL\OneDrive\Desktop\Web spa\Long(ThanhToan_DatLich\wwwroot\lib\bootstrap\dist\css\bootstrap.rtl.min.css.map.
         Adding endpoint lib/bootstrap/dist/css/bootstrap-utilities.rtl.min.css.56d2bn4wt9.map for asset C:\Users\DELL\OneDrive\Desktop\Web spa\Long(ThanhToan_DatLich\wwwroot\lib\bootstrap\dist\css\bootstrap-utilities.rtl.min.css.map.
         Matched lib/bootstrap/dist/css/bootstrap-utilities.rtl.css.map to text/plain using pattern *.map
         Adding endpoint lib/jquery-validation/dist/jquery.validate.js for asset C:\Users\DELL\OneDrive\Desktop\Web spa\Long(ThanhToan_DatLich\wwwroot\lib\jquery-validation\dist\jquery.validate.js.
         Adding endpoint lib/jquery-validation/dist/jquery.validate.6d0lkjaslc.js for asset C:\Users\DELL\OneDrive\Desktop\Web spa\Long(ThanhToan_DatLich\wwwroot\lib\jquery-validation\dist\jquery.validate.js.
         Adding endpoint lib/bootstrap/dist/js/bootstrap.bundle.js.map for asset C:\Users\DELL\OneDrive\Desktop\Web spa\Long(ThanhToan_DatLich\wwwroot\lib\bootstrap\dist\js\bootstrap.bundle.js.map.
         Adding endpoint lib/bootstrap/dist/css/bootstrap-reboot.min.css.okkk44j0xs.map for asset C:\Users\DELL\OneDrive\Desktop\Web spa\Long(ThanhToan_DatLich\wwwroot\lib\bootstrap\dist\css\bootstrap-reboot.min.css.map.
         Adding endpoint lib/bootstrap/dist/js/bootstrap.bundle.js.kbynt5jhd9.map for asset C:\Users\DELL\OneDrive\Desktop\Web spa\Long(ThanhToan_DatLich\wwwroot\lib\bootstrap\dist\js\bootstrap.bundle.js.map.
         Adding endpoint lib/bootstrap/dist/css/bootstrap-grid.css.st1cbwfwo5.map for asset C:\Users\DELL\OneDrive\Desktop\Web spa\Long(ThanhToan_DatLich\wwwroot\lib\bootstrap\dist\css\bootstrap-grid.css.map.
         Matched lib/jquery-validation/dist/jquery.validate.min.js to text/javascript using pattern *.js
         Matched lib/jquery-validation/dist/jquery.validate.min.js to text/javascript using pattern *.js
         Adding endpoint lib/jquery-validation/dist/jquery.validate.min.js for asset C:\Users\DELL\OneDrive\Desktop\Web spa\Long(ThanhToan_DatLich\wwwroot\lib\jquery-validation\dist\jquery.validate.min.js.
         Adding endpoint lib/jquery-validation/dist/jquery.validate.min.l1zq2mitth.js for asset C:\Users\DELL\OneDrive\Desktop\Web spa\Long(ThanhToan_DatLich\wwwroot\lib\jquery-validation\dist\jquery.validate.min.js.
         Adding endpoint lib/bootstrap/dist/css/bootstrap.min.6gzpyzhau4.css for asset C:\Users\DELL\OneDrive\Desktop\Web spa\Long(ThanhToan_DatLich\wwwroot\lib\bootstrap\dist\css\bootstrap.min.css.
         Adding endpoint lib/bootstrap/dist/css/bootstrap-utilities.min.css.map for asset C:\Users\DELL\OneDrive\Desktop\Web spa\Long(ThanhToan_DatLich\wwwroot\lib\bootstrap\dist\css\bootstrap-utilities.min.css.map.
         Matched lib/jquery-validation/LICENSE.md to text/markdown using pattern *.md
         Adding endpoint lib/bootstrap/dist/css/bootstrap-utilities.min.css.vy0bq9ydhf.map for asset C:\Users\DELL\OneDrive\Desktop\Web spa\Long(ThanhToan_DatLich\wwwroot\lib\bootstrap\dist\css\bootstrap-utilities.min.css.map.
         Matched lib/jquery-validation/LICENSE.md to text/markdown using pattern *.md
         Adding endpoint lib/jquery-validation/LICENSE.md for asset C:\Users\DELL\OneDrive\Desktop\Web spa\Long(ThanhToan_DatLich\wwwroot\lib\jquery-validation\LICENSE.md.
         Adding endpoint lib/jquery-validation/LICENSE.x0q3zqp4vz.md for asset C:\Users\DELL\OneDrive\Desktop\Web spa\Long(ThanhToan_DatLich\wwwroot\lib\jquery-validation\LICENSE.md.
         Adding endpoint lib/bootstrap/dist/css/bootstrap-utilities.rtl.css.map for asset C:\Users\DELL\OneDrive\Desktop\Web spa\Long(ThanhToan_DatLich\wwwroot\lib\bootstrap\dist\css\bootstrap-utilities.rtl.css.map.
         Adding endpoint lib/bootstrap/dist/css/bootstrap-utilities.rtl.css.ab1c3rmv7g.map for asset C:\Users\DELL\OneDrive\Desktop\Web spa\Long(ThanhToan_DatLich\wwwroot\lib\bootstrap\dist\css\bootstrap-utilities.rtl.css.map.
         Matched lib/bootstrap/dist/js/bootstrap.bundle.min.js to text/javascript using pattern *.js
         Matched lib/bootstrap/dist/js/bootstrap.bundle.min.js to text/javascript using pattern *.js
         Adding endpoint lib/bootstrap/dist/js/bootstrap.bundle.min.js for asset C:\Users\DELL\OneDrive\Desktop\Web spa\Long(ThanhToan_DatLich\wwwroot\lib\bootstrap\dist\js\bootstrap.bundle.min.js.
         Adding endpoint lib/bootstrap/dist/js/bootstrap.bundle.min.89qbw8ngem.js for asset C:\Users\DELL\OneDrive\Desktop\Web spa\Long(ThanhToan_DatLich\wwwroot\lib\bootstrap\dist\js\bootstrap.bundle.min.js.
         Matched lib/bootstrap/dist/css/bootstrap-utilities.rtl.min.css to text/css using pattern *.css
         Matched lib/bootstrap/dist/css/bootstrap-utilities.rtl.min.css to text/css using pattern *.css
         Adding endpoint lib/bootstrap/dist/css/bootstrap-utilities.rtl.min.css for asset C:\Users\DELL\OneDrive\Desktop\Web spa\Long(ThanhToan_DatLich\wwwroot\lib\bootstrap\dist\css\bootstrap-utilities.rtl.min.css.
         Adding endpoint lib/bootstrap/dist/css/bootstrap-utilities.rtl.min.ik6i2hrs65.css for asset C:\Users\DELL\OneDrive\Desktop\Web spa\Long(ThanhToan_DatLich\wwwroot\lib\bootstrap\dist\css\bootstrap-utilities.rtl.min.css.
         Assembly loaded during TaskRun (Microsoft.AspNetCore.StaticWebAssets.Tasks.DefineStaticWebAssetEndpoints): System.IO.Pipelines, Version=9.0.0.0, Culture=neutral, PublicKeyToken=cc7b13ffcd2ddd51 (location: C:\Program Files\dotnet\shared\Microsoft.NETCore.App\9.0.11\System.IO.Pipelines.dll, MVID: 9ceccb58-dde6-484d-888c-f015f671bf61, AssemblyLoadContext: Default)
       Done executing task "DefineStaticWebAssetEndpoints".
   2:6>Done building target "ResolveProjectStaticWebAssets" in project "SpaN5.csproj".
   2:6>Target "AssignTargetPaths" in file "C:\Program Files\dotnet\sdk\9.0.308\Microsoft.Common.CurrentVersion.targets" from project "C:\Users\DELL\OneDrive\Desktop\Web spa\Long(ThanhToan_DatLich\SpaN5.csproj" (target "PrepareResourceNames" depends on it):
       Using "AssignTargetPath" task from assembly "Microsoft.Build.Tasks.Core, Version=15.1.0.0, Culture=neutral, PublicKeyToken=b03f5f7f11d50a3a".
       Task "AssignTargetPath"
       Done executing task "AssignTargetPath".
       Task "AssignTargetPath"
       Done executing task "AssignTargetPath".
       Task "AssignTargetPath"
       Done executing task "AssignTargetPath".
       Task "AssignTargetPath"
       Done executing task "AssignTargetPath".
       Task "AssignTargetPath" skipped, due to false condition; ('@(_DeploymentBaseManifestWithTargetPath)'=='' and '%(None.Extension)'=='.manifest') was evaluated as (''=='' and '.gitignore'=='.manifest').
       Task "AssignTargetPath" skipped, due to false condition; ('@(_DeploymentBaseManifestWithTargetPath)'=='' and '%(None.Extension)'=='.manifest') was evaluated as (''=='' and '.log'=='.manifest').
       Task "AssignTargetPath" skipped, due to false condition; ('@(_DeploymentBaseManifestWithTargetPath)'=='' and '%(None.Extension)'=='.manifest') was evaluated as (''=='' and '.txt'=='.manifest').
       Task "AssignTargetPath" skipped, due to false condition; ('@(_DeploymentBaseManifestWithTargetPath)'=='' and '%(None.Extension)'=='.manifest') was evaluated as (''=='' and '.dll'=='.manifest').
       Task "AssignTargetPath" skipped, due to false condition; ('@(_DeploymentBaseManifestWithTargetPath)'=='' and '%(None.Extension)'=='.manifest') was evaluated as (''=='' and '.exe'=='.manifest').
       Task "AssignTargetPath" skipped, due to false condition; ('@(_DeploymentBaseManifestWithTargetPath)'=='' and '%(None.Extension)'=='.manifest') was evaluated as (''=='' and '.pdb'=='.manifest').
       Task "AssignTargetPath" skipped, due to false condition; ('@(_DeploymentBaseManifestWithTargetPath)'=='' and '%(None.Extension)'=='.manifest') was evaluated as (''=='' and '.css'=='.manifest').
   2:6>Done building target "AssignTargetPaths" in project "SpaN5.csproj".
       Target "AssignTargetPaths" skipped. Previously built successfully.
   2:6>Target "SplitResourcesByCulture" in file "C:\Program Files\dotnet\sdk\9.0.308\Microsoft.Common.CurrentVersion.targets" from project "C:\Users\DELL\OneDrive\Desktop\Web spa\Long(ThanhToan_DatLich\SpaN5.csproj" (target "PrepareResourceNames" depends on it):
       Task "MSBuildInternalMessage" skipped, due to false condition; ('@(ResxWithNoCulture)'!='') was evaluated as (''!='').
       Task "MSBuildInternalMessage" skipped, due to false condition; ('@(ResxWithCulture)'!='') was evaluated as (''!='').
       Task "MSBuildInternalMessage" skipped, due to false condition; ('@(NonResxWithCulture)'!='') was evaluated as (''!='').
       Task "MSBuildInternalMessage" skipped, due to false condition; ('@(NonResxWithNoCulture)'!='') was evaluated as (''!='').
       Using "AssignCulture" task from assembly "Microsoft.Build.Tasks.Core, Version=15.1.0.0, Culture=neutral, PublicKeyToken=b03f5f7f11d50a3a".
       Task "AssignCulture"
       Done executing task "AssignCulture".
   2:6>Done building target "SplitResourcesByCulture" in project "SpaN5.csproj".
       Target "CreateManifestResourceNames" skipped, due to false condition; ('@(EmbeddedResource)' != '') was evaluated as ('' != '').
   2:6>Target "CreateCustomManifestResourceNames" in file "C:\Program Files\dotnet\sdk\9.0.308\Microsoft.Common.CurrentVersion.targets" from project "C:\Users\DELL\OneDrive\Desktop\Web spa\Long(ThanhToan_DatLich\SpaN5.csproj" (target "PrepareResourceNames" depends on it):
   2:6>Done building target "CreateCustomManifestResourceNames" in project "SpaN5.csproj".
   2:6>Target "PrepareResourceNames" in file "C:\Program Files\dotnet\sdk\9.0.308\Microsoft.Common.CurrentVersion.targets" from project "C:\Users\DELL\OneDrive\Desktop\Web spa\Long(ThanhToan_DatLich\SpaN5.csproj" (target "PrepareResources" depends on it):
   2:6>Done building target "PrepareResourceNames" in project "SpaN5.csproj".
       Target "ResolveAssemblyReferences" skipped. Previously built successfully.
       Target "SplitResourcesByCulture" skipped. Previously built successfully.
   2:6>Target "BeforeResGen" in file "C:\Program Files\dotnet\sdk\9.0.308\Microsoft.Common.CurrentVersion.targets" from project "C:\Users\DELL\OneDrive\Desktop\Web spa\Long(ThanhToan_DatLich\SpaN5.csproj" (target "ResGen" depends on it):
   2:6>Done building target "BeforeResGen" in project "SpaN5.csproj".
       Target "ResolveReferences" skipped. Previously built successfully.
   2:6>Target "FindReferenceAssembliesForReferences" in file "C:\Program Files\dotnet\sdk\9.0.308\Microsoft.Common.CurrentVersion.targets" from project "C:\Users\DELL\OneDrive\Desktop\Web spa\Long(ThanhToan_DatLich\SpaN5.csproj" (target "CoreResGen" depends on it):
   2:6>Done building target "FindReferenceAssembliesForReferences" in project "SpaN5.csproj".
   2:6>Target "CoreResGen" in file "C:\Program Files\dotnet\sdk\9.0.308\Microsoft.Common.CurrentVersion.targets" from project "C:\Users\DELL\OneDrive\Desktop\Web spa\Long(ThanhToan_DatLich\SpaN5.csproj" (target "ResGen" depends on it):
       Task "GenerateResource" skipped, due to false condition; ('%(EmbeddedResource.Type)' == 'Resx' and '%(EmbeddedResource.GenerateResource)' != 'false' and '$(GenerateResourceMSBuildRuntime)' != 'CLR2') was evaluated as ('' == 'Resx' and '' != 'false' and 'CurrentRuntime' != 'CLR2').
       Task "GenerateResource" skipped, due to false condition; ('%(EmbeddedResource.Type)' == 'Resx' and '%(EmbeddedResource.GenerateResource)' != 'false' and '$(GenerateResourceMSBuildRuntime)' == 'CLR2') was evaluated as ('' == 'Resx' and '' != 'false' and 'CurrentRuntime' == 'CLR2').
   2:6>Done building target "CoreResGen" in project "SpaN5.csproj".
   2:6>Target "AfterResGen" in file "C:\Program Files\dotnet\sdk\9.0.308\Microsoft.Common.CurrentVersion.targets" from project "C:\Users\DELL\OneDrive\Desktop\Web spa\Long(ThanhToan_DatLich\SpaN5.csproj" (target "ResGen" depends on it):
   2:6>Done building target "AfterResGen" in project "SpaN5.csproj".
   2:6>Target "ResGen" in file "C:\Program Files\dotnet\sdk\9.0.308\Microsoft.Common.CurrentVersion.targets" from project "C:\Users\DELL\OneDrive\Desktop\Web spa\Long(ThanhToan_DatLich\SpaN5.csproj" (target "PrepareResources" depends on it):
   2:6>Done building target "ResGen" in project "SpaN5.csproj".
       Target "CompileLicxFiles" skipped, due to false condition; ('@(_LicxFile)'!='') was evaluated as (''!='').
   2:6>Target "PrepareResources" in file "C:\Program Files\dotnet\sdk\9.0.308\Microsoft.Common.CurrentVersion.targets" from project "C:\Users\DELL\OneDrive\Desktop\Web spa\Long(ThanhToan_DatLich\SpaN5.csproj" (target "CoreBuild" depends on it):
   2:6>Done building target "PrepareResources" in project "SpaN5.csproj".
       Target "ResolveKeySource" skipped, due to false condition; ($(SignManifests) == 'true' or $(SignAssembly) == 'true') was evaluated as ( == 'true' or false == 'true').
       Target "ResolveReferences" skipped. Previously built successfully.
       Target "ResolveKeySource" skipped, due to false condition; ($(SignManifests) == 'true' or $(SignAssembly) == 'true') was evaluated as ( == 'true' or false == 'true').
       Target "ResolveComReferences" skipped, due to false condition; ('@(COMReference)'!='' or '@(COMFileReference)'!='') was evaluated as (''!='' or ''!='').
       Target "ResolveNativeReferences" skipped, due to false condition; ('@(NativeReference)'!='') was evaluated as (''!='').
       Target "_SetExternalWin32ManifestProperties" skipped, due to false condition; ('$(GenerateClickOnceManifests)'=='true' or '@(NativeReference)'!='' or '@(ResolvedIsolatedComModules)'!='') was evaluated as (''=='true' or ''!='' or ''!='').
   2:6>Target "_SetEmbeddedWin32ManifestProperties" in file "C:\Program Files\dotnet\sdk\9.0.308\Microsoft.Common.CurrentVersion.targets" from project "C:\Users\DELL\OneDrive\Desktop\Web spa\Long(ThanhToan_DatLich\SpaN5.csproj" (target "SetWin32ManifestProperties" depends on it):
       Using "GetFrameworkPath" task from assembly "Microsoft.Build.Tasks.Core, Version=15.1.0.0, Culture=neutral, PublicKeyToken=b03f5f7f11d50a3a".
       Task "GetFrameworkPath"
       Done executing task "GetFrameworkPath".
   2:6>Done building target "_SetEmbeddedWin32ManifestProperties" in project "SpaN5.csproj".
   2:6>Target "SetWin32ManifestProperties" in file "C:\Program Files\dotnet\sdk\9.0.308\Microsoft.Common.CurrentVersion.targets" from project "C:\Users\DELL\OneDrive\Desktop\Web spa\Long(ThanhToan_DatLich\SpaN5.csproj" (target "Compile" depends on it):
   2:6>Done building target "SetWin32ManifestProperties" in project "SpaN5.csproj".
       Target "_SetPreferNativeArm64Win32ManifestProperties" skipped, due to false condition; ( '$(PreferNativeArm64)'=='true' and '$(NoWin32Manifest)'!='true') was evaluated as ( 'false'=='true' and ''!='true').
       Target "FindReferenceAssembliesForReferences" skipped. Previously built successfully.
   2:6>Target "_GenerateCompileInputs" in file "C:\Program Files\dotnet\sdk\9.0.308\Microsoft.Common.CurrentVersion.targets" from project "C:\Users\DELL\OneDrive\Desktop\Web spa\Long(ThanhToan_DatLich\SpaN5.csproj" (target "Compile" depends on it):
       Task "MSBuildInternalMessage" skipped, due to false condition; ('@(ManifestResourceWithNoCulture)'!='' and '%(ManifestResourceWithNoCulture.EmittedForCompatibilityOnly)'=='') was evaluated as (''!='' and ''=='').
       Task "MSBuildInternalMessage" skipped, due to false condition; ('@(ManifestNonResxWithNoCultureOnDisk)'!='' and '%(ManifestNonResxWithNoCultureOnDisk.EmittedForCompatibilityOnly)'=='') was evaluated as (''!='' and ''=='').
   2:6>Done building target "_GenerateCompileInputs" in project "SpaN5.csproj".
       Target "PrepareForBuild" skipped. Previously built successfully.
   2:6>Target "ResolveRazorConfiguration" in file "C:\Program Files\dotnet\sdk\9.0.308\Sdks\Microsoft.NET.Sdk.Razor\targets\Sdk.Razor.CurrentVersion.targets" from project "C:\Users\DELL\OneDrive\Desktop\Web spa\Long(ThanhToan_DatLich\SpaN5.csproj" (target "PrepareForRazorGenerate" depends on it):
       Task "Warning" skipped, due to false condition; ('$(_Targeting30OrNewerRazorLangVersion)' == 'true' AND '@(ResolvedRazorConfiguration->Count())' == '0') was evaluated as ('true' == 'true' AND '1' == '0').
       Task "Warning" skipped, due to false condition; ('$(_Targeting30OrNewerRazorLangVersion)' == 'true' AND '@(ResolvedRazorConfiguration->Count())' > '1') was evaluated as ('true' == 'true' AND '1' > '1').
       Task "Warning" skipped, due to false condition; ('$(_Targeting30OrNewerRazorLangVersion)' != 'true' AND '$(_TargetingNETCoreApp30OrLater)' == 'true') was evaluated as ('true' != 'true' AND 'true' == 'true').
       Using "FindInList" task from assembly "Microsoft.Build.Tasks.Core, Version=15.1.0.0, Culture=neutral, PublicKeyToken=b03f5f7f11d50a3a".
       Task "FindInList"
         Found "MVC-3.0".
       Done executing task "FindInList".
   2:6>Done building target "ResolveRazorConfiguration" in project "SpaN5.csproj".
       Target "ResolveRazorGenerateInputs" skipped. Previously built successfully.
   2:6>Target "ResolveScopedCssInputs" in file "C:\Program Files\dotnet\sdk\9.0.308\Sdks\Microsoft.NET.Sdk.StaticWebAssets\targets\Microsoft.NET.Sdk.StaticWebAssets.ScopedCss.targets" from project "C:\Users\DELL\OneDrive\Desktop\Web spa\Long(ThanhToan_DatLich\SpaN5.csproj" (target "ComputeCssScope" depends on it):
       Using "DiscoverDefaultScopedCssItems" task from assembly "C:\Program Files\dotnet\sdk\9.0.308\Sdks\Microsoft.NET.Sdk.StaticWebAssets\targets\..\tasks\net9.0\Microsoft.NET.Sdk.StaticWebAssets.Tasks.dll".
       Task "DiscoverDefaultScopedCssItems"
       Done executing task "DiscoverDefaultScopedCssItems".
   2:6>Done building target "ResolveScopedCssInputs" in project "SpaN5.csproj".
   2:6>Target "ComputeCssScope" in file "C:\Program Files\dotnet\sdk\9.0.308\Sdks\Microsoft.NET.Sdk.StaticWebAssets\targets\Microsoft.NET.Sdk.StaticWebAssets.ScopedCss.targets" from project "C:\Users\DELL\OneDrive\Desktop\Web spa\Long(ThanhToan_DatLich\SpaN5.csproj" (target "ResolveCssScopes" depends on it):
       Using "ComputeCssScope" task from assembly "C:\Program Files\dotnet\sdk\9.0.308\Sdks\Microsoft.NET.Sdk.StaticWebAssets\targets\..\tasks\net9.0\Microsoft.NET.Sdk.StaticWebAssets.Tasks.dll".
       Task "ComputeCssScope"
       Done executing task "ComputeCssScope".
   2:6>Done building target "ComputeCssScope" in project "SpaN5.csproj".
   2:6>Target "ResolveRazorComponentInputs" in file "C:\Program Files\dotnet\sdk\9.0.308\Sdks\Microsoft.NET.Sdk.Razor\targets\Sdk.Razor.CurrentVersion.targets" from project "C:\Users\DELL\OneDrive\Desktop\Web spa\Long(ThanhToan_DatLich\SpaN5.csproj" (target "ResolveCssScopes" depends on it):
   2:6>Done building target "ResolveRazorComponentInputs" in project "SpaN5.csproj".
       Target "ResolveRazorGenerateInputs" skipped. Previously built successfully.
   2:6>Target "ResolveCssScopes" in file "C:\Program Files\dotnet\sdk\9.0.308\Sdks\Microsoft.NET.Sdk.Razor\targets\Sdk.Razor.CurrentVersion.targets" from project "C:\Users\DELL\OneDrive\Desktop\Web spa\Long(ThanhToan_DatLich\SpaN5.csproj" (target "AssignRazorGenerateTargetPaths" depends on it):
       Using "ApplyCssScopes" task from assembly "C:\Program Files\dotnet\sdk\9.0.308\Sdks\Microsoft.NET.Sdk.StaticWebAssets\targets\..\tasks\net9.0\Microsoft.NET.Sdk.StaticWebAssets.Tasks.dll".
       Task "ApplyCssScopes"
       Done executing task "ApplyCssScopes".
   2:6>Done building target "ResolveCssScopes" in project "SpaN5.csproj".
   2:6>Target "AssignRazorGenerateTargetPaths" in file "C:\Program Files\dotnet\sdk\9.0.308\Sdks\Microsoft.NET.Sdk.Razor\targets\Sdk.Razor.CurrentVersion.targets" from project "C:\Users\DELL\OneDrive\Desktop\Web spa\Long(ThanhToan_DatLich\SpaN5.csproj" (target "PrepareForRazorGenerate" depends on it):
       Task "AssignTargetPath"
       Done executing task "AssignTargetPath".
   2:6>Done building target "AssignRazorGenerateTargetPaths" in project "SpaN5.csproj".
   2:6>Target "_ResolveGeneratedRazorCompileInputs" in file "C:\Program Files\dotnet\sdk\9.0.308\Sdks\Microsoft.NET.Sdk.Razor\targets\Sdk.Razor.CurrentVersion.targets" from project "C:\Users\DELL\OneDrive\Desktop\Web spa\Long(ThanhToan_DatLich\SpaN5.csproj" (target "PrepareForRazorGenerate" depends on it):
   2:6>Done building target "_ResolveGeneratedRazorCompileInputs" in project "SpaN5.csproj".
       Target "_CheckForIncorrectMvcConfiguration" skipped, due to false condition; ('@(ResolvedRazorConfiguration)' == 'Default' AND
             ('$(RazorCompileOnBuild)' == 'true' OR '$(RazorCompileOnPublish)' =='true') AND
             '@(RazorGenerate->Count())' != '0' AND
             '$(_Targeting30OrNewerRazorLangVersion)' == 'true' AND
             '$(_IsTargetingRazor2X)' != 'true') was evaluated as ('MVC-3.0' == 'Default' AND
             ('true' == 'true' OR 'true' =='true') AND
             '15' != '0' AND
             'true' == 'true' AND
             '' != 'true').
   2:6>Target "PrepareForRazorGenerate" in file "C:\Program Files\dotnet\sdk\9.0.308\Sdks\Microsoft.NET.Sdk.Razor\targets\Sdk.Razor.CurrentVersion.targets" from project "C:\Users\DELL\OneDrive\Desktop\Web spa\Long(ThanhToan_DatLich\SpaN5.csproj" (target "_PrepareRazorSourceGenerators" depends on it):
   2:6>Done building target "PrepareForRazorGenerate" in project "SpaN5.csproj".
       Target "ResolveRazorConfiguration" skipped. Previously built successfully.
       Target "ResolveRazorComponentInputs" skipped. Previously built successfully.
       Target "_CheckForIncorrectComponentsConfiguration" skipped, due to false condition; (('$(RazorCompileOnBuild)' == 'true' OR '$(RazorCompileOnPublish)' =='true') AND
             '@(RazorComponent->Count())' != '0' AND
             '$(_Targeting30OrNewerRazorLangVersion)' != 'true' AND
             '$(_IsTargetingRazor2X)' != 'true') was evaluated as (('true' == 'true' OR 'true' =='true') AND
             '3' != '0' AND
             'true' != 'true' AND
             '' != 'true').
   2:6>Target "AssignRazorComponentTargetPaths" in file "C:\Program Files\dotnet\sdk\9.0.308\Sdks\Microsoft.NET.Sdk.Razor\targets\Sdk.Razor.CurrentVersion.targets" from project "C:\Users\DELL\OneDrive\Desktop\Web spa\Long(ThanhToan_DatLich\SpaN5.csproj" (target "PrepareForRazorComponentGenerate" depends on it):
       Task "AssignTargetPath"
       Done executing task "AssignTargetPath".
   2:6>Done building target "AssignRazorComponentTargetPaths" in project "SpaN5.csproj".
   2:6>Target "PrepareForRazorComponentGenerate" in file "C:\Program Files\dotnet\sdk\9.0.308\Sdks\Microsoft.NET.Sdk.Razor\targets\Sdk.Razor.CurrentVersion.targets" from project "C:\Users\DELL\OneDrive\Desktop\Web spa\Long(ThanhToan_DatLich\SpaN5.csproj" (target "_PrepareRazorSourceGenerators" depends on it):
   2:6>Done building target "PrepareForRazorComponentGenerate" in project "SpaN5.csproj".
   2:6>Target "_PrepareRazorSourceGenerators" in file "C:\Program Files\dotnet\sdk\9.0.308\Sdks\Microsoft.NET.Sdk.Razor\targets\Microsoft.NET.Sdk.Razor.SourceGenerators.targets" from project "C:\Users\DELL\OneDrive\Desktop\Web spa\Long(ThanhToan_DatLich\SpaN5.csproj" (target "GenerateMSBuildEditorConfigFileShouldRun" depends on it):
       Using "EncodeRazorInputItem" task from assembly "C:\Program Files\dotnet\sdk\9.0.308\Sdks\Microsoft.NET.Sdk.Razor\targets\..\tasks\net9.0\Microsoft.NET.Sdk.Razor.Tasks.dll".
       Task "EncodeRazorInputItem"
       Done executing task "EncodeRazorInputItem".
   2:6>Done building target "_PrepareRazorSourceGenerators" in project "SpaN5.csproj".
   2:6>Target "GenerateMSBuildEditorConfigFileShouldRun" in file "C:\Program Files\dotnet\sdk\9.0.308\Roslyn\Microsoft.Managed.Core.targets" from project "C:\Users\DELL\OneDrive\Desktop\Web spa\Long(ThanhToan_DatLich\SpaN5.csproj" (target "GenerateMSBuildEditorConfigFile" depends on it):
   2:6>Done building target "GenerateMSBuildEditorConfigFileShouldRun" in project "SpaN5.csproj".
   2:6>Target "AddGlobalAnalyzerConfigForPackage_MicrosoftCodeAnalysisCSharpCodeStyle" in file "C:\Program Files\dotnet\sdk\9.0.308\Sdks\Microsoft.NET.Sdk\codestyle\cs\build\Microsoft.CodeAnalysis.CSharp.CodeStyle.targets" from project "C:\Users\DELL\OneDrive\Desktop\Web spa\Long(ThanhToan_DatLich\SpaN5.csproj" (target "GenerateMSBuildEditorConfigFileCore" depends on it):
   2:6>Done building target "AddGlobalAnalyzerConfigForPackage_MicrosoftCodeAnalysisCSharpCodeStyle" in project "SpaN5.csproj".
   2:6>Target "GenerateMSBuildEditorConfigFileCore" in file "C:\Program Files\dotnet\sdk\9.0.308\Roslyn\Microsoft.Managed.Core.targets" from project "C:\Users\DELL\OneDrive\Desktop\Web spa\Long(ThanhToan_DatLich\SpaN5.csproj" (target "GenerateMSBuildEditorConfigFile" depends on it):
       Building target "GenerateMSBuildEditorConfigFileCore" completely.
       No input files were specified.
       Using "GenerateMSBuildEditorConfig" task from assembly "C:\Program Files\dotnet\sdk\9.0.308\Roslyn\Microsoft.Build.Tasks.CodeAnalysis.dll".
       Task "GenerateMSBuildEditorConfig"
       Done executing task "GenerateMSBuildEditorConfig".
   2:6>Done building target "GenerateMSBuildEditorConfigFileCore" in project "SpaN5.csproj".
   2:6>Target "GenerateMSBuildEditorConfigFile" in file "C:\Program Files\dotnet\sdk\9.0.308\Roslyn\Microsoft.Managed.Core.targets" from project "C:\Users\DELL\OneDrive\Desktop\Web spa\Long(ThanhToan_DatLich\SpaN5.csproj" (target "BeforeCompile" depends on it):
   2:6>Done building target "GenerateMSBuildEditorConfigFile" in project "SpaN5.csproj".
       Target "PrepareForBuild" skipped. Previously built successfully.
       Target "GetReferenceAssemblyPaths" skipped. Previously built successfully.
   2:6>Target "_SetTargetFrameworkMonikerAttribute" in file "C:\Program Files\dotnet\sdk\9.0.308\Microsoft.CSharp.CurrentVersion.targets" from project "C:\Users\DELL\OneDrive\Desktop\Web spa\Long(ThanhToan_DatLich\SpaN5.csproj" (target "GenerateTargetFrameworkMonikerAttribute" depends on it):
   2:6>Done building target "_SetTargetFrameworkMonikerAttribute" in project "SpaN5.csproj".
   2:6>Target "GenerateTargetFrameworkMonikerAttribute" in file "C:\Program Files\dotnet\sdk\9.0.308\Microsoft.Common.CurrentVersion.targets" from project "C:\Users\DELL\OneDrive\Desktop\Web spa\Long(ThanhToan_DatLich\SpaN5.csproj" (target "BeforeCompile" depends on it):
       Skipping target "GenerateTargetFrameworkMonikerAttribute" because all output files are up-to-date with respect to the input files.
       Input files: C:\Program Files\dotnet\sdk\9.0.308\Microsoft.Common.targets
       Output files: obj\Debug\net8.0\.NETCoreApp,Version=v8.0.AssemblyAttributes.cs
   2:6>Done building target "GenerateTargetFrameworkMonikerAttribute" in project "SpaN5.csproj".
       Target "GenerateAdditionalSources" skipped, due to false condition; ('@(AssemblyAttributes)' != '' and '$(GenerateAdditionalSources)' == 'true') was evaluated as ('' != '' and '' == 'true').
       Target "PrepareForBuild" skipped. Previously built successfully.
   2:6>Target "GetAssemblyVersion" in file "C:\Program Files\dotnet\sdk\9.0.308\Sdks\Microsoft.NET.Sdk\targets\Microsoft.NET.GenerateAssemblyInfo.targets" from project "C:\Users\DELL\OneDrive\Desktop\Web spa\Long(ThanhToan_DatLich\SpaN5.csproj" (target "GetAssemblyAttributes" depends on it):
       Using "GetAssemblyVersion" task from assembly "C:\Program Files\dotnet\sdk\9.0.308\Sdks\Microsoft.NET.Sdk\targets\..\tools\net9.0\Microsoft.NET.Build.Tasks.dll".
       Task "GetAssemblyVersion"
       Done executing task "GetAssemblyVersion".
   2:6>Done building target "GetAssemblyVersion" in project "SpaN5.csproj".
   2:6>Target "InitializeSourceControlInformationFromSourceControlManager" in file "C:\Program Files\dotnet\sdk\9.0.308\Sdks\Microsoft.Build.Tasks.Git\build\Microsoft.Build.Tasks.Git.targets" from project "C:\Users\DELL\OneDrive\Desktop\Web spa\Long(ThanhToan_DatLich\SpaN5.csproj" (target "_InitializeSourceControlInformationFromSourceControlManager" depends on it):
       Using "Microsoft.Build.Tasks.Git.LocateRepository" task from assembly "C:\Program Files\dotnet\sdk\9.0.308\Sdks\Microsoft.Build.Tasks.Git\build\..\tools\net\Microsoft.Build.Tasks.Git.dll".
       Task "Microsoft.Build.Tasks.Git.LocateRepository"
         SourceLink: Repository instance not found in cache: '*:C:\Users\DELL\OneDrive\Desktop\Web spa\Long(ThanhToan_DatLich\.git'
       Done executing task "Microsoft.Build.Tasks.Git.LocateRepository".
   2:6>Done building target "InitializeSourceControlInformationFromSourceControlManager" in project "SpaN5.csproj".
   2:6>Target "_SourceLinkHasSingleProvider" in file "C:\Program Files\dotnet\sdk\9.0.308\Sdks\Microsoft.SourceLink.Common\build\InitializeSourceControlInformation.targets" from project "C:\Users\DELL\OneDrive\Desktop\Web spa\Long(ThanhToan_DatLich\SpaN5.csproj" (target "_InitializeSourceControlInformationFromSourceControlManager" depends on it):
       Assembly loaded during TaskRun: Microsoft.SourceLink.Common, Version=9.0.11.11701, Culture=neutral, PublicKeyToken=31bf3856ad364e35 (location: C:\Program Files\dotnet\sdk\9.0.308\Sdks\Microsoft.SourceLink.Common\tools\net\Microsoft.SourceLink.Common.dll, MVID: e7b93933-92ac-4eda-8ab8-a1e1c543bfb2, AssemblyLoadContext: MSBuild plugin C:\Program Files\dotnet\sdk\9.0.308\Sdks\Microsoft.SourceLink.Common\tools\net\Microsoft.SourceLink.Common.dll)
       Using "Microsoft.SourceLink.Common.SourceLinkHasSingleProvider" task from assembly "C:\Program Files\dotnet\sdk\9.0.308\Sdks\Microsoft.SourceLink.Common\build\..\tools\net\Microsoft.SourceLink.Common.dll".
       Task "Microsoft.SourceLink.Common.SourceLinkHasSingleProvider"
       Done executing task "Microsoft.SourceLink.Common.SourceLinkHasSingleProvider".
   2:6>Done building target "_SourceLinkHasSingleProvider" in project "SpaN5.csproj".
   2:6>Target "TranslateGitHubUrlsInSourceControlInformation" in file "C:\Program Files\dotnet\sdk\9.0.308\Sdks\Microsoft.SourceLink.GitHub\build\Microsoft.SourceLink.GitHub.targets" from project "C:\Users\DELL\OneDrive\Desktop\Web spa\Long(ThanhToan_DatLich\SpaN5.csproj" (target "_InitializeSourceControlInformationFromSourceControlManager" depends on it):
       Assembly loaded during TaskRun: Microsoft.SourceLink.GitHub, Version=9.0.11.11701, Culture=neutral, PublicKeyToken=31bf3856ad364e35 (location: C:\Program Files\dotnet\sdk\9.0.308\Sdks\Microsoft.SourceLink.GitHub\tools\net\Microsoft.SourceLink.GitHub.dll, MVID: de6eb21e-3e60-4c55-84da-db4085852056, AssemblyLoadContext: MSBuild plugin C:\Program Files\dotnet\sdk\9.0.308\Sdks\Microsoft.SourceLink.GitHub\tools\net\Microsoft.SourceLink.GitHub.dll)
       Using "Microsoft.SourceLink.GitHub.TranslateRepositoryUrls" task from assembly "C:\Program Files\dotnet\sdk\9.0.308\Sdks\Microsoft.SourceLink.GitHub\build\..\tools\net\Microsoft.SourceLink.GitHub.dll".
       Task "Microsoft.SourceLink.GitHub.TranslateRepositoryUrls"
       Done executing task "Microsoft.SourceLink.GitHub.TranslateRepositoryUrls".
   2:6>Done building target "TranslateGitHubUrlsInSourceControlInformation" in project "SpaN5.csproj".
   2:6>Target "TranslateGitLabUrlsInSourceControlInformation" in file "C:\Program Files\dotnet\sdk\9.0.308\Sdks\Microsoft.SourceLink.GitLab\build\Microsoft.SourceLink.GitLab.targets" from project "C:\Users\DELL\OneDrive\Desktop\Web spa\Long(ThanhToan_DatLich\SpaN5.csproj" (target "_InitializeSourceControlInformationFromSourceControlManager" depends on it):
       Assembly loaded during TaskRun: Microsoft.SourceLink.GitLab, Version=9.0.11.11701, Culture=neutral, PublicKeyToken=31bf3856ad364e35 (location: C:\Program Files\dotnet\sdk\9.0.308\Sdks\Microsoft.SourceLink.GitLab\tools\net\Microsoft.SourceLink.GitLab.dll, MVID: ccdddc0a-7879-4673-a23d-bd877ae513a4, AssemblyLoadContext: MSBuild plugin C:\Program Files\dotnet\sdk\9.0.308\Sdks\Microsoft.SourceLink.GitLab\tools\net\Microsoft.SourceLink.GitLab.dll)
       Using "Microsoft.SourceLink.GitLab.TranslateRepositoryUrls" task from assembly "C:\Program Files\dotnet\sdk\9.0.308\Sdks\Microsoft.SourceLink.GitLab\build\..\tools\net\Microsoft.SourceLink.GitLab.dll".
       Task "Microsoft.SourceLink.GitLab.TranslateRepositoryUrls"
       Done executing task "Microsoft.SourceLink.GitLab.TranslateRepositoryUrls".
   2:6>Done building target "TranslateGitLabUrlsInSourceControlInformation" in project "SpaN5.csproj".
   2:6>Target "TranslateAzureReposGitUrlsInSourceControlInformation" in file "C:\Program Files\dotnet\sdk\9.0.308\Sdks\Microsoft.SourceLink.AzureRepos.Git\build\Microsoft.SourceLink.AzureRepos.Git.targets" from project "C:\Users\DELL\OneDrive\Desktop\Web spa\Long(ThanhToan_DatLich\SpaN5.csproj" (target "_InitializeSourceControlInformationFromSourceControlManager" depends on it):
       Assembly loaded during TaskRun: Microsoft.SourceLink.AzureRepos.Git, Version=9.0.11.11701, Culture=neutral, PublicKeyToken=31bf3856ad364e35 (location: C:\Program Files\dotnet\sdk\9.0.308\Sdks\Microsoft.SourceLink.AzureRepos.Git\tools\net\Microsoft.SourceLink.AzureRepos.Git.dll, MVID: cc8362fa-d14c-4e8c-a855-a55f196817ae, AssemblyLoadContext: MSBuild plugin C:\Program Files\dotnet\sdk\9.0.308\Sdks\Microsoft.SourceLink.AzureRepos.Git\tools\net\Microsoft.SourceLink.AzureRepos.Git.dll)
       Using "Microsoft.SourceLink.AzureRepos.Git.TranslateRepositoryUrls" task from assembly "C:\Program Files\dotnet\sdk\9.0.308\Sdks\Microsoft.SourceLink.AzureRepos.Git\build\..\tools\net\Microsoft.SourceLink.AzureRepos.Git.dll".
       Task "Microsoft.SourceLink.AzureRepos.Git.TranslateRepositoryUrls"
       Done executing task "Microsoft.SourceLink.AzureRepos.Git.TranslateRepositoryUrls".
   2:6>Done building target "TranslateAzureReposGitUrlsInSourceControlInformation" in project "SpaN5.csproj".
   2:6>Target "TranslateBitbucketGitUrlsInSourceControlInformation" in file "C:\Program Files\dotnet\sdk\9.0.308\Sdks\Microsoft.SourceLink.Bitbucket.Git\build\Microsoft.SourceLink.Bitbucket.Git.targets" from project "C:\Users\DELL\OneDrive\Desktop\Web spa\Long(ThanhToan_DatLich\SpaN5.csproj" (target "_InitializeSourceControlInformationFromSourceControlManager" depends on it):
       Assembly loaded during TaskRun: Microsoft.SourceLink.Bitbucket.Git, Version=9.0.11.11701, Culture=neutral, PublicKeyToken=31bf3856ad364e35 (location: C:\Program Files\dotnet\sdk\9.0.308\Sdks\Microsoft.SourceLink.Bitbucket.Git\tools\net\Microsoft.SourceLink.Bitbucket.Git.dll, MVID: 633cbf61-44e1-4706-8334-7e18ba081963, AssemblyLoadContext: MSBuild plugin C:\Program Files\dotnet\sdk\9.0.308\Sdks\Microsoft.SourceLink.Bitbucket.Git\tools\net\Microsoft.SourceLink.Bitbucket.Git.dll)
       Using "Microsoft.SourceLink.Bitbucket.Git.TranslateRepositoryUrls" task from assembly "C:\Program Files\dotnet\sdk\9.0.308\Sdks\Microsoft.SourceLink.Bitbucket.Git\build\..\tools\net\Microsoft.SourceLink.Bitbucket.Git.dll".
       Task "Microsoft.SourceLink.Bitbucket.Git.TranslateRepositoryUrls"
       Done executing task "Microsoft.SourceLink.Bitbucket.Git.TranslateRepositoryUrls".
   2:6>Done building target "TranslateBitbucketGitUrlsInSourceControlInformation" in project "SpaN5.csproj".
   2:6>Target "SourceControlManagerPublishTranslatedUrls" in file "C:\Program Files\dotnet\sdk\9.0.308\Sdks\Microsoft.SourceLink.Common\build\InitializeSourceControlInformation.targets" from project "C:\Users\DELL\OneDrive\Desktop\Web spa\Long(ThanhToan_DatLich\SpaN5.csproj" (target "_InitializeSourceControlInformationFromSourceControlManager" depends on it):
   2:6>Done building target "SourceControlManagerPublishTranslatedUrls" in project "SpaN5.csproj".
   2:6>Target "_InitializeSourceControlInformationFromSourceControlManager" in file "C:\Program Files\dotnet\sdk\9.0.308\Sdks\Microsoft.SourceLink.Common\build\InitializeSourceControlInformation.targets" from project "C:\Users\DELL\OneDrive\Desktop\Web spa\Long(ThanhToan_DatLich\SpaN5.csproj" (target "InitializeSourceControlInformation" depends on it):
   2:6>Done building target "_InitializeSourceControlInformationFromSourceControlManager" in project "SpaN5.csproj".
   2:6>Target "InitializeSourceControlInformation" in file "C:\Program Files\dotnet\sdk\9.0.308\Microsoft.Common.CurrentVersion.targets" from project "C:\Users\DELL\OneDrive\Desktop\Web spa\Long(ThanhToan_DatLich\SpaN5.csproj" (target "GetAssemblyAttributes" depends on it):
   2:6>Done building target "InitializeSourceControlInformation" in project "SpaN5.csproj".
       Target "GetAssemblyVersion" skipped. Previously built successfully.
       Target "InitializeSourceControlInformation" skipped. Previously built successfully.
   2:6>Target "AddSourceRevisionToInformationalVersion" in file "C:\Program Files\dotnet\sdk\9.0.308\Sdks\Microsoft.NET.Sdk\targets\Microsoft.NET.GenerateAssemblyInfo.targets" from project "C:\Users\DELL\OneDrive\Desktop\Web spa\Long(ThanhToan_DatLich\SpaN5.csproj" (target "GetAssemblyAttributes" depends on it):
       C:\Program Files\dotnet\sdk\9.0.308\Sdks\Microsoft.NET.Sdk\targets\Microsoft.NET.GenerateAssemblyInfo.targets(70,7): message : Property reassignment: $(InformationalVersion)="1.0.0+bd691fb54a499978eaa702a9adf3ec12edf6956d" (previous value: "1.0.0") at C:\Program Files\dotnet\sdk\9.0.308\Sdks\Microsoft.NET.Sdk\targets\Microsoft.NET.GenerateAssemblyInfo.targets (70,7) [C:\Users\DELL\OneDrive\Desktop\Web spa\Long(ThanhToan_DatLich\SpaN5.csproj]
   2:6>Done building target "AddSourceRevisionToInformationalVersion" in project "SpaN5.csproj".
       Target "_GetUserSecretsAssemblyAttribute" skipped, due to false condition; ( '$(UserSecretsId)' != '' AND '$(GenerateUserSecretsAttribute)' != 'false' AND '$(GeneratedUserSecretsAttributeFile)' == '' ) was evaluated as ( '' != '' AND '' != 'false' AND '' == '' ).
   2:6>Target "GetAssemblyAttributes" in file "C:\Program Files\dotnet\sdk\9.0.308\Sdks\Microsoft.NET.Sdk\targets\Microsoft.NET.GenerateAssemblyInfo.targets" from project "C:\Users\DELL\OneDrive\Desktop\Web spa\Long(ThanhToan_DatLich\SpaN5.csproj" (target "CreateGeneratedAssemblyInfoInputsCacheFile" depends on it):
   2:6>Done building target "GetAssemblyAttributes" in project "SpaN5.csproj".
   2:6>Target "CreateGeneratedAssemblyInfoInputsCacheFile" in file "C:\Program Files\dotnet\sdk\9.0.308\Sdks\Microsoft.NET.Sdk\targets\Microsoft.NET.GenerateAssemblyInfo.targets" from project "C:\Users\DELL\OneDrive\Desktop\Web spa\Long(ThanhToan_DatLich\SpaN5.csproj" (target "CoreGenerateAssemblyInfo" depends on it):
       Using "Hash" task from assembly "Microsoft.Build.Tasks.Core, Version=15.1.0.0, Culture=neutral, PublicKeyToken=b03f5f7f11d50a3a".
       Task "Hash"
       Done executing task "Hash".
       Task "WriteLinesToFile"
         Skipping write to file "obj\Debug\net8.0\SpaN5.AssemblyInfoInputs.cache" because content would not change.
       Done executing task "WriteLinesToFile".
   2:6>Done building target "CreateGeneratedAssemblyInfoInputsCacheFile" in project "SpaN5.csproj".
   2:6>Target "CoreGenerateAssemblyInfo" in file "C:\Program Files\dotnet\sdk\9.0.308\Sdks\Microsoft.NET.Sdk\targets\Microsoft.NET.GenerateAssemblyInfo.targets" from project "C:\Users\DELL\OneDrive\Desktop\Web spa\Long(ThanhToan_DatLich\SpaN5.csproj" (target "GenerateAssemblyInfo" depends on it):
       Skipping target "CoreGenerateAssemblyInfo" because all output files are up-to-date with respect to the input files.
       Input files: obj\Debug\net8.0\SpaN5.AssemblyInfoInputs.cache
       Output files: obj\Debug\net8.0\SpaN5.AssemblyInfo.cs
   2:6>Done building target "CoreGenerateAssemblyInfo" in project "SpaN5.csproj".
   2:6>Target "GenerateAssemblyInfo" in file "C:\Program Files\dotnet\sdk\9.0.308\Sdks\Microsoft.NET.Sdk\targets\Microsoft.NET.GenerateAssemblyInfo.targets" from project "C:\Users\DELL\OneDrive\Desktop\Web spa\Long(ThanhToan_DatLich\SpaN5.csproj" (target "BeforeCompile" depends on it):
   2:6>Done building target "GenerateAssemblyInfo" in project "SpaN5.csproj".
   2:6>Target "BeforeCompile" in file "C:\Program Files\dotnet\sdk\9.0.308\Microsoft.Common.CurrentVersion.targets" from project "C:\Users\DELL\OneDrive\Desktop\Web spa\Long(ThanhToan_DatLich\SpaN5.csproj" (target "Compile" depends on it):
   2:6>Done building target "BeforeCompile" in project "SpaN5.csproj".
       Target "_TimeStampBeforeCompile" skipped, due to false condition; ('$(RunPostBuildEvent)'=='OnOutputUpdated' or ('$(RegisterForComInterop)'=='true' and '$(OutputType)'=='library')) was evaluated as (''=='OnOutputUpdated' or (''=='true' and 'Exe'=='library')).
       Target "ResolveAssemblyReferences" skipped. Previously built successfully.
       Target "_GenerateCompileInputs" skipped. Previously built successfully.
   2:6>Target "_GenerateCompileDependencyCache" in file "C:\Program Files\dotnet\sdk\9.0.308\Microsoft.Common.CurrentVersion.targets" from project "C:\Users\DELL\OneDrive\Desktop\Web spa\Long(ThanhToan_DatLich\SpaN5.csproj" (target "Compile" depends on it):
       Task "Hash"
       Done executing task "Hash".
       Task "WriteLinesToFile"
         Skipping write to file "obj\Debug\net8.0\SpaN5.csproj.CoreCompileInputs.cache" because content would not change.
       Done executing task "WriteLinesToFile".
   2:6>Done building target "_GenerateCompileDependencyCache" in project "SpaN5.csproj".
       Target "ResolveAssemblyReferences" skipped. Previously built successfully.
   2:6>Target "_DiscoverMvcApplicationParts" in file "C:\Program Files\dotnet\sdk\9.0.308\Sdks\Microsoft.NET.Sdk.Razor\targets\Microsoft.NET.Sdk.Razor.MvcApplicationPartsDiscovery.targets" from project "C:\Users\DELL\OneDrive\Desktop\Web spa\Long(ThanhToan_DatLich\SpaN5.csproj" (target "CoreCompile" depends on it):
       Skipping target "_DiscoverMvcApplicationParts" because all output files are up-to-date with respect to the input files.
       Input files: 
           C:\Users\DELL\OneDrive\Desktop\Web spa\Long%28ThanhToan_DatLich\obj\project.assets.json
           C:\Users\DELL\OneDrive\Desktop\Web spa\Long(ThanhToan_DatLich\obj\SpaN5.csproj.EntityFrameworkCore.targets
           C:\Program Files\dotnet\sdk\9.0.308\Current\Microsoft.Common.targets\ImportAfter\Microsoft.TestPlatform.ImportAfter.targets
       Output files: obj\Debug\net8.0\SpaN5.MvcApplicationPartsAssemblyInfo.cache
   2:6>Done building target "_DiscoverMvcApplicationParts" in project "SpaN5.csproj".
       Target "_ComputeNonExistentFileProperty" skipped, due to false condition; (('$(BuildingInsideVisualStudio)' == 'true') and ('$(BuildingOutOfProcess)' != 'true') and (('$(BuildingProject)' == 'false') or ('$(UseHostCompilerIfAvailable)' == 'true'))) was evaluated as (('' == 'true') and ('' != 'true') and (('true' == 'false') or ('true' == 'true'))).
       Target "ResolveCodeAnalysisRuleSet" skipped, due to false condition; ('$(CodeAnalysisRuleSet)' != '') was evaluated as ('' != '').
       Target "ResolveRazorGenerateInputs" skipped. Previously built successfully.
   2:6>Target "_ResolveMvcAssemblyAttributes" in file "C:\Program Files\dotnet\sdk\9.0.308\Sdks\Microsoft.NET.Sdk.Razor\targets\Microsoft.NET.Sdk.Razor.Configuration.targets" from project "C:\Users\DELL\OneDrive\Desktop\Web spa\Long(ThanhToan_DatLich\SpaN5.csproj" (target "_GenerateRazorAssemblyInfo" depends on it):
   2:6>Done building target "_ResolveMvcAssemblyAttributes" in project "SpaN5.csproj".
       Target "RazorGetAssemblyAttributes" skipped, due to false condition; ('$(GenerateRazorHostingAssemblyInfo)'=='true' and '$(RazorDefaultConfiguration)'!='') was evaluated as (''=='true' and 'MVC-3.0'!='').
       Target "PrepareForBuild" skipped. Previously built successfully.
   2:6>Target "_CreateRazorAssemblyInfoInputsCacheFile" in file "C:\Program Files\dotnet\sdk\9.0.308\Sdks\Microsoft.NET.Sdk.Razor\targets\Microsoft.NET.Sdk.Razor.GenerateAssemblyInfo.targets" from project "C:\Users\DELL\OneDrive\Desktop\Web spa\Long(ThanhToan_DatLich\SpaN5.csproj" (target "_CoreGenerateRazorAssemblyInfo" depends on it):
       Task "Hash"
       Done executing task "Hash".
       Task "WriteLinesToFile"
         Skipping write to file "obj\Debug\net8.0\SpaN5.RazorAssemblyInfo.cache" because content would not change.
       Done executing task "WriteLinesToFile".
   2:6>Done building target "_CreateRazorAssemblyInfoInputsCacheFile" in project "SpaN5.csproj".
   2:6>Target "_CoreGenerateRazorAssemblyInfo" in file "C:\Program Files\dotnet\sdk\9.0.308\Sdks\Microsoft.NET.Sdk.Razor\targets\Microsoft.NET.Sdk.Razor.GenerateAssemblyInfo.targets" from project "C:\Users\DELL\OneDrive\Desktop\Web spa\Long(ThanhToan_DatLich\SpaN5.csproj" (target "_GenerateRazorAssemblyInfo" depends on it):
       Skipping target "_CoreGenerateRazorAssemblyInfo" because all output files are up-to-date with respect to the input files.
       Input files: obj\Debug\net8.0\SpaN5.RazorAssemblyInfo.cache
       Output files: obj\Debug\net8.0\SpaN5.RazorAssemblyInfo.cs
   2:6>Done building target "_CoreGenerateRazorAssemblyInfo" in project "SpaN5.csproj".
   2:6>Target "_GenerateRazorAssemblyInfo" in file "C:\Program Files\dotnet\sdk\9.0.308\Sdks\Microsoft.NET.Sdk.Razor\targets\Microsoft.NET.Sdk.Razor.GenerateAssemblyInfo.targets" from project "C:\Users\DELL\OneDrive\Desktop\Web spa\Long(ThanhToan_DatLich\SpaN5.csproj" (target "CoreCompile" depends on it):
   2:6>Done building target "_GenerateRazorAssemblyInfo" in project "SpaN5.csproj".
       Target "ShimReferencePathsWhenCommonTargetsDoesNotUnderstandReferenceAssemblies" skipped, due to false condition; ('@(ReferencePathWithRefAssemblies)' == '') was evaluated as ('C:\Users\DELL\.nuget\packages\azure.core\1.38.0\lib\net6.0\Azure.Core.dll;C:\Users\DELL\.nuget\packages\azure.identity\1.11.4\lib\netstandard2.0\Azure.Identity.dll;C:\Program Files\dotnet\packs\Microsoft.AspNetCore.App.Ref\8.0.22\ref\net8.0\Microsoft.AspNetCore.Antiforgery.dll;...' == '').
   2:6>Target "_BeforeVBCSCoreCompile" in file "C:\Program Files\dotnet\sdk\9.0.308\Roslyn\Microsoft.Managed.Core.targets" from project "C:\Users\DELL\OneDrive\Desktop\Web spa\Long(ThanhToan_DatLich\SpaN5.csproj" (target "CoreCompile" depends on it):
   2:6>Done building target "_BeforeVBCSCoreCompile" in project "SpaN5.csproj".
       Target "AdjustDefaultPlatformTargetForNetFrameworkExeWithNoNativeCopyLocalItems" skipped, due to false condition; ('$(_UsingDefaultPlatformTarget)' == 'true' and
                            '$(_UsingDefaultRuntimeIdentifier)' == 'true') was evaluated as ('true' == 'true' and
                            '' == 'true').
       Target "_DisableDiagnosticTracing" skipped, due to false condition; ('$(DisableDiagnosticTracing)' == 'true') was evaluated as ('' == 'true').
       Target "ShimReferencePathsWhenCommonTargetsDoesNotUnderstandReferenceAssemblies" skipped, due to false condition; ('@(ReferencePathWithRefAssemblies)' == '') was evaluated as ('C:\Users\DELL\.nuget\packages\azure.core\1.38.0\lib\net6.0\Azure.Core.dll;C:\Users\DELL\.nuget\packages\azure.identity\1.11.4\lib\netstandard2.0\Azure.Identity.dll;C:\Program Files\dotnet\packs\Microsoft.AspNetCore.App.Ref\8.0.22\ref\net8.0\Microsoft.AspNetCore.Antiforgery.dll;...' == '').
   2:6>Target "_ComputeSkipAnalyzers" in file "C:\Program Files\dotnet\sdk\9.0.308\Roslyn\Microsoft.Managed.Core.targets" from project "C:\Users\DELL\OneDrive\Desktop\Web spa\Long(ThanhToan_DatLich\SpaN5.csproj" (target "CoreCompile" depends on it):
       Task "ShowMessageForImplicitlySkipAnalyzers" skipped, due to false condition; ('$(_ImplicitlySkipAnalyzers)' == 'true') was evaluated as ('' == 'true').
   2:6>Done building target "_ComputeSkipAnalyzers" in project "SpaN5.csproj".
       Target "_SetPathMapFromSourceRoots" skipped, due to false condition; ('$(DeterministicSourcePaths)' == 'true') was evaluated as ('' == 'true').
       Target "CreateCompilerGeneratedFilesOutputPath" skipped, due to false condition; ('$(EmitCompilerGeneratedFiles)' == 'true' and !('$(DesignTimeBuild)' == 'true' OR '$(BuildingProject)' != 'true')) was evaluated as ('false' == 'true' and !('' == 'true' OR 'true' != 'true')).
       Target "_CheckMicrosoftNetSdkCompilersToolsetPackageExists" skipped, due to false condition; ('$(_NeedToDownloadMicrosoftNetSdkCompilersToolsetPackage)' == 'true' and '$(DesignTimeBuild)' != 'true') was evaluated as ('' == 'true' and '' != 'true').
       Target "BeforeCompile" skipped. Previously built successfully.
       Target "InitializeSourceControlInformationFromSourceControlManager" skipped. Previously built successfully.
   2:6>Target "SetEmbeddedFilesFromSourceControlManagerUntrackedFiles" in file "C:\Program Files\dotnet\sdk\9.0.308\Sdks\Microsoft.Build.Tasks.Git\build\Microsoft.Build.Tasks.Git.targets" from project "C:\Users\DELL\OneDrive\Desktop\Web spa\Long(ThanhToan_DatLich\SpaN5.csproj" (target "_SetEmbeddedFilesFromSourceControlManagerUntrackedFiles" depends on it):
       Using "Microsoft.Build.Tasks.Git.GetUntrackedFiles" task from assembly "C:\Program Files\dotnet\sdk\9.0.308\Sdks\Microsoft.Build.Tasks.Git\build\..\tools\net\Microsoft.Build.Tasks.Git.dll".
       Task "Microsoft.Build.Tasks.Git.GetUntrackedFiles"
         SourceLink: Reusing cached git repository information.
       Done executing task "Microsoft.Build.Tasks.Git.GetUntrackedFiles".
   2:6>Done building target "SetEmbeddedFilesFromSourceControlManagerUntrackedFiles" in project "SpaN5.csproj".
   2:6>Target "_SetEmbeddedFilesFromSourceControlManagerUntrackedFiles" in file "C:\Program Files\dotnet\sdk\9.0.308\Sdks\Microsoft.SourceLink.Common\build\Microsoft.SourceLink.Common.targets" from project "C:\Users\DELL\OneDrive\Desktop\Web spa\Long(ThanhToan_DatLich\SpaN5.csproj" (target "CoreCompile" depends on it):
   2:6>Done building target "_SetEmbeddedFilesFromSourceControlManagerUntrackedFiles" in project "SpaN5.csproj".
       Target "InitializeSourceControlInformation" skipped. Previously built successfully.
   2:6>Target "_SetSourceLinkFilePath" in file "C:\Program Files\dotnet\sdk\9.0.308\Sdks\Microsoft.SourceLink.Common\build\Microsoft.SourceLink.Common.targets" from project "C:\Users\DELL\OneDrive\Desktop\Web spa\Long(ThanhToan_DatLich\SpaN5.csproj" (target "_GenerateSourceLinkFile" depends on it):
   2:6>Done building target "_SetSourceLinkFilePath" in project "SpaN5.csproj".
       Target "InitializeSourceControlInformation" skipped. Previously built successfully.
   2:6>Target "_InitializeSourceRootMappedPathsFromSourceControl" in file "C:\Program Files\dotnet\sdk\9.0.308\Roslyn\Microsoft.Managed.Core.targets" from project "C:\Users\DELL\OneDrive\Desktop\Web spa\Long(ThanhToan_DatLich\SpaN5.csproj" (target "InitializeSourceRootMappedPaths" depends on it):
   2:6>Done building target "_InitializeSourceRootMappedPathsFromSourceControl" in project "SpaN5.csproj".
   2:6>Target "InitializeSourceRootMappedPaths" in file "C:\Program Files\dotnet\sdk\9.0.308\Roslyn\Microsoft.Managed.Core.targets" from project "C:\Users\DELL\OneDrive\Desktop\Web spa\Long(ThanhToan_DatLich\SpaN5.csproj" (target "_InitializeSourceRootMappedPathsOpt" depends on it):
       Using "Microsoft.CodeAnalysis.BuildTasks.MapSourceRoots" task from assembly "C:\Program Files\dotnet\sdk\9.0.308\Roslyn\Microsoft.Build.Tasks.CodeAnalysis.dll".
       Task "Microsoft.CodeAnalysis.BuildTasks.MapSourceRoots"
       Done executing task "Microsoft.CodeAnalysis.BuildTasks.MapSourceRoots".
   2:6>Done building target "InitializeSourceRootMappedPaths" in project "SpaN5.csproj".
   2:6>Target "_InitializeSourceRootMappedPathsOpt" in file "C:\Program Files\dotnet\sdk\9.0.308\Sdks\Microsoft.SourceLink.Common\build\Microsoft.SourceLink.Common.targets" from project "C:\Users\DELL\OneDrive\Desktop\Web spa\Long(ThanhToan_DatLich\SpaN5.csproj" (target "_GenerateSourceLinkFile" depends on it):
   2:6>Done building target "_InitializeSourceRootMappedPathsOpt" in project "SpaN5.csproj".
   2:6>Target "_InitializeGitHubSourceLinkUrl" in file "C:\Program Files\dotnet\sdk\9.0.308\Sdks\Microsoft.SourceLink.GitHub\build\Microsoft.SourceLink.GitHub.targets" from project "C:\Users\DELL\OneDrive\Desktop\Web spa\Long(ThanhToan_DatLich\SpaN5.csproj" (target "_GenerateSourceLinkFile" depends on it):
       Building target "_InitializeGitHubSourceLinkUrl" completely.
       No input files were specified.
       Using "Microsoft.SourceLink.GitHub.GetSourceLinkUrl" task from assembly "C:\Program Files\dotnet\sdk\9.0.308\Sdks\Microsoft.SourceLink.GitHub\build\..\tools\net\Microsoft.SourceLink.GitHub.dll".
       Task "Microsoft.SourceLink.GitHub.GetSourceLinkUrl"
       Done executing task "Microsoft.SourceLink.GitHub.GetSourceLinkUrl".
   2:6>Done building target "_InitializeGitHubSourceLinkUrl" in project "SpaN5.csproj".
   2:6>Target "_InitializeGitHubSourceLinkUrl" in file "C:\Program Files\dotnet\sdk\9.0.308\Sdks\Microsoft.SourceLink.GitHub\build\Microsoft.SourceLink.GitHub.targets" from project "C:\Users\DELL\OneDrive\Desktop\Web spa\Long(ThanhToan_DatLich\SpaN5.csproj" (target "_GenerateSourceLinkFile" depends on it):
       Building target "_InitializeGitHubSourceLinkUrl" completely.
       No input files were specified.
       Task "Microsoft.SourceLink.GitHub.GetSourceLinkUrl"
       Done executing task "Microsoft.SourceLink.GitHub.GetSourceLinkUrl".
   2:6>Done building target "_InitializeGitHubSourceLinkUrl" in project "SpaN5.csproj".
   2:6>Target "_InitializeGitHubSourceLinkUrl" in file "C:\Program Files\dotnet\sdk\9.0.308\Sdks\Microsoft.SourceLink.GitHub\build\Microsoft.SourceLink.GitHub.targets" from project "C:\Users\DELL\OneDrive\Desktop\Web spa\Long(ThanhToan_DatLich\SpaN5.csproj" (target "_GenerateSourceLinkFile" depends on it):
       Building target "_InitializeGitHubSourceLinkUrl" completely.
       No input files were specified.
       Task "Microsoft.SourceLink.GitHub.GetSourceLinkUrl"
       Done executing task "Microsoft.SourceLink.GitHub.GetSourceLinkUrl".
   2:6>Done building target "_InitializeGitHubSourceLinkUrl" in project "SpaN5.csproj".
   2:6>Target "_InitializeGitLabSourceLinkUrl" in file "C:\Program Files\dotnet\sdk\9.0.308\Sdks\Microsoft.SourceLink.GitLab\build\Microsoft.SourceLink.GitLab.targets" from project "C:\Users\DELL\OneDrive\Desktop\Web spa\Long(ThanhToan_DatLich\SpaN5.csproj" (target "_GenerateSourceLinkFile" depends on it):
       Building target "_InitializeGitLabSourceLinkUrl" completely.
       No input files were specified.
       Using "Microsoft.SourceLink.GitLab.GetSourceLinkUrl" task from assembly "C:\Program Files\dotnet\sdk\9.0.308\Sdks\Microsoft.SourceLink.GitLab\build\..\tools\net\Microsoft.SourceLink.GitLab.dll".
       Task "Microsoft.SourceLink.GitLab.GetSourceLinkUrl"
       C:\Program Files\dotnet\sdk\9.0.308\Sdks\Microsoft.SourceLink.GitLab\build\Microsoft.SourceLink.GitLab.targets(37,7): message : Property reassignment: $(_SourceLinkUrlToUpdate)="N/A" (previous value: "https://raw.githubusercontent.com/GiaLong281/WEBSPA5-NH-M-5/bd691fb54a499978eaa702a9adf3ec12edf6956d/*") at C:\Program Files\dotnet\sdk\9.0.308\Sdks\Microsoft.SourceLink.GitLab\build\Microsoft.SourceLink.GitLab.targets (37,7) [C:\Users\DELL\OneDrive\Desktop\Web spa\Long(ThanhToan_DatLich\SpaN5.csproj]
       Done executing task "Microsoft.SourceLink.GitLab.GetSourceLinkUrl".
   2:6>Done building target "_InitializeGitLabSourceLinkUrl" in project "SpaN5.csproj".
   2:6>Target "_InitializeGitLabSourceLinkUrl" in file "C:\Program Files\dotnet\sdk\9.0.308\Sdks\Microsoft.SourceLink.GitLab\build\Microsoft.SourceLink.GitLab.targets" from project "C:\Users\DELL\OneDrive\Desktop\Web spa\Long(ThanhToan_DatLich\SpaN5.csproj" (target "_GenerateSourceLinkFile" depends on it):
       Building target "_InitializeGitLabSourceLinkUrl" completely.
       No input files were specified.
       Task "Microsoft.SourceLink.GitLab.GetSourceLinkUrl"
       C:\Program Files\dotnet\sdk\9.0.308\Sdks\Microsoft.SourceLink.GitLab\build\Microsoft.SourceLink.GitLab.targets(37,7): message : Property reassignment: $(_SourceLinkUrlToUpdate)="N/A" (previous value: "https://raw.githubusercontent.com/GiaLong281/WEBSPA5-NH-M-5/bd691fb54a499978eaa702a9adf3ec12edf6956d/*") at C:\Program Files\dotnet\sdk\9.0.308\Sdks\Microsoft.SourceLink.GitLab\build\Microsoft.SourceLink.GitLab.targets (37,7) [C:\Users\DELL\OneDrive\Desktop\Web spa\Long(ThanhToan_DatLich\SpaN5.csproj]
       Done executing task "Microsoft.SourceLink.GitLab.GetSourceLinkUrl".
   2:6>Done building target "_InitializeGitLabSourceLinkUrl" in project "SpaN5.csproj".
   2:6>Target "_InitializeGitLabSourceLinkUrl" in file "C:\Program Files\dotnet\sdk\9.0.308\Sdks\Microsoft.SourceLink.GitLab\build\Microsoft.SourceLink.GitLab.targets" from project "C:\Users\DELL\OneDrive\Desktop\Web spa\Long(ThanhToan_DatLich\SpaN5.csproj" (target "_GenerateSourceLinkFile" depends on it):
       Building target "_InitializeGitLabSourceLinkUrl" completely.
       No input files were specified.
       Task "Microsoft.SourceLink.GitLab.GetSourceLinkUrl"
       C:\Program Files\dotnet\sdk\9.0.308\Sdks\Microsoft.SourceLink.GitLab\build\Microsoft.SourceLink.GitLab.targets(37,7): message : Property reassignment: $(_SourceLinkUrlToUpdate)="N/A" (previous value: "https://raw.githubusercontent.com/GiaLong281/WEBSPA5-NH-M-5/bd691fb54a499978eaa702a9adf3ec12edf6956d/*") at C:\Program Files\dotnet\sdk\9.0.308\Sdks\Microsoft.SourceLink.GitLab\build\Microsoft.SourceLink.GitLab.targets (37,7) [C:\Users\DELL\OneDrive\Desktop\Web spa\Long(ThanhToan_DatLich\SpaN5.csproj]
       Done executing task "Microsoft.SourceLink.GitLab.GetSourceLinkUrl".
   2:6>Done building target "_InitializeGitLabSourceLinkUrl" in project "SpaN5.csproj".
   2:6>Target "_InitializeAzureReposGitSourceLinkUrl" in file "C:\Program Files\dotnet\sdk\9.0.308\Sdks\Microsoft.SourceLink.AzureRepos.Git\build\Microsoft.SourceLink.AzureRepos.Git.targets" from project "C:\Users\DELL\OneDrive\Desktop\Web spa\Long(ThanhToan_DatLich\SpaN5.csproj" (target "_GenerateSourceLinkFile" depends on it):
       Building target "_InitializeAzureReposGitSourceLinkUrl" completely.
       No input files were specified.
       Using "Microsoft.SourceLink.AzureRepos.Git.GetSourceLinkUrl" task from assembly "C:\Program Files\dotnet\sdk\9.0.308\Sdks\Microsoft.SourceLink.AzureRepos.Git\build\..\tools\net\Microsoft.SourceLink.AzureRepos.Git.dll".
       Task "Microsoft.SourceLink.AzureRepos.Git.GetSourceLinkUrl"
       Done executing task "Microsoft.SourceLink.AzureRepos.Git.GetSourceLinkUrl".
   2:6>Done building target "_InitializeAzureReposGitSourceLinkUrl" in project "SpaN5.csproj".
   2:6>Target "_InitializeAzureReposGitSourceLinkUrl" in file "C:\Program Files\dotnet\sdk\9.0.308\Sdks\Microsoft.SourceLink.AzureRepos.Git\build\Microsoft.SourceLink.AzureRepos.Git.targets" from project "C:\Users\DELL\OneDrive\Desktop\Web spa\Long(ThanhToan_DatLich\SpaN5.csproj" (target "_GenerateSourceLinkFile" depends on it):
       Building target "_InitializeAzureReposGitSourceLinkUrl" completely.
       No input files were specified.
       Task "Microsoft.SourceLink.AzureRepos.Git.GetSourceLinkUrl"
       Done executing task "Microsoft.SourceLink.AzureRepos.Git.GetSourceLinkUrl".
   2:6>Done building target "_InitializeAzureReposGitSourceLinkUrl" in project "SpaN5.csproj".
   2:6>Target "_InitializeAzureReposGitSourceLinkUrl" in file "C:\Program Files\dotnet\sdk\9.0.308\Sdks\Microsoft.SourceLink.AzureRepos.Git\build\Microsoft.SourceLink.AzureRepos.Git.targets" from project "C:\Users\DELL\OneDrive\Desktop\Web spa\Long(ThanhToan_DatLich\SpaN5.csproj" (target "_GenerateSourceLinkFile" depends on it):
       Building target "_InitializeAzureReposGitSourceLinkUrl" completely.
       No input files were specified.
       Task "Microsoft.SourceLink.AzureRepos.Git.GetSourceLinkUrl"
       Done executing task "Microsoft.SourceLink.AzureRepos.Git.GetSourceLinkUrl".
   2:6>Done building target "_InitializeAzureReposGitSourceLinkUrl" in project "SpaN5.csproj".
   2:6>Target "_InitializeBitbucketGitSourceLinkUrl" in file "C:\Program Files\dotnet\sdk\9.0.308\Sdks\Microsoft.SourceLink.Bitbucket.Git\build\Microsoft.SourceLink.Bitbucket.Git.targets" from project "C:\Users\DELL\OneDrive\Desktop\Web spa\Long(ThanhToan_DatLich\SpaN5.csproj" (target "_GenerateSourceLinkFile" depends on it):
       Building target "_InitializeBitbucketGitSourceLinkUrl" completely.
       No input files were specified.
       Using "Microsoft.SourceLink.Bitbucket.Git.GetSourceLinkUrl" task from assembly "C:\Program Files\dotnet\sdk\9.0.308\Sdks\Microsoft.SourceLink.Bitbucket.Git\build\..\tools\net\Microsoft.SourceLink.Bitbucket.Git.dll".
       Task "Microsoft.SourceLink.Bitbucket.Git.GetSourceLinkUrl"
       Done executing task "Microsoft.SourceLink.Bitbucket.Git.GetSourceLinkUrl".
   2:6>Done building target "_InitializeBitbucketGitSourceLinkUrl" in project "SpaN5.csproj".
   2:6>Target "_InitializeBitbucketGitSourceLinkUrl" in file "C:\Program Files\dotnet\sdk\9.0.308\Sdks\Microsoft.SourceLink.Bitbucket.Git\build\Microsoft.SourceLink.Bitbucket.Git.targets" from project "C:\Users\DELL\OneDrive\Desktop\Web spa\Long(ThanhToan_DatLich\SpaN5.csproj" (target "_GenerateSourceLinkFile" depends on it):
       Building target "_InitializeBitbucketGitSourceLinkUrl" completely.
       No input files were specified.
       Task "Microsoft.SourceLink.Bitbucket.Git.GetSourceLinkUrl"
       Done executing task "Microsoft.SourceLink.Bitbucket.Git.GetSourceLinkUrl".
   2:6>Done building target "_InitializeBitbucketGitSourceLinkUrl" in project "SpaN5.csproj".
   2:6>Target "_InitializeBitbucketGitSourceLinkUrl" in file "C:\Program Files\dotnet\sdk\9.0.308\Sdks\Microsoft.SourceLink.Bitbucket.Git\build\Microsoft.SourceLink.Bitbucket.Git.targets" from project "C:\Users\DELL\OneDrive\Desktop\Web spa\Long(ThanhToan_DatLich\SpaN5.csproj" (target "_GenerateSourceLinkFile" depends on it):
       Building target "_InitializeBitbucketGitSourceLinkUrl" completely.
       No input files were specified.
       Task "Microsoft.SourceLink.Bitbucket.Git.GetSourceLinkUrl"
       Done executing task "Microsoft.SourceLink.Bitbucket.Git.GetSourceLinkUrl".
   2:6>Done building target "_InitializeBitbucketGitSourceLinkUrl" in project "SpaN5.csproj".
   2:6>Target "_GenerateSourceLinkFile" in file "C:\Program Files\dotnet\sdk\9.0.308\Sdks\Microsoft.SourceLink.Common\build\Microsoft.SourceLink.Common.targets" from project "C:\Users\DELL\OneDrive\Desktop\Web spa\Long(ThanhToan_DatLich\SpaN5.csproj" (target "GenerateSourceLinkFile" depends on it):
       Building target "_GenerateSourceLinkFile" completely.
       No input files were specified.
       Using "Microsoft.SourceLink.Common.GenerateSourceLinkFile" task from assembly "C:\Program Files\dotnet\sdk\9.0.308\Sdks\Microsoft.SourceLink.Common\build\..\tools\net\Microsoft.SourceLink.Common.dll".
       Task "Microsoft.SourceLink.Common.GenerateSourceLinkFile"
         Source Link file 'obj\Debug\net8.0\SpaN5.sourcelink.json' is up-to-date.
       Done executing task "Microsoft.SourceLink.Common.GenerateSourceLinkFile".
   2:6>Done building target "_GenerateSourceLinkFile" in project "SpaN5.csproj".
   2:6>Target "GenerateSourceLinkFile" in file "C:\Program Files\dotnet\sdk\9.0.308\Sdks\Microsoft.SourceLink.Common\build\Microsoft.SourceLink.Common.targets" from project "C:\Users\DELL\OneDrive\Desktop\Web spa\Long(ThanhToan_DatLich\SpaN5.csproj" (target "CoreCompile" depends on it):
   2:6>Done building target "GenerateSourceLinkFile" in project "SpaN5.csproj".
   2:6>Target "AddGlobalAnalyzerConfigForPackage_MicrosoftCodeAnalysisNetAnalyzers" in file "C:\Program Files\dotnet\sdk\9.0.308\Sdks\Microsoft.NET.Sdk\analyzers\build\Microsoft.CodeAnalysis.NetAnalyzers.targets" from project "C:\Users\DELL\OneDrive\Desktop\Web spa\Long(ThanhToan_DatLich\SpaN5.csproj" (target "CoreCompile" depends on it):
   2:6>Done building target "AddGlobalAnalyzerConfigForPackage_MicrosoftCodeAnalysisNetAnalyzers" in project "SpaN5.csproj".
       Target "AddGlobalAnalyzerConfigForPackage_MicrosoftCodeAnalysisNetAnalyzersDesign" skipped, due to false condition; ('$(SkipGlobalAnalyzerConfigForPackage)' != 'true' and ('$(AnalysisLevelDesign)' != '' or '$(AnalysisModeDesign)' != '')) was evaluated as ('' != 'true' and ('' != '' or '' != '')).
       Target "AddGlobalAnalyzerConfigForPackage_MicrosoftCodeAnalysisNetAnalyzersDocumentation" skipped, due to false condition; ('$(SkipGlobalAnalyzerConfigForPackage)' != 'true' and ('$(AnalysisLevelDocumentation)' != '' or '$(AnalysisModeDocumentation)' != '')) was evaluated as ('' != 'true' and ('' != '' or '' != '')).
       Target "AddGlobalAnalyzerConfigForPackage_MicrosoftCodeAnalysisNetAnalyzersGlobalization" skipped, due to false condition; ('$(SkipGlobalAnalyzerConfigForPackage)' != 'true' and ('$(AnalysisLevelGlobalization)' != '' or '$(AnalysisModeGlobalization)' != '')) was evaluated as ('' != 'true' and ('' != '' or '' != '')).
       Target "AddGlobalAnalyzerConfigForPackage_MicrosoftCodeAnalysisNetAnalyzersInteroperability" skipped, due to false condition; ('$(SkipGlobalAnalyzerConfigForPackage)' != 'true' and ('$(AnalysisLevelInteroperability)' != '' or '$(AnalysisModeInteroperability)' != '')) was evaluated as ('' != 'true' and ('' != '' or '' != '')).
       Target "AddGlobalAnalyzerConfigForPackage_MicrosoftCodeAnalysisNetAnalyzersMaintainability" skipped, due to false condition; ('$(SkipGlobalAnalyzerConfigForPackage)' != 'true' and ('$(AnalysisLevelMaintainability)' != '' or '$(AnalysisModeMaintainability)' != '')) was evaluated as ('' != 'true' and ('' != '' or '' != '')).
       Target "AddGlobalAnalyzerConfigForPackage_MicrosoftCodeAnalysisNetAnalyzersNaming" skipped, due to false condition; ('$(SkipGlobalAnalyzerConfigForPackage)' != 'true' and ('$(AnalysisLevelNaming)' != '' or '$(AnalysisModeNaming)' != '')) was evaluated as ('' != 'true' and ('' != '' or '' != '')).
       Target "AddGlobalAnalyzerConfigForPackage_MicrosoftCodeAnalysisNetAnalyzersPerformance" skipped, due to false condition; ('$(SkipGlobalAnalyzerConfigForPackage)' != 'true' and ('$(AnalysisLevelPerformance)' != '' or '$(AnalysisModePerformance)' != '')) was evaluated as ('' != 'true' and ('' != '' or '' != '')).
       Target "AddGlobalAnalyzerConfigForPackage_MicrosoftCodeAnalysisNetAnalyzersReliability" skipped, due to false condition; ('$(SkipGlobalAnalyzerConfigForPackage)' != 'true' and ('$(AnalysisLevelReliability)' != '' or '$(AnalysisModeReliability)' != '')) was evaluated as ('' != 'true' and ('' != '' or '' != '')).
       Target "AddGlobalAnalyzerConfigForPackage_MicrosoftCodeAnalysisNetAnalyzersSecurity" skipped, due to false condition; ('$(SkipGlobalAnalyzerConfigForPackage)' != 'true' and ('$(AnalysisLevelSecurity)' != '' or '$(AnalysisModeSecurity)' != '')) was evaluated as ('' != 'true' and ('' != '' or '' != '')).
       Target "AddGlobalAnalyzerConfigForPackage_MicrosoftCodeAnalysisNetAnalyzersUsage" skipped, due to false condition; ('$(SkipGlobalAnalyzerConfigForPackage)' != 'true' and ('$(AnalysisLevelUsage)' != '' or '$(AnalysisModeUsage)' != '')) was evaluated as ('' != 'true' and ('' != '' or '' != '')).
       Target "_CodeAnalysisTreatWarningsAsErrors" skipped, due to false condition; ('$(DesignTimeBuild)' == 'true' OR '$(BuildingProject)' != 'true') was evaluated as ('' == 'true' OR 'true' != 'true').
   2:6>Target "CoreCompile" in file "C:\Program Files\dotnet\sdk\9.0.308\Roslyn\Microsoft.CSharp.Core.targets" from project "C:\Users\DELL\OneDrive\Desktop\Web spa\Long(ThanhToan_DatLich\SpaN5.csproj" (target "Compile" depends on it):
       Skipping target "CoreCompile" because all output files are up-to-date with respect to the input files.
       Input files: 
           Controllers\BookingController.cs
           Controllers\FeedbackController.cs
           Controllers\HomeController.cs
           Migrations\20260319054004_InitFullDB.cs
           Migrations\20260319054004_InitFullDB.Designer.cs
           Migrations\20260325075050_AddPaymentSelection.cs
           Migrations\20260325075050_AddPaymentSelection.Designer.cs
           Migrations\20260327080341_AddVideoUrlToService.cs
           Migrations\20260327080341_AddVideoUrlToService.Designer.cs
           Migrations\SpaDbContextModelSnapshot.cs
           Models\Booking.cs
           Models\BookingDetail.cs
           Models\BookingViewModel.cs
           Models\Branch.cs
           Models\Customer.cs
           Models\Enums.cs
           Models\ErrorViewModel.cs
           Models\Feedback.cs
           Models\Material.cs
           Models\Payment.cs
           Models\Service.cs
           Models\ServiceCategory.cs
           Models\ServiceMaterial.cs
           Models\SpaDbContext.cs
           Models\Staff.cs
           Models\StockTransaction.cs
           Models\User.cs
           Program.cs
           obj\Debug\net8.0\SpaN5.GlobalUsings.g.cs
           obj\Debug\net8.0\.NETCoreApp,Version=v8.0.AssemblyAttributes.cs
           obj\Debug\net8.0\SpaN5.AssemblyInfo.cs
           obj\Debug\net8.0\SpaN5.RazorAssemblyInfo.cs
           C:\Users\DELL\.nuget\packages\azure.core\1.38.0\lib\net6.0\Azure.Core.dll
           C:\Users\DELL\.nuget\packages\azure.identity\1.11.4\lib\netstandard2.0\Azure.Identity.dll
           C:\Program Files\dotnet\packs\Microsoft.AspNetCore.App.Ref\8.0.22\ref\net8.0\Microsoft.AspNetCore.Antiforgery.dll
           C:\Program Files\dotnet\packs\Microsoft.AspNetCore.App.Ref\8.0.22\ref\net8.0\Microsoft.AspNetCore.Authentication.Abstractions.dll
           C:\Program Files\dotnet\packs\Microsoft.AspNetCore.App.Ref\8.0.22\ref\net8.0\Microsoft.AspNetCore.Authentication.BearerToken.dll
           C:\Program Files\dotnet\packs\Microsoft.AspNetCore.App.Ref\8.0.22\ref\net8.0\Microsoft.AspNetCore.Authentication.Cookies.dll
           C:\Program Files\dotnet\packs\Microsoft.AspNetCore.App.Ref\8.0.22\ref\net8.0\Microsoft.AspNetCore.Authentication.Core.dll
           C:\Program Files\dotnet\packs\Microsoft.AspNetCore.App.Ref\8.0.22\ref\net8.0\Microsoft.AspNetCore.Authentication.dll
           C:\Program Files\dotnet\packs\Microsoft.AspNetCore.App.Ref\8.0.22\ref\net8.0\Microsoft.AspNetCore.Authentication.OAuth.dll
           C:\Program Files\dotnet\packs\Microsoft.AspNetCore.App.Ref\8.0.22\ref\net8.0\Microsoft.AspNetCore.Authorization.dll
           C:\Program Files\dotnet\packs\Microsoft.AspNetCore.App.Ref\8.0.22\ref\net8.0\Microsoft.AspNetCore.Authorization.Policy.dll
           C:\Program Files\dotnet\packs\Microsoft.AspNetCore.App.Ref\8.0.22\ref\net8.0\Microsoft.AspNetCore.Components.Authorization.dll
           C:\Program Files\dotnet\packs\Microsoft.AspNetCore.App.Ref\8.0.22\ref\net8.0\Microsoft.AspNetCore.Components.dll
           C:\Program Files\dotnet\packs\Microsoft.AspNetCore.App.Ref\8.0.22\ref\net8.0\Microsoft.AspNetCore.Components.Endpoints.dll
           C:\Program Files\dotnet\packs\Microsoft.AspNetCore.App.Ref\8.0.22\ref\net8.0\Microsoft.AspNetCore.Components.Forms.dll
           C:\Program Files\dotnet\packs\Microsoft.AspNetCore.App.Ref\8.0.22\ref\net8.0\Microsoft.AspNetCore.Components.Server.dll
           C:\Program Files\dotnet\packs\Microsoft.AspNetCore.App.Ref\8.0.22\ref\net8.0\Microsoft.AspNetCore.Components.Web.dll
           C:\Program Files\dotnet\packs\Microsoft.AspNetCore.App.Ref\8.0.22\ref\net8.0\Microsoft.AspNetCore.Connections.Abstractions.dll
           C:\Program Files\dotnet\packs\Microsoft.AspNetCore.App.Ref\8.0.22\ref\net8.0\Microsoft.AspNetCore.CookiePolicy.dll
           C:\Program Files\dotnet\packs\Microsoft.AspNetCore.App.Ref\8.0.22\ref\net8.0\Microsoft.AspNetCore.Cors.dll
           C:\Program Files\dotnet\packs\Microsoft.AspNetCore.App.Ref\8.0.22\ref\net8.0\Microsoft.AspNetCore.Cryptography.Internal.dll
           C:\Program Files\dotnet\packs\Microsoft.AspNetCore.App.Ref\8.0.22\ref\net8.0\Microsoft.AspNetCore.Cryptography.KeyDerivation.dll
           C:\Program Files\dotnet\packs\Microsoft.AspNetCore.App.Ref\8.0.22\ref\net8.0\Microsoft.AspNetCore.DataProtection.Abstractions.dll
           C:\Program Files\dotnet\packs\Microsoft.AspNetCore.App.Ref\8.0.22\ref\net8.0\Microsoft.AspNetCore.DataProtection.dll
           C:\Program Files\dotnet\packs\Microsoft.AspNetCore.App.Ref\8.0.22\ref\net8.0\Microsoft.AspNetCore.DataProtection.Extensions.dll
           C:\Program Files\dotnet\packs\Microsoft.AspNetCore.App.Ref\8.0.22\ref\net8.0\Microsoft.AspNetCore.Diagnostics.Abstractions.dll
           C:\Program Files\dotnet\packs\Microsoft.AspNetCore.App.Ref\8.0.22\ref\net8.0\Microsoft.AspNetCore.Diagnostics.dll
           C:\Program Files\dotnet\packs\Microsoft.AspNetCore.App.Ref\8.0.22\ref\net8.0\Microsoft.AspNetCore.Diagnostics.HealthChecks.dll
           C:\Program Files\dotnet\packs\Microsoft.AspNetCore.App.Ref\8.0.22\ref\net8.0\Microsoft.AspNetCore.dll
           C:\Program Files\dotnet\packs\Microsoft.AspNetCore.App.Ref\8.0.22\ref\net8.0\Microsoft.AspNetCore.HostFiltering.dll
           C:\Program Files\dotnet\packs\Microsoft.AspNetCore.App.Ref\8.0.22\ref\net8.0\Microsoft.AspNetCore.Hosting.Abstractions.dll
           C:\Program Files\dotnet\packs\Microsoft.AspNetCore.App.Ref\8.0.22\ref\net8.0\Microsoft.AspNetCore.Hosting.dll
           C:\Program Files\dotnet\packs\Microsoft.AspNetCore.App.Ref\8.0.22\ref\net8.0\Microsoft.AspNetCore.Hosting.Server.Abstractions.dll
           C:\Program Files\dotnet\packs\Microsoft.AspNetCore.App.Ref\8.0.22\ref\net8.0\Microsoft.AspNetCore.Html.Abstractions.dll
           C:\Program Files\dotnet\packs\Microsoft.AspNetCore.App.Ref\8.0.22\ref\net8.0\Microsoft.AspNetCore.Http.Abstractions.dll
           C:\Program Files\dotnet\packs\Microsoft.AspNetCore.App.Ref\8.0.22\ref\net8.0\Microsoft.AspNetCore.Http.Connections.Common.dll
           C:\Program Files\dotnet\packs\Microsoft.AspNetCore.App.Ref\8.0.22\ref\net8.0\Microsoft.AspNetCore.Http.Connections.dll
           C:\Program Files\dotnet\packs\Microsoft.AspNetCore.App.Ref\8.0.22\ref\net8.0\Microsoft.AspNetCore.Http.dll
           C:\Program Files\dotnet\packs\Microsoft.AspNetCore.App.Ref\8.0.22\ref\net8.0\Microsoft.AspNetCore.Http.Extensions.dll
           C:\Program Files\dotnet\packs\Microsoft.AspNetCore.App.Ref\8.0.22\ref\net8.0\Microsoft.AspNetCore.Http.Features.dll
           C:\Program Files\dotnet\packs\Microsoft.AspNetCore.App.Ref\8.0.22\ref\net8.0\Microsoft.AspNetCore.Http.Results.dll
           C:\Program Files\dotnet\packs\Microsoft.AspNetCore.App.Ref\8.0.22\ref\net8.0\Microsoft.AspNetCore.HttpLogging.dll
           C:\Program Files\dotnet\packs\Microsoft.AspNetCore.App.Ref\8.0.22\ref\net8.0\Microsoft.AspNetCore.HttpOverrides.dll
           C:\Program Files\dotnet\packs\Microsoft.AspNetCore.App.Ref\8.0.22\ref\net8.0\Microsoft.AspNetCore.HttpsPolicy.dll
           C:\Program Files\dotnet\packs\Microsoft.AspNetCore.App.Ref\8.0.22\ref\net8.0\Microsoft.AspNetCore.Identity.dll
           C:\Program Files\dotnet\packs\Microsoft.AspNetCore.App.Ref\8.0.22\ref\net8.0\Microsoft.AspNetCore.Localization.dll
           C:\Program Files\dotnet\packs\Microsoft.AspNetCore.App.Ref\8.0.22\ref\net8.0\Microsoft.AspNetCore.Localization.Routing.dll
           C:\Program Files\dotnet\packs\Microsoft.AspNetCore.App.Ref\8.0.22\ref\net8.0\Microsoft.AspNetCore.Metadata.dll
           C:\Program Files\dotnet\packs\Microsoft.AspNetCore.App.Ref\8.0.22\ref\net8.0\Microsoft.AspNetCore.Mvc.Abstractions.dll
           C:\Program Files\dotnet\packs\Microsoft.AspNetCore.App.Ref\8.0.22\ref\net8.0\Microsoft.AspNetCore.Mvc.ApiExplorer.dll
           C:\Program Files\dotnet\packs\Microsoft.AspNetCore.App.Ref\8.0.22\ref\net8.0\Microsoft.AspNetCore.Mvc.Core.dll
           C:\Program Files\dotnet\packs\Microsoft.AspNetCore.App.Ref\8.0.22\ref\net8.0\Microsoft.AspNetCore.Mvc.Cors.dll
           C:\Program Files\dotnet\packs\Microsoft.AspNetCore.App.Ref\8.0.22\ref\net8.0\Microsoft.AspNetCore.Mvc.DataAnnotations.dll
           C:\Program Files\dotnet\packs\Microsoft.AspNetCore.App.Ref\8.0.22\ref\net8.0\Microsoft.AspNetCore.Mvc.dll
           C:\Program Files\dotnet\packs\Microsoft.AspNetCore.App.Ref\8.0.22\ref\net8.0\Microsoft.AspNetCore.Mvc.Formatters.Json.dll
           C:\Program Files\dotnet\packs\Microsoft.AspNetCore.App.Ref\8.0.22\ref\net8.0\Microsoft.AspNetCore.Mvc.Formatters.Xml.dll
           C:\Program Files\dotnet\packs\Microsoft.AspNetCore.App.Ref\8.0.22\ref\net8.0\Microsoft.AspNetCore.Mvc.Localization.dll
           C:\Program Files\dotnet\packs\Microsoft.AspNetCore.App.Ref\8.0.22\ref\net8.0\Microsoft.AspNetCore.Mvc.Razor.dll
           C:\Program Files\dotnet\packs\Microsoft.AspNetCore.App.Ref\8.0.22\ref\net8.0\Microsoft.AspNetCore.Mvc.RazorPages.dll
           C:\Program Files\dotnet\packs\Microsoft.AspNetCore.App.Ref\8.0.22\ref\net8.0\Microsoft.AspNetCore.Mvc.TagHelpers.dll
           C:\Program Files\dotnet\packs\Microsoft.AspNetCore.App.Ref\8.0.22\ref\net8.0\Microsoft.AspNetCore.Mvc.ViewFeatures.dll
           C:\Program Files\dotnet\packs\Microsoft.AspNetCore.App.Ref\8.0.22\ref\net8.0\Microsoft.AspNetCore.OutputCaching.dll
           C:\Program Files\dotnet\packs\Microsoft.AspNetCore.App.Ref\8.0.22\ref\net8.0\Microsoft.AspNetCore.RateLimiting.dll
           C:\Program Files\dotnet\packs\Microsoft.AspNetCore.App.Ref\8.0.22\ref\net8.0\Microsoft.AspNetCore.Razor.dll
           C:\Program Files\dotnet\packs\Microsoft.AspNetCore.App.Ref\8.0.22\ref\net8.0\Microsoft.AspNetCore.Razor.Runtime.dll
           C:\Program Files\dotnet\packs\Microsoft.AspNetCore.App.Ref\8.0.22\ref\net8.0\Microsoft.AspNetCore.RequestDecompression.dll
           C:\Program Files\dotnet\packs\Microsoft.AspNetCore.App.Ref\8.0.22\ref\net8.0\Microsoft.AspNetCore.ResponseCaching.Abstractions.dll
           C:\Program Files\dotnet\packs\Microsoft.AspNetCore.App.Ref\8.0.22\ref\net8.0\Microsoft.AspNetCore.ResponseCaching.dll
           C:\Program Files\dotnet\packs\Microsoft.AspNetCore.App.Ref\8.0.22\ref\net8.0\Microsoft.AspNetCore.ResponseCompression.dll
           C:\Program Files\dotnet\packs\Microsoft.AspNetCore.App.Ref\8.0.22\ref\net8.0\Microsoft.AspNetCore.Rewrite.dll
           C:\Program Files\dotnet\packs\Microsoft.AspNetCore.App.Ref\8.0.22\ref\net8.0\Microsoft.AspNetCore.Routing.Abstractions.dll
           C:\Program Files\dotnet\packs\Microsoft.AspNetCore.App.Ref\8.0.22\ref\net8.0\Microsoft.AspNetCore.Routing.dll
           C:\Program Files\dotnet\packs\Microsoft.AspNetCore.App.Ref\8.0.22\ref\net8.0\Microsoft.AspNetCore.Server.HttpSys.dll
           C:\Program Files\dotnet\packs\Microsoft.AspNetCore.App.Ref\8.0.22\ref\net8.0\Microsoft.AspNetCore.Server.IIS.dll
           C:\Program Files\dotnet\packs\Microsoft.AspNetCore.App.Ref\8.0.22\ref\net8.0\Microsoft.AspNetCore.Server.IISIntegration.dll
           C:\Program Files\dotnet\packs\Microsoft.AspNetCore.App.Ref\8.0.22\ref\net8.0\Microsoft.AspNetCore.Server.Kestrel.Core.dll
           C:\Program Files\dotnet\packs\Microsoft.AspNetCore.App.Ref\8.0.22\ref\net8.0\Microsoft.AspNetCore.Server.Kestrel.dll
           C:\Program Files\dotnet\packs\Microsoft.AspNetCore.App.Ref\8.0.22\ref\net8.0\Microsoft.AspNetCore.Server.Kestrel.Transport.NamedPipes.dll
           C:\Program Files\dotnet\packs\Microsoft.AspNetCore.App.Ref\8.0.22\ref\net8.0\Microsoft.AspNetCore.Server.Kestrel.Transport.Quic.dll
           C:\Program Files\dotnet\packs\Microsoft.AspNetCore.App.Ref\8.0.22\ref\net8.0\Microsoft.AspNetCore.Server.Kestrel.Transport.Sockets.dll
           C:\Program Files\dotnet\packs\Microsoft.AspNetCore.App.Ref\8.0.22\ref\net8.0\Microsoft.AspNetCore.Session.dll
           C:\Program Files\dotnet\packs\Microsoft.AspNetCore.App.Ref\8.0.22\ref\net8.0\Microsoft.AspNetCore.SignalR.Common.dll
           C:\Program Files\dotnet\packs\Microsoft.AspNetCore.App.Ref\8.0.22\ref\net8.0\Microsoft.AspNetCore.SignalR.Core.dll
           C:\Program Files\dotnet\packs\Microsoft.AspNetCore.App.Ref\8.0.22\ref\net8.0\Microsoft.AspNetCore.SignalR.dll
           C:\Program Files\dotnet\packs\Microsoft.AspNetCore.App.Ref\8.0.22\ref\net8.0\Microsoft.AspNetCore.SignalR.Protocols.Json.dll
           C:\Program Files\dotnet\packs\Microsoft.AspNetCore.App.Ref\8.0.22\ref\net8.0\Microsoft.AspNetCore.StaticFiles.dll
           C:\Program Files\dotnet\packs\Microsoft.AspNetCore.App.Ref\8.0.22\ref\net8.0\Microsoft.AspNetCore.WebSockets.dll
           C:\Program Files\dotnet\packs\Microsoft.AspNetCore.App.Ref\8.0.22\ref\net8.0\Microsoft.AspNetCore.WebUtilities.dll
           C:\Users\DELL\.nuget\packages\microsoft.bcl.asyncinterfaces\6.0.0\lib\netstandard2.1\Microsoft.Bcl.AsyncInterfaces.dll
           C:\Program Files\dotnet\packs\Microsoft.NETCore.App.Ref\8.0.22\ref\net8.0\Microsoft.CSharp.dll
           C:\Users\DELL\.nuget\packages\microsoft.data.sqlclient\5.1.7\ref\net6.0\Microsoft.Data.SqlClient.dll
           C:\Users\DELL\.nuget\packages\microsoft.entityframeworkcore.abstractions\8.0.24\lib\net8.0\Microsoft.EntityFrameworkCore.Abstractions.dll
           C:\Users\DELL\.nuget\packages\microsoft.entityframeworkcore\8.0.24\lib\net8.0\Microsoft.EntityFrameworkCore.dll
           C:\Users\DELL\.nuget\packages\microsoft.entityframeworkcore.relational\8.0.24\lib\net8.0\Microsoft.EntityFrameworkCore.Relational.dll
           C:\Users\DELL\.nuget\packages\microsoft.entityframeworkcore.sqlserver\8.0.24\lib\net8.0\Microsoft.EntityFrameworkCore.SqlServer.dll
           C:\Program Files\dotnet\packs\Microsoft.AspNetCore.App.Ref\8.0.22\ref\net8.0\Microsoft.Extensions.Caching.Abstractions.dll
           C:\Program Files\dotnet\packs\Microsoft.AspNetCore.App.Ref\8.0.22\ref\net8.0\Microsoft.Extensions.Caching.Memory.dll
           C:\Program Files\dotnet\packs\Microsoft.AspNetCore.App.Ref\8.0.22\ref\net8.0\Microsoft.Extensions.Configuration.Abstractions.dll
           C:\Program Files\dotnet\packs\Microsoft.AspNetCore.App.Ref\8.0.22\ref\net8.0\Microsoft.Extensions.Configuration.Binder.dll
           C:\Program Files\dotnet\packs\Microsoft.AspNetCore.App.Ref\8.0.22\ref\net8.0\Microsoft.Extensions.Configuration.CommandLine.dll
           C:\Program Files\dotnet\packs\Microsoft.AspNetCore.App.Ref\8.0.22\ref\net8.0\Microsoft.Extensions.Configuration.dll
           C:\Program Files\dotnet\packs\Microsoft.AspNetCore.App.Ref\8.0.22\ref\net8.0\Microsoft.Extensions.Configuration.EnvironmentVariables.dll
           C:\Program Files\dotnet\packs\Microsoft.AspNetCore.App.Ref\8.0.22\ref\net8.0\Microsoft.Extensions.Configuration.FileExtensions.dll
           C:\Program Files\dotnet\packs\Microsoft.AspNetCore.App.Ref\8.0.22\ref\net8.0\Microsoft.Extensions.Configuration.Ini.dll
           C:\Program Files\dotnet\packs\Microsoft.AspNetCore.App.Ref\8.0.22\ref\net8.0\Microsoft.Extensions.Configuration.Json.dll
           C:\Program Files\dotnet\packs\Microsoft.AspNetCore.App.Ref\8.0.22\ref\net8.0\Microsoft.Extensions.Configuration.KeyPerFile.dll
           C:\Program Files\dotnet\packs\Microsoft.AspNetCore.App.Ref\8.0.22\ref\net8.0\Microsoft.Extensions.Configuration.UserSecrets.dll
           C:\Program Files\dotnet\packs\Microsoft.AspNetCore.App.Ref\8.0.22\ref\net8.0\Microsoft.Extensions.Configuration.Xml.dll
           C:\Program Files\dotnet\packs\Microsoft.AspNetCore.App.Ref\8.0.22\ref\net8.0\Microsoft.Extensions.DependencyInjection.Abstractions.dll
           C:\Program Files\dotnet\packs\Microsoft.AspNetCore.App.Ref\8.0.22\ref\net8.0\Microsoft.Extensions.DependencyInjection.dll
           C:\Program Files\dotnet\packs\Microsoft.AspNetCore.App.Ref\8.0.22\ref\net8.0\Microsoft.Extensions.Diagnostics.Abstractions.dll
           C:\Program Files\dotnet\packs\Microsoft.AspNetCore.App.Ref\8.0.22\ref\net8.0\Microsoft.Extensions.Diagnostics.dll
           C:\Program Files\dotnet\packs\Microsoft.AspNetCore.App.Ref\8.0.22\ref\net8.0\Microsoft.Extensions.Diagnostics.HealthChecks.Abstractions.dll
           C:\Program Files\dotnet\packs\Microsoft.AspNetCore.App.Ref\8.0.22\ref\net8.0\Microsoft.Extensions.Diagnostics.HealthChecks.dll
           C:\Program Files\dotnet\packs\Microsoft.AspNetCore.App.Ref\8.0.22\ref\net8.0\Microsoft.Extensions.Features.dll
           C:\Program Files\dotnet\packs\Microsoft.AspNetCore.App.Ref\8.0.22\ref\net8.0\Microsoft.Extensions.FileProviders.Abstractions.dll
           C:\Program Files\dotnet\packs\Microsoft.AspNetCore.App.Ref\8.0.22\ref\net8.0\Microsoft.Extensions.FileProviders.Composite.dll
           C:\Program Files\dotnet\packs\Microsoft.AspNetCore.App.Ref\8.0.22\ref\net8.0\Microsoft.Extensions.FileProviders.Embedded.dll
           C:\Program Files\dotnet\packs\Microsoft.AspNetCore.App.Ref\8.0.22\ref\net8.0\Microsoft.Extensions.FileProviders.Physical.dll
           C:\Program Files\dotnet\packs\Microsoft.AspNetCore.App.Ref\8.0.22\ref\net8.0\Microsoft.Extensions.FileSystemGlobbing.dll
           C:\Program Files\dotnet\packs\Microsoft.AspNetCore.App.Ref\8.0.22\ref\net8.0\Microsoft.Extensions.Hosting.Abstractions.dll
           C:\Program Files\dotnet\packs\Microsoft.AspNetCore.App.Ref\8.0.22\ref\net8.0\Microsoft.Extensions.Hosting.dll
           C:\Program Files\dotnet\packs\Microsoft.AspNetCore.App.Ref\8.0.22\ref\net8.0\Microsoft.Extensions.Http.dll
           C:\Program Files\dotnet\packs\Microsoft.AspNetCore.App.Ref\8.0.22\ref\net8.0\Microsoft.Extensions.Identity.Core.dll
           C:\Program Files\dotnet\packs\Microsoft.AspNetCore.App.Ref\8.0.22\ref\net8.0\Microsoft.Extensions.Identity.Stores.dll
           C:\Program Files\dotnet\packs\Microsoft.AspNetCore.App.Ref\8.0.22\ref\net8.0\Microsoft.Extensions.Localization.Abstractions.dll
           C:\Program Files\dotnet\packs\Microsoft.AspNetCore.App.Ref\8.0.22\ref\net8.0\Microsoft.Extensions.Localization.dll
           C:\Program Files\dotnet\packs\Microsoft.AspNetCore.App.Ref\8.0.22\ref\net8.0\Microsoft.Extensions.Logging.Abstractions.dll
           C:\Program Files\dotnet\packs\Microsoft.AspNetCore.App.Ref\8.0.22\ref\net8.0\Microsoft.Extensions.Logging.Configuration.dll
           C:\Program Files\dotnet\packs\Microsoft.AspNetCore.App.Ref\8.0.22\ref\net8.0\Microsoft.Extensions.Logging.Console.dll
           C:\Program Files\dotnet\packs\Microsoft.AspNetCore.App.Ref\8.0.22\ref\net8.0\Microsoft.Extensions.Logging.Debug.dll
           C:\Program Files\dotnet\packs\Microsoft.AspNetCore.App.Ref\8.0.22\ref\net8.0\Microsoft.Extensions.Logging.dll
           C:\Program Files\dotnet\packs\Microsoft.AspNetCore.App.Ref\8.0.22\ref\net8.0\Microsoft.Extensions.Logging.EventLog.dll
           C:\Program Files\dotnet\packs\Microsoft.AspNetCore.App.Ref\8.0.22\ref\net8.0\Microsoft.Extensions.Logging.EventSource.dll
           C:\Program Files\dotnet\packs\Microsoft.AspNetCore.App.Ref\8.0.22\ref\net8.0\Microsoft.Extensions.Logging.TraceSource.dll
           C:\Program Files\dotnet\packs\Microsoft.AspNetCore.App.Ref\8.0.22\ref\net8.0\Microsoft.Extensions.ObjectPool.dll
           C:\Program Files\dotnet\packs\Microsoft.AspNetCore.App.Ref\8.0.22\ref\net8.0\Microsoft.Extensions.Options.ConfigurationExtensions.dll
           C:\Program Files\dotnet\packs\Microsoft.AspNetCore.App.Ref\8.0.22\ref\net8.0\Microsoft.Extensions.Options.DataAnnotations.dll
           C:\Program Files\dotnet\packs\Microsoft.AspNetCore.App.Ref\8.0.22\ref\net8.0\Microsoft.Extensions.Options.dll
           C:\Program Files\dotnet\packs\Microsoft.AspNetCore.App.Ref\8.0.22\ref\net8.0\Microsoft.Extensions.Primitives.dll
           C:\Program Files\dotnet\packs\Microsoft.AspNetCore.App.Ref\8.0.22\ref\net8.0\Microsoft.Extensions.WebEncoders.dll
           C:\Users\DELL\.nuget\packages\microsoft.identity.client\4.61.3\lib\net6.0\Microsoft.Identity.Client.dll
           C:\Users\DELL\.nuget\packages\microsoft.identity.client.extensions.msal\4.61.3\lib\net6.0\Microsoft.Identity.Client.Extensions.Msal.dll
           C:\Users\DELL\.nuget\packages\microsoft.identitymodel.abstractions\6.35.0\lib\net6.0\Microsoft.IdentityModel.Abstractions.dll
           C:\Users\DELL\.nuget\packages\microsoft.identitymodel.jsonwebtokens\6.35.0\lib\net6.0\Microsoft.IdentityModel.JsonWebTokens.dll
           C:\Users\DELL\.nuget\packages\microsoft.identitymodel.logging\6.35.0\lib\net6.0\Microsoft.IdentityModel.Logging.dll
           C:\Users\DELL\.nuget\packages\microsoft.identitymodel.protocols\6.35.0\lib\net6.0\Microsoft.IdentityModel.Protocols.dll
           C:\Users\DELL\.nuget\packages\microsoft.identitymodel.protocols.openidconnect\6.35.0\lib\net6.0\Microsoft.IdentityModel.Protocols.OpenIdConnect.dll
           C:\Users\DELL\.nuget\packages\microsoft.identitymodel.tokens\6.35.0\lib\net6.0\Microsoft.IdentityModel.Tokens.dll
           C:\Program Files\dotnet\packs\Microsoft.AspNetCore.App.Ref\8.0.22\ref\net8.0\Microsoft.JSInterop.dll
           C:\Program Files\dotnet\packs\Microsoft.AspNetCore.App.Ref\8.0.22\ref\net8.0\Microsoft.Net.Http.Headers.dll
           C:\Users\DELL\.nuget\packages\microsoft.sqlserver.server\1.0.0\lib\netstandard2.0\Microsoft.SqlServer.Server.dll
           C:\Program Files\dotnet\packs\Microsoft.NETCore.App.Ref\8.0.22\ref\net8.0\Microsoft.VisualBasic.Core.dll
           C:\Program Files\dotnet\packs\Microsoft.NETCore.App.Ref\8.0.22\ref\net8.0\Microsoft.VisualBasic.dll
           C:\Program Files\dotnet\packs\Microsoft.NETCore.App.Ref\8.0.22\ref\net8.0\Microsoft.Win32.Primitives.dll
           C:\Program Files\dotnet\packs\Microsoft.NETCore.App.Ref\8.0.22\ref\net8.0\Microsoft.Win32.Registry.dll
           C:\Program Files\dotnet\packs\Microsoft.NETCore.App.Ref\8.0.22\ref\net8.0\mscorlib.dll
           C:\Program Files\dotnet\packs\Microsoft.NETCore.App.Ref\8.0.22\ref\net8.0\netstandard.dll
           C:\Program Files\dotnet\packs\Microsoft.NETCore.App.Ref\8.0.22\ref\net8.0\System.AppContext.dll
           C:\Program Files\dotnet\packs\Microsoft.NETCore.App.Ref\8.0.22\ref\net8.0\System.Buffers.dll
           C:\Users\DELL\.nuget\packages\system.clientmodel\1.0.0\lib\net6.0\System.ClientModel.dll
           C:\Program Files\dotnet\packs\Microsoft.NETCore.App.Ref\8.0.22\ref\net8.0\System.Collections.Concurrent.dll
           C:\Program Files\dotnet\packs\Microsoft.NETCore.App.Ref\8.0.22\ref\net8.0\System.Collections.dll
           C:\Program Files\dotnet\packs\Microsoft.NETCore.App.Ref\8.0.22\ref\net8.0\System.Collections.Immutable.dll
           C:\Program Files\dotnet\packs\Microsoft.NETCore.App.Ref\8.0.22\ref\net8.0\System.Collections.NonGeneric.dll
           C:\Program Files\dotnet\packs\Microsoft.NETCore.App.Ref\8.0.22\ref\net8.0\System.Collections.Specialized.dll
           C:\Program Files\dotnet\packs\Microsoft.NETCore.App.Ref\8.0.22\ref\net8.0\System.ComponentModel.Annotations.dll
           C:\Program Files\dotnet\packs\Microsoft.NETCore.App.Ref\8.0.22\ref\net8.0\System.ComponentModel.DataAnnotations.dll
           C:\Program Files\dotnet\packs\Microsoft.NETCore.App.Ref\8.0.22\ref\net8.0\System.ComponentModel.dll
           C:\Program Files\dotnet\packs\Microsoft.NETCore.App.Ref\8.0.22\ref\net8.0\System.ComponentModel.EventBasedAsync.dll
           C:\Program Files\dotnet\packs\Microsoft.NETCore.App.Ref\8.0.22\ref\net8.0\System.ComponentModel.Primitives.dll
           C:\Program Files\dotnet\packs\Microsoft.NETCore.App.Ref\8.0.22\ref\net8.0\System.ComponentModel.TypeConverter.dll
           C:\Program Files\dotnet\packs\Microsoft.NETCore.App.Ref\8.0.22\ref\net8.0\System.Configuration.dll
           C:\Program Files\dotnet\packs\Microsoft.NETCore.App.Ref\8.0.22\ref\net8.0\System.Console.dll
           C:\Program Files\dotnet\packs\Microsoft.NETCore.App.Ref\8.0.22\ref\net8.0\System.Core.dll
           C:\Program Files\dotnet\packs\Microsoft.NETCore.App.Ref\8.0.22\ref\net8.0\System.Data.Common.dll
           C:\Program Files\dotnet\packs\Microsoft.NETCore.App.Ref\8.0.22\ref\net8.0\System.Data.DataSetExtensions.dll
           C:\Program Files\dotnet\packs\Microsoft.NETCore.App.Ref\8.0.22\ref\net8.0\System.Data.dll
           C:\Program Files\dotnet\packs\Microsoft.NETCore.App.Ref\8.0.22\ref\net8.0\System.Diagnostics.Contracts.dll
           C:\Program Files\dotnet\packs\Microsoft.NETCore.App.Ref\8.0.22\ref\net8.0\System.Diagnostics.Debug.dll
           C:\Program Files\dotnet\packs\Microsoft.NETCore.App.Ref\8.0.22\ref\net8.0\System.Diagnostics.DiagnosticSource.dll
           C:\Program Files\dotnet\packs\Microsoft.AspNetCore.App.Ref\8.0.22\ref\net8.0\System.Diagnostics.EventLog.dll
           C:\Program Files\dotnet\packs\Microsoft.NETCore.App.Ref\8.0.22\ref\net8.0\System.Diagnostics.FileVersionInfo.dll
           C:\Program Files\dotnet\packs\Microsoft.NETCore.App.Ref\8.0.22\ref\net8.0\System.Diagnostics.Process.dll
           C:\Program Files\dotnet\packs\Microsoft.NETCore.App.Ref\8.0.22\ref\net8.0\System.Diagnostics.StackTrace.dll
           C:\Program Files\dotnet\packs\Microsoft.NETCore.App.Ref\8.0.22\ref\net8.0\System.Diagnostics.TextWriterTraceListener.dll
           C:\Program Files\dotnet\packs\Microsoft.NETCore.App.Ref\8.0.22\ref\net8.0\System.Diagnostics.Tools.dll
           C:\Program Files\dotnet\packs\Microsoft.NETCore.App.Ref\8.0.22\ref\net8.0\System.Diagnostics.TraceSource.dll
           C:\Program Files\dotnet\packs\Microsoft.NETCore.App.Ref\8.0.22\ref\net8.0\System.Diagnostics.Tracing.dll
           C:\Program Files\dotnet\packs\Microsoft.NETCore.App.Ref\8.0.22\ref\net8.0\System.dll
           C:\Program Files\dotnet\packs\Microsoft.NETCore.App.Ref\8.0.22\ref\net8.0\System.Drawing.dll
           C:\Program Files\dotnet\packs\Microsoft.NETCore.App.Ref\8.0.22\ref\net8.0\System.Drawing.Primitives.dll
           C:\Program Files\dotnet\packs\Microsoft.NETCore.App.Ref\8.0.22\ref\net8.0\System.Dynamic.Runtime.dll
           C:\Program Files\dotnet\packs\Microsoft.NETCore.App.Ref\8.0.22\ref\net8.0\System.Formats.Asn1.dll
           C:\Program Files\dotnet\packs\Microsoft.NETCore.App.Ref\8.0.22\ref\net8.0\System.Formats.Tar.dll
           C:\Program Files\dotnet\packs\Microsoft.NETCore.App.Ref\8.0.22\ref\net8.0\System.Globalization.Calendars.dll
           C:\Program Files\dotnet\packs\Microsoft.NETCore.App.Ref\8.0.22\ref\net8.0\System.Globalization.dll
           C:\Program Files\dotnet\packs\Microsoft.NETCore.App.Ref\8.0.22\ref\net8.0\System.Globalization.Extensions.dll
           C:\Users\DELL\.nuget\packages\system.identitymodel.tokens.jwt\6.35.0\lib\net6.0\System.IdentityModel.Tokens.Jwt.dll
           C:\Program Files\dotnet\packs\Microsoft.NETCore.App.Ref\8.0.22\ref\net8.0\System.IO.Compression.Brotli.dll
           C:\Program Files\dotnet\packs\Microsoft.NETCore.App.Ref\8.0.22\ref\net8.0\System.IO.Compression.dll
           C:\Program Files\dotnet\packs\Microsoft.NETCore.App.Ref\8.0.22\ref\net8.0\System.IO.Compression.FileSystem.dll
           C:\Program Files\dotnet\packs\Microsoft.NETCore.App.Ref\8.0.22\ref\net8.0\System.IO.Compression.ZipFile.dll
           C:\Program Files\dotnet\packs\Microsoft.NETCore.App.Ref\8.0.22\ref\net8.0\System.IO.dll
           C:\Program Files\dotnet\packs\Microsoft.NETCore.App.Ref\8.0.22\ref\net8.0\System.IO.FileSystem.AccessControl.dll
           C:\Program Files\dotnet\packs\Microsoft.NETCore.App.Ref\8.0.22\ref\net8.0\System.IO.FileSystem.dll
           C:\Program Files\dotnet\packs\Microsoft.NETCore.App.Ref\8.0.22\ref\net8.0\System.IO.FileSystem.DriveInfo.dll
           C:\Program Files\dotnet\packs\Microsoft.NETCore.App.Ref\8.0.22\ref\net8.0\System.IO.FileSystem.Primitives.dll
           C:\Program Files\dotnet\packs\Microsoft.NETCore.App.Ref\8.0.22\ref\net8.0\System.IO.FileSystem.Watcher.dll
           C:\Program Files\dotnet\packs\Microsoft.NETCore.App.Ref\8.0.22\ref\net8.0\System.IO.IsolatedStorage.dll
           C:\Program Files\dotnet\packs\Microsoft.NETCore.App.Ref\8.0.22\ref\net8.0\System.IO.MemoryMappedFiles.dll
           C:\Program Files\dotnet\packs\Microsoft.AspNetCore.App.Ref\8.0.22\ref\net8.0\System.IO.Pipelines.dll
           C:\Program Files\dotnet\packs\Microsoft.NETCore.App.Ref\8.0.22\ref\net8.0\System.IO.Pipes.AccessControl.dll
           C:\Program Files\dotnet\packs\Microsoft.NETCore.App.Ref\8.0.22\ref\net8.0\System.IO.Pipes.dll
           C:\Program Files\dotnet\packs\Microsoft.NETCore.App.Ref\8.0.22\ref\net8.0\System.IO.UnmanagedMemoryStream.dll
           C:\Program Files\dotnet\packs\Microsoft.NETCore.App.Ref\8.0.22\ref\net8.0\System.Linq.dll
           C:\Program Files\dotnet\packs\Microsoft.NETCore.App.Ref\8.0.22\ref\net8.0\System.Linq.Expressions.dll
           C:\Program Files\dotnet\packs\Microsoft.NETCore.App.Ref\8.0.22\ref\net8.0\System.Linq.Parallel.dll
           C:\Program Files\dotnet\packs\Microsoft.NETCore.App.Ref\8.0.22\ref\net8.0\System.Linq.Queryable.dll
           C:\Users\DELL\.nuget\packages\system.memory.data\1.0.2\lib\netstandard2.0\System.Memory.Data.dll
           C:\Program Files\dotnet\packs\Microsoft.NETCore.App.Ref\8.0.22\ref\net8.0\System.Memory.dll
           C:\Program Files\dotnet\packs\Microsoft.NETCore.App.Ref\8.0.22\ref\net8.0\System.Net.dll
           C:\Program Files\dotnet\packs\Microsoft.NETCore.App.Ref\8.0.22\ref\net8.0\System.Net.Http.dll
           C:\Program Files\dotnet\packs\Microsoft.NETCore.App.Ref\8.0.22\ref\net8.0\System.Net.Http.Json.dll
           C:\Program Files\dotnet\packs\Microsoft.NETCore.App.Ref\8.0.22\ref\net8.0\System.Net.HttpListener.dll
           C:\Program Files\dotnet\packs\Microsoft.NETCore.App.Ref\8.0.22\ref\net8.0\System.Net.Mail.dll
           C:\Program Files\dotnet\packs\Microsoft.NETCore.App.Ref\8.0.22\ref\net8.0\System.Net.NameResolution.dll
           C:\Program Files\dotnet\packs\Microsoft.NETCore.App.Ref\8.0.22\ref\net8.0\System.Net.NetworkInformation.dll
           C:\Program Files\dotnet\packs\Microsoft.NETCore.App.Ref\8.0.22\ref\net8.0\System.Net.Ping.dll
           C:\Program Files\dotnet\packs\Microsoft.NETCore.App.Ref\8.0.22\ref\net8.0\System.Net.Primitives.dll
           C:\Program Files\dotnet\packs\Microsoft.NETCore.App.Ref\8.0.22\ref\net8.0\System.Net.Quic.dll
           C:\Program Files\dotnet\packs\Microsoft.NETCore.App.Ref\8.0.22\ref\net8.0\System.Net.Requests.dll
           C:\Program Files\dotnet\packs\Microsoft.NETCore.App.Ref\8.0.22\ref\net8.0\System.Net.Security.dll
           C:\Program Files\dotnet\packs\Microsoft.NETCore.App.Ref\8.0.22\ref\net8.0\System.Net.ServicePoint.dll
           C:\Program Files\dotnet\packs\Microsoft.NETCore.App.Ref\8.0.22\ref\net8.0\System.Net.Sockets.dll
           C:\Program Files\dotnet\packs\Microsoft.NETCore.App.Ref\8.0.22\ref\net8.0\System.Net.WebClient.dll
           C:\Program Files\dotnet\packs\Microsoft.NETCore.App.Ref\8.0.22\ref\net8.0\System.Net.WebHeaderCollection.dll
           C:\Program Files\dotnet\packs\Microsoft.NETCore.App.Ref\8.0.22\ref\net8.0\System.Net.WebProxy.dll
           C:\Program Files\dotnet\packs\Microsoft.NETCore.App.Ref\8.0.22\ref\net8.0\System.Net.WebSockets.Client.dll
           C:\Program Files\dotnet\packs\Microsoft.NETCore.App.Ref\8.0.22\ref\net8.0\System.Net.WebSockets.dll
           C:\Program Files\dotnet\packs\Microsoft.NETCore.App.Ref\8.0.22\ref\net8.0\System.Numerics.dll
           C:\Program Files\dotnet\packs\Microsoft.NETCore.App.Ref\8.0.22\ref\net8.0\System.Numerics.Vectors.dll
           C:\Program Files\dotnet\packs\Microsoft.NETCore.App.Ref\8.0.22\ref\net8.0\System.ObjectModel.dll
           C:\Program Files\dotnet\packs\Microsoft.NETCore.App.Ref\8.0.22\ref\net8.0\System.Reflection.DispatchProxy.dll
           C:\Program Files\dotnet\packs\Microsoft.NETCore.App.Ref\8.0.22\ref\net8.0\System.Reflection.dll
           C:\Program Files\dotnet\packs\Microsoft.NETCore.App.Ref\8.0.22\ref\net8.0\System.Reflection.Emit.dll
           C:\Program Files\dotnet\packs\Microsoft.NETCore.App.Ref\8.0.22\ref\net8.0\System.Reflection.Emit.ILGeneration.dll
           C:\Program Files\dotnet\packs\Microsoft.NETCore.App.Ref\8.0.22\ref\net8.0\System.Reflection.Emit.Lightweight.dll
           C:\Program Files\dotnet\packs\Microsoft.NETCore.App.Ref\8.0.22\ref\net8.0\System.Reflection.Extensions.dll
           C:\Program Files\dotnet\packs\Microsoft.NETCore.App.Ref\8.0.22\ref\net8.0\System.Reflection.Metadata.dll
           C:\Program Files\dotnet\packs\Microsoft.NETCore.App.Ref\8.0.22\ref\net8.0\System.Reflection.Primitives.dll
           C:\Program Files\dotnet\packs\Microsoft.NETCore.App.Ref\8.0.22\ref\net8.0\System.Reflection.TypeExtensions.dll
           C:\Program Files\dotnet\packs\Microsoft.NETCore.App.Ref\8.0.22\ref\net8.0\System.Resources.Reader.dll
           C:\Program Files\dotnet\packs\Microsoft.NETCore.App.Ref\8.0.22\ref\net8.0\System.Resources.ResourceManager.dll
           C:\Program Files\dotnet\packs\Microsoft.NETCore.App.Ref\8.0.22\ref\net8.0\System.Resources.Writer.dll
           C:\Program Files\dotnet\packs\Microsoft.NETCore.App.Ref\8.0.22\ref\net8.0\System.Runtime.CompilerServices.Unsafe.dll
           C:\Program Files\dotnet\packs\Microsoft.NETCore.App.Ref\8.0.22\ref\net8.0\System.Runtime.CompilerServices.VisualC.dll
           C:\Program Files\dotnet\packs\Microsoft.NETCore.App.Ref\8.0.22\ref\net8.0\System.Runtime.dll
           C:\Program Files\dotnet\packs\Microsoft.NETCore.App.Ref\8.0.22\ref\net8.0\System.Runtime.Extensions.dll
           C:\Program Files\dotnet\packs\Microsoft.NETCore.App.Ref\8.0.22\ref\net8.0\System.Runtime.Handles.dll
           C:\Program Files\dotnet\packs\Microsoft.NETCore.App.Ref\8.0.22\ref\net8.0\System.Runtime.InteropServices.dll
           C:\Program Files\dotnet\packs\Microsoft.NETCore.App.Ref\8.0.22\ref\net8.0\System.Runtime.InteropServices.JavaScript.dll
           C:\Program Files\dotnet\packs\Microsoft.NETCore.App.Ref\8.0.22\ref\net8.0\System.Runtime.InteropServices.RuntimeInformation.dll
           C:\Program Files\dotnet\packs\Microsoft.NETCore.App.Ref\8.0.22\ref\net8.0\System.Runtime.Intrinsics.dll
           C:\Program Files\dotnet\packs\Microsoft.NETCore.App.Ref\8.0.22\ref\net8.0\System.Runtime.Loader.dll
           C:\Program Files\dotnet\packs\Microsoft.NETCore.App.Ref\8.0.22\ref\net8.0\System.Runtime.Numerics.dll
           C:\Program Files\dotnet\packs\Microsoft.NETCore.App.Ref\8.0.22\ref\net8.0\System.Runtime.Serialization.dll
           C:\Program Files\dotnet\packs\Microsoft.NETCore.App.Ref\8.0.22\ref\net8.0\System.Runtime.Serialization.Formatters.dll
           C:\Program Files\dotnet\packs\Microsoft.NETCore.App.Ref\8.0.22\ref\net8.0\System.Runtime.Serialization.Json.dll
           C:\Program Files\dotnet\packs\Microsoft.NETCore.App.Ref\8.0.22\ref\net8.0\System.Runtime.Serialization.Primitives.dll
           C:\Program Files\dotnet\packs\Microsoft.NETCore.App.Ref\8.0.22\ref\net8.0\System.Runtime.Serialization.Xml.dll
           C:\Program Files\dotnet\packs\Microsoft.NETCore.App.Ref\8.0.22\ref\net8.0\System.Security.AccessControl.dll
           C:\Program Files\dotnet\packs\Microsoft.NETCore.App.Ref\8.0.22\ref\net8.0\System.Security.Claims.dll
           C:\Program Files\dotnet\packs\Microsoft.NETCore.App.Ref\8.0.22\ref\net8.0\System.Security.Cryptography.Algorithms.dll
           C:\Program Files\dotnet\packs\Microsoft.NETCore.App.Ref\8.0.22\ref\net8.0\System.Security.Cryptography.Cng.dll
           C:\Program Files\dotnet\packs\Microsoft.NETCore.App.Ref\8.0.22\ref\net8.0\System.Security.Cryptography.Csp.dll
           C:\Program Files\dotnet\packs\Microsoft.NETCore.App.Ref\8.0.22\ref\net8.0\System.Security.Cryptography.dll
           C:\Program Files\dotnet\packs\Microsoft.NETCore.App.Ref\8.0.22\ref\net8.0\System.Security.Cryptography.Encoding.dll
           C:\Program Files\dotnet\packs\Microsoft.NETCore.App.Ref\8.0.22\ref\net8.0\System.Security.Cryptography.OpenSsl.dll
           C:\Program Files\dotnet\packs\Microsoft.NETCore.App.Ref\8.0.22\ref\net8.0\System.Security.Cryptography.Primitives.dll
           C:\Users\DELL\.nuget\packages\system.security.cryptography.protecteddata\6.0.0\lib\net6.0\System.Security.Cryptography.ProtectedData.dll
           C:\Program Files\dotnet\packs\Microsoft.NETCore.App.Ref\8.0.22\ref\net8.0\System.Security.Cryptography.X509Certificates.dll
           C:\Program Files\dotnet\packs\Microsoft.AspNetCore.App.Ref\8.0.22\ref\net8.0\System.Security.Cryptography.Xml.dll
           C:\Program Files\dotnet\packs\Microsoft.NETCore.App.Ref\8.0.22\ref\net8.0\System.Security.dll
           C:\Program Files\dotnet\packs\Microsoft.NETCore.App.Ref\8.0.22\ref\net8.0\System.Security.Principal.dll
           C:\Program Files\dotnet\packs\Microsoft.NETCore.App.Ref\8.0.22\ref\net8.0\System.Security.Principal.Windows.dll
           C:\Program Files\dotnet\packs\Microsoft.NETCore.App.Ref\8.0.22\ref\net8.0\System.Security.SecureString.dll
           C:\Program Files\dotnet\packs\Microsoft.NETCore.App.Ref\8.0.22\ref\net8.0\System.ServiceModel.Web.dll
           C:\Program Files\dotnet\packs\Microsoft.NETCore.App.Ref\8.0.22\ref\net8.0\System.ServiceProcess.dll
           C:\Program Files\dotnet\packs\Microsoft.NETCore.App.Ref\8.0.22\ref\net8.0\System.Text.Encoding.CodePages.dll
           C:\Program Files\dotnet\packs\Microsoft.NETCore.App.Ref\8.0.22\ref\net8.0\System.Text.Encoding.dll
           C:\Program Files\dotnet\packs\Microsoft.NETCore.App.Ref\8.0.22\ref\net8.0\System.Text.Encoding.Extensions.dll
           C:\Program Files\dotnet\packs\Microsoft.NETCore.App.Ref\8.0.22\ref\net8.0\System.Text.Encodings.Web.dll
           C:\Program Files\dotnet\packs\Microsoft.NETCore.App.Ref\8.0.22\ref\net8.0\System.Text.Json.dll
           C:\Program Files\dotnet\packs\Microsoft.NETCore.App.Ref\8.0.22\ref\net8.0\System.Text.RegularExpressions.dll
           C:\Program Files\dotnet\packs\Microsoft.NETCore.App.Ref\8.0.22\ref\net8.0\System.Threading.Channels.dll
           C:\Program Files\dotnet\packs\Microsoft.NETCore.App.Ref\8.0.22\ref\net8.0\System.Threading.dll
           C:\Program Files\dotnet\packs\Microsoft.NETCore.App.Ref\8.0.22\ref\net8.0\System.Threading.Overlapped.dll
           C:\Program Files\dotnet\packs\Microsoft.AspNetCore.App.Ref\8.0.22\ref\net8.0\System.Threading.RateLimiting.dll
           C:\Program Files\dotnet\packs\Microsoft.NETCore.App.Ref\8.0.22\ref\net8.0\System.Threading.Tasks.Dataflow.dll
           C:\Program Files\dotnet\packs\Microsoft.NETCore.App.Ref\8.0.22\ref\net8.0\System.Threading.Tasks.dll
           C:\Program Files\dotnet\packs\Microsoft.NETCore.App.Ref\8.0.22\ref\net8.0\System.Threading.Tasks.Extensions.dll
           C:\Program Files\dotnet\packs\Microsoft.NETCore.App.Ref\8.0.22\ref\net8.0\System.Threading.Tasks.Parallel.dll
           C:\Program Files\dotnet\packs\Microsoft.NETCore.App.Ref\8.0.22\ref\net8.0\System.Threading.Thread.dll
           C:\Program Files\dotnet\packs\Microsoft.NETCore.App.Ref\8.0.22\ref\net8.0\System.Threading.ThreadPool.dll
           C:\Program Files\dotnet\packs\Microsoft.NETCore.App.Ref\8.0.22\ref\net8.0\System.Threading.Timer.dll
           C:\Program Files\dotnet\packs\Microsoft.NETCore.App.Ref\8.0.22\ref\net8.0\System.Transactions.dll
           C:\Program Files\dotnet\packs\Microsoft.NETCore.App.Ref\8.0.22\ref\net8.0\System.Transactions.Local.dll
           C:\Program Files\dotnet\packs\Microsoft.NETCore.App.Ref\8.0.22\ref\net8.0\System.ValueTuple.dll
           C:\Program Files\dotnet\packs\Microsoft.NETCore.App.Ref\8.0.22\ref\net8.0\System.Web.dll
           C:\Program Files\dotnet\packs\Microsoft.NETCore.App.Ref\8.0.22\ref\net8.0\System.Web.HttpUtility.dll
           C:\Program Files\dotnet\packs\Microsoft.NETCore.App.Ref\8.0.22\ref\net8.0\System.Windows.dll
           C:\Program Files\dotnet\packs\Microsoft.NETCore.App.Ref\8.0.22\ref\net8.0\System.Xml.dll
           C:\Program Files\dotnet\packs\Microsoft.NETCore.App.Ref\8.0.22\ref\net8.0\System.Xml.Linq.dll
           C:\Program Files\dotnet\packs\Microsoft.NETCore.App.Ref\8.0.22\ref\net8.0\System.Xml.ReaderWriter.dll
           C:\Program Files\dotnet\packs\Microsoft.NETCore.App.Ref\8.0.22\ref\net8.0\System.Xml.Serialization.dll
           C:\Program Files\dotnet\packs\Microsoft.NETCore.App.Ref\8.0.22\ref\net8.0\System.Xml.XDocument.dll
           C:\Program Files\dotnet\packs\Microsoft.NETCore.App.Ref\8.0.22\ref\net8.0\System.Xml.XmlDocument.dll
           C:\Program Files\dotnet\packs\Microsoft.NETCore.App.Ref\8.0.22\ref\net8.0\System.Xml.XmlSerializer.dll
           C:\Program Files\dotnet\packs\Microsoft.NETCore.App.Ref\8.0.22\ref\net8.0\System.Xml.XPath.dll
           C:\Program Files\dotnet\packs\Microsoft.NETCore.App.Ref\8.0.22\ref\net8.0\System.Xml.XPath.XDocument.dll
           C:\Program Files\dotnet\packs\Microsoft.NETCore.App.Ref\8.0.22\ref\net8.0\WindowsBase.dll
           obj\Debug\net8.0\SpaN5.csproj.CoreCompileInputs.cache
           Components\Layout.razor
           Components\Pages.razor
           Components\Shared.razor
           Views\Booking\CustomerDetail.cshtml
           Views\Booking\CustomerList.cshtml
           Views\Booking\Details.cshtml
           Views\Booking\Index.cshtml
           Views\Booking\Success.cshtml
           Views\Feedback\Index.cshtml
           Views\Home\About.cshtml
           Views\Home\Details.cshtml
           Views\Home\Index.cshtml
           Views\Home\Privacy.cshtml
           Views\Shared\Error.cshtml
           Views\Shared\_ValidationScriptsPartial.cshtml
           Views\_ViewImports.cshtml
           Views\_ViewStart.cshtml
           Views\Shared\_Layout.cshtml
           C:\Program Files\dotnet\sdk\9.0.308\Sdks\Microsoft.NET.Sdk.Web\analyzers\cs\Microsoft.AspNetCore.Analyzers.dll
           C:\Program Files\dotnet\sdk\9.0.308\Sdks\Microsoft.NET.Sdk.Web\analyzers\cs\Microsoft.AspNetCore.Mvc.Analyzers.dll
           C:\Program Files\dotnet\sdk\9.0.308\Sdks\Microsoft.NET.Sdk\targets\..\analyzers\Microsoft.CodeAnalysis.CSharp.NetAnalyzers.dll
           C:\Program Files\dotnet\sdk\9.0.308\Sdks\Microsoft.NET.Sdk\targets\..\analyzers\Microsoft.CodeAnalysis.NetAnalyzers.dll
           C:\Users\DELL\.nuget\packages\microsoft.codeanalysis.analyzers\3.3.3\analyzers\dotnet\cs\Microsoft.CodeAnalysis.Analyzers.dll
           C:\Users\DELL\.nuget\packages\microsoft.codeanalysis.analyzers\3.3.3\analyzers\dotnet\cs\Microsoft.CodeAnalysis.CSharp.Analyzers.dll
           C:\Users\DELL\.nuget\packages\microsoft.entityframeworkcore.analyzers\8.0.24\analyzers\dotnet\cs\Microsoft.EntityFrameworkCore.Analyzers.dll
           C:\Program Files\dotnet\packs\Microsoft.NETCore.App.Ref\8.0.22\analyzers/dotnet/cs/Microsoft.Interop.ComInterfaceGenerator.dll
           C:\Program Files\dotnet\packs\Microsoft.NETCore.App.Ref\8.0.22\analyzers/dotnet/cs/Microsoft.Interop.JavaScript.JSImportGenerator.dll
           C:\Program Files\dotnet\packs\Microsoft.NETCore.App.Ref\8.0.22\analyzers/dotnet/cs/Microsoft.Interop.LibraryImportGenerator.dll
           C:\Program Files\dotnet\packs\Microsoft.NETCore.App.Ref\8.0.22\analyzers/dotnet/cs/Microsoft.Interop.SourceGeneration.dll
           C:\Program Files\dotnet\packs\Microsoft.NETCore.App.Ref\8.0.22\analyzers/dotnet/cs/System.Text.Json.SourceGeneration.dll
           C:\Program Files\dotnet\packs\Microsoft.NETCore.App.Ref\8.0.22\analyzers/dotnet/cs/System.Text.RegularExpressions.Generator.dll
           C:\Program Files\dotnet\packs\Microsoft.AspNetCore.App.Ref\8.0.22\analyzers/dotnet/cs/Microsoft.AspNetCore.App.Analyzers.dll
           C:\Program Files\dotnet\packs\Microsoft.AspNetCore.App.Ref\8.0.22\analyzers/dotnet/cs/Microsoft.AspNetCore.App.CodeFixes.dll
           C:\Program Files\dotnet\packs\Microsoft.AspNetCore.App.Ref\8.0.22\analyzers/dotnet/cs/Microsoft.AspNetCore.Components.Analyzers.dll
           C:\Program Files\dotnet\packs\Microsoft.AspNetCore.App.Ref\8.0.22\analyzers/dotnet/roslyn4.4/cs/Microsoft.Extensions.Logging.Generators.dll
           C:\Program Files\dotnet\packs\Microsoft.AspNetCore.App.Ref\8.0.22\analyzers/dotnet/roslyn4.4/cs/Microsoft.Extensions.Options.SourceGeneration.dll
           C:\Program Files\dotnet\sdk\9.0.308\Sdks\Microsoft.NET.Sdk.Razor\targets\..\source-generators\Microsoft.AspNetCore.Razor.Utilities.Shared.dll
           C:\Program Files\dotnet\sdk\9.0.308\Sdks\Microsoft.NET.Sdk.Razor\targets\..\source-generators\Microsoft.CodeAnalysis.Razor.Compiler.dll
           C:\Program Files\dotnet\sdk\9.0.308\Sdks\Microsoft.NET.Sdk.Razor\targets\..\source-generators\Microsoft.Extensions.ObjectPool.dll
           C:\Program Files\dotnet\sdk\9.0.308\Sdks\Microsoft.NET.Sdk.Razor\targets\..\source-generators\System.Collections.Immutable.dll
           obj\Debug\net8.0\SpaN5.GeneratedMSBuildEditorConfig.editorconfig
           C:\Program Files\dotnet\sdk\9.0.308\Sdks\Microsoft.NET.Sdk\analyzers\build\config\analysislevel_8_default.globalconfig
           C:\Users\DELL\OneDrive\Desktop\Web spa\Long(ThanhToan_DatLich\obj\SpaN5.csproj.EntityFrameworkCore.targets
           C:\Program Files\dotnet\sdk\9.0.308\Current\Microsoft.Common.targets\ImportAfter\Microsoft.TestPlatform.ImportAfter.targets
           obj\Debug\net8.0\SpaN5.sourcelink.json
       Output files: 
           obj\Debug\net8.0\SpaN5.dll
           obj\Debug\net8.0\refint\SpaN5.dll
           obj\Debug\net8.0\SpaN5.pdb
       C:\Program Files\dotnet\sdk\9.0.308\Roslyn\Microsoft.CSharp.Core.targets(66,7): message : Property reassignment: $(NoWarn)="1701;1702;1701;1702" (previous value: "1701;1702") at C:\Program Files\dotnet\sdk\9.0.308\Roslyn\Microsoft.CSharp.Core.targets (66,7) [C:\Users\DELL\OneDrive\Desktop\Web spa\Long(ThanhToan_DatLich\SpaN5.csproj]
   2:6>Done building target "CoreCompile" in project "SpaN5.csproj".
       Target "_TouchLastBuildWithSkipAnalyzers" skipped, due to false condition; ('$(_SkipAnalyzers)' == 'true') was evaluated as ('' == 'true').
       Target "_TimeStampAfterCompile" skipped, due to false condition; ('$(RunPostBuildEvent)'=='OnOutputUpdated' or ('$(RegisterForComInterop)'=='true' and '$(OutputType)'=='library')) was evaluated as (''=='OnOutputUpdated' or (''=='true' and 'Exe'=='library')).
   2:6>Target "AfterCompile" in file "C:\Program Files\dotnet\sdk\9.0.308\Microsoft.Common.CurrentVersion.targets" from project "C:\Users\DELL\OneDrive\Desktop\Web spa\Long(ThanhToan_DatLich\SpaN5.csproj" (target "Compile" depends on it):
   2:6>Done building target "AfterCompile" in project "SpaN5.csproj".
       Target "_CreateAppHost" skipped, due to false condition; ('$(ComputeNETCoreBuildOutputFiles)' == 'true' and
                            '$(AppHostSourcePath)' != '' and
                            Exists('@(IntermediateAssembly)') and
                            Exists('$(AppHostSourcePath)')) was evaluated as ('true' == 'true' and
                            '' != '' and
                            Exists('obj\Debug\net8.0\SpaN5.dll') and
                            Exists('')).
       Target "_CreateComHost" skipped, due to false condition; ('$(ComputeNETCoreBuildOutputFiles)' == 'true' and
                            '$(ComHostIntermediatePath)' != '' and
                            Exists('@(IntermediateAssembly)') and
                            Exists('$(ComHostSourcePath)')) was evaluated as ('true' == 'true' and
                            '' != '' and
                            Exists('obj\Debug\net8.0\SpaN5.dll') and
                            Exists('')).
       Target "_GetIjwHostPaths" skipped, due to false condition; ('$(UseIJWHost)' == 'true') was evaluated as ('' == 'true').
   2:6>Target "Compile" in file "C:\Program Files\dotnet\sdk\9.0.308\Microsoft.Common.CurrentVersion.targets" from project "C:\Users\DELL\OneDrive\Desktop\Web spa\Long(ThanhToan_DatLich\SpaN5.csproj" (target "CoreBuild" depends on it):
   2:6>Done building target "Compile" in project "SpaN5.csproj".
       Target "ExportWindowsMDFile" skipped, due to false condition; ('$(ExportWinMDFile)' == 'true') was evaluated as ('' == 'true').
       Target "UnmanagedUnregistration" skipped, due to false condition; ((('$(_AssemblyTimestampBeforeCompile)' != '$(_AssemblyTimestampAfterCompile)' or '$(RegisterForComInterop)' != 'true' or '$(OutputType)' != 'library') or
                           ('$(_AssemblyTimestampBeforeCompile)' == '')) and
                          Exists('@(_UnmanagedRegistrationCache)')) was evaluated as ((('' != '' or '' != 'true' or 'Exe' != 'library') or
                           ('' == '')) and
                          Exists('C:\Users\DELL\OneDrive\Desktop\Web spa\Long(ThanhToan_DatLich\obj\SpaN5.csproj.UnmanagedRegistration.cache')).
       Target "GenerateSerializationAssemblies" skipped, due to false condition; ('$(_SGenGenerateSerializationAssembliesConfig)' == 'On' or ('@(WebReferenceUrl)'!='' and '$(_SGenGenerateSerializationAssembliesConfig)' == 'Auto')) was evaluated as ('Off' == 'On' or (''!='' and 'Off' == 'Auto')).
   2:6>Target "_GenerateSatelliteAssemblyInputs" in file "C:\Program Files\dotnet\sdk\9.0.308\Microsoft.Common.CurrentVersion.targets" from project "C:\Users\DELL\OneDrive\Desktop\Web spa\Long(ThanhToan_DatLich\SpaN5.csproj" (target "CreateSatelliteAssemblies" depends on it):
       Task "MSBuildInternalMessage" skipped, due to false condition; ('@(ManifestResourceWithCulture)'!='' and '%(ManifestResourceWithCulture.EmittedForCompatibilityOnly)'=='') was evaluated as (''!='' and ''=='').
       Task "MSBuildInternalMessage" skipped, due to false condition; ('@(ManifestNonResxWithCultureOnDisk)'!='' and '%(ManifestNonResxWithCultureOnDisk.EmittedForCompatibilityOnly)'=='') was evaluated as (''!='' and ''=='').
   2:6>Done building target "_GenerateSatelliteAssemblyInputs" in project "SpaN5.csproj".
       Target "ComputeIntermediateSatelliteAssemblies" skipped, due to false condition; (@(EmbeddedResource->'%(WithCulture)') != '') was evaluated as ( != '').
       Target "GenerateSatelliteAssemblies" skipped, due to false condition; ('@(_SatelliteAssemblyResourceInputs)' != '' and '$(GenerateSatelliteAssembliesForCore)' != 'true') was evaluated as ('' != '' and 'true' != 'true').
       Target "CoreGenerateSatelliteAssemblies" skipped, due to false condition; ('@(_SatelliteAssemblyResourceInputs)' != ''  and '$(GenerateSatelliteAssembliesForCore)' == 'true' ) was evaluated as ('' != ''  and 'true' == 'true' ).
   2:6>Target "CreateSatelliteAssemblies" in file "C:\Program Files\dotnet\sdk\9.0.308\Microsoft.Common.CurrentVersion.targets" from project "C:\Users\DELL\OneDrive\Desktop\Web spa\Long(ThanhToan_DatLich\SpaN5.csproj" (target "CoreBuild" depends on it):
   2:6>Done building target "CreateSatelliteAssemblies" in project "SpaN5.csproj".
       Target "GenerateManifests" skipped, due to false condition; ('$(GenerateClickOnceManifests)'=='true' or '@(NativeReference)'!='' or '@(ResolvedIsolatedComModules)'!='' or '$(GenerateAppxManifest)' == 'true') was evaluated as (''=='true' or ''!='' or ''!='' or '' == 'true').
   2:6>Target "GetTargetPathWithTargetPlatformMoniker" in file "C:\Program Files\dotnet\sdk\9.0.308\Microsoft.Common.CurrentVersion.targets" from project "C:\Users\DELL\OneDrive\Desktop\Web spa\Long(ThanhToan_DatLich\SpaN5.csproj" (target "GetTargetPath" depends on it):
   2:6>Done building target "GetTargetPathWithTargetPlatformMoniker" in project "SpaN5.csproj".
   2:6>Target "GetTargetPath" in file "C:\Program Files\dotnet\sdk\9.0.308\Microsoft.Common.CurrentVersion.targets" from project "C:\Users\DELL\OneDrive\Desktop\Web spa\Long(ThanhToan_DatLich\SpaN5.csproj" (target "CoreBuild" depends on it):
   2:6>Done building target "GetTargetPath" in project "SpaN5.csproj".
   2:6>Target "RazorCompile" in file "C:\Program Files\dotnet\sdk\9.0.308\Sdks\Microsoft.NET.Sdk.Razor\targets\Sdk.Razor.CurrentVersion.targets" from project "C:\Users\DELL\OneDrive\Desktop\Web spa\Long(ThanhToan_DatLich\SpaN5.csproj" (target "_RazorPrepareForRun" depends on it):
   2:6>Done building target "RazorCompile" in project "SpaN5.csproj".
   2:6>Target "_RazorPrepareForRun" in file "C:\Program Files\dotnet\sdk\9.0.308\Sdks\Microsoft.NET.Sdk.Razor\targets\Sdk.Razor.CurrentVersion.targets" from project "C:\Users\DELL\OneDrive\Desktop\Web spa\Long(ThanhToan_DatLich\SpaN5.csproj" (target "PrepareForRun" depends on it):
   2:6>Done building target "_RazorPrepareForRun" in project "SpaN5.csproj".
       Target "UpdateExistingPackageStaticWebAssets" skipped. Previously built successfully.
       Target "ResolveProjectStaticWebAssets" skipped. Previously built successfully.
       Target "ResolveStaticWebAssetsCrossTargetingConfiguration" skipped, due to false condition; ('$(TargetFrameworks)' != '' And '@(StaticWebAssetsEmbeddedConfiguration)' != '') was evaluated as ('' != '' And '' != '').
   2:6>Target "ResolveEmbeddedProjectsStaticWebAssets" in file "C:\Program Files\dotnet\sdk\9.0.308\Sdks\Microsoft.NET.Sdk.StaticWebAssets\targets\Microsoft.NET.Sdk.StaticWebAssets.EmbeddedAssets.targets" from project "C:\Users\DELL\OneDrive\Desktop\Web spa\Long(ThanhToan_DatLich\SpaN5.csproj" (target "ResolveCoreStaticWebAssets" depends on it):
       Task "MSBuild" skipped, due to false condition; ('@(_StaticWebAssetsEmbeddedProjectAssetConfigurations)' != '' and %(_StaticWebAssetsEmbeddedProjectAssetConfigurations.TargetFramework) != '$(TargetFramework)') was evaluated as ('' != '' and  != 'net8.0').
   2:6>Done building target "ResolveEmbeddedProjectsStaticWebAssets" in project "SpaN5.csproj".
       Target "ResolveStaticWebAssetsConfiguration" skipped. Previously built successfully.
       Target "PrepareProjectReferences" skipped. Previously built successfully.
   2:6>Target "ResolveReferencedProjectsStaticWebAssetsConfiguration" in file "C:\Program Files\dotnet\sdk\9.0.308\Sdks\Microsoft.NET.Sdk.StaticWebAssets\targets\Microsoft.NET.Sdk.StaticWebAssets.References.targets" from project "C:\Users\DELL\OneDrive\Desktop\Web spa\Long(ThanhToan_DatLich\SpaN5.csproj" (target "ResolveReferencedProjectsStaticWebAssets" depends on it):
       Task "MSBuild" skipped, due to false condition; ('@(_StaticWebAssetProjectReference)' != '') was evaluated as ('' != '').
       Task "WriteLinesToFile" skipped, due to false condition; ('$(BuildingInsideVisualStudio)' == 'true') was evaluated as ('' == 'true').
       Using "MergeConfigurationProperties" task from assembly "C:\Program Files\dotnet\sdk\9.0.308\Sdks\Microsoft.NET.Sdk.StaticWebAssets\targets\..\tasks\net9.0\Microsoft.NET.Sdk.StaticWebAssets.Tasks.dll".
       Task "MergeConfigurationProperties"
       Done executing task "MergeConfigurationProperties".
   2:6>Done building target "ResolveReferencedProjectsStaticWebAssetsConfiguration" in project "SpaN5.csproj".
   2:6>Target "ResolveReferencedProjectsStaticWebAssets" in file "C:\Program Files\dotnet\sdk\9.0.308\Sdks\Microsoft.NET.Sdk.StaticWebAssets\targets\Microsoft.NET.Sdk.StaticWebAssets.References.targets" from project "C:\Users\DELL\OneDrive\Desktop\Web spa\Long(ThanhToan_DatLich\SpaN5.csproj" (target "ResolveCoreStaticWebAssets" depends on it):
       Task "MSBuild" skipped, due to false condition; ('@(StaticWebAssetProjectConfiguration)' != '') was evaluated as ('' != '').
       Task "UpdateExternallyDefinedStaticWebAssets" skipped, due to false condition; (@(_ResolvedReferencedProjectBuildStaticWebAssetCandidates) != '') was evaluated as ( != '').
       Task "DefineStaticWebAssetEndpoints" skipped, due to false condition; ('@(_ReferencedProjectBuildStaticWebAssetsWithoutEndpoints)' != '') was evaluated as ('' != '').
   2:6>Done building target "ResolveReferencedProjectsStaticWebAssets" in project "SpaN5.csproj".
   2:6>Target "ResolveJsInitializerModuleStaticWebAssets" in file "C:\Program Files\dotnet\sdk\9.0.308\Sdks\Microsoft.NET.Sdk.StaticWebAssets\targets\Microsoft.NET.Sdk.StaticWebAssets.JSModules.targets" from project "C:\Users\DELL\OneDrive\Desktop\Web spa\Long(ThanhToan_DatLich\SpaN5.csproj" (target "ResolveCoreStaticWebAssets" depends on it):
       Task "DefineStaticWebAssets"
         Cache is fully up to date.
       Done executing task "DefineStaticWebAssets".
       Task "DefineStaticWebAssetEndpoints"
         Removing endpoints for asset 'C:\Users\DELL\OneDrive\Desktop\Web spa\Long(ThanhToan_DatLich\wwwroot\lib\bootstrap\dist\css\bootstrap-reboot.css' because it no longer exists.
         Removing endpoints for asset 'C:\Users\DELL\OneDrive\Desktop\Web spa\Long(ThanhToan_DatLich\wwwroot\lib\bootstrap\dist\css\bootstrap-reboot.css' because it no longer exists.
         Removing endpoints for asset 'C:\Users\DELL\OneDrive\Desktop\Web spa\Long(ThanhToan_DatLich\wwwroot\lib\bootstrap\dist\css\bootstrap-reboot.css.map' because it no longer exists.
         Removing endpoints for asset 'C:\Users\DELL\OneDrive\Desktop\Web spa\Long(ThanhToan_DatLich\wwwroot\lib\bootstrap\dist\css\bootstrap-reboot.css.map' because it no longer exists.
         Removing endpoints for asset 'C:\Users\DELL\OneDrive\Desktop\Web spa\Long(ThanhToan_DatLich\wwwroot\lib\bootstrap\dist\css\bootstrap-reboot.min.css' because it no longer exists.
         Removing endpoints for asset 'C:\Users\DELL\OneDrive\Desktop\Web spa\Long(ThanhToan_DatLich\wwwroot\lib\bootstrap\dist\css\bootstrap-reboot.min.css' because it no longer exists.
         Removing endpoints for asset 'C:\Users\DELL\OneDrive\Desktop\Web spa\Long(ThanhToan_DatLich\wwwroot\lib\bootstrap\dist\css\bootstrap.css' because it no longer exists.
         Removing endpoints for asset 'C:\Users\DELL\OneDrive\Desktop\Web spa\Long(ThanhToan_DatLich\wwwroot\lib\bootstrap\dist\css\bootstrap.css' because it no longer exists.
         Removing endpoints for asset 'C:\Users\DELL\OneDrive\Desktop\Web spa\Long(ThanhToan_DatLich\wwwroot\lib\bootstrap\dist\css\bootstrap.css.map' because it no longer exists.
         Removing endpoints for asset 'C:\Users\DELL\OneDrive\Desktop\Web spa\Long(ThanhToan_DatLich\wwwroot\lib\bootstrap\dist\css\bootstrap.css.map' because it no longer exists.
         Removing endpoints for asset 'C:\Users\DELL\OneDrive\Desktop\Web spa\Long(ThanhToan_DatLich\wwwroot\lib\bootstrap\dist\js\bootstrap.esm.min.js.map' because it no longer exists.
         Removing endpoints for asset 'C:\Users\DELL\OneDrive\Desktop\Web spa\Long(ThanhToan_DatLich\wwwroot\lib\bootstrap\dist\js\bootstrap.esm.min.js.map' because it no longer exists.
         Removing endpoints for asset 'C:\Users\DELL\OneDrive\Desktop\Web spa\Long(ThanhToan_DatLich\wwwroot\lib\bootstrap\dist\js\bootstrap.js' because it no longer exists.
         Removing endpoints for asset 'C:\Users\DELL\OneDrive\Desktop\Web spa\Long(ThanhToan_DatLich\wwwroot\lib\bootstrap\dist\js\bootstrap.js' because it no longer exists.
         Removing endpoints for asset 'C:\Users\DELL\OneDrive\Desktop\Web spa\Long(ThanhToan_DatLich\wwwroot\lib\bootstrap\dist\css\bootstrap-reboot.rtl.min.css' because it no longer exists.
         Removing endpoints for asset 'C:\Users\DELL\OneDrive\Desktop\Web spa\Long(ThanhToan_DatLich\wwwroot\lib\bootstrap\dist\css\bootstrap-reboot.rtl.min.css' because it no longer exists.
         Removing endpoints for asset 'C:\Users\DELL\OneDrive\Desktop\Web spa\Long(ThanhToan_DatLich\wwwroot\lib\bootstrap\dist\css\bootstrap-reboot.rtl.min.css.map' because it no longer exists.
         Removing endpoints for asset 'C:\Users\DELL\OneDrive\Desktop\Web spa\Long(ThanhToan_DatLich\wwwroot\lib\bootstrap\dist\css\bootstrap-reboot.rtl.min.css.map' because it no longer exists.
         Removing endpoints for asset 'C:\Users\DELL\OneDrive\Desktop\Web spa\Long(ThanhToan_DatLich\wwwroot\lib\bootstrap\dist\css\bootstrap-utilities.css' because it no longer exists.
         Removing endpoints for asset 'C:\Users\DELL\OneDrive\Desktop\Web spa\Long(ThanhToan_DatLich\wwwroot\lib\bootstrap\dist\css\bootstrap-utilities.css' because it no longer exists.
         Removing endpoints for asset 'C:\Users\DELL\OneDrive\Desktop\Web spa\Long(ThanhToan_DatLich\wwwroot\css\app.css' because it no longer exists.
         Removing endpoints for asset 'C:\Users\DELL\OneDrive\Desktop\Web spa\Long(ThanhToan_DatLich\wwwroot\css\app.css' because it no longer exists.
         Removing endpoints for asset 'C:\Users\DELL\OneDrive\Desktop\Web spa\Long(ThanhToan_DatLich\wwwroot\favicon.ico' because it no longer exists.
         Removing endpoints for asset 'C:\Users\DELL\OneDrive\Desktop\Web spa\Long(ThanhToan_DatLich\wwwroot\favicon.ico' because it no longer exists.
         Removing endpoints for asset 'C:\Users\DELL\OneDrive\Desktop\Web spa\Long(ThanhToan_DatLich\wwwroot\js\site.js' because it no longer exists.
         Removing endpoints for asset 'C:\Users\DELL\OneDrive\Desktop\Web spa\Long(ThanhToan_DatLich\wwwroot\js\site.js' because it no longer exists.
         Removing endpoints for asset 'C:\Users\DELL\OneDrive\Desktop\Web spa\Long(ThanhToan_DatLich\wwwroot\lib\bootstrap\LICENSE' because it no longer exists.
         Removing endpoints for asset 'C:\Users\DELL\OneDrive\Desktop\Web spa\Long(ThanhToan_DatLich\wwwroot\lib\bootstrap\LICENSE' because it no longer exists.
         Removing endpoints for asset 'C:\Users\DELL\OneDrive\Desktop\Web spa\Long(ThanhToan_DatLich\wwwroot\lib\jquery-validation-unobtrusive\jquery.validate.unobtrusive.js' because it no longer exists.
         Removing endpoints for asset 'C:\Users\DELL\OneDrive\Desktop\Web spa\Long(ThanhToan_DatLich\wwwroot\lib\jquery-validation-unobtrusive\jquery.validate.unobtrusive.js' because it no longer exists.
         Removing endpoints for asset 'C:\Users\DELL\OneDrive\Desktop\Web spa\Long(ThanhToan_DatLich\wwwroot\lib\jquery-validation-unobtrusive\jquery.validate.unobtrusive.min.js' because it no longer exists.
         Removing endpoints for asset 'C:\Users\DELL\OneDrive\Desktop\Web spa\Long(ThanhToan_DatLich\wwwroot\lib\jquery-validation-unobtrusive\jquery.validate.unobtrusive.min.js' because it no longer exists.
         Removing endpoints for asset 'C:\Users\DELL\OneDrive\Desktop\Web spa\Long(ThanhToan_DatLich\wwwroot\lib\jquery\dist\jquery.js' because it no longer exists.
         Removing endpoints for asset 'C:\Users\DELL\OneDrive\Desktop\Web spa\Long(ThanhToan_DatLich\wwwroot\lib\jquery\dist\jquery.js' because it no longer exists.
         Removing endpoints for asset 'C:\Users\DELL\OneDrive\Desktop\Web spa\Long(ThanhToan_DatLich\wwwroot\lib\jquery\dist\jquery.min.js' because it no longer exists.
         Removing endpoints for asset 'C:\Users\DELL\OneDrive\Desktop\Web spa\Long(ThanhToan_DatLich\wwwroot\lib\jquery\dist\jquery.min.js' because it no longer exists.
         Removing endpoints for asset 'C:\Users\DELL\OneDrive\Desktop\Web spa\Long(ThanhToan_DatLich\wwwroot\lib\jquery\dist\jquery.min.map' because it no longer exists.
         Removing endpoints for asset 'C:\Users\DELL\OneDrive\Desktop\Web spa\Long(ThanhToan_DatLich\wwwroot\lib\jquery\dist\jquery.min.map' because it no longer exists.
         Removing endpoints for asset 'C:\Users\DELL\OneDrive\Desktop\Web spa\Long(ThanhToan_DatLich\wwwroot\lib\jquery\LICENSE.txt' because it no longer exists.
         Removing endpoints for asset 'C:\Users\DELL\OneDrive\Desktop\Web spa\Long(ThanhToan_DatLich\wwwroot\lib\jquery\LICENSE.txt' because it no longer exists.
         Removing endpoints for asset 'C:\Users\DELL\OneDrive\Desktop\Web spa\Long(ThanhToan_DatLich\wwwroot\css\site.css' because it no longer exists.
         Removing endpoints for asset 'C:\Users\DELL\OneDrive\Desktop\Web spa\Long(ThanhToan_DatLich\wwwroot\css\site.css' because it no longer exists.
         Removing endpoints for asset 'C:\Users\DELL\OneDrive\Desktop\Web spa\Long(ThanhToan_DatLich\wwwroot\lib\bootstrap\dist\js\bootstrap.js.map' because it no longer exists.
         Removing endpoints for asset 'C:\Users\DELL\OneDrive\Desktop\Web spa\Long(ThanhToan_DatLich\wwwroot\lib\bootstrap\dist\js\bootstrap.js.map' because it no longer exists.
         Removing endpoints for asset 'C:\Users\DELL\OneDrive\Desktop\Web spa\Long(ThanhToan_DatLich\wwwroot\lib\bootstrap\dist\js\bootstrap.bundle.min.js.map' because it no longer exists.
         Removing endpoints for asset 'C:\Users\DELL\OneDrive\Desktop\Web spa\Long(ThanhToan_DatLich\wwwroot\lib\bootstrap\dist\js\bootstrap.bundle.min.js.map' because it no longer exists.
         Removing endpoints for asset 'C:\Users\DELL\OneDrive\Desktop\Web spa\Long(ThanhToan_DatLich\wwwroot\lib\bootstrap\dist\js\bootstrap.esm.js' because it no longer exists.
         Removing endpoints for asset 'C:\Users\DELL\OneDrive\Desktop\Web spa\Long(ThanhToan_DatLich\wwwroot\lib\bootstrap\dist\js\bootstrap.esm.js' because it no longer exists.
         Removing endpoints for asset 'C:\Users\DELL\OneDrive\Desktop\Web spa\Long(ThanhToan_DatLich\wwwroot\lib\bootstrap\dist\js\bootstrap.esm.js.map' because it no longer exists.
         Removing endpoints for asset 'C:\Users\DELL\OneDrive\Desktop\Web spa\Long(ThanhToan_DatLich\wwwroot\lib\bootstrap\dist\js\bootstrap.esm.js.map' because it no longer exists.
         Removing endpoints for asset 'C:\Users\DELL\OneDrive\Desktop\Web spa\Long(ThanhToan_DatLich\wwwroot\lib\bootstrap\dist\js\bootstrap.esm.min.js' because it no longer exists.
         Removing endpoints for asset 'C:\Users\DELL\OneDrive\Desktop\Web spa\Long(ThanhToan_DatLich\wwwroot\lib\bootstrap\dist\js\bootstrap.esm.min.js' because it no longer exists.
         Removing endpoints for asset 'C:\Users\DELL\OneDrive\Desktop\Web spa\Long(ThanhToan_DatLich\wwwroot\lib\bootstrap\dist\css\bootstrap.rtl.css.map' because it no longer exists.
         Removing endpoints for asset 'C:\Users\DELL\OneDrive\Desktop\Web spa\Long(ThanhToan_DatLich\wwwroot\lib\bootstrap\dist\css\bootstrap.rtl.css.map' because it no longer exists.
         Removing endpoints for asset 'C:\Users\DELL\OneDrive\Desktop\Web spa\Long(ThanhToan_DatLich\wwwroot\lib\bootstrap\dist\css\bootstrap.rtl.min.css' because it no longer exists.
         Removing endpoints for asset 'C:\Users\DELL\OneDrive\Desktop\Web spa\Long(ThanhToan_DatLich\wwwroot\lib\bootstrap\dist\css\bootstrap.rtl.min.css' because it no longer exists.
         Removing endpoints for asset 'C:\Users\DELL\OneDrive\Desktop\Web spa\Long(ThanhToan_DatLich\wwwroot\lib\bootstrap\dist\css\bootstrap.rtl.min.css.map' because it no longer exists.
         Removing endpoints for asset 'C:\Users\DELL\OneDrive\Desktop\Web spa\Long(ThanhToan_DatLich\wwwroot\lib\bootstrap\dist\css\bootstrap.rtl.min.css.map' because it no longer exists.
         Removing endpoints for asset 'C:\Users\DELL\OneDrive\Desktop\Web spa\Long(ThanhToan_DatLich\wwwroot\lib\bootstrap\dist\css\bootstrap-grid.rtl.css.map' because it no longer exists.
         Removing endpoints for asset 'C:\Users\DELL\OneDrive\Desktop\Web spa\Long(ThanhToan_DatLich\wwwroot\lib\bootstrap\dist\css\bootstrap-grid.rtl.css.map' because it no longer exists.
         Removing endpoints for asset 'C:\Users\DELL\OneDrive\Desktop\Web spa\Long(ThanhToan_DatLich\wwwroot\lib\bootstrap\dist\css\bootstrap-grid.rtl.min.css' because it no longer exists.
         Removing endpoints for asset 'C:\Users\DELL\OneDrive\Desktop\Web spa\Long(ThanhToan_DatLich\wwwroot\lib\bootstrap\dist\css\bootstrap-grid.rtl.min.css' because it no longer exists.
         Removing endpoints for asset 'C:\Users\DELL\OneDrive\Desktop\Web spa\Long(ThanhToan_DatLich\wwwroot\lib\bootstrap\dist\css\bootstrap-grid.rtl.min.css.map' because it no longer exists.
         Removing endpoints for asset 'C:\Users\DELL\OneDrive\Desktop\Web spa\Long(ThanhToan_DatLich\wwwroot\lib\bootstrap\dist\css\bootstrap-grid.rtl.min.css.map' because it no longer exists.
         Removing endpoints for asset 'C:\Users\DELL\OneDrive\Desktop\Web spa\Long(ThanhToan_DatLich\wwwroot\lib\bootstrap\dist\css\bootstrap-reboot.rtl.css' because it no longer exists.
         Removing endpoints for asset 'C:\Users\DELL\OneDrive\Desktop\Web spa\Long(ThanhToan_DatLich\wwwroot\lib\bootstrap\dist\css\bootstrap-reboot.rtl.css' because it no longer exists.
         Removing endpoints for asset 'C:\Users\DELL\OneDrive\Desktop\Web spa\Long(ThanhToan_DatLich\wwwroot\lib\bootstrap\dist\css\bootstrap-reboot.rtl.css.map' because it no longer exists.
         Removing endpoints for asset 'C:\Users\DELL\OneDrive\Desktop\Web spa\Long(ThanhToan_DatLich\wwwroot\lib\bootstrap\dist\css\bootstrap-reboot.rtl.css.map' because it no longer exists.
         Removing endpoints for asset 'C:\Users\DELL\OneDrive\Desktop\Web spa\Long(ThanhToan_DatLich\wwwroot\lib\bootstrap\dist\css\bootstrap.min.css.map' because it no longer exists.
         Removing endpoints for asset 'C:\Users\DELL\OneDrive\Desktop\Web spa\Long(ThanhToan_DatLich\wwwroot\lib\bootstrap\dist\css\bootstrap.min.css.map' because it no longer exists.
         Removing endpoints for asset 'C:\Users\DELL\OneDrive\Desktop\Web spa\Long(ThanhToan_DatLich\wwwroot\lib\bootstrap\dist\css\bootstrap.rtl.css' because it no longer exists.
         Removing endpoints for asset 'C:\Users\DELL\OneDrive\Desktop\Web spa\Long(ThanhToan_DatLich\wwwroot\lib\bootstrap\dist\css\bootstrap.rtl.css' because it no longer exists.
         Removing endpoints for asset 'C:\Users\DELL\OneDrive\Desktop\Web spa\Long(ThanhToan_DatLich\wwwroot\lib\bootstrap\dist\js\bootstrap.min.js' because it no longer exists.
         Removing endpoints for asset 'C:\Users\DELL\OneDrive\Desktop\Web spa\Long(ThanhToan_DatLich\wwwroot\lib\bootstrap\dist\js\bootstrap.min.js' because it no longer exists.
         Removing endpoints for asset 'C:\Users\DELL\OneDrive\Desktop\Web spa\Long(ThanhToan_DatLich\wwwroot\lib\bootstrap\dist\js\bootstrap.min.js.map' because it no longer exists.
         Removing endpoints for asset 'C:\Users\DELL\OneDrive\Desktop\Web spa\Long(ThanhToan_DatLich\wwwroot\lib\bootstrap\dist\js\bootstrap.min.js.map' because it no longer exists.
         Removing endpoints for asset 'C:\Users\DELL\OneDrive\Desktop\Web spa\Long(ThanhToan_DatLich\wwwroot\lib\bootstrap\dist\css\bootstrap-utilities.rtl.min.css.map' because it no longer exists.
         Removing endpoints for asset 'C:\Users\DELL\OneDrive\Desktop\Web spa\Long(ThanhToan_DatLich\wwwroot\lib\bootstrap\dist\css\bootstrap-utilities.rtl.min.css.map' because it no longer exists.
         Removing endpoints for asset 'C:\Users\DELL\OneDrive\Desktop\Web spa\Long(ThanhToan_DatLich\wwwroot\lib\bootstrap\dist\css\bootstrap-reboot.min.css.map' because it no longer exists.
         Removing endpoints for asset 'C:\Users\DELL\OneDrive\Desktop\Web spa\Long(ThanhToan_DatLich\wwwroot\lib\bootstrap\dist\css\bootstrap-reboot.min.css.map' because it no longer exists.
         Removing endpoints for asset 'C:\Users\DELL\OneDrive\Desktop\Web spa\Long(ThanhToan_DatLich\wwwroot\lib\bootstrap\dist\css\bootstrap-grid.min.css' because it no longer exists.
         Removing endpoints for asset 'C:\Users\DELL\OneDrive\Desktop\Web spa\Long(ThanhToan_DatLich\wwwroot\lib\bootstrap\dist\css\bootstrap-grid.min.css' because it no longer exists.
         Removing endpoints for asset 'C:\Users\DELL\OneDrive\Desktop\Web spa\Long(ThanhToan_DatLich\wwwroot\lib\bootstrap\dist\css\bootstrap-grid.min.css.map' because it no longer exists.
         Removing endpoints for asset 'C:\Users\DELL\OneDrive\Desktop\Web spa\Long(ThanhToan_DatLich\wwwroot\lib\bootstrap\dist\css\bootstrap-grid.min.css.map' because it no longer exists.
         Removing endpoints for asset 'C:\Users\DELL\OneDrive\Desktop\Web spa\Long(ThanhToan_DatLich\wwwroot\lib\bootstrap\dist\css\bootstrap-grid.rtl.css' because it no longer exists.
         Removing endpoints for asset 'C:\Users\DELL\OneDrive\Desktop\Web spa\Long(ThanhToan_DatLich\wwwroot\lib\bootstrap\dist\css\bootstrap-grid.rtl.css' because it no longer exists.
         Removing endpoints for asset 'C:\Users\DELL\OneDrive\Desktop\Web spa\Long(ThanhToan_DatLich\wwwroot\lib\bootstrap\dist\css\bootstrap-grid.css' because it no longer exists.
         Removing endpoints for asset 'C:\Users\DELL\OneDrive\Desktop\Web spa\Long(ThanhToan_DatLich\wwwroot\lib\bootstrap\dist\css\bootstrap-grid.css' because it no longer exists.
         Removing endpoints for asset 'C:\Users\DELL\OneDrive\Desktop\Web spa\Long(ThanhToan_DatLich\wwwroot\lib\bootstrap\dist\css\bootstrap-grid.css.map' because it no longer exists.
         Removing endpoints for asset 'C:\Users\DELL\OneDrive\Desktop\Web spa\Long(ThanhToan_DatLich\wwwroot\lib\bootstrap\dist\css\bootstrap-grid.css.map' because it no longer exists.
         Removing endpoints for asset 'C:\Users\DELL\OneDrive\Desktop\Web spa\Long(ThanhToan_DatLich\wwwroot\lib\bootstrap\dist\css\bootstrap.min.css' because it no longer exists.
         Removing endpoints for asset 'C:\Users\DELL\OneDrive\Desktop\Web spa\Long(ThanhToan_DatLich\wwwroot\lib\bootstrap\dist\css\bootstrap.min.css' because it no longer exists.
         Removing endpoints for asset 'C:\Users\DELL\OneDrive\Desktop\Web spa\Long(ThanhToan_DatLich\wwwroot\lib\bootstrap\dist\css\bootstrap-utilities.css.map' because it no longer exists.
         Removing endpoints for asset 'C:\Users\DELL\OneDrive\Desktop\Web spa\Long(ThanhToan_DatLich\wwwroot\lib\bootstrap\dist\css\bootstrap-utilities.css.map' because it no longer exists.
         Removing endpoints for asset 'C:\Users\DELL\OneDrive\Desktop\Web spa\Long(ThanhToan_DatLich\wwwroot\lib\bootstrap\dist\css\bootstrap-utilities.min.css' because it no longer exists.
         Removing endpoints for asset 'C:\Users\DELL\OneDrive\Desktop\Web spa\Long(ThanhToan_DatLich\wwwroot\lib\bootstrap\dist\css\bootstrap-utilities.min.css' because it no longer exists.
         Removing endpoints for asset 'C:\Users\DELL\OneDrive\Desktop\Web spa\Long(ThanhToan_DatLich\wwwroot\lib\bootstrap\dist\css\bootstrap-utilities.min.css.map' because it no longer exists.
         Removing endpoints for asset 'C:\Users\DELL\OneDrive\Desktop\Web spa\Long(ThanhToan_DatLich\wwwroot\lib\bootstrap\dist\css\bootstrap-utilities.min.css.map' because it no longer exists.
         Removing endpoints for asset 'C:\Users\DELL\OneDrive\Desktop\Web spa\Long(ThanhToan_DatLich\wwwroot\lib\jquery-validation-unobtrusive\LICENSE.txt' because it no longer exists.
         Removing endpoints for asset 'C:\Users\DELL\OneDrive\Desktop\Web spa\Long(ThanhToan_DatLich\wwwroot\lib\jquery-validation-unobtrusive\LICENSE.txt' because it no longer exists.
         Removing endpoints for asset 'C:\Users\DELL\OneDrive\Desktop\Web spa\Long(ThanhToan_DatLich\wwwroot\lib\jquery-validation\dist\additional-methods.js' because it no longer exists.
         Removing endpoints for asset 'C:\Users\DELL\OneDrive\Desktop\Web spa\Long(ThanhToan_DatLich\wwwroot\lib\jquery-validation\dist\additional-methods.js' because it no longer exists.
         Removing endpoints for asset 'C:\Users\DELL\OneDrive\Desktop\Web spa\Long(ThanhToan_DatLich\wwwroot\lib\jquery-validation\dist\additional-methods.min.js' because it no longer exists.
         Removing endpoints for asset 'C:\Users\DELL\OneDrive\Desktop\Web spa\Long(ThanhToan_DatLich\wwwroot\lib\jquery-validation\dist\additional-methods.min.js' because it no longer exists.
         Removing endpoints for asset 'C:\Users\DELL\OneDrive\Desktop\Web spa\Long(ThanhToan_DatLich\wwwroot\lib\jquery-validation\dist\jquery.validate.js' because it no longer exists.
         Removing endpoints for asset 'C:\Users\DELL\OneDrive\Desktop\Web spa\Long(ThanhToan_DatLich\wwwroot\lib\jquery-validation\dist\jquery.validate.js' because it no longer exists.
         Removing endpoints for asset 'C:\Users\DELL\OneDrive\Desktop\Web spa\Long(ThanhToan_DatLich\wwwroot\lib\jquery-validation\dist\jquery.validate.min.js' because it no longer exists.
         Removing endpoints for asset 'C:\Users\DELL\OneDrive\Desktop\Web spa\Long(ThanhToan_DatLich\wwwroot\lib\jquery-validation\dist\jquery.validate.min.js' because it no longer exists.
         Removing endpoints for asset 'C:\Users\DELL\OneDrive\Desktop\Web spa\Long(ThanhToan_DatLich\wwwroot\lib\jquery-validation\LICENSE.md' because it no longer exists.
         Removing endpoints for asset 'C:\Users\DELL\OneDrive\Desktop\Web spa\Long(ThanhToan_DatLich\wwwroot\lib\jquery-validation\LICENSE.md' because it no longer exists.
         Removing endpoints for asset 'C:\Users\DELL\OneDrive\Desktop\Web spa\Long(ThanhToan_DatLich\wwwroot\lib\bootstrap\dist\js\bootstrap.bundle.js' because it no longer exists.
         Removing endpoints for asset 'C:\Users\DELL\OneDrive\Desktop\Web spa\Long(ThanhToan_DatLich\wwwroot\lib\bootstrap\dist\js\bootstrap.bundle.js' because it no longer exists.
         Removing endpoints for asset 'C:\Users\DELL\OneDrive\Desktop\Web spa\Long(ThanhToan_DatLich\wwwroot\lib\bootstrap\dist\js\bootstrap.bundle.js.map' because it no longer exists.
         Removing endpoints for asset 'C:\Users\DELL\OneDrive\Desktop\Web spa\Long(ThanhToan_DatLich\wwwroot\lib\bootstrap\dist\js\bootstrap.bundle.js.map' because it no longer exists.
         Removing endpoints for asset 'C:\Users\DELL\OneDrive\Desktop\Web spa\Long(ThanhToan_DatLich\wwwroot\lib\bootstrap\dist\js\bootstrap.bundle.min.js' because it no longer exists.
         Removing endpoints for asset 'C:\Users\DELL\OneDrive\Desktop\Web spa\Long(ThanhToan_DatLich\wwwroot\lib\bootstrap\dist\js\bootstrap.bundle.min.js' because it no longer exists.
         Removing endpoints for asset 'C:\Users\DELL\OneDrive\Desktop\Web spa\Long(ThanhToan_DatLich\wwwroot\lib\bootstrap\dist\css\bootstrap-utilities.rtl.css' because it no longer exists.
         Removing endpoints for asset 'C:\Users\DELL\OneDrive\Desktop\Web spa\Long(ThanhToan_DatLich\wwwroot\lib\bootstrap\dist\css\bootstrap-utilities.rtl.css' because it no longer exists.
         Removing endpoints for asset 'C:\Users\DELL\OneDrive\Desktop\Web spa\Long(ThanhToan_DatLich\wwwroot\lib\bootstrap\dist\css\bootstrap-utilities.rtl.css.map' because it no longer exists.
         Removing endpoints for asset 'C:\Users\DELL\OneDrive\Desktop\Web spa\Long(ThanhToan_DatLich\wwwroot\lib\bootstrap\dist\css\bootstrap-utilities.rtl.css.map' because it no longer exists.
         Removing endpoints for asset 'C:\Users\DELL\OneDrive\Desktop\Web spa\Long(ThanhToan_DatLich\wwwroot\lib\bootstrap\dist\css\bootstrap-utilities.rtl.min.css' because it no longer exists.
         Removing endpoints for asset 'C:\Users\DELL\OneDrive\Desktop\Web spa\Long(ThanhToan_DatLich\wwwroot\lib\bootstrap\dist\css\bootstrap-utilities.rtl.min.css' because it no longer exists.
       Done executing task "DefineStaticWebAssetEndpoints".
       Task "FilterStaticWebAssetEndpoints" skipped, due to false condition; ('@(_JSModuleStaticWebAsset)' != '') was evaluated as ('' != '').
       Task "Error" skipped, due to false condition; ('@(_MissingJSModuleStaticWebAsset)' != '') was evaluated as ('' != '').
       Task "UpdateStaticWebAssetEndpoints" skipped, due to false condition; ('@(_AddPropertyToInitializers)' != '') was evaluated as ('' != '').
   2:6>Done building target "ResolveJsInitializerModuleStaticWebAssets" in project "SpaN5.csproj".
       Target "ResolveProjectStaticWebAssets" skipped. Previously built successfully.
       Target "ResolveRazorComponentInputs" skipped. Previously built successfully.
       Target "ResolveRazorGenerateInputs" skipped. Previously built successfully.
   2:6>Target "ResolveJSModuleStaticWebAssets" in file "C:\Program Files\dotnet\sdk\9.0.308\Sdks\Microsoft.NET.Sdk.StaticWebAssets\targets\Microsoft.NET.Sdk.StaticWebAssets.JSModules.targets" from project "C:\Users\DELL\OneDrive\Desktop\Web spa\Long(ThanhToan_DatLich\SpaN5.csproj" (target "ResolveCoreStaticWebAssets" depends on it):
       Task "DefineStaticWebAssets"
         Rejected asset 'build_errors.log' for pattern '**/*.razor.js'
       Done executing task "DefineStaticWebAssets".
       Task "DefineStaticWebAssets"
         Rejected asset 'build_errors.log' for pattern '**/*.cshtml.js'
       Done executing task "DefineStaticWebAssets".
       Task "DefineStaticWebAssetEndpoints"
         Removing endpoints for asset 'C:\Users\DELL\OneDrive\Desktop\Web spa\Long(ThanhToan_DatLich\wwwroot\lib\bootstrap\dist\css\bootstrap-reboot.css' because it no longer exists.
         Removing endpoints for asset 'C:\Users\DELL\OneDrive\Desktop\Web spa\Long(ThanhToan_DatLich\wwwroot\lib\bootstrap\dist\css\bootstrap-reboot.css' because it no longer exists.
         Removing endpoints for asset 'C:\Users\DELL\OneDrive\Desktop\Web spa\Long(ThanhToan_DatLich\wwwroot\lib\bootstrap\dist\css\bootstrap-reboot.css.map' because it no longer exists.
         Removing endpoints for asset 'C:\Users\DELL\OneDrive\Desktop\Web spa\Long(ThanhToan_DatLich\wwwroot\lib\bootstrap\dist\css\bootstrap-reboot.css.map' because it no longer exists.
         Removing endpoints for asset 'C:\Users\DELL\OneDrive\Desktop\Web spa\Long(ThanhToan_DatLich\wwwroot\lib\bootstrap\dist\css\bootstrap-reboot.min.css' because it no longer exists.
         Removing endpoints for asset 'C:\Users\DELL\OneDrive\Desktop\Web spa\Long(ThanhToan_DatLich\wwwroot\lib\bootstrap\dist\css\bootstrap-reboot.min.css' because it no longer exists.
         Removing endpoints for asset 'C:\Users\DELL\OneDrive\Desktop\Web spa\Long(ThanhToan_DatLich\wwwroot\lib\bootstrap\dist\css\bootstrap.css' because it no longer exists.
         Removing endpoints for asset 'C:\Users\DELL\OneDrive\Desktop\Web spa\Long(ThanhToan_DatLich\wwwroot\lib\bootstrap\dist\css\bootstrap.css' because it no longer exists.
         Removing endpoints for asset 'C:\Users\DELL\OneDrive\Desktop\Web spa\Long(ThanhToan_DatLich\wwwroot\lib\bootstrap\dist\css\bootstrap.css.map' because it no longer exists.
         Removing endpoints for asset 'C:\Users\DELL\OneDrive\Desktop\Web spa\Long(ThanhToan_DatLich\wwwroot\lib\bootstrap\dist\css\bootstrap.css.map' because it no longer exists.
         Removing endpoints for asset 'C:\Users\DELL\OneDrive\Desktop\Web spa\Long(ThanhToan_DatLich\wwwroot\lib\bootstrap\dist\js\bootstrap.esm.min.js.map' because it no longer exists.
         Removing endpoints for asset 'C:\Users\DELL\OneDrive\Desktop\Web spa\Long(ThanhToan_DatLich\wwwroot\lib\bootstrap\dist\js\bootstrap.esm.min.js.map' because it no longer exists.
         Removing endpoints for asset 'C:\Users\DELL\OneDrive\Desktop\Web spa\Long(ThanhToan_DatLich\wwwroot\lib\bootstrap\dist\js\bootstrap.js' because it no longer exists.
         Removing endpoints for asset 'C:\Users\DELL\OneDrive\Desktop\Web spa\Long(ThanhToan_DatLich\wwwroot\lib\bootstrap\dist\js\bootstrap.js' because it no longer exists.
         Removing endpoints for asset 'C:\Users\DELL\OneDrive\Desktop\Web spa\Long(ThanhToan_DatLich\wwwroot\lib\bootstrap\dist\css\bootstrap-reboot.rtl.min.css' because it no longer exists.
         Removing endpoints for asset 'C:\Users\DELL\OneDrive\Desktop\Web spa\Long(ThanhToan_DatLich\wwwroot\lib\bootstrap\dist\css\bootstrap-reboot.rtl.min.css' because it no longer exists.
         Removing endpoints for asset 'C:\Users\DELL\OneDrive\Desktop\Web spa\Long(ThanhToan_DatLich\wwwroot\lib\bootstrap\dist\css\bootstrap-reboot.rtl.min.css.map' because it no longer exists.
         Removing endpoints for asset 'C:\Users\DELL\OneDrive\Desktop\Web spa\Long(ThanhToan_DatLich\wwwroot\lib\bootstrap\dist\css\bootstrap-reboot.rtl.min.css.map' because it no longer exists.
         Removing endpoints for asset 'C:\Users\DELL\OneDrive\Desktop\Web spa\Long(ThanhToan_DatLich\wwwroot\lib\bootstrap\dist\css\bootstrap-utilities.css' because it no longer exists.
         Removing endpoints for asset 'C:\Users\DELL\OneDrive\Desktop\Web spa\Long(ThanhToan_DatLich\wwwroot\lib\bootstrap\dist\css\bootstrap-utilities.css' because it no longer exists.
         Removing endpoints for asset 'C:\Users\DELL\OneDrive\Desktop\Web spa\Long(ThanhToan_DatLich\wwwroot\css\app.css' because it no longer exists.
         Removing endpoints for asset 'C:\Users\DELL\OneDrive\Desktop\Web spa\Long(ThanhToan_DatLich\wwwroot\css\app.css' because it no longer exists.
         Removing endpoints for asset 'C:\Users\DELL\OneDrive\Desktop\Web spa\Long(ThanhToan_DatLich\wwwroot\favicon.ico' because it no longer exists.
         Removing endpoints for asset 'C:\Users\DELL\OneDrive\Desktop\Web spa\Long(ThanhToan_DatLich\wwwroot\favicon.ico' because it no longer exists.
         Removing endpoints for asset 'C:\Users\DELL\OneDrive\Desktop\Web spa\Long(ThanhToan_DatLich\wwwroot\js\site.js' because it no longer exists.
         Removing endpoints for asset 'C:\Users\DELL\OneDrive\Desktop\Web spa\Long(ThanhToan_DatLich\wwwroot\js\site.js' because it no longer exists.
         Removing endpoints for asset 'C:\Users\DELL\OneDrive\Desktop\Web spa\Long(ThanhToan_DatLich\wwwroot\lib\bootstrap\LICENSE' because it no longer exists.
         Removing endpoints for asset 'C:\Users\DELL\OneDrive\Desktop\Web spa\Long(ThanhToan_DatLich\wwwroot\lib\bootstrap\LICENSE' because it no longer exists.
         Removing endpoints for asset 'C:\Users\DELL\OneDrive\Desktop\Web spa\Long(ThanhToan_DatLich\wwwroot\lib\jquery-validation-unobtrusive\jquery.validate.unobtrusive.js' because it no longer exists.
         Removing endpoints for asset 'C:\Users\DELL\OneDrive\Desktop\Web spa\Long(ThanhToan_DatLich\wwwroot\lib\jquery-validation-unobtrusive\jquery.validate.unobtrusive.js' because it no longer exists.
         Removing endpoints for asset 'C:\Users\DELL\OneDrive\Desktop\Web spa\Long(ThanhToan_DatLich\wwwroot\lib\jquery-validation-unobtrusive\jquery.validate.unobtrusive.min.js' because it no longer exists.
         Removing endpoints for asset 'C:\Users\DELL\OneDrive\Desktop\Web spa\Long(ThanhToan_DatLich\wwwroot\lib\jquery-validation-unobtrusive\jquery.validate.unobtrusive.min.js' because it no longer exists.
         Removing endpoints for asset 'C:\Users\DELL\OneDrive\Desktop\Web spa\Long(ThanhToan_DatLich\wwwroot\lib\jquery\dist\jquery.js' because it no longer exists.
         Removing endpoints for asset 'C:\Users\DELL\OneDrive\Desktop\Web spa\Long(ThanhToan_DatLich\wwwroot\lib\jquery\dist\jquery.js' because it no longer exists.
         Removing endpoints for asset 'C:\Users\DELL\OneDrive\Desktop\Web spa\Long(ThanhToan_DatLich\wwwroot\lib\jquery\dist\jquery.min.js' because it no longer exists.
         Removing endpoints for asset 'C:\Users\DELL\OneDrive\Desktop\Web spa\Long(ThanhToan_DatLich\wwwroot\lib\jquery\dist\jquery.min.js' because it no longer exists.
         Removing endpoints for asset 'C:\Users\DELL\OneDrive\Desktop\Web spa\Long(ThanhToan_DatLich\wwwroot\lib\jquery\dist\jquery.min.map' because it no longer exists.
         Removing endpoints for asset 'C:\Users\DELL\OneDrive\Desktop\Web spa\Long(ThanhToan_DatLich\wwwroot\lib\jquery\dist\jquery.min.map' because it no longer exists.
         Removing endpoints for asset 'C:\Users\DELL\OneDrive\Desktop\Web spa\Long(ThanhToan_DatLich\wwwroot\lib\jquery\LICENSE.txt' because it no longer exists.
         Removing endpoints for asset 'C:\Users\DELL\OneDrive\Desktop\Web spa\Long(ThanhToan_DatLich\wwwroot\lib\jquery\LICENSE.txt' because it no longer exists.
         Removing endpoints for asset 'C:\Users\DELL\OneDrive\Desktop\Web spa\Long(ThanhToan_DatLich\wwwroot\css\site.css' because it no longer exists.
         Removing endpoints for asset 'C:\Users\DELL\OneDrive\Desktop\Web spa\Long(ThanhToan_DatLich\wwwroot\css\site.css' because it no longer exists.
         Removing endpoints for asset 'C:\Users\DELL\OneDrive\Desktop\Web spa\Long(ThanhToan_DatLich\wwwroot\lib\bootstrap\dist\js\bootstrap.js.map' because it no longer exists.
         Removing endpoints for asset 'C:\Users\DELL\OneDrive\Desktop\Web spa\Long(ThanhToan_DatLich\wwwroot\lib\bootstrap\dist\js\bootstrap.js.map' because it no longer exists.
         Removing endpoints for asset 'C:\Users\DELL\OneDrive\Desktop\Web spa\Long(ThanhToan_DatLich\wwwroot\lib\bootstrap\dist\js\bootstrap.bundle.min.js.map' because it no longer exists.
         Removing endpoints for asset 'C:\Users\DELL\OneDrive\Desktop\Web spa\Long(ThanhToan_DatLich\wwwroot\lib\bootstrap\dist\js\bootstrap.bundle.min.js.map' because it no longer exists.
         Removing endpoints for asset 'C:\Users\DELL\OneDrive\Desktop\Web spa\Long(ThanhToan_DatLich\wwwroot\lib\bootstrap\dist\js\bootstrap.esm.js' because it no longer exists.
         Removing endpoints for asset 'C:\Users\DELL\OneDrive\Desktop\Web spa\Long(ThanhToan_DatLich\wwwroot\lib\bootstrap\dist\js\bootstrap.esm.js' because it no longer exists.
         Removing endpoints for asset 'C:\Users\DELL\OneDrive\Desktop\Web spa\Long(ThanhToan_DatLich\wwwroot\lib\bootstrap\dist\js\bootstrap.esm.js.map' because it no longer exists.
         Removing endpoints for asset 'C:\Users\DELL\OneDrive\Desktop\Web spa\Long(ThanhToan_DatLich\wwwroot\lib\bootstrap\dist\js\bootstrap.esm.js.map' because it no longer exists.
         Removing endpoints for asset 'C:\Users\DELL\OneDrive\Desktop\Web spa\Long(ThanhToan_DatLich\wwwroot\lib\bootstrap\dist\js\bootstrap.esm.min.js' because it no longer exists.
         Removing endpoints for asset 'C:\Users\DELL\OneDrive\Desktop\Web spa\Long(ThanhToan_DatLich\wwwroot\lib\bootstrap\dist\js\bootstrap.esm.min.js' because it no longer exists.
         Removing endpoints for asset 'C:\Users\DELL\OneDrive\Desktop\Web spa\Long(ThanhToan_DatLich\wwwroot\lib\bootstrap\dist\css\bootstrap.rtl.css.map' because it no longer exists.
         Removing endpoints for asset 'C:\Users\DELL\OneDrive\Desktop\Web spa\Long(ThanhToan_DatLich\wwwroot\lib\bootstrap\dist\css\bootstrap.rtl.css.map' because it no longer exists.
         Removing endpoints for asset 'C:\Users\DELL\OneDrive\Desktop\Web spa\Long(ThanhToan_DatLich\wwwroot\lib\bootstrap\dist\css\bootstrap.rtl.min.css' because it no longer exists.
         Removing endpoints for asset 'C:\Users\DELL\OneDrive\Desktop\Web spa\Long(ThanhToan_DatLich\wwwroot\lib\bootstrap\dist\css\bootstrap.rtl.min.css' because it no longer exists.
         Removing endpoints for asset 'C:\Users\DELL\OneDrive\Desktop\Web spa\Long(ThanhToan_DatLich\wwwroot\lib\bootstrap\dist\css\bootstrap.rtl.min.css.map' because it no longer exists.
         Removing endpoints for asset 'C:\Users\DELL\OneDrive\Desktop\Web spa\Long(ThanhToan_DatLich\wwwroot\lib\bootstrap\dist\css\bootstrap.rtl.min.css.map' because it no longer exists.
         Removing endpoints for asset 'C:\Users\DELL\OneDrive\Desktop\Web spa\Long(ThanhToan_DatLich\wwwroot\lib\bootstrap\dist\css\bootstrap-grid.rtl.css.map' because it no longer exists.
         Removing endpoints for asset 'C:\Users\DELL\OneDrive\Desktop\Web spa\Long(ThanhToan_DatLich\wwwroot\lib\bootstrap\dist\css\bootstrap-grid.rtl.css.map' because it no longer exists.
         Removing endpoints for asset 'C:\Users\DELL\OneDrive\Desktop\Web spa\Long(ThanhToan_DatLich\wwwroot\lib\bootstrap\dist\css\bootstrap-grid.rtl.min.css' because it no longer exists.
         Removing endpoints for asset 'C:\Users\DELL\OneDrive\Desktop\Web spa\Long(ThanhToan_DatLich\wwwroot\lib\bootstrap\dist\css\bootstrap-grid.rtl.min.css' because it no longer exists.
         Removing endpoints for asset 'C:\Users\DELL\OneDrive\Desktop\Web spa\Long(ThanhToan_DatLich\wwwroot\lib\bootstrap\dist\css\bootstrap-grid.rtl.min.css.map' because it no longer exists.
         Removing endpoints for asset 'C:\Users\DELL\OneDrive\Desktop\Web spa\Long(ThanhToan_DatLich\wwwroot\lib\bootstrap\dist\css\bootstrap-grid.rtl.min.css.map' because it no longer exists.
         Removing endpoints for asset 'C:\Users\DELL\OneDrive\Desktop\Web spa\Long(ThanhToan_DatLich\wwwroot\lib\bootstrap\dist\css\bootstrap-reboot.rtl.css' because it no longer exists.
         Removing endpoints for asset 'C:\Users\DELL\OneDrive\Desktop\Web spa\Long(ThanhToan_DatLich\wwwroot\lib\bootstrap\dist\css\bootstrap-reboot.rtl.css' because it no longer exists.
         Removing endpoints for asset 'C:\Users\DELL\OneDrive\Desktop\Web spa\Long(ThanhToan_DatLich\wwwroot\lib\bootstrap\dist\css\bootstrap-reboot.rtl.css.map' because it no longer exists.
         Removing endpoints for asset 'C:\Users\DELL\OneDrive\Desktop\Web spa\Long(ThanhToan_DatLich\wwwroot\lib\bootstrap\dist\css\bootstrap-reboot.rtl.css.map' because it no longer exists.
         Removing endpoints for asset 'C:\Users\DELL\OneDrive\Desktop\Web spa\Long(ThanhToan_DatLich\wwwroot\lib\bootstrap\dist\css\bootstrap.min.css.map' because it no longer exists.
         Removing endpoints for asset 'C:\Users\DELL\OneDrive\Desktop\Web spa\Long(ThanhToan_DatLich\wwwroot\lib\bootstrap\dist\css\bootstrap.min.css.map' because it no longer exists.
         Removing endpoints for asset 'C:\Users\DELL\OneDrive\Desktop\Web spa\Long(ThanhToan_DatLich\wwwroot\lib\bootstrap\dist\css\bootstrap.rtl.css' because it no longer exists.
         Removing endpoints for asset 'C:\Users\DELL\OneDrive\Desktop\Web spa\Long(ThanhToan_DatLich\wwwroot\lib\bootstrap\dist\css\bootstrap.rtl.css' because it no longer exists.
         Removing endpoints for asset 'C:\Users\DELL\OneDrive\Desktop\Web spa\Long(ThanhToan_DatLich\wwwroot\lib\bootstrap\dist\js\bootstrap.min.js' because it no longer exists.
         Removing endpoints for asset 'C:\Users\DELL\OneDrive\Desktop\Web spa\Long(ThanhToan_DatLich\wwwroot\lib\bootstrap\dist\js\bootstrap.min.js' because it no longer exists.
         Removing endpoints for asset 'C:\Users\DELL\OneDrive\Desktop\Web spa\Long(ThanhToan_DatLich\wwwroot\lib\bootstrap\dist\js\bootstrap.min.js.map' because it no longer exists.
         Removing endpoints for asset 'C:\Users\DELL\OneDrive\Desktop\Web spa\Long(ThanhToan_DatLich\wwwroot\lib\bootstrap\dist\js\bootstrap.min.js.map' because it no longer exists.
         Removing endpoints for asset 'C:\Users\DELL\OneDrive\Desktop\Web spa\Long(ThanhToan_DatLich\wwwroot\lib\bootstrap\dist\css\bootstrap-utilities.rtl.min.css.map' because it no longer exists.
         Removing endpoints for asset 'C:\Users\DELL\OneDrive\Desktop\Web spa\Long(ThanhToan_DatLich\wwwroot\lib\bootstrap\dist\css\bootstrap-utilities.rtl.min.css.map' because it no longer exists.
         Removing endpoints for asset 'C:\Users\DELL\OneDrive\Desktop\Web spa\Long(ThanhToan_DatLich\wwwroot\lib\bootstrap\dist\css\bootstrap-reboot.min.css.map' because it no longer exists.
         Removing endpoints for asset 'C:\Users\DELL\OneDrive\Desktop\Web spa\Long(ThanhToan_DatLich\wwwroot\lib\bootstrap\dist\css\bootstrap-reboot.min.css.map' because it no longer exists.
         Removing endpoints for asset 'C:\Users\DELL\OneDrive\Desktop\Web spa\Long(ThanhToan_DatLich\wwwroot\lib\bootstrap\dist\css\bootstrap-grid.min.css' because it no longer exists.
         Removing endpoints for asset 'C:\Users\DELL\OneDrive\Desktop\Web spa\Long(ThanhToan_DatLich\wwwroot\lib\bootstrap\dist\css\bootstrap-grid.min.css' because it no longer exists.
         Removing endpoints for asset 'C:\Users\DELL\OneDrive\Desktop\Web spa\Long(ThanhToan_DatLich\wwwroot\lib\bootstrap\dist\css\bootstrap-grid.min.css.map' because it no longer exists.
         Removing endpoints for asset 'C:\Users\DELL\OneDrive\Desktop\Web spa\Long(ThanhToan_DatLich\wwwroot\lib\bootstrap\dist\css\bootstrap-grid.min.css.map' because it no longer exists.
         Removing endpoints for asset 'C:\Users\DELL\OneDrive\Desktop\Web spa\Long(ThanhToan_DatLich\wwwroot\lib\bootstrap\dist\css\bootstrap-grid.rtl.css' because it no longer exists.
         Removing endpoints for asset 'C:\Users\DELL\OneDrive\Desktop\Web spa\Long(ThanhToan_DatLich\wwwroot\lib\bootstrap\dist\css\bootstrap-grid.rtl.css' because it no longer exists.
         Removing endpoints for asset 'C:\Users\DELL\OneDrive\Desktop\Web spa\Long(ThanhToan_DatLich\wwwroot\lib\bootstrap\dist\css\bootstrap-grid.css' because it no longer exists.
         Removing endpoints for asset 'C:\Users\DELL\OneDrive\Desktop\Web spa\Long(ThanhToan_DatLich\wwwroot\lib\bootstrap\dist\css\bootstrap-grid.css' because it no longer exists.
         Removing endpoints for asset 'C:\Users\DELL\OneDrive\Desktop\Web spa\Long(ThanhToan_DatLich\wwwroot\lib\bootstrap\dist\css\bootstrap-grid.css.map' because it no longer exists.
         Removing endpoints for asset 'C:\Users\DELL\OneDrive\Desktop\Web spa\Long(ThanhToan_DatLich\wwwroot\lib\bootstrap\dist\css\bootstrap-grid.css.map' because it no longer exists.
         Removing endpoints for asset 'C:\Users\DELL\OneDrive\Desktop\Web spa\Long(ThanhToan_DatLich\wwwroot\lib\bootstrap\dist\css\bootstrap.min.css' because it no longer exists.
         Removing endpoints for asset 'C:\Users\DELL\OneDrive\Desktop\Web spa\Long(ThanhToan_DatLich\wwwroot\lib\bootstrap\dist\css\bootstrap.min.css' because it no longer exists.
         Removing endpoints for asset 'C:\Users\DELL\OneDrive\Desktop\Web spa\Long(ThanhToan_DatLich\wwwroot\lib\bootstrap\dist\css\bootstrap-utilities.css.map' because it no longer exists.
         Removing endpoints for asset 'C:\Users\DELL\OneDrive\Desktop\Web spa\Long(ThanhToan_DatLich\wwwroot\lib\bootstrap\dist\css\bootstrap-utilities.css.map' because it no longer exists.
         Removing endpoints for asset 'C:\Users\DELL\OneDrive\Desktop\Web spa\Long(ThanhToan_DatLich\wwwroot\lib\bootstrap\dist\css\bootstrap-utilities.min.css' because it no longer exists.
         Removing endpoints for asset 'C:\Users\DELL\OneDrive\Desktop\Web spa\Long(ThanhToan_DatLich\wwwroot\lib\bootstrap\dist\css\bootstrap-utilities.min.css' because it no longer exists.
         Removing endpoints for asset 'C:\Users\DELL\OneDrive\Desktop\Web spa\Long(ThanhToan_DatLich\wwwroot\lib\bootstrap\dist\css\bootstrap-utilities.min.css.map' because it no longer exists.
         Removing endpoints for asset 'C:\Users\DELL\OneDrive\Desktop\Web spa\Long(ThanhToan_DatLich\wwwroot\lib\bootstrap\dist\css\bootstrap-utilities.min.css.map' because it no longer exists.
         Removing endpoints for asset 'C:\Users\DELL\OneDrive\Desktop\Web spa\Long(ThanhToan_DatLich\wwwroot\lib\jquery-validation-unobtrusive\LICENSE.txt' because it no longer exists.
         Removing endpoints for asset 'C:\Users\DELL\OneDrive\Desktop\Web spa\Long(ThanhToan_DatLich\wwwroot\lib\jquery-validation-unobtrusive\LICENSE.txt' because it no longer exists.
         Removing endpoints for asset 'C:\Users\DELL\OneDrive\Desktop\Web spa\Long(ThanhToan_DatLich\wwwroot\lib\jquery-validation\dist\additional-methods.js' because it no longer exists.
         Removing endpoints for asset 'C:\Users\DELL\OneDrive\Desktop\Web spa\Long(ThanhToan_DatLich\wwwroot\lib\jquery-validation\dist\additional-methods.js' because it no longer exists.
         Removing endpoints for asset 'C:\Users\DELL\OneDrive\Desktop\Web spa\Long(ThanhToan_DatLich\wwwroot\lib\jquery-validation\dist\additional-methods.min.js' because it no longer exists.
         Removing endpoints for asset 'C:\Users\DELL\OneDrive\Desktop\Web spa\Long(ThanhToan_DatLich\wwwroot\lib\jquery-validation\dist\additional-methods.min.js' because it no longer exists.
         Removing endpoints for asset 'C:\Users\DELL\OneDrive\Desktop\Web spa\Long(ThanhToan_DatLich\wwwroot\lib\jquery-validation\dist\jquery.validate.js' because it no longer exists.
         Removing endpoints for asset 'C:\Users\DELL\OneDrive\Desktop\Web spa\Long(ThanhToan_DatLich\wwwroot\lib\jquery-validation\dist\jquery.validate.js' because it no longer exists.
         Removing endpoints for asset 'C:\Users\DELL\OneDrive\Desktop\Web spa\Long(ThanhToan_DatLich\wwwroot\lib\jquery-validation\dist\jquery.validate.min.js' because it no longer exists.
         Removing endpoints for asset 'C:\Users\DELL\OneDrive\Desktop\Web spa\Long(ThanhToan_DatLich\wwwroot\lib\jquery-validation\dist\jquery.validate.min.js' because it no longer exists.
         Removing endpoints for asset 'C:\Users\DELL\OneDrive\Desktop\Web spa\Long(ThanhToan_DatLich\wwwroot\lib\jquery-validation\LICENSE.md' because it no longer exists.
         Removing endpoints for asset 'C:\Users\DELL\OneDrive\Desktop\Web spa\Long(ThanhToan_DatLich\wwwroot\lib\jquery-validation\LICENSE.md' because it no longer exists.
         Removing endpoints for asset 'C:\Users\DELL\OneDrive\Desktop\Web spa\Long(ThanhToan_DatLich\wwwroot\lib\bootstrap\dist\js\bootstrap.bundle.js' because it no longer exists.
         Removing endpoints for asset 'C:\Users\DELL\OneDrive\Desktop\Web spa\Long(ThanhToan_DatLich\wwwroot\lib\bootstrap\dist\js\bootstrap.bundle.js' because it no longer exists.
         Removing endpoints for asset 'C:\Users\DELL\OneDrive\Desktop\Web spa\Long(ThanhToan_DatLich\wwwroot\lib\bootstrap\dist\js\bootstrap.bundle.js.map' because it no longer exists.
         Removing endpoints for asset 'C:\Users\DELL\OneDrive\Desktop\Web spa\Long(ThanhToan_DatLich\wwwroot\lib\bootstrap\dist\js\bootstrap.bundle.js.map' because it no longer exists.
         Removing endpoints for asset 'C:\Users\DELL\OneDrive\Desktop\Web spa\Long(ThanhToan_DatLich\wwwroot\lib\bootstrap\dist\js\bootstrap.bundle.min.js' because it no longer exists.
         Removing endpoints for asset 'C:\Users\DELL\OneDrive\Desktop\Web spa\Long(ThanhToan_DatLich\wwwroot\lib\bootstrap\dist\js\bootstrap.bundle.min.js' because it no longer exists.
         Removing endpoints for asset 'C:\Users\DELL\OneDrive\Desktop\Web spa\Long(ThanhToan_DatLich\wwwroot\lib\bootstrap\dist\css\bootstrap-utilities.rtl.css' because it no longer exists.
         Removing endpoints for asset 'C:\Users\DELL\OneDrive\Desktop\Web spa\Long(ThanhToan_DatLich\wwwroot\lib\bootstrap\dist\css\bootstrap-utilities.rtl.css' because it no longer exists.
         Removing endpoints for asset 'C:\Users\DELL\OneDrive\Desktop\Web spa\Long(ThanhToan_DatLich\wwwroot\lib\bootstrap\dist\css\bootstrap-utilities.rtl.css.map' because it no longer exists.
         Removing endpoints for asset 'C:\Users\DELL\OneDrive\Desktop\Web spa\Long(ThanhToan_DatLich\wwwroot\lib\bootstrap\dist\css\bootstrap-utilities.rtl.css.map' because it no longer exists.
         Removing endpoints for asset 'C:\Users\DELL\OneDrive\Desktop\Web spa\Long(ThanhToan_DatLich\wwwroot\lib\bootstrap\dist\css\bootstrap-utilities.rtl.min.css' because it no longer exists.
         Removing endpoints for asset 'C:\Users\DELL\OneDrive\Desktop\Web spa\Long(ThanhToan_DatLich\wwwroot\lib\bootstrap\dist\css\bootstrap-utilities.rtl.min.css' because it no longer exists.
       Done executing task "DefineStaticWebAssetEndpoints".
       Task "DefineStaticWebAssetEndpoints"
         Removing endpoints for asset 'C:\Users\DELL\OneDrive\Desktop\Web spa\Long(ThanhToan_DatLich\wwwroot\lib\bootstrap\dist\css\bootstrap-reboot.css' because it no longer exists.
         Removing endpoints for asset 'C:\Users\DELL\OneDrive\Desktop\Web spa\Long(ThanhToan_DatLich\wwwroot\lib\bootstrap\dist\css\bootstrap-reboot.css' because it no longer exists.
         Removing endpoints for asset 'C:\Users\DELL\OneDrive\Desktop\Web spa\Long(ThanhToan_DatLich\wwwroot\lib\bootstrap\dist\css\bootstrap-reboot.css.map' because it no longer exists.
         Removing endpoints for asset 'C:\Users\DELL\OneDrive\Desktop\Web spa\Long(ThanhToan_DatLich\wwwroot\lib\bootstrap\dist\css\bootstrap-reboot.css.map' because it no longer exists.
         Removing endpoints for asset 'C:\Users\DELL\OneDrive\Desktop\Web spa\Long(ThanhToan_DatLich\wwwroot\lib\bootstrap\dist\css\bootstrap-reboot.min.css' because it no longer exists.
         Removing endpoints for asset 'C:\Users\DELL\OneDrive\Desktop\Web spa\Long(ThanhToan_DatLich\wwwroot\lib\bootstrap\dist\css\bootstrap-reboot.min.css' because it no longer exists.
         Removing endpoints for asset 'C:\Users\DELL\OneDrive\Desktop\Web spa\Long(ThanhToan_DatLich\wwwroot\lib\bootstrap\dist\css\bootstrap.css' because it no longer exists.
         Removing endpoints for asset 'C:\Users\DELL\OneDrive\Desktop\Web spa\Long(ThanhToan_DatLich\wwwroot\lib\bootstrap\dist\css\bootstrap.css' because it no longer exists.
         Removing endpoints for asset 'C:\Users\DELL\OneDrive\Desktop\Web spa\Long(ThanhToan_DatLich\wwwroot\lib\bootstrap\dist\css\bootstrap.css.map' because it no longer exists.
         Removing endpoints for asset 'C:\Users\DELL\OneDrive\Desktop\Web spa\Long(ThanhToan_DatLich\wwwroot\lib\bootstrap\dist\css\bootstrap.css.map' because it no longer exists.
         Removing endpoints for asset 'C:\Users\DELL\OneDrive\Desktop\Web spa\Long(ThanhToan_DatLich\wwwroot\lib\bootstrap\dist\js\bootstrap.esm.min.js.map' because it no longer exists.
         Removing endpoints for asset 'C:\Users\DELL\OneDrive\Desktop\Web spa\Long(ThanhToan_DatLich\wwwroot\lib\bootstrap\dist\js\bootstrap.esm.min.js.map' because it no longer exists.
         Removing endpoints for asset 'C:\Users\DELL\OneDrive\Desktop\Web spa\Long(ThanhToan_DatLich\wwwroot\lib\bootstrap\dist\js\bootstrap.js' because it no longer exists.
         Removing endpoints for asset 'C:\Users\DELL\OneDrive\Desktop\Web spa\Long(ThanhToan_DatLich\wwwroot\lib\bootstrap\dist\js\bootstrap.js' because it no longer exists.
         Removing endpoints for asset 'C:\Users\DELL\OneDrive\Desktop\Web spa\Long(ThanhToan_DatLich\wwwroot\lib\bootstrap\dist\css\bootstrap-reboot.rtl.min.css' because it no longer exists.
         Removing endpoints for asset 'C:\Users\DELL\OneDrive\Desktop\Web spa\Long(ThanhToan_DatLich\wwwroot\lib\bootstrap\dist\css\bootstrap-reboot.rtl.min.css' because it no longer exists.
         Removing endpoints for asset 'C:\Users\DELL\OneDrive\Desktop\Web spa\Long(ThanhToan_DatLich\wwwroot\lib\bootstrap\dist\css\bootstrap-reboot.rtl.min.css.map' because it no longer exists.
         Removing endpoints for asset 'C:\Users\DELL\OneDrive\Desktop\Web spa\Long(ThanhToan_DatLich\wwwroot\lib\bootstrap\dist\css\bootstrap-reboot.rtl.min.css.map' because it no longer exists.
         Removing endpoints for asset 'C:\Users\DELL\OneDrive\Desktop\Web spa\Long(ThanhToan_DatLich\wwwroot\lib\bootstrap\dist\css\bootstrap-utilities.css' because it no longer exists.
         Removing endpoints for asset 'C:\Users\DELL\OneDrive\Desktop\Web spa\Long(ThanhToan_DatLich\wwwroot\lib\bootstrap\dist\css\bootstrap-utilities.css' because it no longer exists.
         Removing endpoints for asset 'C:\Users\DELL\OneDrive\Desktop\Web spa\Long(ThanhToan_DatLich\wwwroot\css\app.css' because it no longer exists.
         Removing endpoints for asset 'C:\Users\DELL\OneDrive\Desktop\Web spa\Long(ThanhToan_DatLich\wwwroot\css\app.css' because it no longer exists.
         Removing endpoints for asset 'C:\Users\DELL\OneDrive\Desktop\Web spa\Long(ThanhToan_DatLich\wwwroot\favicon.ico' because it no longer exists.
         Removing endpoints for asset 'C:\Users\DELL\OneDrive\Desktop\Web spa\Long(ThanhToan_DatLich\wwwroot\favicon.ico' because it no longer exists.
         Removing endpoints for asset 'C:\Users\DELL\OneDrive\Desktop\Web spa\Long(ThanhToan_DatLich\wwwroot\js\site.js' because it no longer exists.
         Removing endpoints for asset 'C:\Users\DELL\OneDrive\Desktop\Web spa\Long(ThanhToan_DatLich\wwwroot\js\site.js' because it no longer exists.
         Removing endpoints for asset 'C:\Users\DELL\OneDrive\Desktop\Web spa\Long(ThanhToan_DatLich\wwwroot\lib\bootstrap\LICENSE' because it no longer exists.
         Removing endpoints for asset 'C:\Users\DELL\OneDrive\Desktop\Web spa\Long(ThanhToan_DatLich\wwwroot\lib\bootstrap\LICENSE' because it no longer exists.
         Removing endpoints for asset 'C:\Users\DELL\OneDrive\Desktop\Web spa\Long(ThanhToan_DatLich\wwwroot\lib\jquery-validation-unobtrusive\jquery.validate.unobtrusive.js' because it no longer exists.
         Removing endpoints for asset 'C:\Users\DELL\OneDrive\Desktop\Web spa\Long(ThanhToan_DatLich\wwwroot\lib\jquery-validation-unobtrusive\jquery.validate.unobtrusive.js' because it no longer exists.
         Removing endpoints for asset 'C:\Users\DELL\OneDrive\Desktop\Web spa\Long(ThanhToan_DatLich\wwwroot\lib\jquery-validation-unobtrusive\jquery.validate.unobtrusive.min.js' because it no longer exists.
         Removing endpoints for asset 'C:\Users\DELL\OneDrive\Desktop\Web spa\Long(ThanhToan_DatLich\wwwroot\lib\jquery-validation-unobtrusive\jquery.validate.unobtrusive.min.js' because it no longer exists.
         Removing endpoints for asset 'C:\Users\DELL\OneDrive\Desktop\Web spa\Long(ThanhToan_DatLich\wwwroot\lib\jquery\dist\jquery.js' because it no longer exists.
         Removing endpoints for asset 'C:\Users\DELL\OneDrive\Desktop\Web spa\Long(ThanhToan_DatLich\wwwroot\lib\jquery\dist\jquery.js' because it no longer exists.
         Removing endpoints for asset 'C:\Users\DELL\OneDrive\Desktop\Web spa\Long(ThanhToan_DatLich\wwwroot\lib\jquery\dist\jquery.min.js' because it no longer exists.
         Removing endpoints for asset 'C:\Users\DELL\OneDrive\Desktop\Web spa\Long(ThanhToan_DatLich\wwwroot\lib\jquery\dist\jquery.min.js' because it no longer exists.
         Removing endpoints for asset 'C:\Users\DELL\OneDrive\Desktop\Web spa\Long(ThanhToan_DatLich\wwwroot\lib\jquery\dist\jquery.min.map' because it no longer exists.
         Removing endpoints for asset 'C:\Users\DELL\OneDrive\Desktop\Web spa\Long(ThanhToan_DatLich\wwwroot\lib\jquery\dist\jquery.min.map' because it no longer exists.
         Removing endpoints for asset 'C:\Users\DELL\OneDrive\Desktop\Web spa\Long(ThanhToan_DatLich\wwwroot\lib\jquery\LICENSE.txt' because it no longer exists.
         Removing endpoints for asset 'C:\Users\DELL\OneDrive\Desktop\Web spa\Long(ThanhToan_DatLich\wwwroot\lib\jquery\LICENSE.txt' because it no longer exists.
         Removing endpoints for asset 'C:\Users\DELL\OneDrive\Desktop\Web spa\Long(ThanhToan_DatLich\wwwroot\css\site.css' because it no longer exists.
         Removing endpoints for asset 'C:\Users\DELL\OneDrive\Desktop\Web spa\Long(ThanhToan_DatLich\wwwroot\css\site.css' because it no longer exists.
         Removing endpoints for asset 'C:\Users\DELL\OneDrive\Desktop\Web spa\Long(ThanhToan_DatLich\wwwroot\lib\bootstrap\dist\js\bootstrap.js.map' because it no longer exists.
         Removing endpoints for asset 'C:\Users\DELL\OneDrive\Desktop\Web spa\Long(ThanhToan_DatLich\wwwroot\lib\bootstrap\dist\js\bootstrap.js.map' because it no longer exists.
         Removing endpoints for asset 'C:\Users\DELL\OneDrive\Desktop\Web spa\Long(ThanhToan_DatLich\wwwroot\lib\bootstrap\dist\js\bootstrap.bundle.min.js.map' because it no longer exists.
         Removing endpoints for asset 'C:\Users\DELL\OneDrive\Desktop\Web spa\Long(ThanhToan_DatLich\wwwroot\lib\bootstrap\dist\js\bootstrap.bundle.min.js.map' because it no longer exists.
         Removing endpoints for asset 'C:\Users\DELL\OneDrive\Desktop\Web spa\Long(ThanhToan_DatLich\wwwroot\lib\bootstrap\dist\js\bootstrap.esm.js' because it no longer exists.
         Removing endpoints for asset 'C:\Users\DELL\OneDrive\Desktop\Web spa\Long(ThanhToan_DatLich\wwwroot\lib\bootstrap\dist\js\bootstrap.esm.js' because it no longer exists.
         Removing endpoints for asset 'C:\Users\DELL\OneDrive\Desktop\Web spa\Long(ThanhToan_DatLich\wwwroot\lib\bootstrap\dist\js\bootstrap.esm.js.map' because it no longer exists.
         Removing endpoints for asset 'C:\Users\DELL\OneDrive\Desktop\Web spa\Long(ThanhToan_DatLich\wwwroot\lib\bootstrap\dist\js\bootstrap.esm.js.map' because it no longer exists.
         Removing endpoints for asset 'C:\Users\DELL\OneDrive\Desktop\Web spa\Long(ThanhToan_DatLich\wwwroot\lib\bootstrap\dist\js\bootstrap.esm.min.js' because it no longer exists.
         Removing endpoints for asset 'C:\Users\DELL\OneDrive\Desktop\Web spa\Long(ThanhToan_DatLich\wwwroot\lib\bootstrap\dist\js\bootstrap.esm.min.js' because it no longer exists.
         Removing endpoints for asset 'C:\Users\DELL\OneDrive\Desktop\Web spa\Long(ThanhToan_DatLich\wwwroot\lib\bootstrap\dist\css\bootstrap.rtl.css.map' because it no longer exists.
         Removing endpoints for asset 'C:\Users\DELL\OneDrive\Desktop\Web spa\Long(ThanhToan_DatLich\wwwroot\lib\bootstrap\dist\css\bootstrap.rtl.css.map' because it no longer exists.
         Removing endpoints for asset 'C:\Users\DELL\OneDrive\Desktop\Web spa\Long(ThanhToan_DatLich\wwwroot\lib\bootstrap\dist\css\bootstrap.rtl.min.css' because it no longer exists.
         Removing endpoints for asset 'C:\Users\DELL\OneDrive\Desktop\Web spa\Long(ThanhToan_DatLich\wwwroot\lib\bootstrap\dist\css\bootstrap.rtl.min.css' because it no longer exists.
         Removing endpoints for asset 'C:\Users\DELL\OneDrive\Desktop\Web spa\Long(ThanhToan_DatLich\wwwroot\lib\bootstrap\dist\css\bootstrap.rtl.min.css.map' because it no longer exists.
         Removing endpoints for asset 'C:\Users\DELL\OneDrive\Desktop\Web spa\Long(ThanhToan_DatLich\wwwroot\lib\bootstrap\dist\css\bootstrap.rtl.min.css.map' because it no longer exists.
         Removing endpoints for asset 'C:\Users\DELL\OneDrive\Desktop\Web spa\Long(ThanhToan_DatLich\wwwroot\lib\bootstrap\dist\css\bootstrap-grid.rtl.css.map' because it no longer exists.
         Removing endpoints for asset 'C:\Users\DELL\OneDrive\Desktop\Web spa\Long(ThanhToan_DatLich\wwwroot\lib\bootstrap\dist\css\bootstrap-grid.rtl.css.map' because it no longer exists.
         Removing endpoints for asset 'C:\Users\DELL\OneDrive\Desktop\Web spa\Long(ThanhToan_DatLich\wwwroot\lib\bootstrap\dist\css\bootstrap-grid.rtl.min.css' because it no longer exists.
         Removing endpoints for asset 'C:\Users\DELL\OneDrive\Desktop\Web spa\Long(ThanhToan_DatLich\wwwroot\lib\bootstrap\dist\css\bootstrap-grid.rtl.min.css' because it no longer exists.
         Removing endpoints for asset 'C:\Users\DELL\OneDrive\Desktop\Web spa\Long(ThanhToan_DatLich\wwwroot\lib\bootstrap\dist\css\bootstrap-grid.rtl.min.css.map' because it no longer exists.
         Removing endpoints for asset 'C:\Users\DELL\OneDrive\Desktop\Web spa\Long(ThanhToan_DatLich\wwwroot\lib\bootstrap\dist\css\bootstrap-grid.rtl.min.css.map' because it no longer exists.
         Removing endpoints for asset 'C:\Users\DELL\OneDrive\Desktop\Web spa\Long(ThanhToan_DatLich\wwwroot\lib\bootstrap\dist\css\bootstrap-reboot.rtl.css' because it no longer exists.
         Removing endpoints for asset 'C:\Users\DELL\OneDrive\Desktop\Web spa\Long(ThanhToan_DatLich\wwwroot\lib\bootstrap\dist\css\bootstrap-reboot.rtl.css' because it no longer exists.
         Removing endpoints for asset 'C:\Users\DELL\OneDrive\Desktop\Web spa\Long(ThanhToan_DatLich\wwwroot\lib\bootstrap\dist\css\bootstrap-reboot.rtl.css.map' because it no longer exists.
         Removing endpoints for asset 'C:\Users\DELL\OneDrive\Desktop\Web spa\Long(ThanhToan_DatLich\wwwroot\lib\bootstrap\dist\css\bootstrap-reboot.rtl.css.map' because it no longer exists.
         Removing endpoints for asset 'C:\Users\DELL\OneDrive\Desktop\Web spa\Long(ThanhToan_DatLich\wwwroot\lib\bootstrap\dist\css\bootstrap.min.css.map' because it no longer exists.
         Removing endpoints for asset 'C:\Users\DELL\OneDrive\Desktop\Web spa\Long(ThanhToan_DatLich\wwwroot\lib\bootstrap\dist\css\bootstrap.min.css.map' because it no longer exists.
         Removing endpoints for asset 'C:\Users\DELL\OneDrive\Desktop\Web spa\Long(ThanhToan_DatLich\wwwroot\lib\bootstrap\dist\css\bootstrap.rtl.css' because it no longer exists.
         Removing endpoints for asset 'C:\Users\DELL\OneDrive\Desktop\Web spa\Long(ThanhToan_DatLich\wwwroot\lib\bootstrap\dist\css\bootstrap.rtl.css' because it no longer exists.
         Removing endpoints for asset 'C:\Users\DELL\OneDrive\Desktop\Web spa\Long(ThanhToan_DatLich\wwwroot\lib\bootstrap\dist\js\bootstrap.min.js' because it no longer exists.
         Removing endpoints for asset 'C:\Users\DELL\OneDrive\Desktop\Web spa\Long(ThanhToan_DatLich\wwwroot\lib\bootstrap\dist\js\bootstrap.min.js' because it no longer exists.
         Removing endpoints for asset 'C:\Users\DELL\OneDrive\Desktop\Web spa\Long(ThanhToan_DatLich\wwwroot\lib\bootstrap\dist\js\bootstrap.min.js.map' because it no longer exists.
         Removing endpoints for asset 'C:\Users\DELL\OneDrive\Desktop\Web spa\Long(ThanhToan_DatLich\wwwroot\lib\bootstrap\dist\js\bootstrap.min.js.map' because it no longer exists.
         Removing endpoints for asset 'C:\Users\DELL\OneDrive\Desktop\Web spa\Long(ThanhToan_DatLich\wwwroot\lib\bootstrap\dist\css\bootstrap-utilities.rtl.min.css.map' because it no longer exists.
         Removing endpoints for asset 'C:\Users\DELL\OneDrive\Desktop\Web spa\Long(ThanhToan_DatLich\wwwroot\lib\bootstrap\dist\css\bootstrap-utilities.rtl.min.css.map' because it no longer exists.
         Removing endpoints for asset 'C:\Users\DELL\OneDrive\Desktop\Web spa\Long(ThanhToan_DatLich\wwwroot\lib\bootstrap\dist\css\bootstrap-reboot.min.css.map' because it no longer exists.
         Removing endpoints for asset 'C:\Users\DELL\OneDrive\Desktop\Web spa\Long(ThanhToan_DatLich\wwwroot\lib\bootstrap\dist\css\bootstrap-reboot.min.css.map' because it no longer exists.
         Removing endpoints for asset 'C:\Users\DELL\OneDrive\Desktop\Web spa\Long(ThanhToan_DatLich\wwwroot\lib\bootstrap\dist\css\bootstrap-grid.min.css' because it no longer exists.
         Removing endpoints for asset 'C:\Users\DELL\OneDrive\Desktop\Web spa\Long(ThanhToan_DatLich\wwwroot\lib\bootstrap\dist\css\bootstrap-grid.min.css' because it no longer exists.
         Removing endpoints for asset 'C:\Users\DELL\OneDrive\Desktop\Web spa\Long(ThanhToan_DatLich\wwwroot\lib\bootstrap\dist\css\bootstrap-grid.min.css.map' because it no longer exists.
         Removing endpoints for asset 'C:\Users\DELL\OneDrive\Desktop\Web spa\Long(ThanhToan_DatLich\wwwroot\lib\bootstrap\dist\css\bootstrap-grid.min.css.map' because it no longer exists.
         Removing endpoints for asset 'C:\Users\DELL\OneDrive\Desktop\Web spa\Long(ThanhToan_DatLich\wwwroot\lib\bootstrap\dist\css\bootstrap-grid.rtl.css' because it no longer exists.
         Removing endpoints for asset 'C:\Users\DELL\OneDrive\Desktop\Web spa\Long(ThanhToan_DatLich\wwwroot\lib\bootstrap\dist\css\bootstrap-grid.rtl.css' because it no longer exists.
         Removing endpoints for asset 'C:\Users\DELL\OneDrive\Desktop\Web spa\Long(ThanhToan_DatLich\wwwroot\lib\bootstrap\dist\css\bootstrap-grid.css' because it no longer exists.
         Removing endpoints for asset 'C:\Users\DELL\OneDrive\Desktop\Web spa\Long(ThanhToan_DatLich\wwwroot\lib\bootstrap\dist\css\bootstrap-grid.css' because it no longer exists.
         Removing endpoints for asset 'C:\Users\DELL\OneDrive\Desktop\Web spa\Long(ThanhToan_DatLich\wwwroot\lib\bootstrap\dist\css\bootstrap-grid.css.map' because it no longer exists.
         Removing endpoints for asset 'C:\Users\DELL\OneDrive\Desktop\Web spa\Long(ThanhToan_DatLich\wwwroot\lib\bootstrap\dist\css\bootstrap-grid.css.map' because it no longer exists.
         Removing endpoints for asset 'C:\Users\DELL\OneDrive\Desktop\Web spa\Long(ThanhToan_DatLich\wwwroot\lib\bootstrap\dist\css\bootstrap.min.css' because it no longer exists.
         Removing endpoints for asset 'C:\Users\DELL\OneDrive\Desktop\Web spa\Long(ThanhToan_DatLich\wwwroot\lib\bootstrap\dist\css\bootstrap.min.css' because it no longer exists.
         Removing endpoints for asset 'C:\Users\DELL\OneDrive\Desktop\Web spa\Long(ThanhToan_DatLich\wwwroot\lib\bootstrap\dist\css\bootstrap-utilities.css.map' because it no longer exists.
         Removing endpoints for asset 'C:\Users\DELL\OneDrive\Desktop\Web spa\Long(ThanhToan_DatLich\wwwroot\lib\bootstrap\dist\css\bootstrap-utilities.css.map' because it no longer exists.
         Removing endpoints for asset 'C:\Users\DELL\OneDrive\Desktop\Web spa\Long(ThanhToan_DatLich\wwwroot\lib\bootstrap\dist\css\bootstrap-utilities.min.css' because it no longer exists.
         Removing endpoints for asset 'C:\Users\DELL\OneDrive\Desktop\Web spa\Long(ThanhToan_DatLich\wwwroot\lib\bootstrap\dist\css\bootstrap-utilities.min.css' because it no longer exists.
         Removing endpoints for asset 'C:\Users\DELL\OneDrive\Desktop\Web spa\Long(ThanhToan_DatLich\wwwroot\lib\bootstrap\dist\css\bootstrap-utilities.min.css.map' because it no longer exists.
         Removing endpoints for asset 'C:\Users\DELL\OneDrive\Desktop\Web spa\Long(ThanhToan_DatLich\wwwroot\lib\bootstrap\dist\css\bootstrap-utilities.min.css.map' because it no longer exists.
         Removing endpoints for asset 'C:\Users\DELL\OneDrive\Desktop\Web spa\Long(ThanhToan_DatLich\wwwroot\lib\jquery-validation-unobtrusive\LICENSE.txt' because it no longer exists.
         Removing endpoints for asset 'C:\Users\DELL\OneDrive\Desktop\Web spa\Long(ThanhToan_DatLich\wwwroot\lib\jquery-validation-unobtrusive\LICENSE.txt' because it no longer exists.
         Removing endpoints for asset 'C:\Users\DELL\OneDrive\Desktop\Web spa\Long(ThanhToan_DatLich\wwwroot\lib\jquery-validation\dist\additional-methods.js' because it no longer exists.
         Removing endpoints for asset 'C:\Users\DELL\OneDrive\Desktop\Web spa\Long(ThanhToan_DatLich\wwwroot\lib\jquery-validation\dist\additional-methods.js' because it no longer exists.
         Removing endpoints for asset 'C:\Users\DELL\OneDrive\Desktop\Web spa\Long(ThanhToan_DatLich\wwwroot\lib\jquery-validation\dist\additional-methods.min.js' because it no longer exists.
         Removing endpoints for asset 'C:\Users\DELL\OneDrive\Desktop\Web spa\Long(ThanhToan_DatLich\wwwroot\lib\jquery-validation\dist\additional-methods.min.js' because it no longer exists.
         Removing endpoints for asset 'C:\Users\DELL\OneDrive\Desktop\Web spa\Long(ThanhToan_DatLich\wwwroot\lib\jquery-validation\dist\jquery.validate.js' because it no longer exists.
         Removing endpoints for asset 'C:\Users\DELL\OneDrive\Desktop\Web spa\Long(ThanhToan_DatLich\wwwroot\lib\jquery-validation\dist\jquery.validate.js' because it no longer exists.
         Removing endpoints for asset 'C:\Users\DELL\OneDrive\Desktop\Web spa\Long(ThanhToan_DatLich\wwwroot\lib\jquery-validation\dist\jquery.validate.min.js' because it no longer exists.
         Removing endpoints for asset 'C:\Users\DELL\OneDrive\Desktop\Web spa\Long(ThanhToan_DatLich\wwwroot\lib\jquery-validation\dist\jquery.validate.min.js' because it no longer exists.
         Removing endpoints for asset 'C:\Users\DELL\OneDrive\Desktop\Web spa\Long(ThanhToan_DatLich\wwwroot\lib\jquery-validation\LICENSE.md' because it no longer exists.
         Removing endpoints for asset 'C:\Users\DELL\OneDrive\Desktop\Web spa\Long(ThanhToan_DatLich\wwwroot\lib\jquery-validation\LICENSE.md' because it no longer exists.
         Removing endpoints for asset 'C:\Users\DELL\OneDrive\Desktop\Web spa\Long(ThanhToan_DatLich\wwwroot\lib\bootstrap\dist\js\bootstrap.bundle.js' because it no longer exists.
         Removing endpoints for asset 'C:\Users\DELL\OneDrive\Desktop\Web spa\Long(ThanhToan_DatLich\wwwroot\lib\bootstrap\dist\js\bootstrap.bundle.js' because it no longer exists.
         Removing endpoints for asset 'C:\Users\DELL\OneDrive\Desktop\Web spa\Long(ThanhToan_DatLich\wwwroot\lib\bootstrap\dist\js\bootstrap.bundle.js.map' because it no longer exists.
         Removing endpoints for asset 'C:\Users\DELL\OneDrive\Desktop\Web spa\Long(ThanhToan_DatLich\wwwroot\lib\bootstrap\dist\js\bootstrap.bundle.js.map' because it no longer exists.
         Removing endpoints for asset 'C:\Users\DELL\OneDrive\Desktop\Web spa\Long(ThanhToan_DatLich\wwwroot\lib\bootstrap\dist\js\bootstrap.bundle.min.js' because it no longer exists.
         Removing endpoints for asset 'C:\Users\DELL\OneDrive\Desktop\Web spa\Long(ThanhToan_DatLich\wwwroot\lib\bootstrap\dist\js\bootstrap.bundle.min.js' because it no longer exists.
         Removing endpoints for asset 'C:\Users\DELL\OneDrive\Desktop\Web spa\Long(ThanhToan_DatLich\wwwroot\lib\bootstrap\dist\css\bootstrap-utilities.rtl.css' because it no longer exists.
         Removing endpoints for asset 'C:\Users\DELL\OneDrive\Desktop\Web spa\Long(ThanhToan_DatLich\wwwroot\lib\bootstrap\dist\css\bootstrap-utilities.rtl.css' because it no longer exists.
         Removing endpoints for asset 'C:\Users\DELL\OneDrive\Desktop\Web spa\Long(ThanhToan_DatLich\wwwroot\lib\bootstrap\dist\css\bootstrap-utilities.rtl.css.map' because it no longer exists.
         Removing endpoints for asset 'C:\Users\DELL\OneDrive\Desktop\Web spa\Long(ThanhToan_DatLich\wwwroot\lib\bootstrap\dist\css\bootstrap-utilities.rtl.css.map' because it no longer exists.
         Removing endpoints for asset 'C:\Users\DELL\OneDrive\Desktop\Web spa\Long(ThanhToan_DatLich\wwwroot\lib\bootstrap\dist\css\bootstrap-utilities.rtl.min.css' because it no longer exists.
         Removing endpoints for asset 'C:\Users\DELL\OneDrive\Desktop\Web spa\Long(ThanhToan_DatLich\wwwroot\lib\bootstrap\dist\css\bootstrap-utilities.rtl.min.css' because it no longer exists.
       Done executing task "DefineStaticWebAssetEndpoints".
       Using "ApplyJsModules" task from assembly "C:\Program Files\dotnet\sdk\9.0.308\Sdks\Microsoft.NET.Sdk.StaticWebAssets\targets\..\tasks\net9.0\Microsoft.NET.Sdk.StaticWebAssets.Tasks.dll".
       Task "ApplyJsModules"
       Done executing task "ApplyJsModules".
       Task "UpdateStaticWebAssetEndpoints" skipped, due to false condition; ('@(_AddPropertyToJsModules)' != '') was evaluated as ('' != '').
   2:6>Done building target "ResolveJSModuleStaticWebAssets" in project "SpaN5.csproj".
   2:6>Target "ResolveCoreStaticWebAssets" in file "C:\Program Files\dotnet\sdk\9.0.308\Sdks\Microsoft.NET.Sdk.StaticWebAssets\targets\Microsoft.NET.Sdk.StaticWebAssets.targets" from project "C:\Users\DELL\OneDrive\Desktop\Web spa\Long(ThanhToan_DatLich\SpaN5.csproj" (target "ResolveBuildStaticWebAssets" depends on it):
   2:6>Done building target "ResolveCoreStaticWebAssets" in project "SpaN5.csproj".
       Target "ResolveCoreStaticWebAssets" skipped. Previously built successfully.
       Target "ResolveJsInitializerModuleStaticWebAssets" skipped. Previously built successfully.
   2:6>Target "ResolveJSModuleManifestBuildConfiguration" in file "C:\Program Files\dotnet\sdk\9.0.308\Sdks\Microsoft.NET.Sdk.StaticWebAssets\targets\Microsoft.NET.Sdk.StaticWebAssets.JSModules.targets" from project "C:\Users\DELL\OneDrive\Desktop\Web spa\Long(ThanhToan_DatLich\SpaN5.csproj" (target "GenerateJSModuleManifestBuildStaticWebAssets" depends on it):
   2:6>Done building target "ResolveJSModuleManifestBuildConfiguration" in project "SpaN5.csproj".
   2:6>Target "GenerateJSModuleManifestBuildStaticWebAssets" in file "C:\Program Files\dotnet\sdk\9.0.308\Sdks\Microsoft.NET.Sdk.StaticWebAssets\targets\Microsoft.NET.Sdk.StaticWebAssets.JSModules.targets" from project "C:\Users\DELL\OneDrive\Desktop\Web spa\Long(ThanhToan_DatLich\SpaN5.csproj" (target "ResolveJSModuleManifestBuildStaticWebAssets" depends on it):
       Task "FilterStaticWebAssetEndpoints" skipped, due to false condition; ('@(_ExistingBuildJSModules)' != '') was evaluated as ('' != '').
       Task "FilterStaticWebAssetEndpoints" skipped, due to false condition; ('$(StaticWebAssetStandaloneHosting)' != 'true' and '@(_ExistingBuildJSModulesWithoutFingerprint)' != '') was evaluated as ('' != 'true' and '' != '').
       Task "Error" skipped, due to false condition; ('@(_ExistingBuildJSModules)' != '' and '@(_BuildJSModulessWithoutEndpoints)' != '') was evaluated as ('' != '' and '' != '').
       Task "ResolveStaticWebAssetEndpointRoutes" skipped, due to false condition; ('@(_ExistingBuildJSModules)' != '') was evaluated as ('' != '').
       Task "GenerateJsModuleManifest" skipped, due to false condition; ('@(_ExistingBuildJSModules)' != '') was evaluated as ('' != '').
   2:6>Done building target "GenerateJSModuleManifestBuildStaticWebAssets" in project "SpaN5.csproj".
   2:6>Target "ResolveJSModuleManifestBuildStaticWebAssets" in file "C:\Program Files\dotnet\sdk\9.0.308\Sdks\Microsoft.NET.Sdk.StaticWebAssets\targets\Microsoft.NET.Sdk.StaticWebAssets.JSModules.targets" from project "C:\Users\DELL\OneDrive\Desktop\Web spa\Long(ThanhToan_DatLich\SpaN5.csproj" (target "ResolveStaticWebAssetsInputs" depends on it):
       Task "DefineStaticWebAssets" skipped, due to false condition; (@(_ExistingBuildJSModules) != '') was evaluated as ( != '').
       Task "DefineStaticWebAssetEndpoints"
         Removing endpoints for asset 'C:\Users\DELL\OneDrive\Desktop\Web spa\Long(ThanhToan_DatLich\wwwroot\lib\bootstrap\dist\css\bootstrap-reboot.css' because it no longer exists.
         Removing endpoints for asset 'C:\Users\DELL\OneDrive\Desktop\Web spa\Long(ThanhToan_DatLich\wwwroot\lib\bootstrap\dist\css\bootstrap-reboot.css' because it no longer exists.
         Removing endpoints for asset 'C:\Users\DELL\OneDrive\Desktop\Web spa\Long(ThanhToan_DatLich\wwwroot\lib\bootstrap\dist\css\bootstrap-reboot.css.map' because it no longer exists.
         Removing endpoints for asset 'C:\Users\DELL\OneDrive\Desktop\Web spa\Long(ThanhToan_DatLich\wwwroot\lib\bootstrap\dist\css\bootstrap-reboot.css.map' because it no longer exists.
         Removing endpoints for asset 'C:\Users\DELL\OneDrive\Desktop\Web spa\Long(ThanhToan_DatLich\wwwroot\lib\bootstrap\dist\css\bootstrap-reboot.min.css' because it no longer exists.
         Removing endpoints for asset 'C:\Users\DELL\OneDrive\Desktop\Web spa\Long(ThanhToan_DatLich\wwwroot\lib\bootstrap\dist\css\bootstrap-reboot.min.css' because it no longer exists.
         Removing endpoints for asset 'C:\Users\DELL\OneDrive\Desktop\Web spa\Long(ThanhToan_DatLich\wwwroot\lib\bootstrap\dist\css\bootstrap.css' because it no longer exists.
         Removing endpoints for asset 'C:\Users\DELL\OneDrive\Desktop\Web spa\Long(ThanhToan_DatLich\wwwroot\lib\bootstrap\dist\css\bootstrap.css' because it no longer exists.
         Removing endpoints for asset 'C:\Users\DELL\OneDrive\Desktop\Web spa\Long(ThanhToan_DatLich\wwwroot\lib\bootstrap\dist\css\bootstrap.css.map' because it no longer exists.
         Removing endpoints for asset 'C:\Users\DELL\OneDrive\Desktop\Web spa\Long(ThanhToan_DatLich\wwwroot\lib\bootstrap\dist\css\bootstrap.css.map' because it no longer exists.
         Removing endpoints for asset 'C:\Users\DELL\OneDrive\Desktop\Web spa\Long(ThanhToan_DatLich\wwwroot\lib\bootstrap\dist\js\bootstrap.esm.min.js.map' because it no longer exists.
         Removing endpoints for asset 'C:\Users\DELL\OneDrive\Desktop\Web spa\Long(ThanhToan_DatLich\wwwroot\lib\bootstrap\dist\js\bootstrap.esm.min.js.map' because it no longer exists.
         Removing endpoints for asset 'C:\Users\DELL\OneDrive\Desktop\Web spa\Long(ThanhToan_DatLich\wwwroot\lib\bootstrap\dist\js\bootstrap.js' because it no longer exists.
         Removing endpoints for asset 'C:\Users\DELL\OneDrive\Desktop\Web spa\Long(ThanhToan_DatLich\wwwroot\lib\bootstrap\dist\js\bootstrap.js' because it no longer exists.
         Removing endpoints for asset 'C:\Users\DELL\OneDrive\Desktop\Web spa\Long(ThanhToan_DatLich\wwwroot\lib\bootstrap\dist\css\bootstrap-reboot.rtl.min.css' because it no longer exists.
         Removing endpoints for asset 'C:\Users\DELL\OneDrive\Desktop\Web spa\Long(ThanhToan_DatLich\wwwroot\lib\bootstrap\dist\css\bootstrap-reboot.rtl.min.css' because it no longer exists.
         Removing endpoints for asset 'C:\Users\DELL\OneDrive\Desktop\Web spa\Long(ThanhToan_DatLich\wwwroot\lib\bootstrap\dist\css\bootstrap-reboot.rtl.min.css.map' because it no longer exists.
         Removing endpoints for asset 'C:\Users\DELL\OneDrive\Desktop\Web spa\Long(ThanhToan_DatLich\wwwroot\lib\bootstrap\dist\css\bootstrap-reboot.rtl.min.css.map' because it no longer exists.
         Removing endpoints for asset 'C:\Users\DELL\OneDrive\Desktop\Web spa\Long(ThanhToan_DatLich\wwwroot\lib\bootstrap\dist\css\bootstrap-utilities.css' because it no longer exists.
         Removing endpoints for asset 'C:\Users\DELL\OneDrive\Desktop\Web spa\Long(ThanhToan_DatLich\wwwroot\lib\bootstrap\dist\css\bootstrap-utilities.css' because it no longer exists.
         Removing endpoints for asset 'C:\Users\DELL\OneDrive\Desktop\Web spa\Long(ThanhToan_DatLich\wwwroot\css\app.css' because it no longer exists.
         Removing endpoints for asset 'C:\Users\DELL\OneDrive\Desktop\Web spa\Long(ThanhToan_DatLich\wwwroot\css\app.css' because it no longer exists.
         Removing endpoints for asset 'C:\Users\DELL\OneDrive\Desktop\Web spa\Long(ThanhToan_DatLich\wwwroot\favicon.ico' because it no longer exists.
         Removing endpoints for asset 'C:\Users\DELL\OneDrive\Desktop\Web spa\Long(ThanhToan_DatLich\wwwroot\favicon.ico' because it no longer exists.
         Removing endpoints for asset 'C:\Users\DELL\OneDrive\Desktop\Web spa\Long(ThanhToan_DatLich\wwwroot\js\site.js' because it no longer exists.
         Removing endpoints for asset 'C:\Users\DELL\OneDrive\Desktop\Web spa\Long(ThanhToan_DatLich\wwwroot\js\site.js' because it no longer exists.
         Removing endpoints for asset 'C:\Users\DELL\OneDrive\Desktop\Web spa\Long(ThanhToan_DatLich\wwwroot\lib\bootstrap\LICENSE' because it no longer exists.
         Removing endpoints for asset 'C:\Users\DELL\OneDrive\Desktop\Web spa\Long(ThanhToan_DatLich\wwwroot\lib\bootstrap\LICENSE' because it no longer exists.
         Removing endpoints for asset 'C:\Users\DELL\OneDrive\Desktop\Web spa\Long(ThanhToan_DatLich\wwwroot\lib\jquery-validation-unobtrusive\jquery.validate.unobtrusive.js' because it no longer exists.
         Removing endpoints for asset 'C:\Users\DELL\OneDrive\Desktop\Web spa\Long(ThanhToan_DatLich\wwwroot\lib\jquery-validation-unobtrusive\jquery.validate.unobtrusive.js' because it no longer exists.
         Removing endpoints for asset 'C:\Users\DELL\OneDrive\Desktop\Web spa\Long(ThanhToan_DatLich\wwwroot\lib\jquery-validation-unobtrusive\jquery.validate.unobtrusive.min.js' because it no longer exists.
         Removing endpoints for asset 'C:\Users\DELL\OneDrive\Desktop\Web spa\Long(ThanhToan_DatLich\wwwroot\lib\jquery-validation-unobtrusive\jquery.validate.unobtrusive.min.js' because it no longer exists.
         Removing endpoints for asset 'C:\Users\DELL\OneDrive\Desktop\Web spa\Long(ThanhToan_DatLich\wwwroot\lib\jquery\dist\jquery.js' because it no longer exists.
         Removing endpoints for asset 'C:\Users\DELL\OneDrive\Desktop\Web spa\Long(ThanhToan_DatLich\wwwroot\lib\jquery\dist\jquery.js' because it no longer exists.
         Removing endpoints for asset 'C:\Users\DELL\OneDrive\Desktop\Web spa\Long(ThanhToan_DatLich\wwwroot\lib\jquery\dist\jquery.min.js' because it no longer exists.
         Removing endpoints for asset 'C:\Users\DELL\OneDrive\Desktop\Web spa\Long(ThanhToan_DatLich\wwwroot\lib\jquery\dist\jquery.min.js' because it no longer exists.
         Removing endpoints for asset 'C:\Users\DELL\OneDrive\Desktop\Web spa\Long(ThanhToan_DatLich\wwwroot\lib\jquery\dist\jquery.min.map' because it no longer exists.
         Removing endpoints for asset 'C:\Users\DELL\OneDrive\Desktop\Web spa\Long(ThanhToan_DatLich\wwwroot\lib\jquery\dist\jquery.min.map' because it no longer exists.
         Removing endpoints for asset 'C:\Users\DELL\OneDrive\Desktop\Web spa\Long(ThanhToan_DatLich\wwwroot\lib\jquery\LICENSE.txt' because it no longer exists.
         Removing endpoints for asset 'C:\Users\DELL\OneDrive\Desktop\Web spa\Long(ThanhToan_DatLich\wwwroot\lib\jquery\LICENSE.txt' because it no longer exists.
         Removing endpoints for asset 'C:\Users\DELL\OneDrive\Desktop\Web spa\Long(ThanhToan_DatLich\wwwroot\css\site.css' because it no longer exists.
         Removing endpoints for asset 'C:\Users\DELL\OneDrive\Desktop\Web spa\Long(ThanhToan_DatLich\wwwroot\css\site.css' because it no longer exists.
         Removing endpoints for asset 'C:\Users\DELL\OneDrive\Desktop\Web spa\Long(ThanhToan_DatLich\wwwroot\lib\bootstrap\dist\js\bootstrap.js.map' because it no longer exists.
         Removing endpoints for asset 'C:\Users\DELL\OneDrive\Desktop\Web spa\Long(ThanhToan_DatLich\wwwroot\lib\bootstrap\dist\js\bootstrap.js.map' because it no longer exists.
         Removing endpoints for asset 'C:\Users\DELL\OneDrive\Desktop\Web spa\Long(ThanhToan_DatLich\wwwroot\lib\bootstrap\dist\js\bootstrap.bundle.min.js.map' because it no longer exists.
         Removing endpoints for asset 'C:\Users\DELL\OneDrive\Desktop\Web spa\Long(ThanhToan_DatLich\wwwroot\lib\bootstrap\dist\js\bootstrap.bundle.min.js.map' because it no longer exists.
         Removing endpoints for asset 'C:\Users\DELL\OneDrive\Desktop\Web spa\Long(ThanhToan_DatLich\wwwroot\lib\bootstrap\dist\js\bootstrap.esm.js' because it no longer exists.
         Removing endpoints for asset 'C:\Users\DELL\OneDrive\Desktop\Web spa\Long(ThanhToan_DatLich\wwwroot\lib\bootstrap\dist\js\bootstrap.esm.js' because it no longer exists.
         Removing endpoints for asset 'C:\Users\DELL\OneDrive\Desktop\Web spa\Long(ThanhToan_DatLich\wwwroot\lib\bootstrap\dist\js\bootstrap.esm.js.map' because it no longer exists.
         Removing endpoints for asset 'C:\Users\DELL\OneDrive\Desktop\Web spa\Long(ThanhToan_DatLich\wwwroot\lib\bootstrap\dist\js\bootstrap.esm.js.map' because it no longer exists.
         Removing endpoints for asset 'C:\Users\DELL\OneDrive\Desktop\Web spa\Long(ThanhToan_DatLich\wwwroot\lib\bootstrap\dist\js\bootstrap.esm.min.js' because it no longer exists.
         Removing endpoints for asset 'C:\Users\DELL\OneDrive\Desktop\Web spa\Long(ThanhToan_DatLich\wwwroot\lib\bootstrap\dist\js\bootstrap.esm.min.js' because it no longer exists.
         Removing endpoints for asset 'C:\Users\DELL\OneDrive\Desktop\Web spa\Long(ThanhToan_DatLich\wwwroot\lib\bootstrap\dist\css\bootstrap.rtl.css.map' because it no longer exists.
         Removing endpoints for asset 'C:\Users\DELL\OneDrive\Desktop\Web spa\Long(ThanhToan_DatLich\wwwroot\lib\bootstrap\dist\css\bootstrap.rtl.css.map' because it no longer exists.
         Removing endpoints for asset 'C:\Users\DELL\OneDrive\Desktop\Web spa\Long(ThanhToan_DatLich\wwwroot\lib\bootstrap\dist\css\bootstrap.rtl.min.css' because it no longer exists.
         Removing endpoints for asset 'C:\Users\DELL\OneDrive\Desktop\Web spa\Long(ThanhToan_DatLich\wwwroot\lib\bootstrap\dist\css\bootstrap.rtl.min.css' because it no longer exists.
         Removing endpoints for asset 'C:\Users\DELL\OneDrive\Desktop\Web spa\Long(ThanhToan_DatLich\wwwroot\lib\bootstrap\dist\css\bootstrap.rtl.min.css.map' because it no longer exists.
         Removing endpoints for asset 'C:\Users\DELL\OneDrive\Desktop\Web spa\Long(ThanhToan_DatLich\wwwroot\lib\bootstrap\dist\css\bootstrap.rtl.min.css.map' because it no longer exists.
         Removing endpoints for asset 'C:\Users\DELL\OneDrive\Desktop\Web spa\Long(ThanhToan_DatLich\wwwroot\lib\bootstrap\dist\css\bootstrap-grid.rtl.css.map' because it no longer exists.
         Removing endpoints for asset 'C:\Users\DELL\OneDrive\Desktop\Web spa\Long(ThanhToan_DatLich\wwwroot\lib\bootstrap\dist\css\bootstrap-grid.rtl.css.map' because it no longer exists.
         Removing endpoints for asset 'C:\Users\DELL\OneDrive\Desktop\Web spa\Long(ThanhToan_DatLich\wwwroot\lib\bootstrap\dist\css\bootstrap-grid.rtl.min.css' because it no longer exists.
         Removing endpoints for asset 'C:\Users\DELL\OneDrive\Desktop\Web spa\Long(ThanhToan_DatLich\wwwroot\lib\bootstrap\dist\css\bootstrap-grid.rtl.min.css' because it no longer exists.
         Removing endpoints for asset 'C:\Users\DELL\OneDrive\Desktop\Web spa\Long(ThanhToan_DatLich\wwwroot\lib\bootstrap\dist\css\bootstrap-grid.rtl.min.css.map' because it no longer exists.
         Removing endpoints for asset 'C:\Users\DELL\OneDrive\Desktop\Web spa\Long(ThanhToan_DatLich\wwwroot\lib\bootstrap\dist\css\bootstrap-grid.rtl.min.css.map' because it no longer exists.
         Removing endpoints for asset 'C:\Users\DELL\OneDrive\Desktop\Web spa\Long(ThanhToan_DatLich\wwwroot\lib\bootstrap\dist\css\bootstrap-reboot.rtl.css' because it no longer exists.
         Removing endpoints for asset 'C:\Users\DELL\OneDrive\Desktop\Web spa\Long(ThanhToan_DatLich\wwwroot\lib\bootstrap\dist\css\bootstrap-reboot.rtl.css' because it no longer exists.
         Removing endpoints for asset 'C:\Users\DELL\OneDrive\Desktop\Web spa\Long(ThanhToan_DatLich\wwwroot\lib\bootstrap\dist\css\bootstrap-reboot.rtl.css.map' because it no longer exists.
         Removing endpoints for asset 'C:\Users\DELL\OneDrive\Desktop\Web spa\Long(ThanhToan_DatLich\wwwroot\lib\bootstrap\dist\css\bootstrap-reboot.rtl.css.map' because it no longer exists.
         Removing endpoints for asset 'C:\Users\DELL\OneDrive\Desktop\Web spa\Long(ThanhToan_DatLich\wwwroot\lib\bootstrap\dist\css\bootstrap.min.css.map' because it no longer exists.
         Removing endpoints for asset 'C:\Users\DELL\OneDrive\Desktop\Web spa\Long(ThanhToan_DatLich\wwwroot\lib\bootstrap\dist\css\bootstrap.min.css.map' because it no longer exists.
         Removing endpoints for asset 'C:\Users\DELL\OneDrive\Desktop\Web spa\Long(ThanhToan_DatLich\wwwroot\lib\bootstrap\dist\css\bootstrap.rtl.css' because it no longer exists.
         Removing endpoints for asset 'C:\Users\DELL\OneDrive\Desktop\Web spa\Long(ThanhToan_DatLich\wwwroot\lib\bootstrap\dist\css\bootstrap.rtl.css' because it no longer exists.
         Removing endpoints for asset 'C:\Users\DELL\OneDrive\Desktop\Web spa\Long(ThanhToan_DatLich\wwwroot\lib\bootstrap\dist\js\bootstrap.min.js' because it no longer exists.
         Removing endpoints for asset 'C:\Users\DELL\OneDrive\Desktop\Web spa\Long(ThanhToan_DatLich\wwwroot\lib\bootstrap\dist\js\bootstrap.min.js' because it no longer exists.
         Removing endpoints for asset 'C:\Users\DELL\OneDrive\Desktop\Web spa\Long(ThanhToan_DatLich\wwwroot\lib\bootstrap\dist\js\bootstrap.min.js.map' because it no longer exists.
         Removing endpoints for asset 'C:\Users\DELL\OneDrive\Desktop\Web spa\Long(ThanhToan_DatLich\wwwroot\lib\bootstrap\dist\js\bootstrap.min.js.map' because it no longer exists.
         Removing endpoints for asset 'C:\Users\DELL\OneDrive\Desktop\Web spa\Long(ThanhToan_DatLich\wwwroot\lib\bootstrap\dist\css\bootstrap-utilities.rtl.min.css.map' because it no longer exists.
         Removing endpoints for asset 'C:\Users\DELL\OneDrive\Desktop\Web spa\Long(ThanhToan_DatLich\wwwroot\lib\bootstrap\dist\css\bootstrap-utilities.rtl.min.css.map' because it no longer exists.
         Removing endpoints for asset 'C:\Users\DELL\OneDrive\Desktop\Web spa\Long(ThanhToan_DatLich\wwwroot\lib\bootstrap\dist\css\bootstrap-reboot.min.css.map' because it no longer exists.
         Removing endpoints for asset 'C:\Users\DELL\OneDrive\Desktop\Web spa\Long(ThanhToan_DatLich\wwwroot\lib\bootstrap\dist\css\bootstrap-reboot.min.css.map' because it no longer exists.
         Removing endpoints for asset 'C:\Users\DELL\OneDrive\Desktop\Web spa\Long(ThanhToan_DatLich\wwwroot\lib\bootstrap\dist\css\bootstrap-grid.min.css' because it no longer exists.
         Removing endpoints for asset 'C:\Users\DELL\OneDrive\Desktop\Web spa\Long(ThanhToan_DatLich\wwwroot\lib\bootstrap\dist\css\bootstrap-grid.min.css' because it no longer exists.
         Removing endpoints for asset 'C:\Users\DELL\OneDrive\Desktop\Web spa\Long(ThanhToan_DatLich\wwwroot\lib\bootstrap\dist\css\bootstrap-grid.min.css.map' because it no longer exists.
         Removing endpoints for asset 'C:\Users\DELL\OneDrive\Desktop\Web spa\Long(ThanhToan_DatLich\wwwroot\lib\bootstrap\dist\css\bootstrap-grid.min.css.map' because it no longer exists.
         Removing endpoints for asset 'C:\Users\DELL\OneDrive\Desktop\Web spa\Long(ThanhToan_DatLich\wwwroot\lib\bootstrap\dist\css\bootstrap-grid.rtl.css' because it no longer exists.
         Removing endpoints for asset 'C:\Users\DELL\OneDrive\Desktop\Web spa\Long(ThanhToan_DatLich\wwwroot\lib\bootstrap\dist\css\bootstrap-grid.rtl.css' because it no longer exists.
         Removing endpoints for asset 'C:\Users\DELL\OneDrive\Desktop\Web spa\Long(ThanhToan_DatLich\wwwroot\lib\bootstrap\dist\css\bootstrap-grid.css' because it no longer exists.
         Removing endpoints for asset 'C:\Users\DELL\OneDrive\Desktop\Web spa\Long(ThanhToan_DatLich\wwwroot\lib\bootstrap\dist\css\bootstrap-grid.css' because it no longer exists.
         Removing endpoints for asset 'C:\Users\DELL\OneDrive\Desktop\Web spa\Long(ThanhToan_DatLich\wwwroot\lib\bootstrap\dist\css\bootstrap-grid.css.map' because it no longer exists.
         Removing endpoints for asset 'C:\Users\DELL\OneDrive\Desktop\Web spa\Long(ThanhToan_DatLich\wwwroot\lib\bootstrap\dist\css\bootstrap-grid.css.map' because it no longer exists.
         Removing endpoints for asset 'C:\Users\DELL\OneDrive\Desktop\Web spa\Long(ThanhToan_DatLich\wwwroot\lib\bootstrap\dist\css\bootstrap.min.css' because it no longer exists.
         Removing endpoints for asset 'C:\Users\DELL\OneDrive\Desktop\Web spa\Long(ThanhToan_DatLich\wwwroot\lib\bootstrap\dist\css\bootstrap.min.css' because it no longer exists.
         Removing endpoints for asset 'C:\Users\DELL\OneDrive\Desktop\Web spa\Long(ThanhToan_DatLich\wwwroot\lib\bootstrap\dist\css\bootstrap-utilities.css.map' because it no longer exists.
         Removing endpoints for asset 'C:\Users\DELL\OneDrive\Desktop\Web spa\Long(ThanhToan_DatLich\wwwroot\lib\bootstrap\dist\css\bootstrap-utilities.css.map' because it no longer exists.
         Removing endpoints for asset 'C:\Users\DELL\OneDrive\Desktop\Web spa\Long(ThanhToan_DatLich\wwwroot\lib\bootstrap\dist\css\bootstrap-utilities.min.css' because it no longer exists.
         Removing endpoints for asset 'C:\Users\DELL\OneDrive\Desktop\Web spa\Long(ThanhToan_DatLich\wwwroot\lib\bootstrap\dist\css\bootstrap-utilities.min.css' because it no longer exists.
         Removing endpoints for asset 'C:\Users\DELL\OneDrive\Desktop\Web spa\Long(ThanhToan_DatLich\wwwroot\lib\bootstrap\dist\css\bootstrap-utilities.min.css.map' because it no longer exists.
         Removing endpoints for asset 'C:\Users\DELL\OneDrive\Desktop\Web spa\Long(ThanhToan_DatLich\wwwroot\lib\bootstrap\dist\css\bootstrap-utilities.min.css.map' because it no longer exists.
         Removing endpoints for asset 'C:\Users\DELL\OneDrive\Desktop\Web spa\Long(ThanhToan_DatLich\wwwroot\lib\jquery-validation-unobtrusive\LICENSE.txt' because it no longer exists.
         Removing endpoints for asset 'C:\Users\DELL\OneDrive\Desktop\Web spa\Long(ThanhToan_DatLich\wwwroot\lib\jquery-validation-unobtrusive\LICENSE.txt' because it no longer exists.
         Removing endpoints for asset 'C:\Users\DELL\OneDrive\Desktop\Web spa\Long(ThanhToan_DatLich\wwwroot\lib\jquery-validation\dist\additional-methods.js' because it no longer exists.
         Removing endpoints for asset 'C:\Users\DELL\OneDrive\Desktop\Web spa\Long(ThanhToan_DatLich\wwwroot\lib\jquery-validation\dist\additional-methods.js' because it no longer exists.
         Removing endpoints for asset 'C:\Users\DELL\OneDrive\Desktop\Web spa\Long(ThanhToan_DatLich\wwwroot\lib\jquery-validation\dist\additional-methods.min.js' because it no longer exists.
         Removing endpoints for asset 'C:\Users\DELL\OneDrive\Desktop\Web spa\Long(ThanhToan_DatLich\wwwroot\lib\jquery-validation\dist\additional-methods.min.js' because it no longer exists.
         Removing endpoints for asset 'C:\Users\DELL\OneDrive\Desktop\Web spa\Long(ThanhToan_DatLich\wwwroot\lib\jquery-validation\dist\jquery.validate.js' because it no longer exists.
         Removing endpoints for asset 'C:\Users\DELL\OneDrive\Desktop\Web spa\Long(ThanhToan_DatLich\wwwroot\lib\jquery-validation\dist\jquery.validate.js' because it no longer exists.
         Removing endpoints for asset 'C:\Users\DELL\OneDrive\Desktop\Web spa\Long(ThanhToan_DatLich\wwwroot\lib\jquery-validation\dist\jquery.validate.min.js' because it no longer exists.
         Removing endpoints for asset 'C:\Users\DELL\OneDrive\Desktop\Web spa\Long(ThanhToan_DatLich\wwwroot\lib\jquery-validation\dist\jquery.validate.min.js' because it no longer exists.
         Removing endpoints for asset 'C:\Users\DELL\OneDrive\Desktop\Web spa\Long(ThanhToan_DatLich\wwwroot\lib\jquery-validation\LICENSE.md' because it no longer exists.
         Removing endpoints for asset 'C:\Users\DELL\OneDrive\Desktop\Web spa\Long(ThanhToan_DatLich\wwwroot\lib\jquery-validation\LICENSE.md' because it no longer exists.
         Removing endpoints for asset 'C:\Users\DELL\OneDrive\Desktop\Web spa\Long(ThanhToan_DatLich\wwwroot\lib\bootstrap\dist\js\bootstrap.bundle.js' because it no longer exists.
         Removing endpoints for asset 'C:\Users\DELL\OneDrive\Desktop\Web spa\Long(ThanhToan_DatLich\wwwroot\lib\bootstrap\dist\js\bootstrap.bundle.js' because it no longer exists.
         Removing endpoints for asset 'C:\Users\DELL\OneDrive\Desktop\Web spa\Long(ThanhToan_DatLich\wwwroot\lib\bootstrap\dist\js\bootstrap.bundle.js.map' because it no longer exists.
         Removing endpoints for asset 'C:\Users\DELL\OneDrive\Desktop\Web spa\Long(ThanhToan_DatLich\wwwroot\lib\bootstrap\dist\js\bootstrap.bundle.js.map' because it no longer exists.
         Removing endpoints for asset 'C:\Users\DELL\OneDrive\Desktop\Web spa\Long(ThanhToan_DatLich\wwwroot\lib\bootstrap\dist\js\bootstrap.bundle.min.js' because it no longer exists.
         Removing endpoints for asset 'C:\Users\DELL\OneDrive\Desktop\Web spa\Long(ThanhToan_DatLich\wwwroot\lib\bootstrap\dist\js\bootstrap.bundle.min.js' because it no longer exists.
         Removing endpoints for asset 'C:\Users\DELL\OneDrive\Desktop\Web spa\Long(ThanhToan_DatLich\wwwroot\lib\bootstrap\dist\css\bootstrap-utilities.rtl.css' because it no longer exists.
         Removing endpoints for asset 'C:\Users\DELL\OneDrive\Desktop\Web spa\Long(ThanhToan_DatLich\wwwroot\lib\bootstrap\dist\css\bootstrap-utilities.rtl.css' because it no longer exists.
         Removing endpoints for asset 'C:\Users\DELL\OneDrive\Desktop\Web spa\Long(ThanhToan_DatLich\wwwroot\lib\bootstrap\dist\css\bootstrap-utilities.rtl.css.map' because it no longer exists.
         Removing endpoints for asset 'C:\Users\DELL\OneDrive\Desktop\Web spa\Long(ThanhToan_DatLich\wwwroot\lib\bootstrap\dist\css\bootstrap-utilities.rtl.css.map' because it no longer exists.
         Removing endpoints for asset 'C:\Users\DELL\OneDrive\Desktop\Web spa\Long(ThanhToan_DatLich\wwwroot\lib\bootstrap\dist\css\bootstrap-utilities.rtl.min.css' because it no longer exists.
         Removing endpoints for asset 'C:\Users\DELL\OneDrive\Desktop\Web spa\Long(ThanhToan_DatLich\wwwroot\lib\bootstrap\dist\css\bootstrap-utilities.rtl.min.css' because it no longer exists.
       Done executing task "DefineStaticWebAssetEndpoints".
   2:6>Done building target "ResolveJSModuleManifestBuildStaticWebAssets" in project "SpaN5.csproj".
       Target "ResolveCoreStaticWebAssets" skipped. Previously built successfully.
       Target "ResolveCoreStaticWebAssets" skipped. Previously built successfully.
       Target "ResolveCssScopes" skipped. Previously built successfully.
   2:6>Target "ResolveScopedCssOutputs" in file "C:\Program Files\dotnet\sdk\9.0.308\Sdks\Microsoft.NET.Sdk.StaticWebAssets\targets\Microsoft.NET.Sdk.StaticWebAssets.ScopedCss.targets" from project "C:\Users\DELL\OneDrive\Desktop\Web spa\Long(ThanhToan_DatLich\SpaN5.csproj" (target "_ComputeScopedCssStaticWebAssets" depends on it):
   2:6>Done building target "ResolveScopedCssOutputs" in project "SpaN5.csproj".
       Target "ResolveStaticWebAssetsConfiguration" skipped. Previously built successfully.
   2:6>Target "_ComputeScopedCssStaticWebAssets" in file "C:\Program Files\dotnet\sdk\9.0.308\Sdks\Microsoft.NET.Sdk.StaticWebAssets\targets\Microsoft.NET.Sdk.StaticWebAssets.ScopedCss.targets" from project "C:\Users\DELL\OneDrive\Desktop\Web spa\Long(ThanhToan_DatLich\SpaN5.csproj" (target "_CollectAllScopedCssAssets" depends on it):
       Task "DefineStaticWebAssets"
         No cache manifest path specified. Cache will not be used.
         RelativePath 'Views\Shared\_Layout.cshtml.rz.scp.css' normalized to 'Views/Shared/_Layout.cshtml.rz.scp.css' found for candidate 'C:\Users\DELL\OneDrive\Desktop\Web spa\Long(ThanhToan_DatLich\obj\Debug\net8.0\scopedcss\Views\Shared\_Layout.cshtml.rz.scp.css' and will be used for matching.
         Computing fingerprint and integrity for asset 'C:\Users\DELL\OneDrive\Desktop\Web spa\Long(ThanhToan_DatLich\obj\Debug\net8.0\scopedcss\Views\Shared\_Layout.cshtml.rz.scp.css'
         Identity for candidate 'C:\Users\DELL\OneDrive\Desktop\Web spa\Long(ThanhToan_DatLich\obj\Debug\net8.0\scopedcss\Views\Shared\_Layout.cshtml.rz.scp.css' is 'C:\Users\DELL\OneDrive\Desktop\Web spa\Long(ThanhToan_DatLich\obj\Debug\net8.0\scopedcss\Views\Shared\_Layout.cshtml.rz.scp.css' because it starts with content root 'C:\Users\DELL\OneDrive\Desktop\Web spa\Long(ThanhToan_DatLich\obj\Debug\net8.0\scopedcss\'.
       Done executing task "DefineStaticWebAssets".
       Task "DefineStaticWebAssetEndpoints"
         Removing endpoints for asset 'C:\Users\DELL\OneDrive\Desktop\Web spa\Long(ThanhToan_DatLich\wwwroot\lib\bootstrap\dist\css\bootstrap-reboot.css' because it no longer exists.
         Removing endpoints for asset 'C:\Users\DELL\OneDrive\Desktop\Web spa\Long(ThanhToan_DatLich\wwwroot\lib\bootstrap\dist\css\bootstrap-reboot.css' because it no longer exists.
         Removing endpoints for asset 'C:\Users\DELL\OneDrive\Desktop\Web spa\Long(ThanhToan_DatLich\wwwroot\lib\bootstrap\dist\css\bootstrap-reboot.css.map' because it no longer exists.
         Removing endpoints for asset 'C:\Users\DELL\OneDrive\Desktop\Web spa\Long(ThanhToan_DatLich\wwwroot\lib\bootstrap\dist\css\bootstrap-reboot.css.map' because it no longer exists.
         Removing endpoints for asset 'C:\Users\DELL\OneDrive\Desktop\Web spa\Long(ThanhToan_DatLich\wwwroot\lib\bootstrap\dist\css\bootstrap-reboot.min.css' because it no longer exists.
         Removing endpoints for asset 'C:\Users\DELL\OneDrive\Desktop\Web spa\Long(ThanhToan_DatLich\wwwroot\lib\bootstrap\dist\css\bootstrap-reboot.min.css' because it no longer exists.
         Removing endpoints for asset 'C:\Users\DELL\OneDrive\Desktop\Web spa\Long(ThanhToan_DatLich\wwwroot\lib\bootstrap\dist\css\bootstrap.css' because it no longer exists.
         Removing endpoints for asset 'C:\Users\DELL\OneDrive\Desktop\Web spa\Long(ThanhToan_DatLich\wwwroot\lib\bootstrap\dist\css\bootstrap.css' because it no longer exists.
         Removing endpoints for asset 'C:\Users\DELL\OneDrive\Desktop\Web spa\Long(ThanhToan_DatLich\wwwroot\lib\bootstrap\dist\css\bootstrap.css.map' because it no longer exists.
         Removing endpoints for asset 'C:\Users\DELL\OneDrive\Desktop\Web spa\Long(ThanhToan_DatLich\wwwroot\lib\bootstrap\dist\css\bootstrap.css.map' because it no longer exists.
         Removing endpoints for asset 'C:\Users\DELL\OneDrive\Desktop\Web spa\Long(ThanhToan_DatLich\wwwroot\lib\bootstrap\dist\js\bootstrap.esm.min.js.map' because it no longer exists.
         Removing endpoints for asset 'C:\Users\DELL\OneDrive\Desktop\Web spa\Long(ThanhToan_DatLich\wwwroot\lib\bootstrap\dist\js\bootstrap.esm.min.js.map' because it no longer exists.
         Removing endpoints for asset 'C:\Users\DELL\OneDrive\Desktop\Web spa\Long(ThanhToan_DatLich\wwwroot\lib\bootstrap\dist\js\bootstrap.js' because it no longer exists.
         Removing endpoints for asset 'C:\Users\DELL\OneDrive\Desktop\Web spa\Long(ThanhToan_DatLich\wwwroot\lib\bootstrap\dist\js\bootstrap.js' because it no longer exists.
         Removing endpoints for asset 'C:\Users\DELL\OneDrive\Desktop\Web spa\Long(ThanhToan_DatLich\wwwroot\lib\bootstrap\dist\css\bootstrap-reboot.rtl.min.css' because it no longer exists.
         Removing endpoints for asset 'C:\Users\DELL\OneDrive\Desktop\Web spa\Long(ThanhToan_DatLich\wwwroot\lib\bootstrap\dist\css\bootstrap-reboot.rtl.min.css' because it no longer exists.
         Removing endpoints for asset 'C:\Users\DELL\OneDrive\Desktop\Web spa\Long(ThanhToan_DatLich\wwwroot\lib\bootstrap\dist\css\bootstrap-reboot.rtl.min.css.map' because it no longer exists.
         Removing endpoints for asset 'C:\Users\DELL\OneDrive\Desktop\Web spa\Long(ThanhToan_DatLich\wwwroot\lib\bootstrap\dist\css\bootstrap-reboot.rtl.min.css.map' because it no longer exists.
         Removing endpoints for asset 'C:\Users\DELL\OneDrive\Desktop\Web spa\Long(ThanhToan_DatLich\wwwroot\lib\bootstrap\dist\css\bootstrap-utilities.css' because it no longer exists.
         Removing endpoints for asset 'C:\Users\DELL\OneDrive\Desktop\Web spa\Long(ThanhToan_DatLich\wwwroot\lib\bootstrap\dist\css\bootstrap-utilities.css' because it no longer exists.
         Removing endpoints for asset 'C:\Users\DELL\OneDrive\Desktop\Web spa\Long(ThanhToan_DatLich\wwwroot\css\app.css' because it no longer exists.
         Removing endpoints for asset 'C:\Users\DELL\OneDrive\Desktop\Web spa\Long(ThanhToan_DatLich\wwwroot\css\app.css' because it no longer exists.
         Removing endpoints for asset 'C:\Users\DELL\OneDrive\Desktop\Web spa\Long(ThanhToan_DatLich\wwwroot\favicon.ico' because it no longer exists.
         Removing endpoints for asset 'C:\Users\DELL\OneDrive\Desktop\Web spa\Long(ThanhToan_DatLich\wwwroot\favicon.ico' because it no longer exists.
         Removing endpoints for asset 'C:\Users\DELL\OneDrive\Desktop\Web spa\Long(ThanhToan_DatLich\wwwroot\js\site.js' because it no longer exists.
         Removing endpoints for asset 'C:\Users\DELL\OneDrive\Desktop\Web spa\Long(ThanhToan_DatLich\wwwroot\js\site.js' because it no longer exists.
         Removing endpoints for asset 'C:\Users\DELL\OneDrive\Desktop\Web spa\Long(ThanhToan_DatLich\wwwroot\lib\bootstrap\LICENSE' because it no longer exists.
         Removing endpoints for asset 'C:\Users\DELL\OneDrive\Desktop\Web spa\Long(ThanhToan_DatLich\wwwroot\lib\bootstrap\LICENSE' because it no longer exists.
         Removing endpoints for asset 'C:\Users\DELL\OneDrive\Desktop\Web spa\Long(ThanhToan_DatLich\wwwroot\lib\jquery-validation-unobtrusive\jquery.validate.unobtrusive.js' because it no longer exists.
         Removing endpoints for asset 'C:\Users\DELL\OneDrive\Desktop\Web spa\Long(ThanhToan_DatLich\wwwroot\lib\jquery-validation-unobtrusive\jquery.validate.unobtrusive.js' because it no longer exists.
         Removing endpoints for asset 'C:\Users\DELL\OneDrive\Desktop\Web spa\Long(ThanhToan_DatLich\wwwroot\lib\jquery-validation-unobtrusive\jquery.validate.unobtrusive.min.js' because it no longer exists.
         Removing endpoints for asset 'C:\Users\DELL\OneDrive\Desktop\Web spa\Long(ThanhToan_DatLich\wwwroot\lib\jquery-validation-unobtrusive\jquery.validate.unobtrusive.min.js' because it no longer exists.
         Removing endpoints for asset 'C:\Users\DELL\OneDrive\Desktop\Web spa\Long(ThanhToan_DatLich\wwwroot\lib\jquery\dist\jquery.js' because it no longer exists.
         Removing endpoints for asset 'C:\Users\DELL\OneDrive\Desktop\Web spa\Long(ThanhToan_DatLich\wwwroot\lib\jquery\dist\jquery.js' because it no longer exists.
         Removing endpoints for asset 'C:\Users\DELL\OneDrive\Desktop\Web spa\Long(ThanhToan_DatLich\wwwroot\lib\jquery\dist\jquery.min.js' because it no longer exists.
         Removing endpoints for asset 'C:\Users\DELL\OneDrive\Desktop\Web spa\Long(ThanhToan_DatLich\wwwroot\lib\jquery\dist\jquery.min.js' because it no longer exists.
         Removing endpoints for asset 'C:\Users\DELL\OneDrive\Desktop\Web spa\Long(ThanhToan_DatLich\wwwroot\lib\jquery\dist\jquery.min.map' because it no longer exists.
         Removing endpoints for asset 'C:\Users\DELL\OneDrive\Desktop\Web spa\Long(ThanhToan_DatLich\wwwroot\lib\jquery\dist\jquery.min.map' because it no longer exists.
         Removing endpoints for asset 'C:\Users\DELL\OneDrive\Desktop\Web spa\Long(ThanhToan_DatLich\wwwroot\lib\jquery\LICENSE.txt' because it no longer exists.
         Removing endpoints for asset 'C:\Users\DELL\OneDrive\Desktop\Web spa\Long(ThanhToan_DatLich\wwwroot\lib\jquery\LICENSE.txt' because it no longer exists.
         Removing endpoints for asset 'C:\Users\DELL\OneDrive\Desktop\Web spa\Long(ThanhToan_DatLich\wwwroot\css\site.css' because it no longer exists.
         Removing endpoints for asset 'C:\Users\DELL\OneDrive\Desktop\Web spa\Long(ThanhToan_DatLich\wwwroot\css\site.css' because it no longer exists.
         Removing endpoints for asset 'C:\Users\DELL\OneDrive\Desktop\Web spa\Long(ThanhToan_DatLich\wwwroot\lib\bootstrap\dist\js\bootstrap.js.map' because it no longer exists.
         Removing endpoints for asset 'C:\Users\DELL\OneDrive\Desktop\Web spa\Long(ThanhToan_DatLich\wwwroot\lib\bootstrap\dist\js\bootstrap.js.map' because it no longer exists.
         Removing endpoints for asset 'C:\Users\DELL\OneDrive\Desktop\Web spa\Long(ThanhToan_DatLich\wwwroot\lib\bootstrap\dist\js\bootstrap.bundle.min.js.map' because it no longer exists.
         Removing endpoints for asset 'C:\Users\DELL\OneDrive\Desktop\Web spa\Long(ThanhToan_DatLich\wwwroot\lib\bootstrap\dist\js\bootstrap.bundle.min.js.map' because it no longer exists.
         Removing endpoints for asset 'C:\Users\DELL\OneDrive\Desktop\Web spa\Long(ThanhToan_DatLich\wwwroot\lib\bootstrap\dist\js\bootstrap.esm.js' because it no longer exists.
         Removing endpoints for asset 'C:\Users\DELL\OneDrive\Desktop\Web spa\Long(ThanhToan_DatLich\wwwroot\lib\bootstrap\dist\js\bootstrap.esm.js' because it no longer exists.
         Removing endpoints for asset 'C:\Users\DELL\OneDrive\Desktop\Web spa\Long(ThanhToan_DatLich\wwwroot\lib\bootstrap\dist\js\bootstrap.esm.js.map' because it no longer exists.
         Removing endpoints for asset 'C:\Users\DELL\OneDrive\Desktop\Web spa\Long(ThanhToan_DatLich\wwwroot\lib\bootstrap\dist\js\bootstrap.esm.js.map' because it no longer exists.
         Removing endpoints for asset 'C:\Users\DELL\OneDrive\Desktop\Web spa\Long(ThanhToan_DatLich\wwwroot\lib\bootstrap\dist\js\bootstrap.esm.min.js' because it no longer exists.
         Removing endpoints for asset 'C:\Users\DELL\OneDrive\Desktop\Web spa\Long(ThanhToan_DatLich\wwwroot\lib\bootstrap\dist\js\bootstrap.esm.min.js' because it no longer exists.
         Removing endpoints for asset 'C:\Users\DELL\OneDrive\Desktop\Web spa\Long(ThanhToan_DatLich\wwwroot\lib\bootstrap\dist\css\bootstrap.rtl.css.map' because it no longer exists.
         Removing endpoints for asset 'C:\Users\DELL\OneDrive\Desktop\Web spa\Long(ThanhToan_DatLich\wwwroot\lib\bootstrap\dist\css\bootstrap.rtl.css.map' because it no longer exists.
         Removing endpoints for asset 'C:\Users\DELL\OneDrive\Desktop\Web spa\Long(ThanhToan_DatLich\wwwroot\lib\bootstrap\dist\css\bootstrap.rtl.min.css' because it no longer exists.
         Removing endpoints for asset 'C:\Users\DELL\OneDrive\Desktop\Web spa\Long(ThanhToan_DatLich\wwwroot\lib\bootstrap\dist\css\bootstrap.rtl.min.css' because it no longer exists.
         Removing endpoints for asset 'C:\Users\DELL\OneDrive\Desktop\Web spa\Long(ThanhToan_DatLich\wwwroot\lib\bootstrap\dist\css\bootstrap.rtl.min.css.map' because it no longer exists.
         Removing endpoints for asset 'C:\Users\DELL\OneDrive\Desktop\Web spa\Long(ThanhToan_DatLich\wwwroot\lib\bootstrap\dist\css\bootstrap.rtl.min.css.map' because it no longer exists.
         Removing endpoints for asset 'C:\Users\DELL\OneDrive\Desktop\Web spa\Long(ThanhToan_DatLich\wwwroot\lib\bootstrap\dist\css\bootstrap-grid.rtl.css.map' because it no longer exists.
         Removing endpoints for asset 'C:\Users\DELL\OneDrive\Desktop\Web spa\Long(ThanhToan_DatLich\wwwroot\lib\bootstrap\dist\css\bootstrap-grid.rtl.css.map' because it no longer exists.
         Removing endpoints for asset 'C:\Users\DELL\OneDrive\Desktop\Web spa\Long(ThanhToan_DatLich\wwwroot\lib\bootstrap\dist\css\bootstrap-grid.rtl.min.css' because it no longer exists.
         Removing endpoints for asset 'C:\Users\DELL\OneDrive\Desktop\Web spa\Long(ThanhToan_DatLich\wwwroot\lib\bootstrap\dist\css\bootstrap-grid.rtl.min.css' because it no longer exists.
         Removing endpoints for asset 'C:\Users\DELL\OneDrive\Desktop\Web spa\Long(ThanhToan_DatLich\wwwroot\lib\bootstrap\dist\css\bootstrap-grid.rtl.min.css.map' because it no longer exists.
         Removing endpoints for asset 'C:\Users\DELL\OneDrive\Desktop\Web spa\Long(ThanhToan_DatLich\wwwroot\lib\bootstrap\dist\css\bootstrap-grid.rtl.min.css.map' because it no longer exists.
         Removing endpoints for asset 'C:\Users\DELL\OneDrive\Desktop\Web spa\Long(ThanhToan_DatLich\wwwroot\lib\bootstrap\dist\css\bootstrap-reboot.rtl.css' because it no longer exists.
         Removing endpoints for asset 'C:\Users\DELL\OneDrive\Desktop\Web spa\Long(ThanhToan_DatLich\wwwroot\lib\bootstrap\dist\css\bootstrap-reboot.rtl.css' because it no longer exists.
         Removing endpoints for asset 'C:\Users\DELL\OneDrive\Desktop\Web spa\Long(ThanhToan_DatLich\wwwroot\lib\bootstrap\dist\css\bootstrap-reboot.rtl.css.map' because it no longer exists.
         Removing endpoints for asset 'C:\Users\DELL\OneDrive\Desktop\Web spa\Long(ThanhToan_DatLich\wwwroot\lib\bootstrap\dist\css\bootstrap-reboot.rtl.css.map' because it no longer exists.
         Removing endpoints for asset 'C:\Users\DELL\OneDrive\Desktop\Web spa\Long(ThanhToan_DatLich\wwwroot\lib\bootstrap\dist\css\bootstrap.min.css.map' because it no longer exists.
         Removing endpoints for asset 'C:\Users\DELL\OneDrive\Desktop\Web spa\Long(ThanhToan_DatLich\wwwroot\lib\bootstrap\dist\css\bootstrap.min.css.map' because it no longer exists.
         Removing endpoints for asset 'C:\Users\DELL\OneDrive\Desktop\Web spa\Long(ThanhToan_DatLich\wwwroot\lib\bootstrap\dist\css\bootstrap.rtl.css' because it no longer exists.
         Removing endpoints for asset 'C:\Users\DELL\OneDrive\Desktop\Web spa\Long(ThanhToan_DatLich\wwwroot\lib\bootstrap\dist\css\bootstrap.rtl.css' because it no longer exists.
         Removing endpoints for asset 'C:\Users\DELL\OneDrive\Desktop\Web spa\Long(ThanhToan_DatLich\wwwroot\lib\bootstrap\dist\js\bootstrap.min.js' because it no longer exists.
         Removing endpoints for asset 'C:\Users\DELL\OneDrive\Desktop\Web spa\Long(ThanhToan_DatLich\wwwroot\lib\bootstrap\dist\js\bootstrap.min.js' because it no longer exists.
         Removing endpoints for asset 'C:\Users\DELL\OneDrive\Desktop\Web spa\Long(ThanhToan_DatLich\wwwroot\lib\bootstrap\dist\js\bootstrap.min.js.map' because it no longer exists.
         Removing endpoints for asset 'C:\Users\DELL\OneDrive\Desktop\Web spa\Long(ThanhToan_DatLich\wwwroot\lib\bootstrap\dist\js\bootstrap.min.js.map' because it no longer exists.
         Removing endpoints for asset 'C:\Users\DELL\OneDrive\Desktop\Web spa\Long(ThanhToan_DatLich\wwwroot\lib\bootstrap\dist\css\bootstrap-utilities.rtl.min.css.map' because it no longer exists.
         Removing endpoints for asset 'C:\Users\DELL\OneDrive\Desktop\Web spa\Long(ThanhToan_DatLich\wwwroot\lib\bootstrap\dist\css\bootstrap-utilities.rtl.min.css.map' because it no longer exists.
         Removing endpoints for asset 'C:\Users\DELL\OneDrive\Desktop\Web spa\Long(ThanhToan_DatLich\wwwroot\lib\bootstrap\dist\css\bootstrap-reboot.min.css.map' because it no longer exists.
         Removing endpoints for asset 'C:\Users\DELL\OneDrive\Desktop\Web spa\Long(ThanhToan_DatLich\wwwroot\lib\bootstrap\dist\css\bootstrap-reboot.min.css.map' because it no longer exists.
         Removing endpoints for asset 'C:\Users\DELL\OneDrive\Desktop\Web spa\Long(ThanhToan_DatLich\wwwroot\lib\bootstrap\dist\css\bootstrap-grid.min.css' because it no longer exists.
         Removing endpoints for asset 'C:\Users\DELL\OneDrive\Desktop\Web spa\Long(ThanhToan_DatLich\wwwroot\lib\bootstrap\dist\css\bootstrap-grid.min.css' because it no longer exists.
         Removing endpoints for asset 'C:\Users\DELL\OneDrive\Desktop\Web spa\Long(ThanhToan_DatLich\wwwroot\lib\bootstrap\dist\css\bootstrap-grid.min.css.map' because it no longer exists.
         Removing endpoints for asset 'C:\Users\DELL\OneDrive\Desktop\Web spa\Long(ThanhToan_DatLich\wwwroot\lib\bootstrap\dist\css\bootstrap-grid.min.css.map' because it no longer exists.
         Removing endpoints for asset 'C:\Users\DELL\OneDrive\Desktop\Web spa\Long(ThanhToan_DatLich\wwwroot\lib\bootstrap\dist\css\bootstrap-grid.rtl.css' because it no longer exists.
         Removing endpoints for asset 'C:\Users\DELL\OneDrive\Desktop\Web spa\Long(ThanhToan_DatLich\wwwroot\lib\bootstrap\dist\css\bootstrap-grid.rtl.css' because it no longer exists.
         Removing endpoints for asset 'C:\Users\DELL\OneDrive\Desktop\Web spa\Long(ThanhToan_DatLich\wwwroot\lib\bootstrap\dist\css\bootstrap-grid.css' because it no longer exists.
         Removing endpoints for asset 'C:\Users\DELL\OneDrive\Desktop\Web spa\Long(ThanhToan_DatLich\wwwroot\lib\bootstrap\dist\css\bootstrap-grid.css' because it no longer exists.
         Removing endpoints for asset 'C:\Users\DELL\OneDrive\Desktop\Web spa\Long(ThanhToan_DatLich\wwwroot\lib\bootstrap\dist\css\bootstrap-grid.css.map' because it no longer exists.
         Removing endpoints for asset 'C:\Users\DELL\OneDrive\Desktop\Web spa\Long(ThanhToan_DatLich\wwwroot\lib\bootstrap\dist\css\bootstrap-grid.css.map' because it no longer exists.
         Removing endpoints for asset 'C:\Users\DELL\OneDrive\Desktop\Web spa\Long(ThanhToan_DatLich\wwwroot\lib\bootstrap\dist\css\bootstrap.min.css' because it no longer exists.
         Removing endpoints for asset 'C:\Users\DELL\OneDrive\Desktop\Web spa\Long(ThanhToan_DatLich\wwwroot\lib\bootstrap\dist\css\bootstrap.min.css' because it no longer exists.
         Removing endpoints for asset 'C:\Users\DELL\OneDrive\Desktop\Web spa\Long(ThanhToan_DatLich\wwwroot\lib\bootstrap\dist\css\bootstrap-utilities.css.map' because it no longer exists.
         Removing endpoints for asset 'C:\Users\DELL\OneDrive\Desktop\Web spa\Long(ThanhToan_DatLich\wwwroot\lib\bootstrap\dist\css\bootstrap-utilities.css.map' because it no longer exists.
         Removing endpoints for asset 'C:\Users\DELL\OneDrive\Desktop\Web spa\Long(ThanhToan_DatLich\wwwroot\lib\bootstrap\dist\css\bootstrap-utilities.min.css' because it no longer exists.
         Removing endpoints for asset 'C:\Users\DELL\OneDrive\Desktop\Web spa\Long(ThanhToan_DatLich\wwwroot\lib\bootstrap\dist\css\bootstrap-utilities.min.css' because it no longer exists.
         Removing endpoints for asset 'C:\Users\DELL\OneDrive\Desktop\Web spa\Long(ThanhToan_DatLich\wwwroot\lib\bootstrap\dist\css\bootstrap-utilities.min.css.map' because it no longer exists.
         Removing endpoints for asset 'C:\Users\DELL\OneDrive\Desktop\Web spa\Long(ThanhToan_DatLich\wwwroot\lib\bootstrap\dist\css\bootstrap-utilities.min.css.map' because it no longer exists.
         Removing endpoints for asset 'C:\Users\DELL\OneDrive\Desktop\Web spa\Long(ThanhToan_DatLich\wwwroot\lib\jquery-validation-unobtrusive\LICENSE.txt' because it no longer exists.
         Removing endpoints for asset 'C:\Users\DELL\OneDrive\Desktop\Web spa\Long(ThanhToan_DatLich\wwwroot\lib\jquery-validation-unobtrusive\LICENSE.txt' because it no longer exists.
         Removing endpoints for asset 'C:\Users\DELL\OneDrive\Desktop\Web spa\Long(ThanhToan_DatLich\wwwroot\lib\jquery-validation\dist\additional-methods.js' because it no longer exists.
         Removing endpoints for asset 'C:\Users\DELL\OneDrive\Desktop\Web spa\Long(ThanhToan_DatLich\wwwroot\lib\jquery-validation\dist\additional-methods.js' because it no longer exists.
         Removing endpoints for asset 'C:\Users\DELL\OneDrive\Desktop\Web spa\Long(ThanhToan_DatLich\wwwroot\lib\jquery-validation\dist\additional-methods.min.js' because it no longer exists.
         Removing endpoints for asset 'C:\Users\DELL\OneDrive\Desktop\Web spa\Long(ThanhToan_DatLich\wwwroot\lib\jquery-validation\dist\additional-methods.min.js' because it no longer exists.
         Removing endpoints for asset 'C:\Users\DELL\OneDrive\Desktop\Web spa\Long(ThanhToan_DatLich\wwwroot\lib\jquery-validation\dist\jquery.validate.js' because it no longer exists.
         Removing endpoints for asset 'C:\Users\DELL\OneDrive\Desktop\Web spa\Long(ThanhToan_DatLich\wwwroot\lib\jquery-validation\dist\jquery.validate.js' because it no longer exists.
         Removing endpoints for asset 'C:\Users\DELL\OneDrive\Desktop\Web spa\Long(ThanhToan_DatLich\wwwroot\lib\jquery-validation\dist\jquery.validate.min.js' because it no longer exists.
         Removing endpoints for asset 'C:\Users\DELL\OneDrive\Desktop\Web spa\Long(ThanhToan_DatLich\wwwroot\lib\jquery-validation\dist\jquery.validate.min.js' because it no longer exists.
         Removing endpoints for asset 'C:\Users\DELL\OneDrive\Desktop\Web spa\Long(ThanhToan_DatLich\wwwroot\lib\jquery-validation\LICENSE.md' because it no longer exists.
         Removing endpoints for asset 'C:\Users\DELL\OneDrive\Desktop\Web spa\Long(ThanhToan_DatLich\wwwroot\lib\jquery-validation\LICENSE.md' because it no longer exists.
         Removing endpoints for asset 'C:\Users\DELL\OneDrive\Desktop\Web spa\Long(ThanhToan_DatLich\wwwroot\lib\bootstrap\dist\js\bootstrap.bundle.js' because it no longer exists.
         Removing endpoints for asset 'C:\Users\DELL\OneDrive\Desktop\Web spa\Long(ThanhToan_DatLich\wwwroot\lib\bootstrap\dist\js\bootstrap.bundle.js' because it no longer exists.
         Removing endpoints for asset 'C:\Users\DELL\OneDrive\Desktop\Web spa\Long(ThanhToan_DatLich\wwwroot\lib\bootstrap\dist\js\bootstrap.bundle.js.map' because it no longer exists.
         Removing endpoints for asset 'C:\Users\DELL\OneDrive\Desktop\Web spa\Long(ThanhToan_DatLich\wwwroot\lib\bootstrap\dist\js\bootstrap.bundle.js.map' because it no longer exists.
         Removing endpoints for asset 'C:\Users\DELL\OneDrive\Desktop\Web spa\Long(ThanhToan_DatLich\wwwroot\lib\bootstrap\dist\js\bootstrap.bundle.min.js' because it no longer exists.
         Removing endpoints for asset 'C:\Users\DELL\OneDrive\Desktop\Web spa\Long(ThanhToan_DatLich\wwwroot\lib\bootstrap\dist\js\bootstrap.bundle.min.js' because it no longer exists.
         Removing endpoints for asset 'C:\Users\DELL\OneDrive\Desktop\Web spa\Long(ThanhToan_DatLich\wwwroot\lib\bootstrap\dist\css\bootstrap-utilities.rtl.css' because it no longer exists.
         Removing endpoints for asset 'C:\Users\DELL\OneDrive\Desktop\Web spa\Long(ThanhToan_DatLich\wwwroot\lib\bootstrap\dist\css\bootstrap-utilities.rtl.css' because it no longer exists.
         Removing endpoints for asset 'C:\Users\DELL\OneDrive\Desktop\Web spa\Long(ThanhToan_DatLich\wwwroot\lib\bootstrap\dist\css\bootstrap-utilities.rtl.css.map' because it no longer exists.
         Removing endpoints for asset 'C:\Users\DELL\OneDrive\Desktop\Web spa\Long(ThanhToan_DatLich\wwwroot\lib\bootstrap\dist\css\bootstrap-utilities.rtl.css.map' because it no longer exists.
         Removing endpoints for asset 'C:\Users\DELL\OneDrive\Desktop\Web spa\Long(ThanhToan_DatLich\wwwroot\lib\bootstrap\dist\css\bootstrap-utilities.rtl.min.css' because it no longer exists.
         Removing endpoints for asset 'C:\Users\DELL\OneDrive\Desktop\Web spa\Long(ThanhToan_DatLich\wwwroot\lib\bootstrap\dist\css\bootstrap-utilities.rtl.min.css' because it no longer exists.
         Matched Views/Shared/_Layout.cshtml.rz.scp.css to text/css using pattern *.css
         Adding endpoint Views/Shared/_Layout.cshtml.rz.scp.css for asset C:\Users\DELL\OneDrive\Desktop\Web spa\Long(ThanhToan_DatLich\obj\Debug\net8.0\scopedcss\Views\Shared\_Layout.cshtml.rz.scp.css.
       Done executing task "DefineStaticWebAssetEndpoints".
   2:6>Done building target "_ComputeScopedCssStaticWebAssets" in project "SpaN5.csproj".
   2:6>Target "_CollectAllScopedCssAssets" in file "C:\Program Files\dotnet\sdk\9.0.308\Sdks\Microsoft.NET.Sdk.StaticWebAssets\targets\Microsoft.NET.Sdk.StaticWebAssets.ScopedCss.targets" from project "C:\Users\DELL\OneDrive\Desktop\Web spa\Long(ThanhToan_DatLich\SpaN5.csproj" (target "BundleScopedCssFiles" depends on it):
       Using "ResolveAllScopedCssAssets" task from assembly "C:\Program Files\dotnet\sdk\9.0.308\Sdks\Microsoft.NET.Sdk.StaticWebAssets\targets\..\tasks\net9.0\Microsoft.NET.Sdk.StaticWebAssets.Tasks.dll".
       Task "ResolveAllScopedCssAssets"
       Done executing task "ResolveAllScopedCssAssets".
   2:6>Done building target "_CollectAllScopedCssAssets" in project "SpaN5.csproj".
       Target "ResolveScopedCssOutputs" skipped. Previously built successfully.
   2:6>Target "_ProcessScopedCssFiles" in file "C:\Program Files\dotnet\sdk\9.0.308\Sdks\Microsoft.NET.Sdk.StaticWebAssets\targets\Microsoft.NET.Sdk.StaticWebAssets.ScopedCss.targets" from project "C:\Users\DELL\OneDrive\Desktop\Web spa\Long(ThanhToan_DatLich\SpaN5.csproj" (target "BundleScopedCssFiles" depends on it):
       Skipping target "_ProcessScopedCssFiles" because all output files are up-to-date with respect to the input files.
       Input files: Views\Shared\_Layout.cshtml.css
       Output files: C:\Users\DELL\OneDrive\Desktop\Web spa\Long%28ThanhToan_DatLich\obj\Debug\net8.0\scopedcss\Views\Shared\_Layout.cshtml.rz.scp.css
   2:6>Done building target "_ProcessScopedCssFiles" in project "SpaN5.csproj".
       Target "ResolveStaticWebAssetsConfiguration" skipped. Previously built successfully.
   2:6>Target "_ResolveBundlingConfiguration" in file "C:\Program Files\dotnet\sdk\9.0.308\Sdks\Microsoft.NET.Sdk.StaticWebAssets\targets\Microsoft.NET.Sdk.StaticWebAssets.ScopedCss.targets" from project "C:\Users\DELL\OneDrive\Desktop\Web spa\Long(ThanhToan_DatLich\SpaN5.csproj" (target "BundleScopedCssFiles" depends on it):
       C:\Program Files\dotnet\sdk\9.0.308\Sdks\Microsoft.NET.Sdk.StaticWebAssets\targets\Microsoft.NET.Sdk.StaticWebAssets.ScopedCss.targets(209,5): message : Property reassignment: $(_ScopedCssIntermediatePath)="C:\Users\DELL\OneDrive\Desktop\Web spa\Long%28ThanhToan_DatLich\obj\Debug\net8.0\scopedcss\" (previous value: "C:\Users\DELL\OneDrive\Desktop\Web spa\Long(ThanhToan_DatLich\obj\Debug\net8.0\scopedcss\") at C:\Program Files\dotnet\sdk\9.0.308\Sdks\Microsoft.NET.Sdk.StaticWebAssets\targets\Microsoft.NET.Sdk.StaticWebAssets.ScopedCss.targets (209,5) [C:\Users\DELL\OneDrive\Desktop\Web spa\Long(ThanhToan_DatLich\SpaN5.csproj]
   2:6>Done building target "_ResolveBundlingConfiguration" in project "SpaN5.csproj".
   2:6>Target "BundleScopedCssFiles" in file "C:\Program Files\dotnet\sdk\9.0.308\Sdks\Microsoft.NET.Sdk.StaticWebAssets\targets\Microsoft.NET.Sdk.StaticWebAssets.ScopedCss.targets" from project "C:\Users\DELL\OneDrive\Desktop\Web spa\Long(ThanhToan_DatLich\SpaN5.csproj" (target "GenerateComputedBuildStaticWebAssets" depends on it):
       Task "FilterStaticWebAssetEndpoints" skipped, due to false condition; ('@(_ScopedCssProjectBundles)' != '') was evaluated as ('' != '').
       Task "FilterStaticWebAssetEndpoints" skipped, due to false condition; ('$(StaticWebAssetStandaloneHosting)' != 'true' and '@(_ScopedCssBundlesWithoutFingerprint)' != '') was evaluated as ('' != 'true' and '' != '').
       Task "Error" skipped, due to false condition; ('@(_ScopedCssProjectBundles)' != '' and '@(_ScopedCssBundlesWithoutEndpoints)' != '') was evaluated as ('' != '' and '' != '').
       Task "ResolveStaticWebAssetEndpointRoutes" skipped, due to false condition; ('@(_ScopedCssProjectBundles)' != '') was evaluated as ('' != '').
       Using "ConcatenateCssFiles" task from assembly "C:\Program Files\dotnet\sdk\9.0.308\Sdks\Microsoft.NET.Sdk.StaticWebAssets\targets\..\tasks\net9.0\Microsoft.NET.Sdk.StaticWebAssets.Tasks.dll".
       Task "ConcatenateCssFiles"
       Done executing task "ConcatenateCssFiles".
       Task "ConcatenateCssFiles"
       Done executing task "ConcatenateCssFiles".
   2:6>Done building target "BundleScopedCssFiles" in project "SpaN5.csproj".
   2:6>Target "GenerateComputedBuildStaticWebAssets" in file "C:\Program Files\dotnet\sdk\9.0.308\Sdks\Microsoft.NET.Sdk.StaticWebAssets\targets\Microsoft.NET.Sdk.StaticWebAssets.targets" from project "C:\Users\DELL\OneDrive\Desktop\Web spa\Long(ThanhToan_DatLich\SpaN5.csproj" (target "ResolveStaticWebAssetsInputs" depends on it):
   2:6>Done building target "GenerateComputedBuildStaticWebAssets" in project "SpaN5.csproj".
       Target "UpdateExistingPackageStaticWebAssets" skipped. Previously built successfully.
   2:6>Target "UpdateLegacyPackageScopedCssBundles" in file "C:\Program Files\dotnet\sdk\9.0.308\Sdks\Microsoft.NET.Sdk.StaticWebAssets\targets\Microsoft.NET.Sdk.StaticWebAssets.ScopedCss.targets" from project "C:\Users\DELL\OneDrive\Desktop\Web spa\Long(ThanhToan_DatLich\SpaN5.csproj" (target "ResolveScopedCssAssets" depends on it):
       Task "DefineStaticWebAssets"
         No cache manifest path specified. Cache will not be used.
       Done executing task "DefineStaticWebAssets".
       Task "DefineStaticWebAssets"
         No cache manifest path specified. Cache will not be used.
       Done executing task "DefineStaticWebAssets".
   2:6>Done building target "UpdateLegacyPackageScopedCssBundles" in project "SpaN5.csproj".
       Target "_ResolveBundlingConfiguration" skipped. Previously built successfully.
       Target "_ProcessScopedCssFiles" skipped. Previously built successfully.
       Target "BundleScopedCssFiles" skipped. Previously built successfully.
   2:6>Target "GenerateScopedCssFiles" in file "C:\Program Files\dotnet\sdk\9.0.308\Sdks\Microsoft.NET.Sdk.StaticWebAssets\targets\Microsoft.NET.Sdk.StaticWebAssets.ScopedCss.targets" from project "C:\Users\DELL\OneDrive\Desktop\Web spa\Long(ThanhToan_DatLich\SpaN5.csproj" (target "ResolveScopedCssAssets" depends on it):
   2:6>Done building target "GenerateScopedCssFiles" in project "SpaN5.csproj".
       Target "_ResolveBundlingConfiguration" skipped. Previously built successfully.
       Target "_CollectAllScopedCssAssets" skipped. Previously built successfully.
   2:6>Target "ResolveBundledCssAssets" in file "C:\Program Files\dotnet\sdk\9.0.308\Sdks\Microsoft.NET.Sdk.StaticWebAssets\targets\Microsoft.NET.Sdk.StaticWebAssets.ScopedCss.targets" from project "C:\Users\DELL\OneDrive\Desktop\Web spa\Long(ThanhToan_DatLich\SpaN5.csproj" (target "ResolveScopedCssAssets" depends on it):
       Task "DefineStaticWebAssets"
         No cache manifest path specified. Cache will not be used.
         RelativePath 'SpaN5#[.{fingerprint}]?.styles.css' normalized to 'SpaN5#[.{fingerprint}]?.styles.css' found for candidate 'C:\Users\DELL\OneDrive\Desktop\Web spa\Long(ThanhToan_DatLich\obj\Debug\net8.0\scopedcss\bundle\SpaN5.styles.css' and will be used for matching.
         Computing fingerprint and integrity for asset 'C:\Users\DELL\OneDrive\Desktop\Web spa\Long(ThanhToan_DatLich\obj\Debug\net8.0\scopedcss\bundle\SpaN5.styles.css'
         Identity for candidate 'C:\Users\DELL\OneDrive\Desktop\Web spa\Long(ThanhToan_DatLich\obj\Debug\net8.0\scopedcss\bundle\SpaN5.styles.css' is 'C:\Users\DELL\OneDrive\Desktop\Web spa\Long(ThanhToan_DatLich\obj\Debug\net8.0\scopedcss\bundle\SpaN5.styles.css' because it starts with content root 'C:\Users\DELL\OneDrive\Desktop\Web spa\Long(ThanhToan_DatLich\obj\Debug\net8.0\scopedcss\bundle\'.
       Done executing task "DefineStaticWebAssets".
       Task "DefineStaticWebAssetEndpoints"
         Removing endpoints for asset 'C:\Users\DELL\OneDrive\Desktop\Web spa\Long(ThanhToan_DatLich\wwwroot\lib\bootstrap\dist\css\bootstrap-reboot.css' because it no longer exists.
         Removing endpoints for asset 'C:\Users\DELL\OneDrive\Desktop\Web spa\Long(ThanhToan_DatLich\wwwroot\lib\bootstrap\dist\css\bootstrap-reboot.css' because it no longer exists.
         Removing endpoints for asset 'C:\Users\DELL\OneDrive\Desktop\Web spa\Long(ThanhToan_DatLich\wwwroot\lib\bootstrap\dist\css\bootstrap-reboot.css.map' because it no longer exists.
         Removing endpoints for asset 'C:\Users\DELL\OneDrive\Desktop\Web spa\Long(ThanhToan_DatLich\wwwroot\lib\bootstrap\dist\css\bootstrap-reboot.css.map' because it no longer exists.
         Removing endpoints for asset 'C:\Users\DELL\OneDrive\Desktop\Web spa\Long(ThanhToan_DatLich\wwwroot\lib\bootstrap\dist\css\bootstrap-reboot.min.css' because it no longer exists.
         Removing endpoints for asset 'C:\Users\DELL\OneDrive\Desktop\Web spa\Long(ThanhToan_DatLich\wwwroot\lib\bootstrap\dist\css\bootstrap-reboot.min.css' because it no longer exists.
         Removing endpoints for asset 'C:\Users\DELL\OneDrive\Desktop\Web spa\Long(ThanhToan_DatLich\wwwroot\lib\bootstrap\dist\css\bootstrap.css' because it no longer exists.
         Removing endpoints for asset 'C:\Users\DELL\OneDrive\Desktop\Web spa\Long(ThanhToan_DatLich\wwwroot\lib\bootstrap\dist\css\bootstrap.css' because it no longer exists.
         Removing endpoints for asset 'C:\Users\DELL\OneDrive\Desktop\Web spa\Long(ThanhToan_DatLich\wwwroot\lib\bootstrap\dist\css\bootstrap.css.map' because it no longer exists.
         Removing endpoints for asset 'C:\Users\DELL\OneDrive\Desktop\Web spa\Long(ThanhToan_DatLich\wwwroot\lib\bootstrap\dist\css\bootstrap.css.map' because it no longer exists.
         Removing endpoints for asset 'C:\Users\DELL\OneDrive\Desktop\Web spa\Long(ThanhToan_DatLich\wwwroot\lib\bootstrap\dist\js\bootstrap.esm.min.js.map' because it no longer exists.
         Removing endpoints for asset 'C:\Users\DELL\OneDrive\Desktop\Web spa\Long(ThanhToan_DatLich\wwwroot\lib\bootstrap\dist\js\bootstrap.esm.min.js.map' because it no longer exists.
         Removing endpoints for asset 'C:\Users\DELL\OneDrive\Desktop\Web spa\Long(ThanhToan_DatLich\wwwroot\lib\bootstrap\dist\js\bootstrap.js' because it no longer exists.
         Removing endpoints for asset 'C:\Users\DELL\OneDrive\Desktop\Web spa\Long(ThanhToan_DatLich\wwwroot\lib\bootstrap\dist\js\bootstrap.js' because it no longer exists.
         Removing endpoints for asset 'C:\Users\DELL\OneDrive\Desktop\Web spa\Long(ThanhToan_DatLich\wwwroot\lib\bootstrap\dist\css\bootstrap-reboot.rtl.min.css' because it no longer exists.
         Removing endpoints for asset 'C:\Users\DELL\OneDrive\Desktop\Web spa\Long(ThanhToan_DatLich\wwwroot\lib\bootstrap\dist\css\bootstrap-reboot.rtl.min.css' because it no longer exists.
         Removing endpoints for asset 'C:\Users\DELL\OneDrive\Desktop\Web spa\Long(ThanhToan_DatLich\wwwroot\lib\bootstrap\dist\css\bootstrap-reboot.rtl.min.css.map' because it no longer exists.
         Removing endpoints for asset 'C:\Users\DELL\OneDrive\Desktop\Web spa\Long(ThanhToan_DatLich\wwwroot\lib\bootstrap\dist\css\bootstrap-reboot.rtl.min.css.map' because it no longer exists.
         Removing endpoints for asset 'C:\Users\DELL\OneDrive\Desktop\Web spa\Long(ThanhToan_DatLich\wwwroot\lib\bootstrap\dist\css\bootstrap-utilities.css' because it no longer exists.
         Removing endpoints for asset 'C:\Users\DELL\OneDrive\Desktop\Web spa\Long(ThanhToan_DatLich\wwwroot\lib\bootstrap\dist\css\bootstrap-utilities.css' because it no longer exists.
         Removing endpoints for asset 'C:\Users\DELL\OneDrive\Desktop\Web spa\Long(ThanhToan_DatLich\wwwroot\css\app.css' because it no longer exists.
         Removing endpoints for asset 'C:\Users\DELL\OneDrive\Desktop\Web spa\Long(ThanhToan_DatLich\wwwroot\css\app.css' because it no longer exists.
         Removing endpoints for asset 'C:\Users\DELL\OneDrive\Desktop\Web spa\Long(ThanhToan_DatLich\wwwroot\favicon.ico' because it no longer exists.
         Removing endpoints for asset 'C:\Users\DELL\OneDrive\Desktop\Web spa\Long(ThanhToan_DatLich\wwwroot\favicon.ico' because it no longer exists.
         Removing endpoints for asset 'C:\Users\DELL\OneDrive\Desktop\Web spa\Long(ThanhToan_DatLich\wwwroot\js\site.js' because it no longer exists.
         Removing endpoints for asset 'C:\Users\DELL\OneDrive\Desktop\Web spa\Long(ThanhToan_DatLich\wwwroot\js\site.js' because it no longer exists.
         Removing endpoints for asset 'C:\Users\DELL\OneDrive\Desktop\Web spa\Long(ThanhToan_DatLich\wwwroot\lib\bootstrap\LICENSE' because it no longer exists.
         Removing endpoints for asset 'C:\Users\DELL\OneDrive\Desktop\Web spa\Long(ThanhToan_DatLich\wwwroot\lib\bootstrap\LICENSE' because it no longer exists.
         Removing endpoints for asset 'C:\Users\DELL\OneDrive\Desktop\Web spa\Long(ThanhToan_DatLich\wwwroot\lib\jquery-validation-unobtrusive\jquery.validate.unobtrusive.js' because it no longer exists.
         Removing endpoints for asset 'C:\Users\DELL\OneDrive\Desktop\Web spa\Long(ThanhToan_DatLich\wwwroot\lib\jquery-validation-unobtrusive\jquery.validate.unobtrusive.js' because it no longer exists.
         Removing endpoints for asset 'C:\Users\DELL\OneDrive\Desktop\Web spa\Long(ThanhToan_DatLich\wwwroot\lib\jquery-validation-unobtrusive\jquery.validate.unobtrusive.min.js' because it no longer exists.
         Removing endpoints for asset 'C:\Users\DELL\OneDrive\Desktop\Web spa\Long(ThanhToan_DatLich\wwwroot\lib\jquery-validation-unobtrusive\jquery.validate.unobtrusive.min.js' because it no longer exists.
         Removing endpoints for asset 'C:\Users\DELL\OneDrive\Desktop\Web spa\Long(ThanhToan_DatLich\wwwroot\lib\jquery\dist\jquery.js' because it no longer exists.
         Removing endpoints for asset 'C:\Users\DELL\OneDrive\Desktop\Web spa\Long(ThanhToan_DatLich\wwwroot\lib\jquery\dist\jquery.js' because it no longer exists.
         Removing endpoints for asset 'C:\Users\DELL\OneDrive\Desktop\Web spa\Long(ThanhToan_DatLich\wwwroot\lib\jquery\dist\jquery.min.js' because it no longer exists.
         Removing endpoints for asset 'C:\Users\DELL\OneDrive\Desktop\Web spa\Long(ThanhToan_DatLich\wwwroot\lib\jquery\dist\jquery.min.js' because it no longer exists.
         Removing endpoints for asset 'C:\Users\DELL\OneDrive\Desktop\Web spa\Long(ThanhToan_DatLich\wwwroot\lib\jquery\dist\jquery.min.map' because it no longer exists.
         Removing endpoints for asset 'C:\Users\DELL\OneDrive\Desktop\Web spa\Long(ThanhToan_DatLich\wwwroot\lib\jquery\dist\jquery.min.map' because it no longer exists.
         Removing endpoints for asset 'C:\Users\DELL\OneDrive\Desktop\Web spa\Long(ThanhToan_DatLich\wwwroot\lib\jquery\LICENSE.txt' because it no longer exists.
         Removing endpoints for asset 'C:\Users\DELL\OneDrive\Desktop\Web spa\Long(ThanhToan_DatLich\wwwroot\lib\jquery\LICENSE.txt' because it no longer exists.
         Removing endpoints for asset 'C:\Users\DELL\OneDrive\Desktop\Web spa\Long(ThanhToan_DatLich\wwwroot\css\site.css' because it no longer exists.
         Removing endpoints for asset 'C:\Users\DELL\OneDrive\Desktop\Web spa\Long(ThanhToan_DatLich\wwwroot\css\site.css' because it no longer exists.
         Removing endpoints for asset 'C:\Users\DELL\OneDrive\Desktop\Web spa\Long(ThanhToan_DatLich\wwwroot\lib\bootstrap\dist\js\bootstrap.js.map' because it no longer exists.
         Removing endpoints for asset 'C:\Users\DELL\OneDrive\Desktop\Web spa\Long(ThanhToan_DatLich\wwwroot\lib\bootstrap\dist\js\bootstrap.js.map' because it no longer exists.
         Removing endpoints for asset 'C:\Users\DELL\OneDrive\Desktop\Web spa\Long(ThanhToan_DatLich\wwwroot\lib\bootstrap\dist\js\bootstrap.bundle.min.js.map' because it no longer exists.
         Removing endpoints for asset 'C:\Users\DELL\OneDrive\Desktop\Web spa\Long(ThanhToan_DatLich\wwwroot\lib\bootstrap\dist\js\bootstrap.bundle.min.js.map' because it no longer exists.
         Removing endpoints for asset 'C:\Users\DELL\OneDrive\Desktop\Web spa\Long(ThanhToan_DatLich\wwwroot\lib\bootstrap\dist\js\bootstrap.esm.js' because it no longer exists.
         Removing endpoints for asset 'C:\Users\DELL\OneDrive\Desktop\Web spa\Long(ThanhToan_DatLich\wwwroot\lib\bootstrap\dist\js\bootstrap.esm.js' because it no longer exists.
         Removing endpoints for asset 'C:\Users\DELL\OneDrive\Desktop\Web spa\Long(ThanhToan_DatLich\wwwroot\lib\bootstrap\dist\js\bootstrap.esm.js.map' because it no longer exists.
         Removing endpoints for asset 'C:\Users\DELL\OneDrive\Desktop\Web spa\Long(ThanhToan_DatLich\wwwroot\lib\bootstrap\dist\js\bootstrap.esm.js.map' because it no longer exists.
         Removing endpoints for asset 'C:\Users\DELL\OneDrive\Desktop\Web spa\Long(ThanhToan_DatLich\wwwroot\lib\bootstrap\dist\js\bootstrap.esm.min.js' because it no longer exists.
         Removing endpoints for asset 'C:\Users\DELL\OneDrive\Desktop\Web spa\Long(ThanhToan_DatLich\wwwroot\lib\bootstrap\dist\js\bootstrap.esm.min.js' because it no longer exists.
         Removing endpoints for asset 'C:\Users\DELL\OneDrive\Desktop\Web spa\Long(ThanhToan_DatLich\wwwroot\lib\bootstrap\dist\css\bootstrap.rtl.css.map' because it no longer exists.
         Removing endpoints for asset 'C:\Users\DELL\OneDrive\Desktop\Web spa\Long(ThanhToan_DatLich\wwwroot\lib\bootstrap\dist\css\bootstrap.rtl.css.map' because it no longer exists.
         Removing endpoints for asset 'C:\Users\DELL\OneDrive\Desktop\Web spa\Long(ThanhToan_DatLich\wwwroot\lib\bootstrap\dist\css\bootstrap.rtl.min.css' because it no longer exists.
         Removing endpoints for asset 'C:\Users\DELL\OneDrive\Desktop\Web spa\Long(ThanhToan_DatLich\wwwroot\lib\bootstrap\dist\css\bootstrap.rtl.min.css' because it no longer exists.
         Removing endpoints for asset 'C:\Users\DELL\OneDrive\Desktop\Web spa\Long(ThanhToan_DatLich\wwwroot\lib\bootstrap\dist\css\bootstrap.rtl.min.css.map' because it no longer exists.
         Removing endpoints for asset 'C:\Users\DELL\OneDrive\Desktop\Web spa\Long(ThanhToan_DatLich\wwwroot\lib\bootstrap\dist\css\bootstrap.rtl.min.css.map' because it no longer exists.
         Removing endpoints for asset 'C:\Users\DELL\OneDrive\Desktop\Web spa\Long(ThanhToan_DatLich\wwwroot\lib\bootstrap\dist\css\bootstrap-grid.rtl.css.map' because it no longer exists.
         Removing endpoints for asset 'C:\Users\DELL\OneDrive\Desktop\Web spa\Long(ThanhToan_DatLich\wwwroot\lib\bootstrap\dist\css\bootstrap-grid.rtl.css.map' because it no longer exists.
         Removing endpoints for asset 'C:\Users\DELL\OneDrive\Desktop\Web spa\Long(ThanhToan_DatLich\wwwroot\lib\bootstrap\dist\css\bootstrap-grid.rtl.min.css' because it no longer exists.
         Removing endpoints for asset 'C:\Users\DELL\OneDrive\Desktop\Web spa\Long(ThanhToan_DatLich\wwwroot\lib\bootstrap\dist\css\bootstrap-grid.rtl.min.css' because it no longer exists.
         Removing endpoints for asset 'C:\Users\DELL\OneDrive\Desktop\Web spa\Long(ThanhToan_DatLich\wwwroot\lib\bootstrap\dist\css\bootstrap-grid.rtl.min.css.map' because it no longer exists.
         Removing endpoints for asset 'C:\Users\DELL\OneDrive\Desktop\Web spa\Long(ThanhToan_DatLich\wwwroot\lib\bootstrap\dist\css\bootstrap-grid.rtl.min.css.map' because it no longer exists.
         Removing endpoints for asset 'C:\Users\DELL\OneDrive\Desktop\Web spa\Long(ThanhToan_DatLich\wwwroot\lib\bootstrap\dist\css\bootstrap-reboot.rtl.css' because it no longer exists.
         Removing endpoints for asset 'C:\Users\DELL\OneDrive\Desktop\Web spa\Long(ThanhToan_DatLich\wwwroot\lib\bootstrap\dist\css\bootstrap-reboot.rtl.css' because it no longer exists.
         Removing endpoints for asset 'C:\Users\DELL\OneDrive\Desktop\Web spa\Long(ThanhToan_DatLich\wwwroot\lib\bootstrap\dist\css\bootstrap-reboot.rtl.css.map' because it no longer exists.
         Removing endpoints for asset 'C:\Users\DELL\OneDrive\Desktop\Web spa\Long(ThanhToan_DatLich\wwwroot\lib\bootstrap\dist\css\bootstrap-reboot.rtl.css.map' because it no longer exists.
         Removing endpoints for asset 'C:\Users\DELL\OneDrive\Desktop\Web spa\Long(ThanhToan_DatLich\wwwroot\lib\bootstrap\dist\css\bootstrap.min.css.map' because it no longer exists.
         Removing endpoints for asset 'C:\Users\DELL\OneDrive\Desktop\Web spa\Long(ThanhToan_DatLich\wwwroot\lib\bootstrap\dist\css\bootstrap.min.css.map' because it no longer exists.
         Removing endpoints for asset 'C:\Users\DELL\OneDrive\Desktop\Web spa\Long(ThanhToan_DatLich\wwwroot\lib\bootstrap\dist\css\bootstrap.rtl.css' because it no longer exists.
         Removing endpoints for asset 'C:\Users\DELL\OneDrive\Desktop\Web spa\Long(ThanhToan_DatLich\wwwroot\lib\bootstrap\dist\css\bootstrap.rtl.css' because it no longer exists.
         Removing endpoints for asset 'C:\Users\DELL\OneDrive\Desktop\Web spa\Long(ThanhToan_DatLich\wwwroot\lib\bootstrap\dist\js\bootstrap.min.js' because it no longer exists.
         Removing endpoints for asset 'C:\Users\DELL\OneDrive\Desktop\Web spa\Long(ThanhToan_DatLich\wwwroot\lib\bootstrap\dist\js\bootstrap.min.js' because it no longer exists.
         Removing endpoints for asset 'C:\Users\DELL\OneDrive\Desktop\Web spa\Long(ThanhToan_DatLich\wwwroot\lib\bootstrap\dist\js\bootstrap.min.js.map' because it no longer exists.
         Removing endpoints for asset 'C:\Users\DELL\OneDrive\Desktop\Web spa\Long(ThanhToan_DatLich\wwwroot\lib\bootstrap\dist\js\bootstrap.min.js.map' because it no longer exists.
         Removing endpoints for asset 'C:\Users\DELL\OneDrive\Desktop\Web spa\Long(ThanhToan_DatLich\wwwroot\lib\bootstrap\dist\css\bootstrap-utilities.rtl.min.css.map' because it no longer exists.
         Removing endpoints for asset 'C:\Users\DELL\OneDrive\Desktop\Web spa\Long(ThanhToan_DatLich\wwwroot\lib\bootstrap\dist\css\bootstrap-utilities.rtl.min.css.map' because it no longer exists.
         Removing endpoints for asset 'C:\Users\DELL\OneDrive\Desktop\Web spa\Long(ThanhToan_DatLich\wwwroot\lib\bootstrap\dist\css\bootstrap-reboot.min.css.map' because it no longer exists.
         Removing endpoints for asset 'C:\Users\DELL\OneDrive\Desktop\Web spa\Long(ThanhToan_DatLich\wwwroot\lib\bootstrap\dist\css\bootstrap-reboot.min.css.map' because it no longer exists.
         Removing endpoints for asset 'C:\Users\DELL\OneDrive\Desktop\Web spa\Long(ThanhToan_DatLich\wwwroot\lib\bootstrap\dist\css\bootstrap-grid.min.css' because it no longer exists.
         Removing endpoints for asset 'C:\Users\DELL\OneDrive\Desktop\Web spa\Long(ThanhToan_DatLich\wwwroot\lib\bootstrap\dist\css\bootstrap-grid.min.css' because it no longer exists.
         Removing endpoints for asset 'C:\Users\DELL\OneDrive\Desktop\Web spa\Long(ThanhToan_DatLich\wwwroot\lib\bootstrap\dist\css\bootstrap-grid.min.css.map' because it no longer exists.
         Removing endpoints for asset 'C:\Users\DELL\OneDrive\Desktop\Web spa\Long(ThanhToan_DatLich\wwwroot\lib\bootstrap\dist\css\bootstrap-grid.min.css.map' because it no longer exists.
         Removing endpoints for asset 'C:\Users\DELL\OneDrive\Desktop\Web spa\Long(ThanhToan_DatLich\wwwroot\lib\bootstrap\dist\css\bootstrap-grid.rtl.css' because it no longer exists.
         Removing endpoints for asset 'C:\Users\DELL\OneDrive\Desktop\Web spa\Long(ThanhToan_DatLich\wwwroot\lib\bootstrap\dist\css\bootstrap-grid.rtl.css' because it no longer exists.
         Removing endpoints for asset 'C:\Users\DELL\OneDrive\Desktop\Web spa\Long(ThanhToan_DatLich\wwwroot\lib\bootstrap\dist\css\bootstrap-grid.css' because it no longer exists.
         Removing endpoints for asset 'C:\Users\DELL\OneDrive\Desktop\Web spa\Long(ThanhToan_DatLich\wwwroot\lib\bootstrap\dist\css\bootstrap-grid.css' because it no longer exists.
         Removing endpoints for asset 'C:\Users\DELL\OneDrive\Desktop\Web spa\Long(ThanhToan_DatLich\wwwroot\lib\bootstrap\dist\css\bootstrap-grid.css.map' because it no longer exists.
         Removing endpoints for asset 'C:\Users\DELL\OneDrive\Desktop\Web spa\Long(ThanhToan_DatLich\wwwroot\lib\bootstrap\dist\css\bootstrap-grid.css.map' because it no longer exists.
         Removing endpoints for asset 'C:\Users\DELL\OneDrive\Desktop\Web spa\Long(ThanhToan_DatLich\wwwroot\lib\bootstrap\dist\css\bootstrap.min.css' because it no longer exists.
         Removing endpoints for asset 'C:\Users\DELL\OneDrive\Desktop\Web spa\Long(ThanhToan_DatLich\wwwroot\lib\bootstrap\dist\css\bootstrap.min.css' because it no longer exists.
         Removing endpoints for asset 'C:\Users\DELL\OneDrive\Desktop\Web spa\Long(ThanhToan_DatLich\wwwroot\lib\bootstrap\dist\css\bootstrap-utilities.css.map' because it no longer exists.
         Removing endpoints for asset 'C:\Users\DELL\OneDrive\Desktop\Web spa\Long(ThanhToan_DatLich\wwwroot\lib\bootstrap\dist\css\bootstrap-utilities.css.map' because it no longer exists.
         Removing endpoints for asset 'C:\Users\DELL\OneDrive\Desktop\Web spa\Long(ThanhToan_DatLich\wwwroot\lib\bootstrap\dist\css\bootstrap-utilities.min.css' because it no longer exists.
         Removing endpoints for asset 'C:\Users\DELL\OneDrive\Desktop\Web spa\Long(ThanhToan_DatLich\wwwroot\lib\bootstrap\dist\css\bootstrap-utilities.min.css' because it no longer exists.
         Removing endpoints for asset 'C:\Users\DELL\OneDrive\Desktop\Web spa\Long(ThanhToan_DatLich\wwwroot\lib\bootstrap\dist\css\bootstrap-utilities.min.css.map' because it no longer exists.
         Removing endpoints for asset 'C:\Users\DELL\OneDrive\Desktop\Web spa\Long(ThanhToan_DatLich\wwwroot\lib\bootstrap\dist\css\bootstrap-utilities.min.css.map' because it no longer exists.
         Removing endpoints for asset 'C:\Users\DELL\OneDrive\Desktop\Web spa\Long(ThanhToan_DatLich\wwwroot\lib\jquery-validation-unobtrusive\LICENSE.txt' because it no longer exists.
         Removing endpoints for asset 'C:\Users\DELL\OneDrive\Desktop\Web spa\Long(ThanhToan_DatLich\wwwroot\lib\jquery-validation-unobtrusive\LICENSE.txt' because it no longer exists.
         Removing endpoints for asset 'C:\Users\DELL\OneDrive\Desktop\Web spa\Long(ThanhToan_DatLich\wwwroot\lib\jquery-validation\dist\additional-methods.js' because it no longer exists.
         Removing endpoints for asset 'C:\Users\DELL\OneDrive\Desktop\Web spa\Long(ThanhToan_DatLich\wwwroot\lib\jquery-validation\dist\additional-methods.js' because it no longer exists.
         Removing endpoints for asset 'C:\Users\DELL\OneDrive\Desktop\Web spa\Long(ThanhToan_DatLich\wwwroot\lib\jquery-validation\dist\additional-methods.min.js' because it no longer exists.
         Removing endpoints for asset 'C:\Users\DELL\OneDrive\Desktop\Web spa\Long(ThanhToan_DatLich\wwwroot\lib\jquery-validation\dist\additional-methods.min.js' because it no longer exists.
         Removing endpoints for asset 'C:\Users\DELL\OneDrive\Desktop\Web spa\Long(ThanhToan_DatLich\wwwroot\lib\jquery-validation\dist\jquery.validate.js' because it no longer exists.
         Removing endpoints for asset 'C:\Users\DELL\OneDrive\Desktop\Web spa\Long(ThanhToan_DatLich\wwwroot\lib\jquery-validation\dist\jquery.validate.js' because it no longer exists.
         Removing endpoints for asset 'C:\Users\DELL\OneDrive\Desktop\Web spa\Long(ThanhToan_DatLich\wwwroot\lib\jquery-validation\dist\jquery.validate.min.js' because it no longer exists.
         Removing endpoints for asset 'C:\Users\DELL\OneDrive\Desktop\Web spa\Long(ThanhToan_DatLich\wwwroot\lib\jquery-validation\dist\jquery.validate.min.js' because it no longer exists.
         Removing endpoints for asset 'C:\Users\DELL\OneDrive\Desktop\Web spa\Long(ThanhToan_DatLich\wwwroot\lib\jquery-validation\LICENSE.md' because it no longer exists.
         Removing endpoints for asset 'C:\Users\DELL\OneDrive\Desktop\Web spa\Long(ThanhToan_DatLich\wwwroot\lib\jquery-validation\LICENSE.md' because it no longer exists.
         Removing endpoints for asset 'C:\Users\DELL\OneDrive\Desktop\Web spa\Long(ThanhToan_DatLich\wwwroot\lib\bootstrap\dist\js\bootstrap.bundle.js' because it no longer exists.
         Removing endpoints for asset 'C:\Users\DELL\OneDrive\Desktop\Web spa\Long(ThanhToan_DatLich\wwwroot\lib\bootstrap\dist\js\bootstrap.bundle.js' because it no longer exists.
         Removing endpoints for asset 'C:\Users\DELL\OneDrive\Desktop\Web spa\Long(ThanhToan_DatLich\wwwroot\lib\bootstrap\dist\js\bootstrap.bundle.js.map' because it no longer exists.
         Removing endpoints for asset 'C:\Users\DELL\OneDrive\Desktop\Web spa\Long(ThanhToan_DatLich\wwwroot\lib\bootstrap\dist\js\bootstrap.bundle.js.map' because it no longer exists.
         Removing endpoints for asset 'C:\Users\DELL\OneDrive\Desktop\Web spa\Long(ThanhToan_DatLich\wwwroot\lib\bootstrap\dist\js\bootstrap.bundle.min.js' because it no longer exists.
         Removing endpoints for asset 'C:\Users\DELL\OneDrive\Desktop\Web spa\Long(ThanhToan_DatLich\wwwroot\lib\bootstrap\dist\js\bootstrap.bundle.min.js' because it no longer exists.
         Removing endpoints for asset 'C:\Users\DELL\OneDrive\Desktop\Web spa\Long(ThanhToan_DatLich\wwwroot\lib\bootstrap\dist\css\bootstrap-utilities.rtl.css' because it no longer exists.
         Removing endpoints for asset 'C:\Users\DELL\OneDrive\Desktop\Web spa\Long(ThanhToan_DatLich\wwwroot\lib\bootstrap\dist\css\bootstrap-utilities.rtl.css' because it no longer exists.
         Removing endpoints for asset 'C:\Users\DELL\OneDrive\Desktop\Web spa\Long(ThanhToan_DatLich\wwwroot\lib\bootstrap\dist\css\bootstrap-utilities.rtl.css.map' because it no longer exists.
         Removing endpoints for asset 'C:\Users\DELL\OneDrive\Desktop\Web spa\Long(ThanhToan_DatLich\wwwroot\lib\bootstrap\dist\css\bootstrap-utilities.rtl.css.map' because it no longer exists.
         Removing endpoints for asset 'C:\Users\DELL\OneDrive\Desktop\Web spa\Long(ThanhToan_DatLich\wwwroot\lib\bootstrap\dist\css\bootstrap-utilities.rtl.min.css' because it no longer exists.
         Removing endpoints for asset 'C:\Users\DELL\OneDrive\Desktop\Web spa\Long(ThanhToan_DatLich\wwwroot\lib\bootstrap\dist\css\bootstrap-utilities.rtl.min.css' because it no longer exists.
         Matched SpaN5.styles.css to text/css using pattern *.css
         Matched SpaN5.styles.css to text/css using pattern *.css
         Adding endpoint SpaN5.styles.css for asset C:\Users\DELL\OneDrive\Desktop\Web spa\Long(ThanhToan_DatLich\obj\Debug\net8.0\scopedcss\bundle\SpaN5.styles.css.
         Adding endpoint SpaN5.cax3iyrpt7.styles.css for asset C:\Users\DELL\OneDrive\Desktop\Web spa\Long(ThanhToan_DatLich\obj\Debug\net8.0\scopedcss\bundle\SpaN5.styles.css.
       Done executing task "DefineStaticWebAssetEndpoints".
       Task "UpdateStaticWebAssetEndpoints" skipped, due to false condition; ('@(_AddLinkHeaderToAppBundle)' != '') was evaluated as ('' != '').
       Task "DefineStaticWebAssets"
         No cache manifest path specified. Cache will not be used.
         RelativePath 'SpaN5#[.{fingerprint}]!.bundle.scp.css' normalized to 'SpaN5#[.{fingerprint}]!.bundle.scp.css' found for candidate 'C:\Users\DELL\OneDrive\Desktop\Web spa\Long(ThanhToan_DatLich\obj\Debug\net8.0\scopedcss\projectbundle\SpaN5.bundle.scp.css' and will be used for matching.
         Computing fingerprint and integrity for asset 'C:\Users\DELL\OneDrive\Desktop\Web spa\Long(ThanhToan_DatLich\obj\Debug\net8.0\scopedcss\projectbundle\SpaN5.bundle.scp.css'
         Identity for candidate 'C:\Users\DELL\OneDrive\Desktop\Web spa\Long(ThanhToan_DatLich\obj\Debug\net8.0\scopedcss\projectbundle\SpaN5.bundle.scp.css' is 'C:\Users\DELL\OneDrive\Desktop\Web spa\Long(ThanhToan_DatLich\obj\Debug\net8.0\scopedcss\projectbundle\SpaN5.bundle.scp.css' because it starts with content root 'C:\Users\DELL\OneDrive\Desktop\Web spa\Long(ThanhToan_DatLich\obj\Debug\net8.0\scopedcss\projectbundle\'.
       Done executing task "DefineStaticWebAssets".
       Task "DefineStaticWebAssetEndpoints"
         Removing endpoints for asset 'C:\Users\DELL\OneDrive\Desktop\Web spa\Long(ThanhToan_DatLich\wwwroot\lib\bootstrap\dist\css\bootstrap-reboot.css' because it no longer exists.
         Removing endpoints for asset 'C:\Users\DELL\OneDrive\Desktop\Web spa\Long(ThanhToan_DatLich\wwwroot\lib\bootstrap\dist\css\bootstrap-reboot.css' because it no longer exists.
         Removing endpoints for asset 'C:\Users\DELL\OneDrive\Desktop\Web spa\Long(ThanhToan_DatLich\wwwroot\lib\bootstrap\dist\css\bootstrap-reboot.css.map' because it no longer exists.
         Removing endpoints for asset 'C:\Users\DELL\OneDrive\Desktop\Web spa\Long(ThanhToan_DatLich\wwwroot\lib\bootstrap\dist\css\bootstrap-reboot.css.map' because it no longer exists.
         Removing endpoints for asset 'C:\Users\DELL\OneDrive\Desktop\Web spa\Long(ThanhToan_DatLich\wwwroot\lib\bootstrap\dist\css\bootstrap-reboot.min.css' because it no longer exists.
         Removing endpoints for asset 'C:\Users\DELL\OneDrive\Desktop\Web spa\Long(ThanhToan_DatLich\wwwroot\lib\bootstrap\dist\css\bootstrap-reboot.min.css' because it no longer exists.
         Removing endpoints for asset 'C:\Users\DELL\OneDrive\Desktop\Web spa\Long(ThanhToan_DatLich\wwwroot\lib\bootstrap\dist\css\bootstrap.css' because it no longer exists.
         Removing endpoints for asset 'C:\Users\DELL\OneDrive\Desktop\Web spa\Long(ThanhToan_DatLich\wwwroot\lib\bootstrap\dist\css\bootstrap.css' because it no longer exists.
         Removing endpoints for asset 'C:\Users\DELL\OneDrive\Desktop\Web spa\Long(ThanhToan_DatLich\wwwroot\lib\bootstrap\dist\css\bootstrap.css.map' because it no longer exists.
         Removing endpoints for asset 'C:\Users\DELL\OneDrive\Desktop\Web spa\Long(ThanhToan_DatLich\wwwroot\lib\bootstrap\dist\css\bootstrap.css.map' because it no longer exists.
         Removing endpoints for asset 'C:\Users\DELL\OneDrive\Desktop\Web spa\Long(ThanhToan_DatLich\wwwroot\lib\bootstrap\dist\js\bootstrap.esm.min.js.map' because it no longer exists.
         Removing endpoints for asset 'C:\Users\DELL\OneDrive\Desktop\Web spa\Long(ThanhToan_DatLich\wwwroot\lib\bootstrap\dist\js\bootstrap.esm.min.js.map' because it no longer exists.
         Removing endpoints for asset 'C:\Users\DELL\OneDrive\Desktop\Web spa\Long(ThanhToan_DatLich\wwwroot\lib\bootstrap\dist\js\bootstrap.js' because it no longer exists.
         Removing endpoints for asset 'C:\Users\DELL\OneDrive\Desktop\Web spa\Long(ThanhToan_DatLich\wwwroot\lib\bootstrap\dist\js\bootstrap.js' because it no longer exists.
         Removing endpoints for asset 'C:\Users\DELL\OneDrive\Desktop\Web spa\Long(ThanhToan_DatLich\wwwroot\lib\bootstrap\dist\css\bootstrap-reboot.rtl.min.css' because it no longer exists.
         Removing endpoints for asset 'C:\Users\DELL\OneDrive\Desktop\Web spa\Long(ThanhToan_DatLich\wwwroot\lib\bootstrap\dist\css\bootstrap-reboot.rtl.min.css' because it no longer exists.
         Removing endpoints for asset 'C:\Users\DELL\OneDrive\Desktop\Web spa\Long(ThanhToan_DatLich\wwwroot\lib\bootstrap\dist\css\bootstrap-reboot.rtl.min.css.map' because it no longer exists.
         Removing endpoints for asset 'C:\Users\DELL\OneDrive\Desktop\Web spa\Long(ThanhToan_DatLich\wwwroot\lib\bootstrap\dist\css\bootstrap-reboot.rtl.min.css.map' because it no longer exists.
         Removing endpoints for asset 'C:\Users\DELL\OneDrive\Desktop\Web spa\Long(ThanhToan_DatLich\wwwroot\lib\bootstrap\dist\css\bootstrap-utilities.css' because it no longer exists.
         Removing endpoints for asset 'C:\Users\DELL\OneDrive\Desktop\Web spa\Long(ThanhToan_DatLich\wwwroot\lib\bootstrap\dist\css\bootstrap-utilities.css' because it no longer exists.
         Removing endpoints for asset 'C:\Users\DELL\OneDrive\Desktop\Web spa\Long(ThanhToan_DatLich\wwwroot\css\app.css' because it no longer exists.
         Removing endpoints for asset 'C:\Users\DELL\OneDrive\Desktop\Web spa\Long(ThanhToan_DatLich\wwwroot\css\app.css' because it no longer exists.
         Removing endpoints for asset 'C:\Users\DELL\OneDrive\Desktop\Web spa\Long(ThanhToan_DatLich\wwwroot\favicon.ico' because it no longer exists.
         Removing endpoints for asset 'C:\Users\DELL\OneDrive\Desktop\Web spa\Long(ThanhToan_DatLich\wwwroot\favicon.ico' because it no longer exists.
         Removing endpoints for asset 'C:\Users\DELL\OneDrive\Desktop\Web spa\Long(ThanhToan_DatLich\wwwroot\js\site.js' because it no longer exists.
         Removing endpoints for asset 'C:\Users\DELL\OneDrive\Desktop\Web spa\Long(ThanhToan_DatLich\wwwroot\js\site.js' because it no longer exists.
         Removing endpoints for asset 'C:\Users\DELL\OneDrive\Desktop\Web spa\Long(ThanhToan_DatLich\wwwroot\lib\bootstrap\LICENSE' because it no longer exists.
         Removing endpoints for asset 'C:\Users\DELL\OneDrive\Desktop\Web spa\Long(ThanhToan_DatLich\wwwroot\lib\bootstrap\LICENSE' because it no longer exists.
         Removing endpoints for asset 'C:\Users\DELL\OneDrive\Desktop\Web spa\Long(ThanhToan_DatLich\wwwroot\lib\jquery-validation-unobtrusive\jquery.validate.unobtrusive.js' because it no longer exists.
         Removing endpoints for asset 'C:\Users\DELL\OneDrive\Desktop\Web spa\Long(ThanhToan_DatLich\wwwroot\lib\jquery-validation-unobtrusive\jquery.validate.unobtrusive.js' because it no longer exists.
         Removing endpoints for asset 'C:\Users\DELL\OneDrive\Desktop\Web spa\Long(ThanhToan_DatLich\wwwroot\lib\jquery-validation-unobtrusive\jquery.validate.unobtrusive.min.js' because it no longer exists.
         Removing endpoints for asset 'C:\Users\DELL\OneDrive\Desktop\Web spa\Long(ThanhToan_DatLich\wwwroot\lib\jquery-validation-unobtrusive\jquery.validate.unobtrusive.min.js' because it no longer exists.
         Removing endpoints for asset 'C:\Users\DELL\OneDrive\Desktop\Web spa\Long(ThanhToan_DatLich\wwwroot\lib\jquery\dist\jquery.js' because it no longer exists.
         Removing endpoints for asset 'C:\Users\DELL\OneDrive\Desktop\Web spa\Long(ThanhToan_DatLich\wwwroot\lib\jquery\dist\jquery.js' because it no longer exists.
         Removing endpoints for asset 'C:\Users\DELL\OneDrive\Desktop\Web spa\Long(ThanhToan_DatLich\wwwroot\lib\jquery\dist\jquery.min.js' because it no longer exists.
         Removing endpoints for asset 'C:\Users\DELL\OneDrive\Desktop\Web spa\Long(ThanhToan_DatLich\wwwroot\lib\jquery\dist\jquery.min.js' because it no longer exists.
         Removing endpoints for asset 'C:\Users\DELL\OneDrive\Desktop\Web spa\Long(ThanhToan_DatLich\wwwroot\lib\jquery\dist\jquery.min.map' because it no longer exists.
         Removing endpoints for asset 'C:\Users\DELL\OneDrive\Desktop\Web spa\Long(ThanhToan_DatLich\wwwroot\lib\jquery\dist\jquery.min.map' because it no longer exists.
         Removing endpoints for asset 'C:\Users\DELL\OneDrive\Desktop\Web spa\Long(ThanhToan_DatLich\wwwroot\lib\jquery\LICENSE.txt' because it no longer exists.
         Removing endpoints for asset 'C:\Users\DELL\OneDrive\Desktop\Web spa\Long(ThanhToan_DatLich\wwwroot\lib\jquery\LICENSE.txt' because it no longer exists.
         Removing endpoints for asset 'C:\Users\DELL\OneDrive\Desktop\Web spa\Long(ThanhToan_DatLich\wwwroot\css\site.css' because it no longer exists.
         Removing endpoints for asset 'C:\Users\DELL\OneDrive\Desktop\Web spa\Long(ThanhToan_DatLich\wwwroot\css\site.css' because it no longer exists.
         Removing endpoints for asset 'C:\Users\DELL\OneDrive\Desktop\Web spa\Long(ThanhToan_DatLich\wwwroot\lib\bootstrap\dist\js\bootstrap.js.map' because it no longer exists.
         Removing endpoints for asset 'C:\Users\DELL\OneDrive\Desktop\Web spa\Long(ThanhToan_DatLich\wwwroot\lib\bootstrap\dist\js\bootstrap.js.map' because it no longer exists.
         Removing endpoints for asset 'C:\Users\DELL\OneDrive\Desktop\Web spa\Long(ThanhToan_DatLich\wwwroot\lib\bootstrap\dist\js\bootstrap.bundle.min.js.map' because it no longer exists.
         Removing endpoints for asset 'C:\Users\DELL\OneDrive\Desktop\Web spa\Long(ThanhToan_DatLich\wwwroot\lib\bootstrap\dist\js\bootstrap.bundle.min.js.map' because it no longer exists.
         Removing endpoints for asset 'C:\Users\DELL\OneDrive\Desktop\Web spa\Long(ThanhToan_DatLich\wwwroot\lib\bootstrap\dist\js\bootstrap.esm.js' because it no longer exists.
         Removing endpoints for asset 'C:\Users\DELL\OneDrive\Desktop\Web spa\Long(ThanhToan_DatLich\wwwroot\lib\bootstrap\dist\js\bootstrap.esm.js' because it no longer exists.
         Removing endpoints for asset 'C:\Users\DELL\OneDrive\Desktop\Web spa\Long(ThanhToan_DatLich\wwwroot\lib\bootstrap\dist\js\bootstrap.esm.js.map' because it no longer exists.
         Removing endpoints for asset 'C:\Users\DELL\OneDrive\Desktop\Web spa\Long(ThanhToan_DatLich\wwwroot\lib\bootstrap\dist\js\bootstrap.esm.js.map' because it no longer exists.
         Removing endpoints for asset 'C:\Users\DELL\OneDrive\Desktop\Web spa\Long(ThanhToan_DatLich\wwwroot\lib\bootstrap\dist\js\bootstrap.esm.min.js' because it no longer exists.
         Removing endpoints for asset 'C:\Users\DELL\OneDrive\Desktop\Web spa\Long(ThanhToan_DatLich\wwwroot\lib\bootstrap\dist\js\bootstrap.esm.min.js' because it no longer exists.
         Removing endpoints for asset 'C:\Users\DELL\OneDrive\Desktop\Web spa\Long(ThanhToan_DatLich\wwwroot\lib\bootstrap\dist\css\bootstrap.rtl.css.map' because it no longer exists.
         Removing endpoints for asset 'C:\Users\DELL\OneDrive\Desktop\Web spa\Long(ThanhToan_DatLich\wwwroot\lib\bootstrap\dist\css\bootstrap.rtl.css.map' because it no longer exists.
         Removing endpoints for asset 'C:\Users\DELL\OneDrive\Desktop\Web spa\Long(ThanhToan_DatLich\wwwroot\lib\bootstrap\dist\css\bootstrap.rtl.min.css' because it no longer exists.
         Removing endpoints for asset 'C:\Users\DELL\OneDrive\Desktop\Web spa\Long(ThanhToan_DatLich\wwwroot\lib\bootstrap\dist\css\bootstrap.rtl.min.css' because it no longer exists.
         Removing endpoints for asset 'C:\Users\DELL\OneDrive\Desktop\Web spa\Long(ThanhToan_DatLich\wwwroot\lib\bootstrap\dist\css\bootstrap.rtl.min.css.map' because it no longer exists.
         Removing endpoints for asset 'C:\Users\DELL\OneDrive\Desktop\Web spa\Long(ThanhToan_DatLich\wwwroot\lib\bootstrap\dist\css\bootstrap.rtl.min.css.map' because it no longer exists.
         Removing endpoints for asset 'C:\Users\DELL\OneDrive\Desktop\Web spa\Long(ThanhToan_DatLich\wwwroot\lib\bootstrap\dist\css\bootstrap-grid.rtl.css.map' because it no longer exists.
         Removing endpoints for asset 'C:\Users\DELL\OneDrive\Desktop\Web spa\Long(ThanhToan_DatLich\wwwroot\lib\bootstrap\dist\css\bootstrap-grid.rtl.css.map' because it no longer exists.
         Removing endpoints for asset 'C:\Users\DELL\OneDrive\Desktop\Web spa\Long(ThanhToan_DatLich\wwwroot\lib\bootstrap\dist\css\bootstrap-grid.rtl.min.css' because it no longer exists.
         Removing endpoints for asset 'C:\Users\DELL\OneDrive\Desktop\Web spa\Long(ThanhToan_DatLich\wwwroot\lib\bootstrap\dist\css\bootstrap-grid.rtl.min.css' because it no longer exists.
         Removing endpoints for asset 'C:\Users\DELL\OneDrive\Desktop\Web spa\Long(ThanhToan_DatLich\wwwroot\lib\bootstrap\dist\css\bootstrap-grid.rtl.min.css.map' because it no longer exists.
         Removing endpoints for asset 'C:\Users\DELL\OneDrive\Desktop\Web spa\Long(ThanhToan_DatLich\wwwroot\lib\bootstrap\dist\css\bootstrap-grid.rtl.min.css.map' because it no longer exists.
         Removing endpoints for asset 'C:\Users\DELL\OneDrive\Desktop\Web spa\Long(ThanhToan_DatLich\wwwroot\lib\bootstrap\dist\css\bootstrap-reboot.rtl.css' because it no longer exists.
         Removing endpoints for asset 'C:\Users\DELL\OneDrive\Desktop\Web spa\Long(ThanhToan_DatLich\wwwroot\lib\bootstrap\dist\css\bootstrap-reboot.rtl.css' because it no longer exists.
         Removing endpoints for asset 'C:\Users\DELL\OneDrive\Desktop\Web spa\Long(ThanhToan_DatLich\wwwroot\lib\bootstrap\dist\css\bootstrap-reboot.rtl.css.map' because it no longer exists.
         Removing endpoints for asset 'C:\Users\DELL\OneDrive\Desktop\Web spa\Long(ThanhToan_DatLich\wwwroot\lib\bootstrap\dist\css\bootstrap-reboot.rtl.css.map' because it no longer exists.
         Removing endpoints for asset 'C:\Users\DELL\OneDrive\Desktop\Web spa\Long(ThanhToan_DatLich\wwwroot\lib\bootstrap\dist\css\bootstrap.min.css.map' because it no longer exists.
         Removing endpoints for asset 'C:\Users\DELL\OneDrive\Desktop\Web spa\Long(ThanhToan_DatLich\wwwroot\lib\bootstrap\dist\css\bootstrap.min.css.map' because it no longer exists.
         Removing endpoints for asset 'C:\Users\DELL\OneDrive\Desktop\Web spa\Long(ThanhToan_DatLich\wwwroot\lib\bootstrap\dist\css\bootstrap.rtl.css' because it no longer exists.
         Removing endpoints for asset 'C:\Users\DELL\OneDrive\Desktop\Web spa\Long(ThanhToan_DatLich\wwwroot\lib\bootstrap\dist\css\bootstrap.rtl.css' because it no longer exists.
         Removing endpoints for asset 'C:\Users\DELL\OneDrive\Desktop\Web spa\Long(ThanhToan_DatLich\wwwroot\lib\bootstrap\dist\js\bootstrap.min.js' because it no longer exists.
         Removing endpoints for asset 'C:\Users\DELL\OneDrive\Desktop\Web spa\Long(ThanhToan_DatLich\wwwroot\lib\bootstrap\dist\js\bootstrap.min.js' because it no longer exists.
         Removing endpoints for asset 'C:\Users\DELL\OneDrive\Desktop\Web spa\Long(ThanhToan_DatLich\wwwroot\lib\bootstrap\dist\js\bootstrap.min.js.map' because it no longer exists.
         Removing endpoints for asset 'C:\Users\DELL\OneDrive\Desktop\Web spa\Long(ThanhToan_DatLich\wwwroot\lib\bootstrap\dist\js\bootstrap.min.js.map' because it no longer exists.
         Removing endpoints for asset 'C:\Users\DELL\OneDrive\Desktop\Web spa\Long(ThanhToan_DatLich\wwwroot\lib\bootstrap\dist\css\bootstrap-utilities.rtl.min.css.map' because it no longer exists.
         Removing endpoints for asset 'C:\Users\DELL\OneDrive\Desktop\Web spa\Long(ThanhToan_DatLich\wwwroot\lib\bootstrap\dist\css\bootstrap-utilities.rtl.min.css.map' because it no longer exists.
         Removing endpoints for asset 'C:\Users\DELL\OneDrive\Desktop\Web spa\Long(ThanhToan_DatLich\wwwroot\lib\bootstrap\dist\css\bootstrap-reboot.min.css.map' because it no longer exists.
         Removing endpoints for asset 'C:\Users\DELL\OneDrive\Desktop\Web spa\Long(ThanhToan_DatLich\wwwroot\lib\bootstrap\dist\css\bootstrap-reboot.min.css.map' because it no longer exists.
         Removing endpoints for asset 'C:\Users\DELL\OneDrive\Desktop\Web spa\Long(ThanhToan_DatLich\wwwroot\lib\bootstrap\dist\css\bootstrap-grid.min.css' because it no longer exists.
         Removing endpoints for asset 'C:\Users\DELL\OneDrive\Desktop\Web spa\Long(ThanhToan_DatLich\wwwroot\lib\bootstrap\dist\css\bootstrap-grid.min.css' because it no longer exists.
         Removing endpoints for asset 'C:\Users\DELL\OneDrive\Desktop\Web spa\Long(ThanhToan_DatLich\wwwroot\lib\bootstrap\dist\css\bootstrap-grid.min.css.map' because it no longer exists.
         Removing endpoints for asset 'C:\Users\DELL\OneDrive\Desktop\Web spa\Long(ThanhToan_DatLich\wwwroot\lib\bootstrap\dist\css\bootstrap-grid.min.css.map' because it no longer exists.
         Removing endpoints for asset 'C:\Users\DELL\OneDrive\Desktop\Web spa\Long(ThanhToan_DatLich\wwwroot\lib\bootstrap\dist\css\bootstrap-grid.rtl.css' because it no longer exists.
         Removing endpoints for asset 'C:\Users\DELL\OneDrive\Desktop\Web spa\Long(ThanhToan_DatLich\wwwroot\lib\bootstrap\dist\css\bootstrap-grid.rtl.css' because it no longer exists.
         Removing endpoints for asset 'C:\Users\DELL\OneDrive\Desktop\Web spa\Long(ThanhToan_DatLich\wwwroot\lib\bootstrap\dist\css\bootstrap-grid.css' because it no longer exists.
         Removing endpoints for asset 'C:\Users\DELL\OneDrive\Desktop\Web spa\Long(ThanhToan_DatLich\wwwroot\lib\bootstrap\dist\css\bootstrap-grid.css' because it no longer exists.
         Removing endpoints for asset 'C:\Users\DELL\OneDrive\Desktop\Web spa\Long(ThanhToan_DatLich\wwwroot\lib\bootstrap\dist\css\bootstrap-grid.css.map' because it no longer exists.
         Removing endpoints for asset 'C:\Users\DELL\OneDrive\Desktop\Web spa\Long(ThanhToan_DatLich\wwwroot\lib\bootstrap\dist\css\bootstrap-grid.css.map' because it no longer exists.
         Removing endpoints for asset 'C:\Users\DELL\OneDrive\Desktop\Web spa\Long(ThanhToan_DatLich\wwwroot\lib\bootstrap\dist\css\bootstrap.min.css' because it no longer exists.
         Removing endpoints for asset 'C:\Users\DELL\OneDrive\Desktop\Web spa\Long(ThanhToan_DatLich\wwwroot\lib\bootstrap\dist\css\bootstrap.min.css' because it no longer exists.
         Removing endpoints for asset 'C:\Users\DELL\OneDrive\Desktop\Web spa\Long(ThanhToan_DatLich\wwwroot\lib\bootstrap\dist\css\bootstrap-utilities.css.map' because it no longer exists.
         Removing endpoints for asset 'C:\Users\DELL\OneDrive\Desktop\Web spa\Long(ThanhToan_DatLich\wwwroot\lib\bootstrap\dist\css\bootstrap-utilities.css.map' because it no longer exists.
         Removing endpoints for asset 'C:\Users\DELL\OneDrive\Desktop\Web spa\Long(ThanhToan_DatLich\wwwroot\lib\bootstrap\dist\css\bootstrap-utilities.min.css' because it no longer exists.
         Removing endpoints for asset 'C:\Users\DELL\OneDrive\Desktop\Web spa\Long(ThanhToan_DatLich\wwwroot\lib\bootstrap\dist\css\bootstrap-utilities.min.css' because it no longer exists.
         Removing endpoints for asset 'C:\Users\DELL\OneDrive\Desktop\Web spa\Long(ThanhToan_DatLich\wwwroot\lib\bootstrap\dist\css\bootstrap-utilities.min.css.map' because it no longer exists.
         Removing endpoints for asset 'C:\Users\DELL\OneDrive\Desktop\Web spa\Long(ThanhToan_DatLich\wwwroot\lib\bootstrap\dist\css\bootstrap-utilities.min.css.map' because it no longer exists.
         Removing endpoints for asset 'C:\Users\DELL\OneDrive\Desktop\Web spa\Long(ThanhToan_DatLich\wwwroot\lib\jquery-validation-unobtrusive\LICENSE.txt' because it no longer exists.
         Removing endpoints for asset 'C:\Users\DELL\OneDrive\Desktop\Web spa\Long(ThanhToan_DatLich\wwwroot\lib\jquery-validation-unobtrusive\LICENSE.txt' because it no longer exists.
         Removing endpoints for asset 'C:\Users\DELL\OneDrive\Desktop\Web spa\Long(ThanhToan_DatLich\wwwroot\lib\jquery-validation\dist\additional-methods.js' because it no longer exists.
         Removing endpoints for asset 'C:\Users\DELL\OneDrive\Desktop\Web spa\Long(ThanhToan_DatLich\wwwroot\lib\jquery-validation\dist\additional-methods.js' because it no longer exists.
         Removing endpoints for asset 'C:\Users\DELL\OneDrive\Desktop\Web spa\Long(ThanhToan_DatLich\wwwroot\lib\jquery-validation\dist\additional-methods.min.js' because it no longer exists.
         Removing endpoints for asset 'C:\Users\DELL\OneDrive\Desktop\Web spa\Long(ThanhToan_DatLich\wwwroot\lib\jquery-validation\dist\additional-methods.min.js' because it no longer exists.
         Removing endpoints for asset 'C:\Users\DELL\OneDrive\Desktop\Web spa\Long(ThanhToan_DatLich\wwwroot\lib\jquery-validation\dist\jquery.validate.js' because it no longer exists.
         Removing endpoints for asset 'C:\Users\DELL\OneDrive\Desktop\Web spa\Long(ThanhToan_DatLich\wwwroot\lib\jquery-validation\dist\jquery.validate.js' because it no longer exists.
         Removing endpoints for asset 'C:\Users\DELL\OneDrive\Desktop\Web spa\Long(ThanhToan_DatLich\wwwroot\lib\jquery-validation\dist\jquery.validate.min.js' because it no longer exists.
         Removing endpoints for asset 'C:\Users\DELL\OneDrive\Desktop\Web spa\Long(ThanhToan_DatLich\wwwroot\lib\jquery-validation\dist\jquery.validate.min.js' because it no longer exists.
         Removing endpoints for asset 'C:\Users\DELL\OneDrive\Desktop\Web spa\Long(ThanhToan_DatLich\wwwroot\lib\jquery-validation\LICENSE.md' because it no longer exists.
         Removing endpoints for asset 'C:\Users\DELL\OneDrive\Desktop\Web spa\Long(ThanhToan_DatLich\wwwroot\lib\jquery-validation\LICENSE.md' because it no longer exists.
         Removing endpoints for asset 'C:\Users\DELL\OneDrive\Desktop\Web spa\Long(ThanhToan_DatLich\wwwroot\lib\bootstrap\dist\js\bootstrap.bundle.js' because it no longer exists.
         Removing endpoints for asset 'C:\Users\DELL\OneDrive\Desktop\Web spa\Long(ThanhToan_DatLich\wwwroot\lib\bootstrap\dist\js\bootstrap.bundle.js' because it no longer exists.
         Removing endpoints for asset 'C:\Users\DELL\OneDrive\Desktop\Web spa\Long(ThanhToan_DatLich\wwwroot\lib\bootstrap\dist\js\bootstrap.bundle.js.map' because it no longer exists.
         Removing endpoints for asset 'C:\Users\DELL\OneDrive\Desktop\Web spa\Long(ThanhToan_DatLich\wwwroot\lib\bootstrap\dist\js\bootstrap.bundle.js.map' because it no longer exists.
         Removing endpoints for asset 'C:\Users\DELL\OneDrive\Desktop\Web spa\Long(ThanhToan_DatLich\wwwroot\lib\bootstrap\dist\js\bootstrap.bundle.min.js' because it no longer exists.
         Removing endpoints for asset 'C:\Users\DELL\OneDrive\Desktop\Web spa\Long(ThanhToan_DatLich\wwwroot\lib\bootstrap\dist\js\bootstrap.bundle.min.js' because it no longer exists.
         Removing endpoints for asset 'C:\Users\DELL\OneDrive\Desktop\Web spa\Long(ThanhToan_DatLich\wwwroot\lib\bootstrap\dist\css\bootstrap-utilities.rtl.css' because it no longer exists.
         Removing endpoints for asset 'C:\Users\DELL\OneDrive\Desktop\Web spa\Long(ThanhToan_DatLich\wwwroot\lib\bootstrap\dist\css\bootstrap-utilities.rtl.css' because it no longer exists.
         Removing endpoints for asset 'C:\Users\DELL\OneDrive\Desktop\Web spa\Long(ThanhToan_DatLich\wwwroot\lib\bootstrap\dist\css\bootstrap-utilities.rtl.css.map' because it no longer exists.
         Removing endpoints for asset 'C:\Users\DELL\OneDrive\Desktop\Web spa\Long(ThanhToan_DatLich\wwwroot\lib\bootstrap\dist\css\bootstrap-utilities.rtl.css.map' because it no longer exists.
         Removing endpoints for asset 'C:\Users\DELL\OneDrive\Desktop\Web spa\Long(ThanhToan_DatLich\wwwroot\lib\bootstrap\dist\css\bootstrap-utilities.rtl.min.css' because it no longer exists.
         Removing endpoints for asset 'C:\Users\DELL\OneDrive\Desktop\Web spa\Long(ThanhToan_DatLich\wwwroot\lib\bootstrap\dist\css\bootstrap-utilities.rtl.min.css' because it no longer exists.
         Matched SpaN5.bundle.scp.css to text/css using pattern *.css
         Matched SpaN5.bundle.scp.css to text/css using pattern *.css
         Adding endpoint SpaN5.bundle.scp.css for asset C:\Users\DELL\OneDrive\Desktop\Web spa\Long(ThanhToan_DatLich\obj\Debug\net8.0\scopedcss\projectbundle\SpaN5.bundle.scp.css.
         Adding endpoint SpaN5.cax3iyrpt7.bundle.scp.css for asset C:\Users\DELL\OneDrive\Desktop\Web spa\Long(ThanhToan_DatLich\obj\Debug\net8.0\scopedcss\projectbundle\SpaN5.bundle.scp.css.
       Done executing task "DefineStaticWebAssetEndpoints".
   2:6>Done building target "ResolveBundledCssAssets" in project "SpaN5.csproj".
   2:6>Target "ResolveScopedCssAssets" in file "C:\Program Files\dotnet\sdk\9.0.308\Sdks\Microsoft.NET.Sdk.StaticWebAssets\targets\Microsoft.NET.Sdk.StaticWebAssets.ScopedCss.targets" from project "C:\Users\DELL\OneDrive\Desktop\Web spa\Long(ThanhToan_DatLich\SpaN5.csproj" (target "ResolveStaticWebAssetsInputs" depends on it):
   2:6>Done building target "ResolveScopedCssAssets" in project "SpaN5.csproj".
   2:6>Target "ResolveStaticWebAssetsInputs" in file "C:\Program Files\dotnet\sdk\9.0.308\Sdks\Microsoft.NET.Sdk.StaticWebAssets\targets\Microsoft.NET.Sdk.StaticWebAssets.targets" from project "C:\Users\DELL\OneDrive\Desktop\Web spa\Long(ThanhToan_DatLich\SpaN5.csproj" (target "ResolveBuildStaticWebAssets" depends on it):
   2:6>Done building target "ResolveStaticWebAssetsInputs" in project "SpaN5.csproj".
       Target "ResolveStaticWebAssetsInputs" skipped. Previously built successfully.
   2:6>Target "ResolveBuildCompressedStaticWebAssetsConfiguration" in file "C:\Program Files\dotnet\sdk\9.0.308\Sdks\Microsoft.NET.Sdk.StaticWebAssets\targets\Microsoft.NET.Sdk.StaticWebAssets.Compression.targets" from project "C:\Users\DELL\OneDrive\Desktop\Web spa\Long(ThanhToan_DatLich\SpaN5.csproj" (target "GenerateBuildCompressedStaticWebAssets" depends on it):
       Using "DiscoverPrecompressedAssets" task from assembly "C:\Program Files\dotnet\sdk\9.0.308\Sdks\Microsoft.NET.Sdk.StaticWebAssets\targets\..\tasks\net9.0\Microsoft.NET.Sdk.StaticWebAssets.Tasks.dll".
       Task "DiscoverPrecompressedAssets"
       Done executing task "DiscoverPrecompressedAssets".
       Task "FilterStaticWebAssetEndpoints" skipped, due to false condition; ('@(_PrecompressedStaticWebAssets)' != '') was evaluated as ('' != '').
       Using "ResolveCompressedAssets" task from assembly "C:\Program Files\dotnet\sdk\9.0.308\Sdks\Microsoft.NET.Sdk.StaticWebAssets\targets\..\tasks\net9.0\Microsoft.NET.Sdk.StaticWebAssets.Tasks.dll".
       Task "ResolveCompressedAssets"
         Asset 'C:\Users\DELL\OneDrive\Desktop\Web spa\Long(ThanhToan_DatLich\wwwroot\css\app.css' is not compressed.
         Asset 'C:\Users\DELL\OneDrive\Desktop\Web spa\Long(ThanhToan_DatLich\wwwroot\favicon.ico' is not compressed.
         Asset 'C:\Users\DELL\OneDrive\Desktop\Web spa\Long(ThanhToan_DatLich\wwwroot\js\site.js' is not compressed.
         Asset 'C:\Users\DELL\OneDrive\Desktop\Web spa\Long(ThanhToan_DatLich\wwwroot\css\site.css' is not compressed.
         Asset 'C:\Users\DELL\OneDrive\Desktop\Web spa\Long(ThanhToan_DatLich\wwwroot\lib\bootstrap\dist\css\bootstrap-grid.css' is not compressed.
         Asset 'C:\Users\DELL\OneDrive\Desktop\Web spa\Long(ThanhToan_DatLich\wwwroot\lib\bootstrap\dist\css\bootstrap-grid.css.map' is not compressed.
         Asset 'C:\Users\DELL\OneDrive\Desktop\Web spa\Long(ThanhToan_DatLich\wwwroot\lib\bootstrap\dist\css\bootstrap-grid.min.css' is not compressed.
         Asset 'C:\Users\DELL\OneDrive\Desktop\Web spa\Long(ThanhToan_DatLich\wwwroot\lib\bootstrap\dist\css\bootstrap-grid.min.css.map' is not compressed.
         Asset 'C:\Users\DELL\OneDrive\Desktop\Web spa\Long(ThanhToan_DatLich\wwwroot\lib\bootstrap\dist\css\bootstrap-grid.rtl.css' is not compressed.
         Asset 'C:\Users\DELL\OneDrive\Desktop\Web spa\Long(ThanhToan_DatLich\wwwroot\lib\bootstrap\dist\css\bootstrap-grid.rtl.css.map' is not compressed.
         Asset 'C:\Users\DELL\OneDrive\Desktop\Web spa\Long(ThanhToan_DatLich\wwwroot\lib\bootstrap\dist\css\bootstrap-grid.rtl.min.css' is not compressed.
         Asset 'C:\Users\DELL\OneDrive\Desktop\Web spa\Long(ThanhToan_DatLich\wwwroot\lib\bootstrap\dist\css\bootstrap-grid.rtl.min.css.map' is not compressed.
         Asset 'C:\Users\DELL\OneDrive\Desktop\Web spa\Long(ThanhToan_DatLich\wwwroot\lib\bootstrap\dist\css\bootstrap-reboot.css' is not compressed.
         Asset 'C:\Users\DELL\OneDrive\Desktop\Web spa\Long(ThanhToan_DatLich\wwwroot\lib\bootstrap\dist\css\bootstrap-reboot.css.map' is not compressed.
         Asset 'C:\Users\DELL\OneDrive\Desktop\Web spa\Long(ThanhToan_DatLich\wwwroot\lib\bootstrap\dist\css\bootstrap-reboot.min.css' is not compressed.
         Asset 'C:\Users\DELL\OneDrive\Desktop\Web spa\Long(ThanhToan_DatLich\wwwroot\lib\bootstrap\dist\css\bootstrap-reboot.min.css.map' is not compressed.
         Asset 'C:\Users\DELL\OneDrive\Desktop\Web spa\Long(ThanhToan_DatLich\wwwroot\lib\bootstrap\dist\css\bootstrap-reboot.rtl.css' is not compressed.
         Asset 'C:\Users\DELL\OneDrive\Desktop\Web spa\Long(ThanhToan_DatLich\wwwroot\lib\bootstrap\dist\css\bootstrap-reboot.rtl.css.map' is not compressed.
         Asset 'C:\Users\DELL\OneDrive\Desktop\Web spa\Long(ThanhToan_DatLich\wwwroot\lib\bootstrap\dist\css\bootstrap-reboot.rtl.min.css' is not compressed.
         Asset 'C:\Users\DELL\OneDrive\Desktop\Web spa\Long(ThanhToan_DatLich\wwwroot\lib\bootstrap\dist\css\bootstrap-reboot.rtl.min.css.map' is not compressed.
         Asset 'C:\Users\DELL\OneDrive\Desktop\Web spa\Long(ThanhToan_DatLich\wwwroot\lib\bootstrap\dist\css\bootstrap-utilities.css' is not compressed.
         Asset 'C:\Users\DELL\OneDrive\Desktop\Web spa\Long(ThanhToan_DatLich\wwwroot\lib\bootstrap\dist\css\bootstrap-utilities.css.map' is not compressed.
         Asset 'C:\Users\DELL\OneDrive\Desktop\Web spa\Long(ThanhToan_DatLich\wwwroot\lib\bootstrap\dist\css\bootstrap-utilities.min.css' is not compressed.
         Asset 'C:\Users\DELL\OneDrive\Desktop\Web spa\Long(ThanhToan_DatLich\wwwroot\lib\bootstrap\dist\css\bootstrap-utilities.min.css.map' is not compressed.
         Asset 'C:\Users\DELL\OneDrive\Desktop\Web spa\Long(ThanhToan_DatLich\wwwroot\lib\bootstrap\dist\css\bootstrap-utilities.rtl.css' is not compressed.
         Asset 'C:\Users\DELL\OneDrive\Desktop\Web spa\Long(ThanhToan_DatLich\wwwroot\lib\bootstrap\dist\css\bootstrap-utilities.rtl.css.map' is not compressed.
         Asset 'C:\Users\DELL\OneDrive\Desktop\Web spa\Long(ThanhToan_DatLich\wwwroot\lib\bootstrap\dist\css\bootstrap-utilities.rtl.min.css' is not compressed.
         Asset 'C:\Users\DELL\OneDrive\Desktop\Web spa\Long(ThanhToan_DatLich\wwwroot\lib\bootstrap\dist\css\bootstrap-utilities.rtl.min.css.map' is not compressed.
         Asset 'C:\Users\DELL\OneDrive\Desktop\Web spa\Long(ThanhToan_DatLich\wwwroot\lib\bootstrap\dist\css\bootstrap.css' is not compressed.
         Asset 'C:\Users\DELL\OneDrive\Desktop\Web spa\Long(ThanhToan_DatLich\wwwroot\lib\bootstrap\dist\css\bootstrap.css.map' is not compressed.
         Asset 'C:\Users\DELL\OneDrive\Desktop\Web spa\Long(ThanhToan_DatLich\wwwroot\lib\bootstrap\dist\css\bootstrap.min.css' is not compressed.
         Asset 'C:\Users\DELL\OneDrive\Desktop\Web spa\Long(ThanhToan_DatLich\wwwroot\lib\bootstrap\dist\css\bootstrap.min.css.map' is not compressed.
         Asset 'C:\Users\DELL\OneDrive\Desktop\Web spa\Long(ThanhToan_DatLich\wwwroot\lib\bootstrap\dist\css\bootstrap.rtl.css' is not compressed.
         Asset 'C:\Users\DELL\OneDrive\Desktop\Web spa\Long(ThanhToan_DatLich\wwwroot\lib\bootstrap\dist\css\bootstrap.rtl.css.map' is not compressed.
         Asset 'C:\Users\DELL\OneDrive\Desktop\Web spa\Long(ThanhToan_DatLich\wwwroot\lib\bootstrap\dist\css\bootstrap.rtl.min.css' is not compressed.
         Asset 'C:\Users\DELL\OneDrive\Desktop\Web spa\Long(ThanhToan_DatLich\wwwroot\lib\bootstrap\dist\css\bootstrap.rtl.min.css.map' is not compressed.
         Asset 'C:\Users\DELL\OneDrive\Desktop\Web spa\Long(ThanhToan_DatLich\wwwroot\lib\bootstrap\dist\js\bootstrap.bundle.js' is not compressed.
         Asset 'C:\Users\DELL\OneDrive\Desktop\Web spa\Long(ThanhToan_DatLich\wwwroot\lib\bootstrap\dist\js\bootstrap.bundle.js.map' is not compressed.
         Asset 'C:\Users\DELL\OneDrive\Desktop\Web spa\Long(ThanhToan_DatLich\wwwroot\lib\bootstrap\dist\js\bootstrap.bundle.min.js' is not compressed.
         Asset 'C:\Users\DELL\OneDrive\Desktop\Web spa\Long(ThanhToan_DatLich\wwwroot\lib\bootstrap\dist\js\bootstrap.bundle.min.js.map' is not compressed.
         Asset 'C:\Users\DELL\OneDrive\Desktop\Web spa\Long(ThanhToan_DatLich\wwwroot\lib\bootstrap\dist\js\bootstrap.esm.js' is not compressed.
         Asset 'C:\Users\DELL\OneDrive\Desktop\Web spa\Long(ThanhToan_DatLich\wwwroot\lib\bootstrap\dist\js\bootstrap.esm.js.map' is not compressed.
         Asset 'C:\Users\DELL\OneDrive\Desktop\Web spa\Long(ThanhToan_DatLich\wwwroot\lib\bootstrap\dist\js\bootstrap.esm.min.js' is not compressed.
         Asset 'C:\Users\DELL\OneDrive\Desktop\Web spa\Long(ThanhToan_DatLich\wwwroot\lib\bootstrap\dist\js\bootstrap.esm.min.js.map' is not compressed.
         Asset 'C:\Users\DELL\OneDrive\Desktop\Web spa\Long(ThanhToan_DatLich\wwwroot\lib\bootstrap\dist\js\bootstrap.js' is not compressed.
         Asset 'C:\Users\DELL\OneDrive\Desktop\Web spa\Long(ThanhToan_DatLich\wwwroot\lib\bootstrap\dist\js\bootstrap.js.map' is not compressed.
         Asset 'C:\Users\DELL\OneDrive\Desktop\Web spa\Long(ThanhToan_DatLich\wwwroot\lib\bootstrap\dist\js\bootstrap.min.js' is not compressed.
         Asset 'C:\Users\DELL\OneDrive\Desktop\Web spa\Long(ThanhToan_DatLich\wwwroot\lib\bootstrap\dist\js\bootstrap.min.js.map' is not compressed.
         Asset 'C:\Users\DELL\OneDrive\Desktop\Web spa\Long(ThanhToan_DatLich\wwwroot\lib\bootstrap\LICENSE' is not compressed.
         Asset 'C:\Users\DELL\OneDrive\Desktop\Web spa\Long(ThanhToan_DatLich\wwwroot\lib\jquery-validation-unobtrusive\jquery.validate.unobtrusive.js' is not compressed.
         Asset 'C:\Users\DELL\OneDrive\Desktop\Web spa\Long(ThanhToan_DatLich\wwwroot\lib\jquery-validation-unobtrusive\jquery.validate.unobtrusive.min.js' is not compressed.
         Asset 'C:\Users\DELL\OneDrive\Desktop\Web spa\Long(ThanhToan_DatLich\wwwroot\lib\jquery-validation-unobtrusive\LICENSE.txt' is not compressed.
         Asset 'C:\Users\DELL\OneDrive\Desktop\Web spa\Long(ThanhToan_DatLich\wwwroot\lib\jquery-validation\dist\additional-methods.js' is not compressed.
         Asset 'C:\Users\DELL\OneDrive\Desktop\Web spa\Long(ThanhToan_DatLich\wwwroot\lib\jquery-validation\dist\additional-methods.min.js' is not compressed.
         Asset 'C:\Users\DELL\OneDrive\Desktop\Web spa\Long(ThanhToan_DatLich\wwwroot\lib\jquery-validation\dist\jquery.validate.js' is not compressed.
         Asset 'C:\Users\DELL\OneDrive\Desktop\Web spa\Long(ThanhToan_DatLich\wwwroot\lib\jquery-validation\dist\jquery.validate.min.js' is not compressed.
         Asset 'C:\Users\DELL\OneDrive\Desktop\Web spa\Long(ThanhToan_DatLich\wwwroot\lib\jquery-validation\LICENSE.md' is not compressed.
         Asset 'C:\Users\DELL\OneDrive\Desktop\Web spa\Long(ThanhToan_DatLich\wwwroot\lib\jquery\dist\jquery.js' is not compressed.
         Asset 'C:\Users\DELL\OneDrive\Desktop\Web spa\Long(ThanhToan_DatLich\wwwroot\lib\jquery\dist\jquery.min.js' is not compressed.
         Asset 'C:\Users\DELL\OneDrive\Desktop\Web spa\Long(ThanhToan_DatLich\wwwroot\lib\jquery\dist\jquery.min.map' is not compressed.
         Asset 'C:\Users\DELL\OneDrive\Desktop\Web spa\Long(ThanhToan_DatLich\wwwroot\lib\jquery\LICENSE.txt' is not compressed.
         Asset 'C:\Users\DELL\OneDrive\Desktop\Web spa\Long(ThanhToan_DatLich\obj\Debug\net8.0\scopedcss\bundle\SpaN5.styles.css' is not compressed.
         Asset 'C:\Users\DELL\OneDrive\Desktop\Web spa\Long(ThanhToan_DatLich\obj\Debug\net8.0\scopedcss\projectbundle\SpaN5.bundle.scp.css' is not compressed.
         Asset 'C:\Users\DELL\OneDrive\Desktop\Web spa\Long(ThanhToan_DatLich\wwwroot\css\app.css' with relative path 'css/app.css' did not match include pattern '' or matched exclude pattern ''.
         Asset 'C:\Users\DELL\OneDrive\Desktop\Web spa\Long(ThanhToan_DatLich\wwwroot\favicon.ico' with relative path 'favicon.ico' did not match include pattern '' or matched exclude pattern ''.
         Asset 'C:\Users\DELL\OneDrive\Desktop\Web spa\Long(ThanhToan_DatLich\wwwroot\js\site.js' with relative path 'js/site.js' did not match include pattern '' or matched exclude pattern ''.
         Asset 'C:\Users\DELL\OneDrive\Desktop\Web spa\Long(ThanhToan_DatLich\wwwroot\css\site.css' with relative path 'css/site.css' did not match include pattern '' or matched exclude pattern ''.
         Asset 'C:\Users\DELL\OneDrive\Desktop\Web spa\Long(ThanhToan_DatLich\wwwroot\lib\bootstrap\dist\css\bootstrap-grid.css' with relative path 'lib/bootstrap/dist/css/bootstrap-grid.css' did not match include pattern '' or matched exclude pattern ''.
         Asset 'C:\Users\DELL\OneDrive\Desktop\Web spa\Long(ThanhToan_DatLich\wwwroot\lib\bootstrap\dist\css\bootstrap-grid.css.map' with relative path 'lib/bootstrap/dist/css/bootstrap-grid.css.map' did not match include pattern '' or matched exclude pattern ''.
         Asset 'C:\Users\DELL\OneDrive\Desktop\Web spa\Long(ThanhToan_DatLich\wwwroot\lib\bootstrap\dist\css\bootstrap-grid.min.css' with relative path 'lib/bootstrap/dist/css/bootstrap-grid.min.css' did not match include pattern '' or matched exclude pattern ''.
         Asset 'C:\Users\DELL\OneDrive\Desktop\Web spa\Long(ThanhToan_DatLich\wwwroot\lib\bootstrap\dist\css\bootstrap-grid.min.css.map' with relative path 'lib/bootstrap/dist/css/bootstrap-grid.min.css.map' did not match include pattern '' or matched exclude pattern ''.
         Asset 'C:\Users\DELL\OneDrive\Desktop\Web spa\Long(ThanhToan_DatLich\wwwroot\lib\bootstrap\dist\css\bootstrap-grid.rtl.css' with relative path 'lib/bootstrap/dist/css/bootstrap-grid.rtl.css' did not match include pattern '' or matched exclude pattern ''.
         Asset 'C:\Users\DELL\OneDrive\Desktop\Web spa\Long(ThanhToan_DatLich\wwwroot\lib\bootstrap\dist\css\bootstrap-grid.rtl.css.map' with relative path 'lib/bootstrap/dist/css/bootstrap-grid.rtl.css.map' did not match include pattern '' or matched exclude pattern ''.
         Asset 'C:\Users\DELL\OneDrive\Desktop\Web spa\Long(ThanhToan_DatLich\wwwroot\lib\bootstrap\dist\css\bootstrap-grid.rtl.min.css' with relative path 'lib/bootstrap/dist/css/bootstrap-grid.rtl.min.css' did not match include pattern '' or matched exclude pattern ''.
         Asset 'C:\Users\DELL\OneDrive\Desktop\Web spa\Long(ThanhToan_DatLich\wwwroot\lib\bootstrap\dist\css\bootstrap-grid.rtl.min.css.map' with relative path 'lib/bootstrap/dist/css/bootstrap-grid.rtl.min.css.map' did not match include pattern '' or matched exclude pattern ''.
         Asset 'C:\Users\DELL\OneDrive\Desktop\Web spa\Long(ThanhToan_DatLich\wwwroot\lib\bootstrap\dist\css\bootstrap-reboot.css' with relative path 'lib/bootstrap/dist/css/bootstrap-reboot.css' did not match include pattern '' or matched exclude pattern ''.
         Asset 'C:\Users\DELL\OneDrive\Desktop\Web spa\Long(ThanhToan_DatLich\wwwroot\lib\bootstrap\dist\css\bootstrap-reboot.css.map' with relative path 'lib/bootstrap/dist/css/bootstrap-reboot.css.map' did not match include pattern '' or matched exclude pattern ''.
         Asset 'C:\Users\DELL\OneDrive\Desktop\Web spa\Long(ThanhToan_DatLich\wwwroot\lib\bootstrap\dist\css\bootstrap-reboot.min.css' with relative path 'lib/bootstrap/dist/css/bootstrap-reboot.min.css' did not match include pattern '' or matched exclude pattern ''.
         Asset 'C:\Users\DELL\OneDrive\Desktop\Web spa\Long(ThanhToan_DatLich\wwwroot\lib\bootstrap\dist\css\bootstrap-reboot.min.css.map' with relative path 'lib/bootstrap/dist/css/bootstrap-reboot.min.css.map' did not match include pattern '' or matched exclude pattern ''.
         Asset 'C:\Users\DELL\OneDrive\Desktop\Web spa\Long(ThanhToan_DatLich\wwwroot\lib\bootstrap\dist\css\bootstrap-reboot.rtl.css' with relative path 'lib/bootstrap/dist/css/bootstrap-reboot.rtl.css' did not match include pattern '' or matched exclude pattern ''.
         Asset 'C:\Users\DELL\OneDrive\Desktop\Web spa\Long(ThanhToan_DatLich\wwwroot\lib\bootstrap\dist\css\bootstrap-reboot.rtl.css.map' with relative path 'lib/bootstrap/dist/css/bootstrap-reboot.rtl.css.map' did not match include pattern '' or matched exclude pattern ''.
         Asset 'C:\Users\DELL\OneDrive\Desktop\Web spa\Long(ThanhToan_DatLich\wwwroot\lib\bootstrap\dist\css\bootstrap-reboot.rtl.min.css' with relative path 'lib/bootstrap/dist/css/bootstrap-reboot.rtl.min.css' did not match include pattern '' or matched exclude pattern ''.
         Asset 'C:\Users\DELL\OneDrive\Desktop\Web spa\Long(ThanhToan_DatLich\wwwroot\lib\bootstrap\dist\css\bootstrap-reboot.rtl.min.css.map' with relative path 'lib/bootstrap/dist/css/bootstrap-reboot.rtl.min.css.map' did not match include pattern '' or matched exclude pattern ''.
         Asset 'C:\Users\DELL\OneDrive\Desktop\Web spa\Long(ThanhToan_DatLich\wwwroot\lib\bootstrap\dist\css\bootstrap-utilities.css' with relative path 'lib/bootstrap/dist/css/bootstrap-utilities.css' did not match include pattern '' or matched exclude pattern ''.
         Asset 'C:\Users\DELL\OneDrive\Desktop\Web spa\Long(ThanhToan_DatLich\wwwroot\lib\bootstrap\dist\css\bootstrap-utilities.css.map' with relative path 'lib/bootstrap/dist/css/bootstrap-utilities.css.map' did not match include pattern '' or matched exclude pattern ''.
         Asset 'C:\Users\DELL\OneDrive\Desktop\Web spa\Long(ThanhToan_DatLich\wwwroot\lib\bootstrap\dist\css\bootstrap-utilities.min.css' with relative path 'lib/bootstrap/dist/css/bootstrap-utilities.min.css' did not match include pattern '' or matched exclude pattern ''.
         Asset 'C:\Users\DELL\OneDrive\Desktop\Web spa\Long(ThanhToan_DatLich\wwwroot\lib\bootstrap\dist\css\bootstrap-utilities.min.css.map' with relative path 'lib/bootstrap/dist/css/bootstrap-utilities.min.css.map' did not match include pattern '' or matched exclude pattern ''.
         Asset 'C:\Users\DELL\OneDrive\Desktop\Web spa\Long(ThanhToan_DatLich\wwwroot\lib\bootstrap\dist\css\bootstrap-utilities.rtl.css' with relative path 'lib/bootstrap/dist/css/bootstrap-utilities.rtl.css' did not match include pattern '' or matched exclude pattern ''.
         Asset 'C:\Users\DELL\OneDrive\Desktop\Web spa\Long(ThanhToan_DatLich\wwwroot\lib\bootstrap\dist\css\bootstrap-utilities.rtl.css.map' with relative path 'lib/bootstrap/dist/css/bootstrap-utilities.rtl.css.map' did not match include pattern '' or matched exclude pattern ''.
         Asset 'C:\Users\DELL\OneDrive\Desktop\Web spa\Long(ThanhToan_DatLich\wwwroot\lib\bootstrap\dist\css\bootstrap-utilities.rtl.min.css' with relative path 'lib/bootstrap/dist/css/bootstrap-utilities.rtl.min.css' did not match include pattern '' or matched exclude pattern ''.
         Asset 'C:\Users\DELL\OneDrive\Desktop\Web spa\Long(ThanhToan_DatLich\wwwroot\lib\bootstrap\dist\css\bootstrap-utilities.rtl.min.css.map' with relative path 'lib/bootstrap/dist/css/bootstrap-utilities.rtl.min.css.map' did not match include pattern '' or matched exclude pattern ''.
         Asset 'C:\Users\DELL\OneDrive\Desktop\Web spa\Long(ThanhToan_DatLich\wwwroot\lib\bootstrap\dist\css\bootstrap.css' with relative path 'lib/bootstrap/dist/css/bootstrap.css' did not match include pattern '' or matched exclude pattern ''.
         Asset 'C:\Users\DELL\OneDrive\Desktop\Web spa\Long(ThanhToan_DatLich\wwwroot\lib\bootstrap\dist\css\bootstrap.css.map' with relative path 'lib/bootstrap/dist/css/bootstrap.css.map' did not match include pattern '' or matched exclude pattern ''.
         Asset 'C:\Users\DELL\OneDrive\Desktop\Web spa\Long(ThanhToan_DatLich\wwwroot\lib\bootstrap\dist\css\bootstrap.min.css' with relative path 'lib/bootstrap/dist/css/bootstrap.min.css' did not match include pattern '' or matched exclude pattern ''.
         Asset 'C:\Users\DELL\OneDrive\Desktop\Web spa\Long(ThanhToan_DatLich\wwwroot\lib\bootstrap\dist\css\bootstrap.min.css.map' with relative path 'lib/bootstrap/dist/css/bootstrap.min.css.map' did not match include pattern '' or matched exclude pattern ''.
         Asset 'C:\Users\DELL\OneDrive\Desktop\Web spa\Long(ThanhToan_DatLich\wwwroot\lib\bootstrap\dist\css\bootstrap.rtl.css' with relative path 'lib/bootstrap/dist/css/bootstrap.rtl.css' did not match include pattern '' or matched exclude pattern ''.
         Asset 'C:\Users\DELL\OneDrive\Desktop\Web spa\Long(ThanhToan_DatLich\wwwroot\lib\bootstrap\dist\css\bootstrap.rtl.css.map' with relative path 'lib/bootstrap/dist/css/bootstrap.rtl.css.map' did not match include pattern '' or matched exclude pattern ''.
         Asset 'C:\Users\DELL\OneDrive\Desktop\Web spa\Long(ThanhToan_DatLich\wwwroot\lib\bootstrap\dist\css\bootstrap.rtl.min.css' with relative path 'lib/bootstrap/dist/css/bootstrap.rtl.min.css' did not match include pattern '' or matched exclude pattern ''.
         Asset 'C:\Users\DELL\OneDrive\Desktop\Web spa\Long(ThanhToan_DatLich\wwwroot\lib\bootstrap\dist\css\bootstrap.rtl.min.css.map' with relative path 'lib/bootstrap/dist/css/bootstrap.rtl.min.css.map' did not match include pattern '' or matched exclude pattern ''.
         Asset 'C:\Users\DELL\OneDrive\Desktop\Web spa\Long(ThanhToan_DatLich\wwwroot\lib\bootstrap\dist\js\bootstrap.bundle.js' with relative path 'lib/bootstrap/dist/js/bootstrap.bundle.js' did not match include pattern '' or matched exclude pattern ''.
         Asset 'C:\Users\DELL\OneDrive\Desktop\Web spa\Long(ThanhToan_DatLich\wwwroot\lib\bootstrap\dist\js\bootstrap.bundle.js.map' with relative path 'lib/bootstrap/dist/js/bootstrap.bundle.js.map' did not match include pattern '' or matched exclude pattern ''.
         Asset 'C:\Users\DELL\OneDrive\Desktop\Web spa\Long(ThanhToan_DatLich\wwwroot\lib\bootstrap\dist\js\bootstrap.bundle.min.js' with relative path 'lib/bootstrap/dist/js/bootstrap.bundle.min.js' did not match include pattern '' or matched exclude pattern ''.
         Asset 'C:\Users\DELL\OneDrive\Desktop\Web spa\Long(ThanhToan_DatLich\wwwroot\lib\bootstrap\dist\js\bootstrap.bundle.min.js.map' with relative path 'lib/bootstrap/dist/js/bootstrap.bundle.min.js.map' did not match include pattern '' or matched exclude pattern ''.
         Asset 'C:\Users\DELL\OneDrive\Desktop\Web spa\Long(ThanhToan_DatLich\wwwroot\lib\bootstrap\dist\js\bootstrap.esm.js' with relative path 'lib/bootstrap/dist/js/bootstrap.esm.js' did not match include pattern '' or matched exclude pattern ''.
         Asset 'C:\Users\DELL\OneDrive\Desktop\Web spa\Long(ThanhToan_DatLich\wwwroot\lib\bootstrap\dist\js\bootstrap.esm.js.map' with relative path 'lib/bootstrap/dist/js/bootstrap.esm.js.map' did not match include pattern '' or matched exclude pattern ''.
         Asset 'C:\Users\DELL\OneDrive\Desktop\Web spa\Long(ThanhToan_DatLich\wwwroot\lib\bootstrap\dist\js\bootstrap.esm.min.js' with relative path 'lib/bootstrap/dist/js/bootstrap.esm.min.js' did not match include pattern '' or matched exclude pattern ''.
         Asset 'C:\Users\DELL\OneDrive\Desktop\Web spa\Long(ThanhToan_DatLich\wwwroot\lib\bootstrap\dist\js\bootstrap.esm.min.js.map' with relative path 'lib/bootstrap/dist/js/bootstrap.esm.min.js.map' did not match include pattern '' or matched exclude pattern ''.
         Asset 'C:\Users\DELL\OneDrive\Desktop\Web spa\Long(ThanhToan_DatLich\wwwroot\lib\bootstrap\dist\js\bootstrap.js' with relative path 'lib/bootstrap/dist/js/bootstrap.js' did not match include pattern '' or matched exclude pattern ''.
         Asset 'C:\Users\DELL\OneDrive\Desktop\Web spa\Long(ThanhToan_DatLich\wwwroot\lib\bootstrap\dist\js\bootstrap.js.map' with relative path 'lib/bootstrap/dist/js/bootstrap.js.map' did not match include pattern '' or matched exclude pattern ''.
         Asset 'C:\Users\DELL\OneDrive\Desktop\Web spa\Long(ThanhToan_DatLich\wwwroot\lib\bootstrap\dist\js\bootstrap.min.js' with relative path 'lib/bootstrap/dist/js/bootstrap.min.js' did not match include pattern '' or matched exclude pattern ''.
         Asset 'C:\Users\DELL\OneDrive\Desktop\Web spa\Long(ThanhToan_DatLich\wwwroot\lib\bootstrap\dist\js\bootstrap.min.js.map' with relative path 'lib/bootstrap/dist/js/bootstrap.min.js.map' did not match include pattern '' or matched exclude pattern ''.
         Asset 'C:\Users\DELL\OneDrive\Desktop\Web spa\Long(ThanhToan_DatLich\wwwroot\lib\bootstrap\LICENSE' with relative path 'lib/bootstrap/LICENSE' did not match include pattern '' or matched exclude pattern ''.
         Asset 'C:\Users\DELL\OneDrive\Desktop\Web spa\Long(ThanhToan_DatLich\wwwroot\lib\jquery-validation-unobtrusive\jquery.validate.unobtrusive.js' with relative path 'lib/jquery-validation-unobtrusive/jquery.validate.unobtrusive.js' did not match include pattern '' or matched exclude pattern ''.
         Asset 'C:\Users\DELL\OneDrive\Desktop\Web spa\Long(ThanhToan_DatLich\wwwroot\lib\jquery-validation-unobtrusive\jquery.validate.unobtrusive.min.js' with relative path 'lib/jquery-validation-unobtrusive/jquery.validate.unobtrusive.min.js' did not match include pattern '' or matched exclude pattern ''.
         Asset 'C:\Users\DELL\OneDrive\Desktop\Web spa\Long(ThanhToan_DatLich\wwwroot\lib\jquery-validation-unobtrusive\LICENSE.txt' with relative path 'lib/jquery-validation-unobtrusive/LICENSE.txt' did not match include pattern '' or matched exclude pattern ''.
         Asset 'C:\Users\DELL\OneDrive\Desktop\Web spa\Long(ThanhToan_DatLich\wwwroot\lib\jquery-validation\dist\additional-methods.js' with relative path 'lib/jquery-validation/dist/additional-methods.js' did not match include pattern '' or matched exclude pattern ''.
         Asset 'C:\Users\DELL\OneDrive\Desktop\Web spa\Long(ThanhToan_DatLich\wwwroot\lib\jquery-validation\dist\additional-methods.min.js' with relative path 'lib/jquery-validation/dist/additional-methods.min.js' did not match include pattern '' or matched exclude pattern ''.
         Asset 'C:\Users\DELL\OneDrive\Desktop\Web spa\Long(ThanhToan_DatLich\wwwroot\lib\jquery-validation\dist\jquery.validate.js' with relative path 'lib/jquery-validation/dist/jquery.validate.js' did not match include pattern '' or matched exclude pattern ''.
         Asset 'C:\Users\DELL\OneDrive\Desktop\Web spa\Long(ThanhToan_DatLich\wwwroot\lib\jquery-validation\dist\jquery.validate.min.js' with relative path 'lib/jquery-validation/dist/jquery.validate.min.js' did not match include pattern '' or matched exclude pattern ''.
         Asset 'C:\Users\DELL\OneDrive\Desktop\Web spa\Long(ThanhToan_DatLich\wwwroot\lib\jquery-validation\LICENSE.md' with relative path 'lib/jquery-validation/LICENSE.md' did not match include pattern '' or matched exclude pattern ''.
         Asset 'C:\Users\DELL\OneDrive\Desktop\Web spa\Long(ThanhToan_DatLich\wwwroot\lib\jquery\dist\jquery.js' with relative path 'lib/jquery/dist/jquery.js' did not match include pattern '' or matched exclude pattern ''.
         Asset 'C:\Users\DELL\OneDrive\Desktop\Web spa\Long(ThanhToan_DatLich\wwwroot\lib\jquery\dist\jquery.min.js' with relative path 'lib/jquery/dist/jquery.min.js' did not match include pattern '' or matched exclude pattern ''.
         Asset 'C:\Users\DELL\OneDrive\Desktop\Web spa\Long(ThanhToan_DatLich\wwwroot\lib\jquery\dist\jquery.min.map' with relative path 'lib/jquery/dist/jquery.min.map' did not match include pattern '' or matched exclude pattern ''.
         Asset 'C:\Users\DELL\OneDrive\Desktop\Web spa\Long(ThanhToan_DatLich\wwwroot\lib\jquery\LICENSE.txt' with relative path 'lib/jquery/LICENSE.txt' did not match include pattern '' or matched exclude pattern ''.
         Asset 'C:\Users\DELL\OneDrive\Desktop\Web spa\Long(ThanhToan_DatLich\obj\Debug\net8.0\scopedcss\bundle\SpaN5.styles.css' with relative path 'SpaN5.styles.css' did not match include pattern '' or matched exclude pattern ''.
         Asset 'C:\Users\DELL\OneDrive\Desktop\Web spa\Long(ThanhToan_DatLich\obj\Debug\net8.0\scopedcss\projectbundle\SpaN5.bundle.scp.css' with relative path 'SpaN5.bundle.scp.css' did not match include pattern '' or matched exclude pattern ''.
         Resolved 0 compressed assets for 0 candidate assets.
       Done executing task "ResolveCompressedAssets".
   2:6>Done building target "ResolveBuildCompressedStaticWebAssetsConfiguration" in project "SpaN5.csproj".
   2:6>Target "GenerateBuildCompressedStaticWebAssets" in file "C:\Program Files\dotnet\sdk\9.0.308\Sdks\Microsoft.NET.Sdk.StaticWebAssets\targets\Microsoft.NET.Sdk.StaticWebAssets.Compression.targets" from project "C:\Users\DELL\OneDrive\Desktop\Web spa\Long(ThanhToan_DatLich\SpaN5.csproj" (target "ResolveBuildCompressedStaticWebAssets" depends on it):
       Task "GZipCompress" skipped, due to false condition; ('@(_GZipCompressedStaticWebAssets)' != '') was evaluated as ('' != '').
       Task "BrotliCompress" skipped, due to false condition; ('@(_BrotliCompressedStaticWebAssets)' != '') was evaluated as ('' != '').
   2:6>Done building target "GenerateBuildCompressedStaticWebAssets" in project "SpaN5.csproj".
   2:6>Target "ResolveBuildCompressedStaticWebAssets" in file "C:\Program Files\dotnet\sdk\9.0.308\Sdks\Microsoft.NET.Sdk.StaticWebAssets\targets\Microsoft.NET.Sdk.StaticWebAssets.Compression.targets" from project "C:\Users\DELL\OneDrive\Desktop\Web spa\Long(ThanhToan_DatLich\SpaN5.csproj" (target "ResolveBuildRelatedStaticWebAssets" depends on it):
       Task "DefineStaticWebAssets"
         Updating cache completely.
       Done executing task "DefineStaticWebAssets".
       Task "DefineStaticWebAssetEndpoints"
       Done executing task "DefineStaticWebAssetEndpoints".
       Using "ApplyCompressionNegotiation" task from assembly "C:\Program Files\dotnet\sdk\9.0.308\Sdks\Microsoft.NET.Sdk.StaticWebAssets\targets\..\tasks\net9.0\Microsoft.NET.Sdk.StaticWebAssets.Tasks.dll".
       Task "ApplyCompressionNegotiation"
       Done executing task "ApplyCompressionNegotiation".
   2:6>Done building target "ResolveBuildCompressedStaticWebAssets" in project "SpaN5.csproj".
       Target "ResolveStaticWebAssetsInputs" skipped. Previously built successfully.
   2:6>Target "ResolveBuildRelatedStaticWebAssets" in file "C:\Program Files\dotnet\sdk\9.0.308\Sdks\Microsoft.NET.Sdk.StaticWebAssets\targets\Microsoft.NET.Sdk.StaticWebAssets.targets" from project "C:\Users\DELL\OneDrive\Desktop\Web spa\Long(ThanhToan_DatLich\SpaN5.csproj" (target "ResolveBuildStaticWebAssets" depends on it):
   2:6>Done building target "ResolveBuildRelatedStaticWebAssets" in project "SpaN5.csproj".
   2:6>Target "ResolveBuildStaticWebAssets" in file "C:\Program Files\dotnet\sdk\9.0.308\Sdks\Microsoft.NET.Sdk.StaticWebAssets\targets\Microsoft.NET.Sdk.StaticWebAssets.targets" from project "C:\Users\DELL\OneDrive\Desktop\Web spa\Long(ThanhToan_DatLich\SpaN5.csproj" (target "StaticWebAssetsPrepareForRun" depends on it):
   2:6>Done building target "ResolveBuildStaticWebAssets" in project "SpaN5.csproj".
       Target "ResolveBuildStaticWebAssets" skipped. Previously built successfully.
   2:6>Target "GenerateStaticWebAssetsManifest" in file "C:\Program Files\dotnet\sdk\9.0.308\Sdks\Microsoft.NET.Sdk.StaticWebAssets\targets\Microsoft.NET.Sdk.StaticWebAssets.targets" from project "C:\Users\DELL\OneDrive\Desktop\Web spa\Long(ThanhToan_DatLich\SpaN5.csproj" (target "StaticWebAssetsPrepareForRun" depends on it):
       Task "MergeStaticWebAssets" skipped, due to false condition; ('@(StaticWebAssetsEmbeddedConfiguration)' != '') was evaluated as ('' != '').
       Using "GenerateStaticWebAssetsManifest" task from assembly "C:\Program Files\dotnet\sdk\9.0.308\Sdks\Microsoft.NET.Sdk.StaticWebAssets\targets\..\tasks\net9.0\Microsoft.NET.Sdk.StaticWebAssets.Tasks.dll".
       Task "GenerateStaticWebAssetsManifest"
         Generating manifest for '63' assets and '126' endpoints
         Skipping manifest updated because manifest version 'Umz7EivEuZoM8gYB9yp2rW5U1yRx1nV/SvaFzsrbZSk=' has not changed.
       Done executing task "GenerateStaticWebAssetsManifest".
       Using "GenerateStaticWebAssetEndpointsManifest" task from assembly "C:\Program Files\dotnet\sdk\9.0.308\Sdks\Microsoft.NET.Sdk.StaticWebAssets\targets\..\tasks\net9.0\Microsoft.NET.Sdk.StaticWebAssets.Tasks.dll".
       Task "GenerateStaticWebAssetEndpointsManifest"
         Skipping manifest generation because manifest file 'obj\Debug\net8.0\staticwebassets.build.endpoints.json' is up to date.
       Done executing task "GenerateStaticWebAssetEndpointsManifest".
       Using "GenerateStaticWebAssetsDevelopmentManifest" task from assembly "C:\Program Files\dotnet\sdk\9.0.308\Sdks\Microsoft.NET.Sdk.StaticWebAssets\targets\..\tasks\net9.0\Microsoft.NET.Sdk.StaticWebAssets.Tasks.dll".
       Task "GenerateStaticWebAssetsDevelopmentManifest"
         Skipping candidate asset 'C:\Users\DELL\OneDrive\Desktop\Web spa\Long(ThanhToan_DatLich\obj\Debug\net8.0\scopedcss\projectbundle\SpaN5.bundle.scp.css' because asset mode is 'Reference'
         Skipping manifest update because manifest version 'Zx1V3FGLxT3KMaG1IdmNH069W9J6Rits4q/azqB/LsQ=' has not changed.
       Done executing task "GenerateStaticWebAssetsDevelopmentManifest".
   2:6>Done building target "GenerateStaticWebAssetsManifest" in project "SpaN5.csproj".
       Target "GenerateStaticWebAssetsPackFiles" skipped, due to false condition; ('$(IsPackable)' == 'true') was evaluated as ('false' == 'true').
   2:6>Target "LoadStaticWebAssetsBuildManifest" in file "C:\Program Files\dotnet\sdk\9.0.308\Sdks\Microsoft.NET.Sdk.StaticWebAssets\targets\Microsoft.NET.Sdk.StaticWebAssets.Publish.targets" from project "C:\Users\DELL\OneDrive\Desktop\Web spa\Long(ThanhToan_DatLich\SpaN5.csproj" (target "CopyStaticWebAssetsToOutputDirectory" depends on it):
       Task "ReadStaticWebAssetsManifestFile" skipped, due to false condition; ('$(_ShouldLoadBuildManifestAndUpdateAssets)' == 'true') was evaluated as ('false' == 'true').
   2:6>Done building target "LoadStaticWebAssetsBuildManifest" in project "SpaN5.csproj".
   2:6>Target "_EnsureContentRootFolders" in file "C:\Program Files\dotnet\sdk\9.0.308\Sdks\Microsoft.NET.Sdk.StaticWebAssets\targets\Microsoft.NET.Sdk.StaticWebAssets.targets" from project "C:\Users\DELL\OneDrive\Desktop\Web spa\Long(ThanhToan_DatLich\SpaN5.csproj" (target "CopyStaticWebAssetsToOutputDirectory" depends on it):
       Task "MakeDir"
       Done executing task "MakeDir".
   2:6>Done building target "_EnsureContentRootFolders" in project "SpaN5.csproj".
   2:6>Target "CopyStaticWebAssetsToOutputDirectory" in file "C:\Program Files\dotnet\sdk\9.0.308\Sdks\Microsoft.NET.Sdk.StaticWebAssets\targets\Microsoft.NET.Sdk.StaticWebAssets.targets" from project "C:\Users\DELL\OneDrive\Desktop\Web spa\Long(ThanhToan_DatLich\SpaN5.csproj" (target "StaticWebAssetsPrepareForRun" depends on it):
   2:6>Done building target "CopyStaticWebAssetsToOutputDirectory" in project "SpaN5.csproj".
   2:6>Target "_SplitStaticWebAssetsByCopyOptions" in file "C:\Program Files\dotnet\sdk\9.0.308\Sdks\Microsoft.NET.Sdk.StaticWebAssets\targets\Microsoft.NET.Sdk.StaticWebAssets.targets" from project "C:\Users\DELL\OneDrive\Desktop\Web spa\Long(ThanhToan_DatLich\SpaN5.csproj" (target "StaticWebAssetsPrepareForRun" depends on it):
       Using "CollectStaticWebAssetsToCopy" task from assembly "C:\Program Files\dotnet\sdk\9.0.308\Sdks\Microsoft.NET.Sdk.StaticWebAssets\targets\..\tasks\net9.0\Microsoft.NET.Sdk.StaticWebAssets.Tasks.dll".
       Task "CollectStaticWebAssetsToCopy"
         Skipping asset 'C:\Users\DELL\OneDrive\Desktop\Web spa\Long(ThanhToan_DatLich\wwwroot\css\app.css' since copy to output directory option is 'Never'
         Skipping asset 'C:\Users\DELL\OneDrive\Desktop\Web spa\Long(ThanhToan_DatLich\wwwroot\favicon.ico' since copy to output directory option is 'Never'
         Skipping asset 'C:\Users\DELL\OneDrive\Desktop\Web spa\Long(ThanhToan_DatLich\wwwroot\js\site.js' since copy to output directory option is 'Never'
         Skipping asset 'C:\Users\DELL\OneDrive\Desktop\Web spa\Long(ThanhToan_DatLich\wwwroot\css\site.css' since copy to output directory option is 'Never'
         Skipping asset 'C:\Users\DELL\OneDrive\Desktop\Web spa\Long(ThanhToan_DatLich\wwwroot\lib\bootstrap\dist\css\bootstrap-grid.css' since copy to output directory option is 'Never'
         Skipping asset 'C:\Users\DELL\OneDrive\Desktop\Web spa\Long(ThanhToan_DatLich\wwwroot\lib\bootstrap\dist\css\bootstrap-grid.css.map' since copy to output directory option is 'Never'
         Skipping asset 'C:\Users\DELL\OneDrive\Desktop\Web spa\Long(ThanhToan_DatLich\wwwroot\lib\bootstrap\dist\css\bootstrap-grid.min.css' since copy to output directory option is 'Never'
         Skipping asset 'C:\Users\DELL\OneDrive\Desktop\Web spa\Long(ThanhToan_DatLich\wwwroot\lib\bootstrap\dist\css\bootstrap-grid.min.css.map' since copy to output directory option is 'Never'
         Skipping asset 'C:\Users\DELL\OneDrive\Desktop\Web spa\Long(ThanhToan_DatLich\wwwroot\lib\bootstrap\dist\css\bootstrap-grid.rtl.css' since copy to output directory option is 'Never'
         Skipping asset 'C:\Users\DELL\OneDrive\Desktop\Web spa\Long(ThanhToan_DatLich\wwwroot\lib\bootstrap\dist\css\bootstrap-grid.rtl.css.map' since copy to output directory option is 'Never'
         Skipping asset 'C:\Users\DELL\OneDrive\Desktop\Web spa\Long(ThanhToan_DatLich\wwwroot\lib\bootstrap\dist\css\bootstrap-grid.rtl.min.css' since copy to output directory option is 'Never'
         Skipping asset 'C:\Users\DELL\OneDrive\Desktop\Web spa\Long(ThanhToan_DatLich\wwwroot\lib\bootstrap\dist\css\bootstrap-grid.rtl.min.css.map' since copy to output directory option is 'Never'
         Skipping asset 'C:\Users\DELL\OneDrive\Desktop\Web spa\Long(ThanhToan_DatLich\wwwroot\lib\bootstrap\dist\css\bootstrap-reboot.css' since copy to output directory option is 'Never'
         Skipping asset 'C:\Users\DELL\OneDrive\Desktop\Web spa\Long(ThanhToan_DatLich\wwwroot\lib\bootstrap\dist\css\bootstrap-reboot.css.map' since copy to output directory option is 'Never'
         Skipping asset 'C:\Users\DELL\OneDrive\Desktop\Web spa\Long(ThanhToan_DatLich\wwwroot\lib\bootstrap\dist\css\bootstrap-reboot.min.css' since copy to output directory option is 'Never'
         Skipping asset 'C:\Users\DELL\OneDrive\Desktop\Web spa\Long(ThanhToan_DatLich\wwwroot\lib\bootstrap\dist\css\bootstrap-reboot.min.css.map' since copy to output directory option is 'Never'
         Skipping asset 'C:\Users\DELL\OneDrive\Desktop\Web spa\Long(ThanhToan_DatLich\wwwroot\lib\bootstrap\dist\css\bootstrap-reboot.rtl.css' since copy to output directory option is 'Never'
         Skipping asset 'C:\Users\DELL\OneDrive\Desktop\Web spa\Long(ThanhToan_DatLich\wwwroot\lib\bootstrap\dist\css\bootstrap-reboot.rtl.css.map' since copy to output directory option is 'Never'
         Skipping asset 'C:\Users\DELL\OneDrive\Desktop\Web spa\Long(ThanhToan_DatLich\wwwroot\lib\bootstrap\dist\css\bootstrap-reboot.rtl.min.css' since copy to output directory option is 'Never'
         Skipping asset 'C:\Users\DELL\OneDrive\Desktop\Web spa\Long(ThanhToan_DatLich\wwwroot\lib\bootstrap\dist\css\bootstrap-reboot.rtl.min.css.map' since copy to output directory option is 'Never'
         Skipping asset 'C:\Users\DELL\OneDrive\Desktop\Web spa\Long(ThanhToan_DatLich\wwwroot\lib\bootstrap\dist\css\bootstrap-utilities.css' since copy to output directory option is 'Never'
         Skipping asset 'C:\Users\DELL\OneDrive\Desktop\Web spa\Long(ThanhToan_DatLich\wwwroot\lib\bootstrap\dist\css\bootstrap-utilities.css.map' since copy to output directory option is 'Never'
         Skipping asset 'C:\Users\DELL\OneDrive\Desktop\Web spa\Long(ThanhToan_DatLich\wwwroot\lib\bootstrap\dist\css\bootstrap-utilities.min.css' since copy to output directory option is 'Never'
         Skipping asset 'C:\Users\DELL\OneDrive\Desktop\Web spa\Long(ThanhToan_DatLich\wwwroot\lib\bootstrap\dist\css\bootstrap-utilities.min.css.map' since copy to output directory option is 'Never'
         Skipping asset 'C:\Users\DELL\OneDrive\Desktop\Web spa\Long(ThanhToan_DatLich\wwwroot\lib\bootstrap\dist\css\bootstrap-utilities.rtl.css' since copy to output directory option is 'Never'
         Skipping asset 'C:\Users\DELL\OneDrive\Desktop\Web spa\Long(ThanhToan_DatLich\wwwroot\lib\bootstrap\dist\css\bootstrap-utilities.rtl.css.map' since copy to output directory option is 'Never'
         Skipping asset 'C:\Users\DELL\OneDrive\Desktop\Web spa\Long(ThanhToan_DatLich\wwwroot\lib\bootstrap\dist\css\bootstrap-utilities.rtl.min.css' since copy to output directory option is 'Never'
         Skipping asset 'C:\Users\DELL\OneDrive\Desktop\Web spa\Long(ThanhToan_DatLich\wwwroot\lib\bootstrap\dist\css\bootstrap-utilities.rtl.min.css.map' since copy to output directory option is 'Never'
         Skipping asset 'C:\Users\DELL\OneDrive\Desktop\Web spa\Long(ThanhToan_DatLich\wwwroot\lib\bootstrap\dist\css\bootstrap.css' since copy to output directory option is 'Never'
         Skipping asset 'C:\Users\DELL\OneDrive\Desktop\Web spa\Long(ThanhToan_DatLich\wwwroot\lib\bootstrap\dist\css\bootstrap.css.map' since copy to output directory option is 'Never'
         Skipping asset 'C:\Users\DELL\OneDrive\Desktop\Web spa\Long(ThanhToan_DatLich\wwwroot\lib\bootstrap\dist\css\bootstrap.min.css' since copy to output directory option is 'Never'
         Skipping asset 'C:\Users\DELL\OneDrive\Desktop\Web spa\Long(ThanhToan_DatLich\wwwroot\lib\bootstrap\dist\css\bootstrap.min.css.map' since copy to output directory option is 'Never'
         Skipping asset 'C:\Users\DELL\OneDrive\Desktop\Web spa\Long(ThanhToan_DatLich\wwwroot\lib\bootstrap\dist\css\bootstrap.rtl.css' since copy to output directory option is 'Never'
         Skipping asset 'C:\Users\DELL\OneDrive\Desktop\Web spa\Long(ThanhToan_DatLich\wwwroot\lib\bootstrap\dist\css\bootstrap.rtl.css.map' since copy to output directory option is 'Never'
         Skipping asset 'C:\Users\DELL\OneDrive\Desktop\Web spa\Long(ThanhToan_DatLich\wwwroot\lib\bootstrap\dist\css\bootstrap.rtl.min.css' since copy to output directory option is 'Never'
         Skipping asset 'C:\Users\DELL\OneDrive\Desktop\Web spa\Long(ThanhToan_DatLich\wwwroot\lib\bootstrap\dist\css\bootstrap.rtl.min.css.map' since copy to output directory option is 'Never'
         Skipping asset 'C:\Users\DELL\OneDrive\Desktop\Web spa\Long(ThanhToan_DatLich\wwwroot\lib\bootstrap\dist\js\bootstrap.bundle.js' since copy to output directory option is 'Never'
         Skipping asset 'C:\Users\DELL\OneDrive\Desktop\Web spa\Long(ThanhToan_DatLich\wwwroot\lib\bootstrap\dist\js\bootstrap.bundle.js.map' since copy to output directory option is 'Never'
         Skipping asset 'C:\Users\DELL\OneDrive\Desktop\Web spa\Long(ThanhToan_DatLich\wwwroot\lib\bootstrap\dist\js\bootstrap.bundle.min.js' since copy to output directory option is 'Never'
         Skipping asset 'C:\Users\DELL\OneDrive\Desktop\Web spa\Long(ThanhToan_DatLich\wwwroot\lib\bootstrap\dist\js\bootstrap.bundle.min.js.map' since copy to output directory option is 'Never'
         Skipping asset 'C:\Users\DELL\OneDrive\Desktop\Web spa\Long(ThanhToan_DatLich\wwwroot\lib\bootstrap\dist\js\bootstrap.esm.js' since copy to output directory option is 'Never'
         Skipping asset 'C:\Users\DELL\OneDrive\Desktop\Web spa\Long(ThanhToan_DatLich\wwwroot\lib\bootstrap\dist\js\bootstrap.esm.js.map' since copy to output directory option is 'Never'
         Skipping asset 'C:\Users\DELL\OneDrive\Desktop\Web spa\Long(ThanhToan_DatLich\wwwroot\lib\bootstrap\dist\js\bootstrap.esm.min.js' since copy to output directory option is 'Never'
         Skipping asset 'C:\Users\DELL\OneDrive\Desktop\Web spa\Long(ThanhToan_DatLich\wwwroot\lib\bootstrap\dist\js\bootstrap.esm.min.js.map' since copy to output directory option is 'Never'
         Skipping asset 'C:\Users\DELL\OneDrive\Desktop\Web spa\Long(ThanhToan_DatLich\wwwroot\lib\bootstrap\dist\js\bootstrap.js' since copy to output directory option is 'Never'
         Skipping asset 'C:\Users\DELL\OneDrive\Desktop\Web spa\Long(ThanhToan_DatLich\wwwroot\lib\bootstrap\dist\js\bootstrap.js.map' since copy to output directory option is 'Never'
         Skipping asset 'C:\Users\DELL\OneDrive\Desktop\Web spa\Long(ThanhToan_DatLich\wwwroot\lib\bootstrap\dist\js\bootstrap.min.js' since copy to output directory option is 'Never'
         Skipping asset 'C:\Users\DELL\OneDrive\Desktop\Web spa\Long(ThanhToan_DatLich\wwwroot\lib\bootstrap\dist\js\bootstrap.min.js.map' since copy to output directory option is 'Never'
         Skipping asset 'C:\Users\DELL\OneDrive\Desktop\Web spa\Long(ThanhToan_DatLich\wwwroot\lib\bootstrap\LICENSE' since copy to output directory option is 'Never'
         Skipping asset 'C:\Users\DELL\OneDrive\Desktop\Web spa\Long(ThanhToan_DatLich\wwwroot\lib\jquery-validation-unobtrusive\jquery.validate.unobtrusive.js' since copy to output directory option is 'Never'
         Skipping asset 'C:\Users\DELL\OneDrive\Desktop\Web spa\Long(ThanhToan_DatLich\wwwroot\lib\jquery-validation-unobtrusive\jquery.validate.unobtrusive.min.js' since copy to output directory option is 'Never'
         Skipping asset 'C:\Users\DELL\OneDrive\Desktop\Web spa\Long(ThanhToan_DatLich\wwwroot\lib\jquery-validation-unobtrusive\LICENSE.txt' since copy to output directory option is 'Never'
         Skipping asset 'C:\Users\DELL\OneDrive\Desktop\Web spa\Long(ThanhToan_DatLich\wwwroot\lib\jquery-validation\dist\additional-methods.js' since copy to output directory option is 'Never'
         Skipping asset 'C:\Users\DELL\OneDrive\Desktop\Web spa\Long(ThanhToan_DatLich\wwwroot\lib\jquery-validation\dist\additional-methods.min.js' since copy to output directory option is 'Never'
         Skipping asset 'C:\Users\DELL\OneDrive\Desktop\Web spa\Long(ThanhToan_DatLich\wwwroot\lib\jquery-validation\dist\jquery.validate.js' since copy to output directory option is 'Never'
         Skipping asset 'C:\Users\DELL\OneDrive\Desktop\Web spa\Long(ThanhToan_DatLich\wwwroot\lib\jquery-validation\dist\jquery.validate.min.js' since copy to output directory option is 'Never'
         Skipping asset 'C:\Users\DELL\OneDrive\Desktop\Web spa\Long(ThanhToan_DatLich\wwwroot\lib\jquery-validation\LICENSE.md' since copy to output directory option is 'Never'
         Skipping asset 'C:\Users\DELL\OneDrive\Desktop\Web spa\Long(ThanhToan_DatLich\wwwroot\lib\jquery\dist\jquery.js' since copy to output directory option is 'Never'
         Skipping asset 'C:\Users\DELL\OneDrive\Desktop\Web spa\Long(ThanhToan_DatLich\wwwroot\lib\jquery\dist\jquery.min.js' since copy to output directory option is 'Never'
         Skipping asset 'C:\Users\DELL\OneDrive\Desktop\Web spa\Long(ThanhToan_DatLich\wwwroot\lib\jquery\dist\jquery.min.map' since copy to output directory option is 'Never'
         Skipping asset 'C:\Users\DELL\OneDrive\Desktop\Web spa\Long(ThanhToan_DatLich\wwwroot\lib\jquery\LICENSE.txt' since copy to output directory option is 'Never'
         Skipping asset 'C:\Users\DELL\OneDrive\Desktop\Web spa\Long(ThanhToan_DatLich\obj\Debug\net8.0\scopedcss\bundle\SpaN5.styles.css' since copy to output directory option is 'Never'
         Skipping asset 'C:\Users\DELL\OneDrive\Desktop\Web spa\Long(ThanhToan_DatLich\obj\Debug\net8.0\scopedcss\projectbundle\SpaN5.bundle.scp.css' since asset mode is 'Reference'
         Skipping asset 'C:\Users\DELL\OneDrive\Desktop\Web spa\Long(ThanhToan_DatLich\obj\Debug\net8.0\scopedcss\projectbundle\SpaN5.bundle.scp.css' since copy to output directory option is 'Never'
       Done executing task "CollectStaticWebAssetsToCopy".
   2:6>Done building target "_SplitStaticWebAssetsByCopyOptions" in project "SpaN5.csproj".
   2:6>Target "_BuildCopyStaticWebAssetsPreserveNewest" in file "C:\Program Files\dotnet\sdk\9.0.308\Sdks\Microsoft.NET.Sdk.StaticWebAssets\targets\Microsoft.NET.Sdk.StaticWebAssets.targets" from project "C:\Users\DELL\OneDrive\Desktop\Web spa\Long(ThanhToan_DatLich\SpaN5.csproj" (target "StaticWebAssetsPrepareForRun" depends on it):
       Skipping target "_BuildCopyStaticWebAssetsPreserveNewest" because it has no outputs.
       Though the target has declared its outputs, the output specification only references empty properties and/or empty item lists.
   2:6>Done building target "_BuildCopyStaticWebAssetsPreserveNewest" in project "SpaN5.csproj".
   2:6>Target "_BuildCopyStaticWebAssetsAlways" in file "C:\Program Files\dotnet\sdk\9.0.308\Sdks\Microsoft.NET.Sdk.StaticWebAssets\targets\Microsoft.NET.Sdk.StaticWebAssets.targets" from project "C:\Users\DELL\OneDrive\Desktop\Web spa\Long(ThanhToan_DatLich\SpaN5.csproj" (target "StaticWebAssetsPrepareForRun" depends on it):
       Using "Copy" task from assembly "Microsoft.Build.Tasks.Core, Version=15.1.0.0, Culture=neutral, PublicKeyToken=b03f5f7f11d50a3a".
       Task "Copy"
       Done executing task "Copy".
   2:6>Done building target "_BuildCopyStaticWebAssetsAlways" in project "SpaN5.csproj".
   2:6>Target "StaticWebAssetsPrepareForRun" in file "C:\Program Files\dotnet\sdk\9.0.308\Sdks\Microsoft.NET.Sdk.StaticWebAssets\targets\Microsoft.NET.Sdk.StaticWebAssets.targets" from project "C:\Users\DELL\OneDrive\Desktop\Web spa\Long(ThanhToan_DatLich\SpaN5.csproj" (target "PrepareForRun" depends on it):
   2:6>Done building target "StaticWebAssetsPrepareForRun" in project "SpaN5.csproj".
       Target "ComputeIntermediateSatelliteAssemblies" skipped, due to false condition; (@(EmbeddedResource->'%(WithCulture)') != '') was evaluated as ( != '').
   2:6>Target "_CopyFilesMarkedCopyLocal" in file "C:\Program Files\dotnet\sdk\9.0.308\Microsoft.Common.CurrentVersion.targets" from project "C:\Users\DELL\OneDrive\Desktop\Web spa\Long(ThanhToan_DatLich\SpaN5.csproj" (target "CopyFilesToOutputDirectory" depends on it):
       Task "Copy"
         Did not copy from file "C:\Users\DELL\.nuget\packages\azure.core\1.38.0\lib\net6.0\Azure.Core.dll" to file "bin\Debug\net8.0\Azure.Core.dll" because the "SkipUnchangedFiles" parameter was set to "true" in the project and the files' sizes and timestamps match.
         Did not copy from file "C:\Users\DELL\.nuget\packages\azure.identity\1.11.4\lib\netstandard2.0\Azure.Identity.dll" to file "bin\Debug\net8.0\Azure.Identity.dll" because the "SkipUnchangedFiles" parameter was set to "true" in the project and the files' sizes and timestamps match.
         Did not copy from file "C:\Users\DELL\.nuget\packages\humanizer.core\2.14.1\lib\net6.0\Humanizer.dll" to file "bin\Debug\net8.0\Humanizer.dll" because the "SkipUnchangedFiles" parameter was set to "true" in the project and the files' sizes and timestamps match.
         Did not copy from file "C:\Users\DELL\.nuget\packages\microsoft.bcl.asyncinterfaces\6.0.0\lib\netstandard2.1\Microsoft.Bcl.AsyncInterfaces.dll" to file "bin\Debug\net8.0\Microsoft.Bcl.AsyncInterfaces.dll" because the "SkipUnchangedFiles" parameter was set to "true" in the project and the files' sizes and timestamps match.
         Did not copy from file "C:\Users\DELL\.nuget\packages\microsoft.codeanalysis.common\4.5.0\lib\netcoreapp3.1\Microsoft.CodeAnalysis.dll" to file "bin\Debug\net8.0\Microsoft.CodeAnalysis.dll" because the "SkipUnchangedFiles" parameter was set to "true" in the project and the files' sizes and timestamps match.
         Did not copy from file "C:\Users\DELL\.nuget\packages\microsoft.codeanalysis.csharp\4.5.0\lib\netcoreapp3.1\Microsoft.CodeAnalysis.CSharp.dll" to file "bin\Debug\net8.0\Microsoft.CodeAnalysis.CSharp.dll" because the "SkipUnchangedFiles" parameter was set to "true" in the project and the files' sizes and timestamps match.
         Did not copy from file "C:\Users\DELL\.nuget\packages\microsoft.codeanalysis.workspaces.common\4.5.0\lib\netcoreapp3.1\Microsoft.CodeAnalysis.Workspaces.dll" to file "bin\Debug\net8.0\Microsoft.CodeAnalysis.Workspaces.dll" because the "SkipUnchangedFiles" parameter was set to "true" in the project and the files' sizes and timestamps match.
         Did not copy from file "C:\Users\DELL\.nuget\packages\microsoft.codeanalysis.csharp.workspaces\4.5.0\lib\netcoreapp3.1\Microsoft.CodeAnalysis.CSharp.Workspaces.dll" to file "bin\Debug\net8.0\Microsoft.CodeAnalysis.CSharp.Workspaces.dll" because the "SkipUnchangedFiles" parameter was set to "true" in the project and the files' sizes and timestamps match.
         Did not copy from file "C:\Users\DELL\.nuget\packages\microsoft.data.sqlclient\5.1.7\lib\net6.0\Microsoft.Data.SqlClient.dll" to file "bin\Debug\net8.0\Microsoft.Data.SqlClient.dll" because the "SkipUnchangedFiles" parameter was set to "true" in the project and the files' sizes and timestamps match.
         Did not copy from file "C:\Users\DELL\.nuget\packages\microsoft.entityframeworkcore.abstractions\8.0.24\lib\net8.0\Microsoft.EntityFrameworkCore.Abstractions.dll" to file "bin\Debug\net8.0\Microsoft.EntityFrameworkCore.Abstractions.dll" because the "SkipUnchangedFiles" parameter was set to "true" in the project and the files' sizes and timestamps match.
         Did not copy from file "C:\Users\DELL\.nuget\packages\microsoft.entityframeworkcore.design\8.0.24\lib\net8.0\Microsoft.EntityFrameworkCore.Design.dll" to file "bin\Debug\net8.0\Microsoft.EntityFrameworkCore.Design.dll" because the "SkipUnchangedFiles" parameter was set to "true" in the project and the files' sizes and timestamps match.
         Did not copy from file "C:\Users\DELL\.nuget\packages\microsoft.entityframeworkcore.relational\8.0.24\lib\net8.0\Microsoft.EntityFrameworkCore.Relational.dll" to file "bin\Debug\net8.0\Microsoft.EntityFrameworkCore.Relational.dll" because the "SkipUnchangedFiles" parameter was set to "true" in the project and the files' sizes and timestamps match.
         Did not copy from file "C:\Users\DELL\.nuget\packages\microsoft.entityframeworkcore.sqlserver\8.0.24\lib\net8.0\Microsoft.EntityFrameworkCore.SqlServer.dll" to file "bin\Debug\net8.0\Microsoft.EntityFrameworkCore.SqlServer.dll" because the "SkipUnchangedFiles" parameter was set to "true" in the project and the files' sizes and timestamps match.
         Did not copy from file "C:\Users\DELL\.nuget\packages\microsoft.extensions.caching.memory\8.0.1\lib\net8.0\Microsoft.Extensions.Caching.Memory.dll" to file "bin\Debug\net8.0\Microsoft.Extensions.Caching.Memory.dll" because the "SkipUnchangedFiles" parameter was set to "true" in the project and the files' sizes and timestamps match.
         Did not copy from file "C:\Users\DELL\.nuget\packages\microsoft.extensions.dependencyinjection\8.0.1\lib\net8.0\Microsoft.Extensions.DependencyInjection.dll" to file "bin\Debug\net8.0\Microsoft.Extensions.DependencyInjection.dll" because the "SkipUnchangedFiles" parameter was set to "true" in the project and the files' sizes and timestamps match.
         Did not copy from file "C:\Users\DELL\.nuget\packages\microsoft.entityframeworkcore\8.0.24\lib\net8.0\Microsoft.EntityFrameworkCore.dll" to file "bin\Debug\net8.0\Microsoft.EntityFrameworkCore.dll" because the "SkipUnchangedFiles" parameter was set to "true" in the project and the files' sizes and timestamps match.
         Did not copy from file "C:\Users\DELL\.nuget\packages\microsoft.extensions.dependencyinjection.abstractions\8.0.2\lib\net8.0\Microsoft.Extensions.DependencyInjection.Abstractions.dll" to file "bin\Debug\net8.0\Microsoft.Extensions.DependencyInjection.Abstractions.dll" because the "SkipUnchangedFiles" parameter was set to "true" in the project and the files' sizes and timestamps match.
         Did not copy from file "C:\Users\DELL\.nuget\packages\microsoft.extensions.dependencymodel\8.0.2\lib\net8.0\Microsoft.Extensions.DependencyModel.dll" to file "bin\Debug\net8.0\Microsoft.Extensions.DependencyModel.dll" because the "SkipUnchangedFiles" parameter was set to "true" in the project and the files' sizes and timestamps match.
         Did not copy from file "C:\Users\DELL\.nuget\packages\microsoft.extensions.options\8.0.2\lib\net8.0\Microsoft.Extensions.Options.dll" to file "bin\Debug\net8.0\Microsoft.Extensions.Options.dll" because the "SkipUnchangedFiles" parameter was set to "true" in the project and the files' sizes and timestamps match.
         Did not copy from file "C:\Users\DELL\.nuget\packages\microsoft.extensions.logging\8.0.1\lib\net8.0\Microsoft.Extensions.Logging.dll" to file "bin\Debug\net8.0\Microsoft.Extensions.Logging.dll" because the "SkipUnchangedFiles" parameter was set to "true" in the project and the files' sizes and timestamps match.
         Did not copy from file "C:\Users\DELL\.nuget\packages\microsoft.extensions.logging.abstractions\8.0.2\lib\net8.0\Microsoft.Extensions.Logging.Abstractions.dll" to file "bin\Debug\net8.0\Microsoft.Extensions.Logging.Abstractions.dll" because the "SkipUnchangedFiles" parameter was set to "true" in the project and the files' sizes and timestamps match.
         Did not copy from file "C:\Users\DELL\.nuget\packages\microsoft.identity.client\4.61.3\lib\net6.0\Microsoft.Identity.Client.dll" to file "bin\Debug\net8.0\Microsoft.Identity.Client.dll" because the "SkipUnchangedFiles" parameter was set to "true" in the project and the files' sizes and timestamps match.
         Did not copy from file "C:\Users\DELL\.nuget\packages\microsoft.identity.client.extensions.msal\4.61.3\lib\net6.0\Microsoft.Identity.Client.Extensions.Msal.dll" to file "bin\Debug\net8.0\Microsoft.Identity.Client.Extensions.Msal.dll" because the "SkipUnchangedFiles" parameter was set to "true" in the project and the files' sizes and timestamps match.
         Did not copy from file "C:\Users\DELL\.nuget\packages\microsoft.identitymodel.logging\6.35.0\lib\net6.0\Microsoft.IdentityModel.Logging.dll" to file "bin\Debug\net8.0\Microsoft.IdentityModel.Logging.dll" because the "SkipUnchangedFiles" parameter was set to "true" in the project and the files' sizes and timestamps match.
         Did not copy from file "C:\Users\DELL\.nuget\packages\microsoft.identitymodel.jsonwebtokens\6.35.0\lib\net6.0\Microsoft.IdentityModel.JsonWebTokens.dll" to file "bin\Debug\net8.0\Microsoft.IdentityModel.JsonWebTokens.dll" because the "SkipUnchangedFiles" parameter was set to "true" in the project and the files' sizes and timestamps match.
         Did not copy from file "C:\Users\DELL\.nuget\packages\microsoft.identitymodel.protocols\6.35.0\lib\net6.0\Microsoft.IdentityModel.Protocols.dll" to file "bin\Debug\net8.0\Microsoft.IdentityModel.Protocols.dll" because the "SkipUnchangedFiles" parameter was set to "true" in the project and the files' sizes and timestamps match.
         Did not copy from file "C:\Users\DELL\.nuget\packages\microsoft.identitymodel.abstractions\6.35.0\lib\net6.0\Microsoft.IdentityModel.Abstractions.dll" to file "bin\Debug\net8.0\Microsoft.IdentityModel.Abstractions.dll" because the "SkipUnchangedFiles" parameter was set to "true" in the project and the files' sizes and timestamps match.
         Did not copy from file "C:\Users\DELL\.nuget\packages\microsoft.identitymodel.protocols.openidconnect\6.35.0\lib\net6.0\Microsoft.IdentityModel.Protocols.OpenIdConnect.dll" to file "bin\Debug\net8.0\Microsoft.IdentityModel.Protocols.OpenIdConnect.dll" because the "SkipUnchangedFiles" parameter was set to "true" in the project and the files' sizes and timestamps match.
         Did not copy from file "C:\Users\DELL\.nuget\packages\microsoft.sqlserver.server\1.0.0\lib\netstandard2.0\Microsoft.SqlServer.Server.dll" to file "bin\Debug\net8.0\Microsoft.SqlServer.Server.dll" because the "SkipUnchangedFiles" parameter was set to "true" in the project and the files' sizes and timestamps match.
         Did not copy from file "C:\Users\DELL\.nuget\packages\microsoft.identitymodel.tokens\6.35.0\lib\net6.0\Microsoft.IdentityModel.Tokens.dll" to file "bin\Debug\net8.0\Microsoft.IdentityModel.Tokens.dll" because the "SkipUnchangedFiles" parameter was set to "true" in the project and the files' sizes and timestamps match.
         Did not copy from file "C:\Users\DELL\.nuget\packages\system.codedom\4.4.0\lib\netstandard2.0\System.CodeDom.dll" to file "bin\Debug\net8.0\System.CodeDom.dll" because the "SkipUnchangedFiles" parameter was set to "true" in the project and the files' sizes and timestamps match.
         Did not copy from file "C:\Users\DELL\.nuget\packages\system.clientmodel\1.0.0\lib\net6.0\System.ClientModel.dll" to file "bin\Debug\net8.0\System.ClientModel.dll" because the "SkipUnchangedFiles" parameter was set to "true" in the project and the files' sizes and timestamps match.
         Did not copy from file "C:\Users\DELL\.nuget\packages\system.composition.attributedmodel\6.0.0\lib\net6.0\System.Composition.AttributedModel.dll" to file "bin\Debug\net8.0\System.Composition.AttributedModel.dll" because the "SkipUnchangedFiles" parameter was set to "true" in the project and the files' sizes and timestamps match.
         Did not copy from file "C:\Users\DELL\.nuget\packages\system.composition.convention\6.0.0\lib\net6.0\System.Composition.Convention.dll" to file "bin\Debug\net8.0\System.Composition.Convention.dll" because the "SkipUnchangedFiles" parameter was set to "true" in the project and the files' sizes and timestamps match.
         Did not copy from file "C:\Users\DELL\.nuget\packages\microsoft.win32.systemevents\6.0.0\lib\net6.0\Microsoft.Win32.SystemEvents.dll" to file "bin\Debug\net8.0\Microsoft.Win32.SystemEvents.dll" because the "SkipUnchangedFiles" parameter was set to "true" in the project and the files' sizes and timestamps match.
         Did not copy from file "C:\Users\DELL\.nuget\packages\system.composition.hosting\6.0.0\lib\net6.0\System.Composition.Hosting.dll" to file "bin\Debug\net8.0\System.Composition.Hosting.dll" because the "SkipUnchangedFiles" parameter was set to "true" in the project and the files' sizes and timestamps match.
         Did not copy from file "C:\Users\DELL\.nuget\packages\system.composition.runtime\6.0.0\lib\net6.0\System.Composition.Runtime.dll" to file "bin\Debug\net8.0\System.Composition.Runtime.dll" because the "SkipUnchangedFiles" parameter was set to "true" in the project and the files' sizes and timestamps match.
         Did not copy from file "C:\Users\DELL\.nuget\packages\mono.texttemplating\2.2.1\lib\netstandard2.0\Mono.TextTemplating.dll" to file "bin\Debug\net8.0\Mono.TextTemplating.dll" because the "SkipUnchangedFiles" parameter was set to "true" in the project and the files' sizes and timestamps match.
         Did not copy from file "C:\Users\DELL\.nuget\packages\system.composition.typedparts\6.0.0\lib\net6.0\System.Composition.TypedParts.dll" to file "bin\Debug\net8.0\System.Composition.TypedParts.dll" because the "SkipUnchangedFiles" parameter was set to "true" in the project and the files' sizes and timestamps match.
         Did not copy from file "C:\Users\DELL\.nuget\packages\system.configuration.configurationmanager\6.0.1\lib\net6.0\System.Configuration.ConfigurationManager.dll" to file "bin\Debug\net8.0\System.Configuration.ConfigurationManager.dll" because the "SkipUnchangedFiles" parameter was set to "true" in the project and the files' sizes and timestamps match.
         Did not copy from file "C:\Users\DELL\.nuget\packages\system.runtime.caching\6.0.0\lib\net6.0\System.Runtime.Caching.dll" to file "bin\Debug\net8.0\System.Runtime.Caching.dll" because the "SkipUnchangedFiles" parameter was set to "true" in the project and the files' sizes and timestamps match.
         Did not copy from file "C:\Users\DELL\.nuget\packages\system.memory.data\1.0.2\lib\netstandard2.0\System.Memory.Data.dll" to file "bin\Debug\net8.0\System.Memory.Data.dll" because the "SkipUnchangedFiles" parameter was set to "true" in the project and the files' sizes and timestamps match.
         Did not copy from file "C:\Users\DELL\.nuget\packages\system.identitymodel.tokens.jwt\6.35.0\lib\net6.0\System.IdentityModel.Tokens.Jwt.dll" to file "bin\Debug\net8.0\System.IdentityModel.Tokens.Jwt.dll" because the "SkipUnchangedFiles" parameter was set to "true" in the project and the files' sizes and timestamps match.
         Did not copy from file "C:\Users\DELL\.nuget\packages\system.drawing.common\6.0.0\lib\net6.0\System.Drawing.Common.dll" to file "bin\Debug\net8.0\System.Drawing.Common.dll" because the "SkipUnchangedFiles" parameter was set to "true" in the project and the files' sizes and timestamps match.
         Did not copy from file "C:\Users\DELL\.nuget\packages\system.security.permissions\6.0.0\lib\net6.0\System.Security.Permissions.dll" to file "bin\Debug\net8.0\System.Security.Permissions.dll" because the "SkipUnchangedFiles" parameter was set to "true" in the project and the files' sizes and timestamps match.
         Did not copy from file "C:\Users\DELL\.nuget\packages\system.windows.extensions\6.0.0\lib\net6.0\System.Windows.Extensions.dll" to file "bin\Debug\net8.0\System.Windows.Extensions.dll" because the "SkipUnchangedFiles" parameter was set to "true" in the project and the files' sizes and timestamps match.
         Did not copy from file "C:\Users\DELL\.nuget\packages\microsoft.codeanalysis.common\4.5.0\lib\netcoreapp3.1\cs\Microsoft.CodeAnalysis.resources.dll" to file "bin\Debug\net8.0\cs\Microsoft.CodeAnalysis.resources.dll" because the "SkipUnchangedFiles" parameter was set to "true" in the project and the files' sizes and timestamps match.
         Did not copy from file "C:\Users\DELL\.nuget\packages\microsoft.codeanalysis.common\4.5.0\lib\netcoreapp3.1\es\Microsoft.CodeAnalysis.resources.dll" to file "bin\Debug\net8.0\es\Microsoft.CodeAnalysis.resources.dll" because the "SkipUnchangedFiles" parameter was set to "true" in the project and the files' sizes and timestamps match.
         Did not copy from file "C:\Users\DELL\.nuget\packages\microsoft.codeanalysis.common\4.5.0\lib\netcoreapp3.1\fr\Microsoft.CodeAnalysis.resources.dll" to file "bin\Debug\net8.0\fr\Microsoft.CodeAnalysis.resources.dll" because the "SkipUnchangedFiles" parameter was set to "true" in the project and the files' sizes and timestamps match.
         Did not copy from file "C:\Users\DELL\.nuget\packages\microsoft.codeanalysis.common\4.5.0\lib\netcoreapp3.1\de\Microsoft.CodeAnalysis.resources.dll" to file "bin\Debug\net8.0\de\Microsoft.CodeAnalysis.resources.dll" because the "SkipUnchangedFiles" parameter was set to "true" in the project and the files' sizes and timestamps match.
         Did not copy from file "C:\Users\DELL\.nuget\packages\system.security.cryptography.protecteddata\6.0.0\lib\net6.0\System.Security.Cryptography.ProtectedData.dll" to file "bin\Debug\net8.0\System.Security.Cryptography.ProtectedData.dll" because the "SkipUnchangedFiles" parameter was set to "true" in the project and the files' sizes and timestamps match.
         Did not copy from file "C:\Users\DELL\.nuget\packages\microsoft.codeanalysis.common\4.5.0\lib\netcoreapp3.1\ja\Microsoft.CodeAnalysis.resources.dll" to file "bin\Debug\net8.0\ja\Microsoft.CodeAnalysis.resources.dll" because the "SkipUnchangedFiles" parameter was set to "true" in the project and the files' sizes and timestamps match.
         Did not copy from file "C:\Users\DELL\.nuget\packages\microsoft.codeanalysis.common\4.5.0\lib\netcoreapp3.1\ko\Microsoft.CodeAnalysis.resources.dll" to file "bin\Debug\net8.0\ko\Microsoft.CodeAnalysis.resources.dll" because the "SkipUnchangedFiles" parameter was set to "true" in the project and the files' sizes and timestamps match.
         Did not copy from file "C:\Users\DELL\.nuget\packages\microsoft.codeanalysis.common\4.5.0\lib\netcoreapp3.1\pl\Microsoft.CodeAnalysis.resources.dll" to file "bin\Debug\net8.0\pl\Microsoft.CodeAnalysis.resources.dll" because the "SkipUnchangedFiles" parameter was set to "true" in the project and the files' sizes and timestamps match.
         Did not copy from file "C:\Users\DELL\.nuget\packages\microsoft.codeanalysis.common\4.5.0\lib\netcoreapp3.1\it\Microsoft.CodeAnalysis.resources.dll" to file "bin\Debug\net8.0\it\Microsoft.CodeAnalysis.resources.dll" because the "SkipUnchangedFiles" parameter was set to "true" in the project and the files' sizes and timestamps match.
         Did not copy from file "C:\Users\DELL\.nuget\packages\microsoft.codeanalysis.common\4.5.0\lib\netcoreapp3.1\ru\Microsoft.CodeAnalysis.resources.dll" to file "bin\Debug\net8.0\ru\Microsoft.CodeAnalysis.resources.dll" because the "SkipUnchangedFiles" parameter was set to "true" in the project and the files' sizes and timestamps match.
         Did not copy from file "C:\Users\DELL\.nuget\packages\microsoft.codeanalysis.common\4.5.0\lib\netcoreapp3.1\tr\Microsoft.CodeAnalysis.resources.dll" to file "bin\Debug\net8.0\tr\Microsoft.CodeAnalysis.resources.dll" because the "SkipUnchangedFiles" parameter was set to "true" in the project and the files' sizes and timestamps match.
         Did not copy from file "C:\Users\DELL\.nuget\packages\microsoft.codeanalysis.common\4.5.0\lib\netcoreapp3.1\pt-BR\Microsoft.CodeAnalysis.resources.dll" to file "bin\Debug\net8.0\pt-BR\Microsoft.CodeAnalysis.resources.dll" because the "SkipUnchangedFiles" parameter was set to "true" in the project and the files' sizes and timestamps match.
         Did not copy from file "C:\Users\DELL\.nuget\packages\microsoft.codeanalysis.common\4.5.0\lib\netcoreapp3.1\zh-Hans\Microsoft.CodeAnalysis.resources.dll" to file "bin\Debug\net8.0\zh-Hans\Microsoft.CodeAnalysis.resources.dll" because the "SkipUnchangedFiles" parameter was set to "true" in the project and the files' sizes and timestamps match.
         Did not copy from file "C:\Users\DELL\.nuget\packages\microsoft.codeanalysis.csharp\4.5.0\lib\netcoreapp3.1\de\Microsoft.CodeAnalysis.CSharp.resources.dll" to file "bin\Debug\net8.0\de\Microsoft.CodeAnalysis.CSharp.resources.dll" because the "SkipUnchangedFiles" parameter was set to "true" in the project and the files' sizes and timestamps match.
         Did not copy from file "C:\Users\DELL\.nuget\packages\microsoft.codeanalysis.csharp\4.5.0\lib\netcoreapp3.1\es\Microsoft.CodeAnalysis.CSharp.resources.dll" to file "bin\Debug\net8.0\es\Microsoft.CodeAnalysis.CSharp.resources.dll" because the "SkipUnchangedFiles" parameter was set to "true" in the project and the files' sizes and timestamps match.
         Did not copy from file "C:\Users\DELL\.nuget\packages\microsoft.codeanalysis.csharp\4.5.0\lib\netcoreapp3.1\it\Microsoft.CodeAnalysis.CSharp.resources.dll" to file "bin\Debug\net8.0\it\Microsoft.CodeAnalysis.CSharp.resources.dll" because the "SkipUnchangedFiles" parameter was set to "true" in the project and the files' sizes and timestamps match.
         Did not copy from file "C:\Users\DELL\.nuget\packages\microsoft.codeanalysis.csharp\4.5.0\lib\netcoreapp3.1\fr\Microsoft.CodeAnalysis.CSharp.resources.dll" to file "bin\Debug\net8.0\fr\Microsoft.CodeAnalysis.CSharp.resources.dll" because the "SkipUnchangedFiles" parameter was set to "true" in the project and the files' sizes and timestamps match.
         Did not copy from file "C:\Users\DELL\.nuget\packages\microsoft.codeanalysis.csharp\4.5.0\lib\netcoreapp3.1\cs\Microsoft.CodeAnalysis.CSharp.resources.dll" to file "bin\Debug\net8.0\cs\Microsoft.CodeAnalysis.CSharp.resources.dll" because the "SkipUnchangedFiles" parameter was set to "true" in the project and the files' sizes and timestamps match.
         Did not copy from file "C:\Users\DELL\.nuget\packages\microsoft.codeanalysis.csharp\4.5.0\lib\netcoreapp3.1\ko\Microsoft.CodeAnalysis.CSharp.resources.dll" to file "bin\Debug\net8.0\ko\Microsoft.CodeAnalysis.CSharp.resources.dll" because the "SkipUnchangedFiles" parameter was set to "true" in the project and the files' sizes and timestamps match.
         Did not copy from file "C:\Users\DELL\.nuget\packages\microsoft.codeanalysis.csharp\4.5.0\lib\netcoreapp3.1\ja\Microsoft.CodeAnalysis.CSharp.resources.dll" to file "bin\Debug\net8.0\ja\Microsoft.CodeAnalysis.CSharp.resources.dll" because the "SkipUnchangedFiles" parameter was set to "true" in the project and the files' sizes and timestamps match.
         Did not copy from file "C:\Users\DELL\.nuget\packages\microsoft.codeanalysis.csharp\4.5.0\lib\netcoreapp3.1\pt-BR\Microsoft.CodeAnalysis.CSharp.resources.dll" to file "bin\Debug\net8.0\pt-BR\Microsoft.CodeAnalysis.CSharp.resources.dll" because the "SkipUnchangedFiles" parameter was set to "true" in the project and the files' sizes and timestamps match.
         Did not copy from file "C:\Users\DELL\.nuget\packages\microsoft.codeanalysis.csharp\4.5.0\lib\netcoreapp3.1\ru\Microsoft.CodeAnalysis.CSharp.resources.dll" to file "bin\Debug\net8.0\ru\Microsoft.CodeAnalysis.CSharp.resources.dll" because the "SkipUnchangedFiles" parameter was set to "true" in the project and the files' sizes and timestamps match.
         Did not copy from file "C:\Users\DELL\.nuget\packages\microsoft.codeanalysis.csharp\4.5.0\lib\netcoreapp3.1\tr\Microsoft.CodeAnalysis.CSharp.resources.dll" to file "bin\Debug\net8.0\tr\Microsoft.CodeAnalysis.CSharp.resources.dll" because the "SkipUnchangedFiles" parameter was set to "true" in the project and the files' sizes and timestamps match.
         Did not copy from file "C:\Users\DELL\.nuget\packages\microsoft.codeanalysis.common\4.5.0\lib\netcoreapp3.1\zh-Hant\Microsoft.CodeAnalysis.resources.dll" to file "bin\Debug\net8.0\zh-Hant\Microsoft.CodeAnalysis.resources.dll" because the "SkipUnchangedFiles" parameter was set to "true" in the project and the files' sizes and timestamps match.
         Did not copy from file "C:\Users\DELL\.nuget\packages\microsoft.codeanalysis.csharp\4.5.0\lib\netcoreapp3.1\zh-Hant\Microsoft.CodeAnalysis.CSharp.resources.dll" to file "bin\Debug\net8.0\zh-Hant\Microsoft.CodeAnalysis.CSharp.resources.dll" because the "SkipUnchangedFiles" parameter was set to "true" in the project and the files' sizes and timestamps match.
         Did not copy from file "C:\Users\DELL\.nuget\packages\microsoft.codeanalysis.csharp\4.5.0\lib\netcoreapp3.1\pl\Microsoft.CodeAnalysis.CSharp.resources.dll" to file "bin\Debug\net8.0\pl\Microsoft.CodeAnalysis.CSharp.resources.dll" because the "SkipUnchangedFiles" parameter was set to "true" in the project and the files' sizes and timestamps match.
         Did not copy from file "C:\Users\DELL\.nuget\packages\microsoft.codeanalysis.csharp.workspaces\4.5.0\lib\netcoreapp3.1\cs\Microsoft.CodeAnalysis.CSharp.Workspaces.resources.dll" to file "bin\Debug\net8.0\cs\Microsoft.CodeAnalysis.CSharp.Workspaces.resources.dll" because the "SkipUnchangedFiles" parameter was set to "true" in the project and the files' sizes and timestamps match.
         Did not copy from file "C:\Users\DELL\.nuget\packages\microsoft.codeanalysis.csharp.workspaces\4.5.0\lib\netcoreapp3.1\de\Microsoft.CodeAnalysis.CSharp.Workspaces.resources.dll" to file "bin\Debug\net8.0\de\Microsoft.CodeAnalysis.CSharp.Workspaces.resources.dll" because the "SkipUnchangedFiles" parameter was set to "true" in the project and the files' sizes and timestamps match.
         Did not copy from file "C:\Users\DELL\.nuget\packages\microsoft.codeanalysis.csharp.workspaces\4.5.0\lib\netcoreapp3.1\es\Microsoft.CodeAnalysis.CSharp.Workspaces.resources.dll" to file "bin\Debug\net8.0\es\Microsoft.CodeAnalysis.CSharp.Workspaces.resources.dll" because the "SkipUnchangedFiles" parameter was set to "true" in the project and the files' sizes and timestamps match.
         Did not copy from file "C:\Users\DELL\.nuget\packages\microsoft.codeanalysis.csharp\4.5.0\lib\netcoreapp3.1\zh-Hans\Microsoft.CodeAnalysis.CSharp.resources.dll" to file "bin\Debug\net8.0\zh-Hans\Microsoft.CodeAnalysis.CSharp.resources.dll" because the "SkipUnchangedFiles" parameter was set to "true" in the project and the files' sizes and timestamps match.
         Did not copy from file "C:\Users\DELL\.nuget\packages\microsoft.codeanalysis.csharp.workspaces\4.5.0\lib\netcoreapp3.1\it\Microsoft.CodeAnalysis.CSharp.Workspaces.resources.dll" to file "bin\Debug\net8.0\it\Microsoft.CodeAnalysis.CSharp.Workspaces.resources.dll" because the "SkipUnchangedFiles" parameter was set to "true" in the project and the files' sizes and timestamps match.
         Did not copy from file "C:\Users\DELL\.nuget\packages\microsoft.codeanalysis.csharp.workspaces\4.5.0\lib\netcoreapp3.1\ja\Microsoft.CodeAnalysis.CSharp.Workspaces.resources.dll" to file "bin\Debug\net8.0\ja\Microsoft.CodeAnalysis.CSharp.Workspaces.resources.dll" because the "SkipUnchangedFiles" parameter was set to "true" in the project and the files' sizes and timestamps match.
         Did not copy from file "C:\Users\DELL\.nuget\packages\microsoft.codeanalysis.csharp.workspaces\4.5.0\lib\netcoreapp3.1\ko\Microsoft.CodeAnalysis.CSharp.Workspaces.resources.dll" to file "bin\Debug\net8.0\ko\Microsoft.CodeAnalysis.CSharp.Workspaces.resources.dll" because the "SkipUnchangedFiles" parameter was set to "true" in the project and the files' sizes and timestamps match.
         Did not copy from file "C:\Users\DELL\.nuget\packages\microsoft.codeanalysis.csharp.workspaces\4.5.0\lib\netcoreapp3.1\tr\Microsoft.CodeAnalysis.CSharp.Workspaces.resources.dll" to file "bin\Debug\net8.0\tr\Microsoft.CodeAnalysis.CSharp.Workspaces.resources.dll" because the "SkipUnchangedFiles" parameter was set to "true" in the project and the files' sizes and timestamps match.
         Did not copy from file "C:\Users\DELL\.nuget\packages\microsoft.codeanalysis.csharp.workspaces\4.5.0\lib\netcoreapp3.1\zh-Hans\Microsoft.CodeAnalysis.CSharp.Workspaces.resources.dll" to file "bin\Debug\net8.0\zh-Hans\Microsoft.CodeAnalysis.CSharp.Workspaces.resources.dll" because the "SkipUnchangedFiles" parameter was set to "true" in the project and the files' sizes and timestamps match.
         Did not copy from file "C:\Users\DELL\.nuget\packages\microsoft.codeanalysis.csharp.workspaces\4.5.0\lib\netcoreapp3.1\ru\Microsoft.CodeAnalysis.CSharp.Workspaces.resources.dll" to file "bin\Debug\net8.0\ru\Microsoft.CodeAnalysis.CSharp.Workspaces.resources.dll" because the "SkipUnchangedFiles" parameter was set to "true" in the project and the files' sizes and timestamps match.
         Did not copy from file "C:\Users\DELL\.nuget\packages\microsoft.codeanalysis.workspaces.common\4.5.0\lib\netcoreapp3.1\cs\Microsoft.CodeAnalysis.Workspaces.resources.dll" to file "bin\Debug\net8.0\cs\Microsoft.CodeAnalysis.Workspaces.resources.dll" because the "SkipUnchangedFiles" parameter was set to "true" in the project and the files' sizes and timestamps match.
         Did not copy from file "C:\Users\DELL\.nuget\packages\microsoft.codeanalysis.csharp.workspaces\4.5.0\lib\netcoreapp3.1\pl\Microsoft.CodeAnalysis.CSharp.Workspaces.resources.dll" to file "bin\Debug\net8.0\pl\Microsoft.CodeAnalysis.CSharp.Workspaces.resources.dll" because the "SkipUnchangedFiles" parameter was set to "true" in the project and the files' sizes and timestamps match.
         Did not copy from file "C:\Users\DELL\.nuget\packages\microsoft.codeanalysis.csharp.workspaces\4.5.0\lib\netcoreapp3.1\pt-BR\Microsoft.CodeAnalysis.CSharp.Workspaces.resources.dll" to file "bin\Debug\net8.0\pt-BR\Microsoft.CodeAnalysis.CSharp.Workspaces.resources.dll" because the "SkipUnchangedFiles" parameter was set to "true" in the project and the files' sizes and timestamps match.
         Did not copy from file "C:\Users\DELL\.nuget\packages\microsoft.codeanalysis.workspaces.common\4.5.0\lib\netcoreapp3.1\de\Microsoft.CodeAnalysis.Workspaces.resources.dll" to file "bin\Debug\net8.0\de\Microsoft.CodeAnalysis.Workspaces.resources.dll" because the "SkipUnchangedFiles" parameter was set to "true" in the project and the files' sizes and timestamps match.
         Did not copy from file "C:\Users\DELL\.nuget\packages\microsoft.codeanalysis.csharp.workspaces\4.5.0\lib\netcoreapp3.1\zh-Hant\Microsoft.CodeAnalysis.CSharp.Workspaces.resources.dll" to file "bin\Debug\net8.0\zh-Hant\Microsoft.CodeAnalysis.CSharp.Workspaces.resources.dll" because the "SkipUnchangedFiles" parameter was set to "true" in the project and the files' sizes and timestamps match.
         Did not copy from file "C:\Users\DELL\.nuget\packages\microsoft.codeanalysis.workspaces.common\4.5.0\lib\netcoreapp3.1\es\Microsoft.CodeAnalysis.Workspaces.resources.dll" to file "bin\Debug\net8.0\es\Microsoft.CodeAnalysis.Workspaces.resources.dll" because the "SkipUnchangedFiles" parameter was set to "true" in the project and the files' sizes and timestamps match.
         Did not copy from file "C:\Users\DELL\.nuget\packages\microsoft.codeanalysis.workspaces.common\4.5.0\lib\netcoreapp3.1\ja\Microsoft.CodeAnalysis.Workspaces.resources.dll" to file "bin\Debug\net8.0\ja\Microsoft.CodeAnalysis.Workspaces.resources.dll" because the "SkipUnchangedFiles" parameter was set to "true" in the project and the files' sizes and timestamps match.
         Did not copy from file "C:\Users\DELL\.nuget\packages\microsoft.codeanalysis.workspaces.common\4.5.0\lib\netcoreapp3.1\it\Microsoft.CodeAnalysis.Workspaces.resources.dll" to file "bin\Debug\net8.0\it\Microsoft.CodeAnalysis.Workspaces.resources.dll" because the "SkipUnchangedFiles" parameter was set to "true" in the project and the files' sizes and timestamps match.
         Did not copy from file "C:\Users\DELL\.nuget\packages\microsoft.codeanalysis.workspaces.common\4.5.0\lib\netcoreapp3.1\fr\Microsoft.CodeAnalysis.Workspaces.resources.dll" to file "bin\Debug\net8.0\fr\Microsoft.CodeAnalysis.Workspaces.resources.dll" because the "SkipUnchangedFiles" parameter was set to "true" in the project and the files' sizes and timestamps match.
         Did not copy from file "C:\Users\DELL\.nuget\packages\microsoft.codeanalysis.workspaces.common\4.5.0\lib\netcoreapp3.1\ko\Microsoft.CodeAnalysis.Workspaces.resources.dll" to file "bin\Debug\net8.0\ko\Microsoft.CodeAnalysis.Workspaces.resources.dll" because the "SkipUnchangedFiles" parameter was set to "true" in the project and the files' sizes and timestamps match.
         Did not copy from file "C:\Users\DELL\.nuget\packages\microsoft.codeanalysis.csharp.workspaces\4.5.0\lib\netcoreapp3.1\fr\Microsoft.CodeAnalysis.CSharp.Workspaces.resources.dll" to file "bin\Debug\net8.0\fr\Microsoft.CodeAnalysis.CSharp.Workspaces.resources.dll" because the "SkipUnchangedFiles" parameter was set to "true" in the project and the files' sizes and timestamps match.
         Did not copy from file "C:\Users\DELL\.nuget\packages\microsoft.codeanalysis.workspaces.common\4.5.0\lib\netcoreapp3.1\ru\Microsoft.CodeAnalysis.Workspaces.resources.dll" to file "bin\Debug\net8.0\ru\Microsoft.CodeAnalysis.Workspaces.resources.dll" because the "SkipUnchangedFiles" parameter was set to "true" in the project and the files' sizes and timestamps match.
         Did not copy from file "C:\Users\DELL\.nuget\packages\microsoft.codeanalysis.workspaces.common\4.5.0\lib\netcoreapp3.1\pt-BR\Microsoft.CodeAnalysis.Workspaces.resources.dll" to file "bin\Debug\net8.0\pt-BR\Microsoft.CodeAnalysis.Workspaces.resources.dll" because the "SkipUnchangedFiles" parameter was set to "true" in the project and the files' sizes and timestamps match.
         Did not copy from file "C:\Users\DELL\.nuget\packages\microsoft.codeanalysis.workspaces.common\4.5.0\lib\netcoreapp3.1\zh-Hans\Microsoft.CodeAnalysis.Workspaces.resources.dll" to file "bin\Debug\net8.0\zh-Hans\Microsoft.CodeAnalysis.Workspaces.resources.dll" because the "SkipUnchangedFiles" parameter was set to "true" in the project and the files' sizes and timestamps match.
         Did not copy from file "C:\Users\DELL\.nuget\packages\microsoft.codeanalysis.workspaces.common\4.5.0\lib\netcoreapp3.1\tr\Microsoft.CodeAnalysis.Workspaces.resources.dll" to file "bin\Debug\net8.0\tr\Microsoft.CodeAnalysis.Workspaces.resources.dll" because the "SkipUnchangedFiles" parameter was set to "true" in the project and the files' sizes and timestamps match.
         Did not copy from file "C:\Users\DELL\.nuget\packages\microsoft.codeanalysis.workspaces.common\4.5.0\lib\netcoreapp3.1\zh-Hant\Microsoft.CodeAnalysis.Workspaces.resources.dll" to file "bin\Debug\net8.0\zh-Hant\Microsoft.CodeAnalysis.Workspaces.resources.dll" because the "SkipUnchangedFiles" parameter was set to "true" in the project and the files' sizes and timestamps match.
         Did not copy from file "C:\Users\DELL\.nuget\packages\microsoft.data.sqlclient\5.1.7\runtimes\unix\lib\net6.0\Microsoft.Data.SqlClient.dll" to file "bin\Debug\net8.0\runtimes\unix\lib\net6.0\Microsoft.Data.SqlClient.dll" because the "SkipUnchangedFiles" parameter was set to "true" in the project and the files' sizes and timestamps match.
         Did not copy from file "C:\Users\DELL\.nuget\packages\microsoft.codeanalysis.workspaces.common\4.5.0\lib\netcoreapp3.1\pl\Microsoft.CodeAnalysis.Workspaces.resources.dll" to file "bin\Debug\net8.0\pl\Microsoft.CodeAnalysis.Workspaces.resources.dll" because the "SkipUnchangedFiles" parameter was set to "true" in the project and the files' sizes and timestamps match.
         Did not copy from file "C:\Users\DELL\.nuget\packages\microsoft.data.sqlclient.sni.runtime\5.1.2\runtimes\win-arm\native\Microsoft.Data.SqlClient.SNI.dll" to file "bin\Debug\net8.0\runtimes\win-arm\native\Microsoft.Data.SqlClient.SNI.dll" because the "SkipUnchangedFiles" parameter was set to "true" in the project and the files' sizes and timestamps match.
         Did not copy from file "C:\Users\DELL\.nuget\packages\microsoft.data.sqlclient.sni.runtime\5.1.2\runtimes\win-arm64\native\Microsoft.Data.SqlClient.SNI.dll" to file "bin\Debug\net8.0\runtimes\win-arm64\native\Microsoft.Data.SqlClient.SNI.dll" because the "SkipUnchangedFiles" parameter was set to "true" in the project and the files' sizes and timestamps match.
         Did not copy from file "C:\Users\DELL\.nuget\packages\microsoft.data.sqlclient.sni.runtime\5.1.2\runtimes\win-x64\native\Microsoft.Data.SqlClient.SNI.dll" to file "bin\Debug\net8.0\runtimes\win-x64\native\Microsoft.Data.SqlClient.SNI.dll" because the "SkipUnchangedFiles" parameter was set to "true" in the project and the files' sizes and timestamps match.
         Did not copy from file "C:\Users\DELL\.nuget\packages\microsoft.data.sqlclient.sni.runtime\5.1.2\runtimes\win-x86\native\Microsoft.Data.SqlClient.SNI.dll" to file "bin\Debug\net8.0\runtimes\win-x86\native\Microsoft.Data.SqlClient.SNI.dll" because the "SkipUnchangedFiles" parameter was set to "true" in the project and the files' sizes and timestamps match.
         Did not copy from file "C:\Users\DELL\.nuget\packages\microsoft.win32.systemevents\6.0.0\runtimes\win\lib\net6.0\Microsoft.Win32.SystemEvents.dll" to file "bin\Debug\net8.0\runtimes\win\lib\net6.0\Microsoft.Win32.SystemEvents.dll" because the "SkipUnchangedFiles" parameter was set to "true" in the project and the files' sizes and timestamps match.
         Did not copy from file "C:\Users\DELL\.nuget\packages\system.drawing.common\6.0.0\runtimes\unix\lib\net6.0\System.Drawing.Common.dll" to file "bin\Debug\net8.0\runtimes\unix\lib\net6.0\System.Drawing.Common.dll" because the "SkipUnchangedFiles" parameter was set to "true" in the project and the files' sizes and timestamps match.
         Did not copy from file "C:\Users\DELL\.nuget\packages\microsoft.data.sqlclient\5.1.7\runtimes\win\lib\net6.0\Microsoft.Data.SqlClient.dll" to file "bin\Debug\net8.0\runtimes\win\lib\net6.0\Microsoft.Data.SqlClient.dll" because the "SkipUnchangedFiles" parameter was set to "true" in the project and the files' sizes and timestamps match.
         Did not copy from file "C:\Users\DELL\.nuget\packages\system.security.cryptography.protecteddata\6.0.0\runtimes\win\lib\net6.0\System.Security.Cryptography.ProtectedData.dll" to file "bin\Debug\net8.0\runtimes\win\lib\net6.0\System.Security.Cryptography.ProtectedData.dll" because the "SkipUnchangedFiles" parameter was set to "true" in the project and the files' sizes and timestamps match.
         Did not copy from file "C:\Users\DELL\.nuget\packages\system.windows.extensions\6.0.0\runtimes\win\lib\net6.0\System.Windows.Extensions.dll" to file "bin\Debug\net8.0\runtimes\win\lib\net6.0\System.Windows.Extensions.dll" because the "SkipUnchangedFiles" parameter was set to "true" in the project and the files' sizes and timestamps match.
         Did not copy from file "C:\Users\DELL\.nuget\packages\system.runtime.caching\6.0.0\runtimes\win\lib\net6.0\System.Runtime.Caching.dll" to file "bin\Debug\net8.0\runtimes\win\lib\net6.0\System.Runtime.Caching.dll" because the "SkipUnchangedFiles" parameter was set to "true" in the project and the files' sizes and timestamps match.
         Did not copy from file "C:\Users\DELL\.nuget\packages\system.drawing.common\6.0.0\runtimes\win\lib\net6.0\System.Drawing.Common.dll" to file "bin\Debug\net8.0\runtimes\win\lib\net6.0\System.Drawing.Common.dll" because the "SkipUnchangedFiles" parameter was set to "true" in the project and the files' sizes and timestamps match.
       Done executing task "Copy".
       Task "Touch" skipped, due to false condition; ('@(ReferencesCopiedInThisBuild)' != '' and '$(WroteAtLeastOneFile)' == 'true') was evaluated as ('bin\Debug\net8.0\Azure.Core.dll;bin\Debug\net8.0\Azure.Identity.dll;bin\Debug\net8.0\Humanizer.dll;...' != '' and 'False' == 'true').
   2:6>Done building target "_CopyFilesMarkedCopyLocal" in project "SpaN5.csproj".
       Target "AssignTargetPaths" skipped. Previously built successfully.
       Target "AssignProjectConfiguration" skipped. Previously built successfully.
       Target "_SplitProjectReferencesByFileExistence" skipped. Previously built successfully.
       Target "_GetProjectReferenceTargetFrameworkProperties" skipped. Previously built successfully.
   2:6>Target "_PopulateCommonStateForGetCopyToOutputDirectoryItems" in file "C:\Program Files\dotnet\sdk\9.0.308\Microsoft.Common.CurrentVersion.targets" from project "C:\Users\DELL\OneDrive\Desktop\Web spa\Long(ThanhToan_DatLich\SpaN5.csproj" (target "GetCopyToOutputDirectoryItems" depends on it):
   2:6>Done building target "_PopulateCommonStateForGetCopyToOutputDirectoryItems" in project "SpaN5.csproj".
       Target "ResolveStaticWebAssetsConfiguration" skipped. Previously built successfully.
   2:6>Target "AddStaticWebAssetsManifest" in file "C:\Program Files\dotnet\sdk\9.0.308\Sdks\Microsoft.NET.Sdk.StaticWebAssets\targets\Microsoft.NET.Sdk.StaticWebAssets.targets" from project "C:\Users\DELL\OneDrive\Desktop\Web spa\Long(ThanhToan_DatLich\SpaN5.csproj" (target "GetCopyToOutputDirectoryItems" depends on it):
   2:6>Done building target "AddStaticWebAssetsManifest" in project "SpaN5.csproj".
       Target "ResolveStaticWebAssetsConfiguration" skipped. Previously built successfully.
   2:6>Target "AddStaticWebAssetEndpointsBuildManifest" in file "C:\Program Files\dotnet\sdk\9.0.308\Sdks\Microsoft.NET.Sdk.StaticWebAssets\targets\Microsoft.NET.Sdk.StaticWebAssets.targets" from project "C:\Users\DELL\OneDrive\Desktop\Web spa\Long(ThanhToan_DatLich\SpaN5.csproj" (target "GetCopyToOutputDirectoryItems" depends on it):
   2:6>Done building target "AddStaticWebAssetEndpointsBuildManifest" in project "SpaN5.csproj".
   2:6>Target "AddDepsJsonAndRuntimeConfigToCopyItemsForReferencingProjects" in file "C:\Program Files\dotnet\sdk\9.0.308\Sdks\Microsoft.NET.Sdk\targets\Microsoft.NET.Sdk.targets" from project "C:\Users\DELL\OneDrive\Desktop\Web spa\Long(ThanhToan_DatLich\SpaN5.csproj" (target "GetCopyToOutputDirectoryItems" depends on it):
   2:6>Done building target "AddDepsJsonAndRuntimeConfigToCopyItemsForReferencingProjects" in project "SpaN5.csproj".
   2:6>Target "GetCopyToOutputDirectoryItems" in file "C:\Program Files\dotnet\sdk\9.0.308\Microsoft.Common.CurrentVersion.targets" from project "C:\Users\DELL\OneDrive\Desktop\Web spa\Long(ThanhToan_DatLich\SpaN5.csproj" (target "_CopySourceItemsToOutputDirectory" depends on it):
       Using "CallTarget" task from assembly "Microsoft.Build.Tasks.Core, Version=15.1.0.0, Culture=neutral, PublicKeyToken=b03f5f7f11d50a3a".
       Task "CallTarget"
       Target "_PopulateCommonStateForGetCopyToOutputDirectoryItems" skipped. Previously built successfully.
       Target "_AddOutputPathToGlobalPropertiesToRemove" skipped. Previously built successfully.
   2:6>Target "_GetCopyToOutputDirectoryItemsFromTransitiveProjectReferences" in file "C:\Program Files\dotnet\sdk\9.0.308\Microsoft.Common.CurrentVersion.targets" from project "C:\Users\DELL\OneDrive\Desktop\Web spa\Long(ThanhToan_DatLich\SpaN5.csproj" (target "GetCopyToOutputDirectoryItems" depends on it):
       Task "MSBuild" skipped, due to false condition; ('@(_MSBuildProjectReferenceExistent)' != '' and '$(_GetChildProjectCopyToOutputDirectoryItems)' == 'true' and '%(_MSBuildProjectReferenceExistent.Private)' != 'false' and '$(UseCommonOutputDirectory)' != 'true') was evaluated as ('' != '' and 'true' == 'true' and '' != 'false' and 'false' != 'true').
       Task "AssignTargetPath"
       Done executing task "AssignTargetPath".
   2:6>Done building target "_GetCopyToOutputDirectoryItemsFromTransitiveProjectReferences" in project "SpaN5.csproj".
       Done executing task "CallTarget".
       Task "CallTarget"
       Target "AssignTargetPaths" skipped. Previously built successfully.
       Target "_PopulateCommonStateForGetCopyToOutputDirectoryItems" skipped. Previously built successfully.
   2:6>Target "_GetCopyToOutputDirectoryItemsFromThisProject" in file "C:\Program Files\dotnet\sdk\9.0.308\Microsoft.Common.CurrentVersion.targets" from project "C:\Users\DELL\OneDrive\Desktop\Web spa\Long(ThanhToan_DatLich\SpaN5.csproj" (target "GetCopyToOutputDirectoryItems" depends on it):
       Task "AssignTargetPath"
       Done executing task "AssignTargetPath".
   2:6>Done building target "_GetCopyToOutputDirectoryItemsFromThisProject" in project "SpaN5.csproj".
       Done executing task "CallTarget".
   2:6>Done building target "GetCopyToOutputDirectoryItems" in project "SpaN5.csproj".
   2:6>Target "_CopyOutOfDateSourceItemsToOutputDirectory" in file "C:\Program Files\dotnet\sdk\9.0.308\Microsoft.Common.CurrentVersion.targets" from project "C:\Users\DELL\OneDrive\Desktop\Web spa\Long(ThanhToan_DatLich\SpaN5.csproj" (target "_CopySourceItemsToOutputDirectory" depends on it):
       Skipping target "_CopyOutOfDateSourceItemsToOutputDirectory" because all output files are up-to-date with respect to the input files.
       Input files: 
           C:\Users\DELL\OneDrive\Desktop\Web spa\Long(ThanhToan_DatLich\appsettings.Development.json
           C:\Users\DELL\OneDrive\Desktop\Web spa\Long(ThanhToan_DatLich\appsettings.json
           C:\Users\DELL\OneDrive\Desktop\Web spa\Long(ThanhToan_DatLich\New folder\bin\Debug\net8.0\appsettings.Development.json
           C:\Users\DELL\OneDrive\Desktop\Web spa\Long(ThanhToan_DatLich\New folder\bin\Debug\net8.0\appsettings.json
           C:\Users\DELL\OneDrive\Desktop\Web spa\Long(ThanhToan_DatLich\New folder\bin\Debug\net8.0\SpaN5.deps.json
           C:\Users\DELL\OneDrive\Desktop\Web spa\Long(ThanhToan_DatLich\New folder\bin\Debug\net8.0\SpaN5.runtimeconfig.json
           C:\Users\DELL\OneDrive\Desktop\Web spa\Long(ThanhToan_DatLich\New folder\bin\Debug\net8.0\SpaN5.staticwebassets.endpoints.json
           C:\Users\DELL\OneDrive\Desktop\Web spa\Long(ThanhToan_DatLich\New folder\bin\Debug\net8.0\SpaN5.staticwebassets.runtime.json
           C:\Users\DELL\OneDrive\Desktop\Web spa\Long(ThanhToan_DatLich\New folder\Properties\launchSettings.json
           C:\Users\DELL\OneDrive\Desktop\Web spa\Long(ThanhToan_DatLich\obj\Debug\net8.0\staticwebassets.development.json
           C:\Users\DELL\OneDrive\Desktop\Web spa\Long(ThanhToan_DatLich\obj\Debug\net8.0\staticwebassets.build.endpoints.json
       Output files: 
           bin\Debug\net8.0\appsettings.Development.json
           bin\Debug\net8.0\appsettings.json
           bin\Debug\net8.0\New folder\bin\Debug\net8.0\appsettings.Development.json
           bin\Debug\net8.0\New folder\bin\Debug\net8.0\appsettings.json
           bin\Debug\net8.0\New folder\bin\Debug\net8.0\SpaN5.deps.json
           bin\Debug\net8.0\New folder\bin\Debug\net8.0\SpaN5.runtimeconfig.json
           bin\Debug\net8.0\New folder\bin\Debug\net8.0\SpaN5.staticwebassets.endpoints.json
           bin\Debug\net8.0\New folder\bin\Debug\net8.0\SpaN5.staticwebassets.runtime.json
           bin\Debug\net8.0\New folder\Properties\launchSettings.json
           bin\Debug\net8.0\SpaN5.staticwebassets.runtime.json
           bin\Debug\net8.0\SpaN5.staticwebassets.endpoints.json
   2:6>Done building target "_CopyOutOfDateSourceItemsToOutputDirectory" in project "SpaN5.csproj".
       Target "_CopyOutOfDateSourceItemsToOutputDirectoryAlways" skipped, due to false condition; ( '@(_SourceItemsToCopyToOutputDirectoryAlways)' != '' ) was evaluated as ( '' != '' ).
       Target "_CopyDifferingSourceItemsToOutputDirectory" skipped, due to false condition; ( '@(_SourceItemsToCopyToOutputDirectoryIfDifferent)' != '' ) was evaluated as ( '' != '' ).
   2:6>Target "_CopySourceItemsToOutputDirectory" in file "C:\Program Files\dotnet\sdk\9.0.308\Microsoft.Common.CurrentVersion.targets" from project "C:\Users\DELL\OneDrive\Desktop\Web spa\Long(ThanhToan_DatLich\SpaN5.csproj" (target "CopyFilesToOutputDirectory" depends on it):
   2:6>Done building target "_CopySourceItemsToOutputDirectory" in project "SpaN5.csproj".
       Target "_CopyAppConfigFile" skipped, due to false condition; ( '@(AppConfigWithTargetPath)' != '' ) was evaluated as ( '' != '' ).
       Target "_CopyManifestFiles" skipped, due to false condition; ( '$(_DeploymentCopyApplicationManifest)'=='true' or '$(GenerateClickOnceManifests)'=='true' ) was evaluated as ( ''=='true' or ''=='true' ).
   2:6>Target "_CheckForCompileOutputs" in file "C:\Program Files\dotnet\sdk\9.0.308\Microsoft.Common.CurrentVersion.targets" from project "C:\Users\DELL\OneDrive\Desktop\Web spa\Long(ThanhToan_DatLich\SpaN5.csproj" (target "CopyFilesToOutputDirectory" depends on it):
   2:6>Done building target "_CheckForCompileOutputs" in project "SpaN5.csproj".
       Target "_SGenCheckForOutputs" skipped, due to false condition; ('$(_SGenGenerateSerializationAssembliesConfig)' == 'On' or ('@(WebReferenceUrl)'!='' and '$(_SGenGenerateSerializationAssembliesConfig)' == 'Auto')) was evaluated as ('Off' == 'On' or (''!='' and 'Off' == 'Auto')).
       Target "_DefaultMicrosoftNETPlatformLibrary" skipped. Previously built successfully.
       Target "_HandlePackageFileConflicts" skipped. Previously built successfully.
       Target "ResolveAssemblyReferences" skipped. Previously built successfully.
   2:6>Target "_ComputeReferenceAssemblies" in file "C:\Program Files\dotnet\sdk\9.0.308\Sdks\Microsoft.NET.Sdk\targets\Microsoft.NET.Sdk.targets" from project "C:\Users\DELL\OneDrive\Desktop\Web spa\Long(ThanhToan_DatLich\SpaN5.csproj" (target "GenerateBuildDependencyFile" depends on it):
   2:6>Done building target "_ComputeReferenceAssemblies" in project "SpaN5.csproj".
   2:6>Target "_ComputeUserRuntimeAssemblies" in file "C:\Program Files\dotnet\sdk\9.0.308\Sdks\Microsoft.NET.Sdk\targets\Microsoft.NET.Sdk.targets" from project "C:\Users\DELL\OneDrive\Desktop\Web spa\Long(ThanhToan_DatLich\SpaN5.csproj" (target "GenerateBuildDependencyFile" depends on it):
   2:6>Done building target "_ComputeUserRuntimeAssemblies" in project "SpaN5.csproj".
       Target "ResolveRuntimePackAssets" skipped, due to false condition; ('@(RuntimePack)' != '') was evaluated as ('' != '').
       Target "_ComputePackageReferencePublish" skipped. Previously built successfully.
       Target "ComputeDependencyFileCompilerOptions" skipped, due to false condition; ('$(PreserveCompilationContext)' == 'true') was evaluated as ('' == 'true').
   2:6>Target "GenerateBuildDependencyFile" in file "C:\Program Files\dotnet\sdk\9.0.308\Sdks\Microsoft.NET.Sdk\targets\Microsoft.NET.Sdk.targets" from project "C:\Users\DELL\OneDrive\Desktop\Web spa\Long(ThanhToan_DatLich\SpaN5.csproj" (target "CopyFilesToOutputDirectory" depends on it):
       Skipping target "GenerateBuildDependencyFile" because all output files are up-to-date with respect to the input files.
       Input files: 
           C:\Users\DELL\OneDrive\Desktop\Web spa\Long%28ThanhToan_DatLich\obj\project.assets.json
           C:\Users\DELL\OneDrive\Desktop\Web spa\Long%28ThanhToan_DatLich\obj\Debug\net8.0\SpaN5.assets.cache
           C:\Users\DELL\OneDrive\Desktop\Web spa\Long(ThanhToan_DatLich\obj\SpaN5.csproj.EntityFrameworkCore.targets
           C:\Program Files\dotnet\sdk\9.0.308\Current\Microsoft.Common.targets\ImportAfter\Microsoft.TestPlatform.ImportAfter.targets
       Output files: C:\Users\DELL\OneDrive\Desktop\Web spa\Long%28ThanhToan_DatLich\bin\Debug\net8.0\SpaN5.deps.json
   2:6>Done building target "GenerateBuildDependencyFile" in project "SpaN5.csproj".
       Target "_DefaultMicrosoftNETPlatformLibrary" skipped. Previously built successfully.
   2:6>Target "_GenerateRuntimeConfigurationFilesInputCache" in file "C:\Program Files\dotnet\sdk\9.0.308\Sdks\Microsoft.NET.Sdk\targets\Microsoft.NET.Sdk.targets" from project "C:\Users\DELL\OneDrive\Desktop\Web spa\Long(ThanhToan_DatLich\SpaN5.csproj" (target "GenerateBuildRuntimeConfigurationFiles" depends on it):
       Task "Hash"
       Done executing task "Hash".
       Task "WriteLinesToFile"
         Skipping write to file "C:\Users\DELL\OneDrive\Desktop\Web spa\Long(ThanhToan_DatLich\obj\Debug\net8.0\SpaN5.genruntimeconfig.cache" because content would not change.
       Done executing task "WriteLinesToFile".
   2:6>Done building target "_GenerateRuntimeConfigurationFilesInputCache" in project "SpaN5.csproj".
   2:6>Target "GenerateBuildRuntimeConfigurationFiles" in file "C:\Program Files\dotnet\sdk\9.0.308\Sdks\Microsoft.NET.Sdk\targets\Microsoft.NET.Sdk.targets" from project "C:\Users\DELL\OneDrive\Desktop\Web spa\Long(ThanhToan_DatLich\SpaN5.csproj" (target "CopyFilesToOutputDirectory" depends on it):
       Skipping target "GenerateBuildRuntimeConfigurationFiles" because all output files are up-to-date with respect to the input files.
       Input files: 
           C:\Users\DELL\OneDrive\Desktop\Web spa\Long%28ThanhToan_DatLich\obj\project.assets.json
           C:\Users\DELL\OneDrive\Desktop\Web spa\Long%28ThanhToan_DatLich\obj\Debug\net8.0\SpaN5.assets.cache
           C:\Users\DELL\OneDrive\Desktop\Web spa\Long%28ThanhToan_DatLich\obj\Debug\net8.0\SpaN5.genruntimeconfig.cache
       Output files: C:\Users\DELL\OneDrive\Desktop\Web spa\Long%28ThanhToan_DatLich\bin\Debug\net8.0\SpaN5.runtimeconfig.json
   2:6>Done building target "GenerateBuildRuntimeConfigurationFiles" in project "SpaN5.csproj".
       Target "GenerateShimsAssets" skipped, due to false condition; ('$(PackAsTool)' == 'true' and $(PackAsToolShimRuntimeIdentifiers) != '' ) was evaluated as ('' == 'true' and  != '' ).
   2:6>Target "CopyFilesToOutputDirectory" in file "C:\Program Files\dotnet\sdk\9.0.308\Microsoft.Common.CurrentVersion.targets" from project "C:\Users\DELL\OneDrive\Desktop\Web spa\Long(ThanhToan_DatLich\SpaN5.csproj" (target "PrepareForRun" depends on it):
       Task "Copy"
         Copying file from "C:\Users\DELL\OneDrive\Desktop\Web spa\Long(ThanhToan_DatLich\obj\Debug\net8.0\SpaN5.dll" to "C:\Users\DELL\OneDrive\Desktop\Web spa\Long(ThanhToan_DatLich\bin\Debug\net8.0\SpaN5.dll".
   2:6>C:\Program Files\dotnet\sdk\9.0.308\Microsoft.Common.CurrentVersion.targets(4916,5): warning MSB3026: Could not copy "obj\Debug\net8.0\SpaN5.dll" to "bin\Debug\net8.0\SpaN5.dll". Beginning retry 1 in 1000ms. The process cannot access the file 'C:\Users\DELL\OneDrive\Desktop\Web spa\Long(ThanhToan_DatLich\bin\Debug\net8.0\SpaN5.dll' because it is being used by another process. The file is locked by: ".NET Host (22172)" [C:\Users\DELL\OneDrive\Desktop\Web spa\Long(ThanhToan_DatLich\SpaN5.csproj]
         Copying file from "C:\Users\DELL\OneDrive\Desktop\Web spa\Long(ThanhToan_DatLich\obj\Debug\net8.0\SpaN5.dll" to "C:\Users\DELL\OneDrive\Desktop\Web spa\Long(ThanhToan_DatLich\bin\Debug\net8.0\SpaN5.dll".
   2:6>C:\Program Files\dotnet\sdk\9.0.308\Microsoft.Common.CurrentVersion.targets(4916,5): warning MSB3026: Could not copy "obj\Debug\net8.0\SpaN5.dll" to "bin\Debug\net8.0\SpaN5.dll". Beginning retry 2 in 1000ms. The process cannot access the file 'C:\Users\DELL\OneDrive\Desktop\Web spa\Long(ThanhToan_DatLich\bin\Debug\net8.0\SpaN5.dll' because it is being used by another process. The file is locked by: ".NET Host (22172)" [C:\Users\DELL\OneDrive\Desktop\Web spa\Long(ThanhToan_DatLich\SpaN5.csproj]
         Copying file from "C:\Users\DELL\OneDrive\Desktop\Web spa\Long(ThanhToan_DatLich\obj\Debug\net8.0\SpaN5.dll" to "C:\Users\DELL\OneDrive\Desktop\Web spa\Long(ThanhToan_DatLich\bin\Debug\net8.0\SpaN5.dll".
   2:6>C:\Program Files\dotnet\sdk\9.0.308\Microsoft.Common.CurrentVersion.targets(4916,5): warning MSB3026: Could not copy "obj\Debug\net8.0\SpaN5.dll" to "bin\Debug\net8.0\SpaN5.dll". Beginning retry 3 in 1000ms. The process cannot access the file 'C:\Users\DELL\OneDrive\Desktop\Web spa\Long(ThanhToan_DatLich\bin\Debug\net8.0\SpaN5.dll' because it is being used by another process. The file is locked by: ".NET Host (22172)" [C:\Users\DELL\OneDrive\Desktop\Web spa\Long(ThanhToan_DatLich\SpaN5.csproj]
         Copying file from "C:\Users\DELL\OneDrive\Desktop\Web spa\Long(ThanhToan_DatLich\obj\Debug\net8.0\SpaN5.dll" to "C:\Users\DELL\OneDrive\Desktop\Web spa\Long(ThanhToan_DatLich\bin\Debug\net8.0\SpaN5.dll".
   2:6>C:\Program Files\dotnet\sdk\9.0.308\Microsoft.Common.CurrentVersion.targets(4916,5): warning MSB3026: Could not copy "obj\Debug\net8.0\SpaN5.dll" to "bin\Debug\net8.0\SpaN5.dll". Beginning retry 4 in 1000ms. The process cannot access the file 'C:\Users\DELL\OneDrive\Desktop\Web spa\Long(ThanhToan_DatLich\bin\Debug\net8.0\SpaN5.dll' because it is being used by another process. The file is locked by: ".NET Host (22172)" [C:\Users\DELL\OneDrive\Desktop\Web spa\Long(ThanhToan_DatLich\SpaN5.csproj]
         Copying file from "C:\Users\DELL\OneDrive\Desktop\Web spa\Long(ThanhToan_DatLich\obj\Debug\net8.0\SpaN5.dll" to "C:\Users\DELL\OneDrive\Desktop\Web spa\Long(ThanhToan_DatLich\bin\Debug\net8.0\SpaN5.dll".
   2:6>C:\Program Files\dotnet\sdk\9.0.308\Microsoft.Common.CurrentVersion.targets(4916,5): warning MSB3026: Could not copy "obj\Debug\net8.0\SpaN5.dll" to "bin\Debug\net8.0\SpaN5.dll". Beginning retry 5 in 1000ms. The process cannot access the file 'C:\Users\DELL\OneDrive\Desktop\Web spa\Long(ThanhToan_DatLich\bin\Debug\net8.0\SpaN5.dll' because it is being used by another process. The file is locked by: ".NET Host (22172)" [C:\Users\DELL\OneDrive\Desktop\Web spa\Long(ThanhToan_DatLich\SpaN5.csproj]
         Copying file from "C:\Users\DELL\OneDrive\Desktop\Web spa\Long(ThanhToan_DatLich\obj\Debug\net8.0\SpaN5.dll" to "C:\Users\DELL\OneDrive\Desktop\Web spa\Long(ThanhToan_DatLich\bin\Debug\net8.0\SpaN5.dll".
   2:6>C:\Program Files\dotnet\sdk\9.0.308\Microsoft.Common.CurrentVersion.targets(4916,5): warning MSB3026: Could not copy "obj\Debug\net8.0\SpaN5.dll" to "bin\Debug\net8.0\SpaN5.dll". Beginning retry 6 in 1000ms. The process cannot access the file 'C:\Users\DELL\OneDrive\Desktop\Web spa\Long(ThanhToan_DatLich\bin\Debug\net8.0\SpaN5.dll' because it is being used by another process. The file is locked by: ".NET Host (22172)" [C:\Users\DELL\OneDrive\Desktop\Web spa\Long(ThanhToan_DatLich\SpaN5.csproj]
         Copying file from "C:\Users\DELL\OneDrive\Desktop\Web spa\Long(ThanhToan_DatLich\obj\Debug\net8.0\SpaN5.dll" to "C:\Users\DELL\OneDrive\Desktop\Web spa\Long(ThanhToan_DatLich\bin\Debug\net8.0\SpaN5.dll".
   2:6>C:\Program Files\dotnet\sdk\9.0.308\Microsoft.Common.CurrentVersion.targets(4916,5): warning MSB3026: Could not copy "obj\Debug\net8.0\SpaN5.dll" to "bin\Debug\net8.0\SpaN5.dll". Beginning retry 7 in 1000ms. The process cannot access the file 'C:\Users\DELL\OneDrive\Desktop\Web spa\Long(ThanhToan_DatLich\bin\Debug\net8.0\SpaN5.dll' because it is being used by another process. The file is locked by: ".NET Host (22172)" [C:\Users\DELL\OneDrive\Desktop\Web spa\Long(ThanhToan_DatLich\SpaN5.csproj]
         Copying file from "C:\Users\DELL\OneDrive\Desktop\Web spa\Long(ThanhToan_DatLich\obj\Debug\net8.0\SpaN5.dll" to "C:\Users\DELL\OneDrive\Desktop\Web spa\Long(ThanhToan_DatLich\bin\Debug\net8.0\SpaN5.dll".
   2:6>C:\Program Files\dotnet\sdk\9.0.308\Microsoft.Common.CurrentVersion.targets(4916,5): warning MSB3026: Could not copy "obj\Debug\net8.0\SpaN5.dll" to "bin\Debug\net8.0\SpaN5.dll". Beginning retry 8 in 1000ms. The process cannot access the file 'C:\Users\DELL\OneDrive\Desktop\Web spa\Long(ThanhToan_DatLich\bin\Debug\net8.0\SpaN5.dll' because it is being used by another process. The file is locked by: ".NET Host (22172)" [C:\Users\DELL\OneDrive\Desktop\Web spa\Long(ThanhToan_DatLich\SpaN5.csproj]
         Copying file from "C:\Users\DELL\OneDrive\Desktop\Web spa\Long(ThanhToan_DatLich\obj\Debug\net8.0\SpaN5.dll" to "C:\Users\DELL\OneDrive\Desktop\Web spa\Long(ThanhToan_DatLich\bin\Debug\net8.0\SpaN5.dll".
   2:6>C:\Program Files\dotnet\sdk\9.0.308\Microsoft.Common.CurrentVersion.targets(4916,5): warning MSB3026: Could not copy "obj\Debug\net8.0\SpaN5.dll" to "bin\Debug\net8.0\SpaN5.dll". Beginning retry 9 in 1000ms. The process cannot access the file 'C:\Users\DELL\OneDrive\Desktop\Web spa\Long(ThanhToan_DatLich\bin\Debug\net8.0\SpaN5.dll' because it is being used by another process. The file is locked by: ".NET Host (22172)" [C:\Users\DELL\OneDrive\Desktop\Web spa\Long(ThanhToan_DatLich\SpaN5.csproj]
         Copying file from "C:\Users\DELL\OneDrive\Desktop\Web spa\Long(ThanhToan_DatLich\obj\Debug\net8.0\SpaN5.dll" to "C:\Users\DELL\OneDrive\Desktop\Web spa\Long(ThanhToan_DatLich\bin\Debug\net8.0\SpaN5.dll".
   2:6>C:\Program Files\dotnet\sdk\9.0.308\Microsoft.Common.CurrentVersion.targets(4916,5): warning MSB3026: Could not copy "obj\Debug\net8.0\SpaN5.dll" to "bin\Debug\net8.0\SpaN5.dll". Beginning retry 10 in 1000ms. The process cannot access the file 'C:\Users\DELL\OneDrive\Desktop\Web spa\Long(ThanhToan_DatLich\bin\Debug\net8.0\SpaN5.dll' because it is being used by another process. The file is locked by: ".NET Host (22172)" [C:\Users\DELL\OneDrive\Desktop\Web spa\Long(ThanhToan_DatLich\SpaN5.csproj]
         Copying file from "C:\Users\DELL\OneDrive\Desktop\Web spa\Long(ThanhToan_DatLich\obj\Debug\net8.0\SpaN5.dll" to "C:\Users\DELL\OneDrive\Desktop\Web spa\Long(ThanhToan_DatLich\bin\Debug\net8.0\SpaN5.dll".
   2:6>C:\Program Files\dotnet\sdk\9.0.308\Microsoft.Common.CurrentVersion.targets(4916,5): error MSB3027: Could not copy "obj\Debug\net8.0\SpaN5.dll" to "bin\Debug\net8.0\SpaN5.dll". Exceeded retry count of 10. Failed. The file is locked by: ".NET Host (22172)" [C:\Users\DELL\OneDrive\Desktop\Web spa\Long(ThanhToan_DatLich\SpaN5.csproj]
   2:6>C:\Program Files\dotnet\sdk\9.0.308\Microsoft.Common.CurrentVersion.targets(4916,5): error MSB3021: Unable to copy file "obj\Debug\net8.0\SpaN5.dll" to "bin\Debug\net8.0\SpaN5.dll". The process cannot access the file 'C:\Users\DELL\OneDrive\Desktop\Web spa\Long(ThanhToan_DatLich\bin\Debug\net8.0\SpaN5.dll' because it is being used by another process. [C:\Users\DELL\OneDrive\Desktop\Web spa\Long(ThanhToan_DatLich\SpaN5.csproj]
       Done executing task "Copy" -- FAILED.
   2:6>Done building target "CopyFilesToOutputDirectory" in project "SpaN5.csproj" -- FAILED.
       Target "_CheckForCompileOutputs" skipped. Previously built successfully.
       Target "_SGenCheckForOutputs" skipped, due to false condition; ('$(_SGenGenerateSerializationAssembliesConfig)' == 'On' or ('@(WebReferenceUrl)'!='' and '$(_SGenGenerateSerializationAssembliesConfig)' == 'Auto')) was evaluated as ('Off' == 'On' or (''!='' and 'Off' == 'Auto')).
   2:6>Target "_CleanGetCurrentAndPriorFileWrites" in file "C:\Program Files\dotnet\sdk\9.0.308\Microsoft.Common.CurrentVersion.targets" from project "C:\Users\DELL\OneDrive\Desktop\Web spa\Long(ThanhToan_DatLich\SpaN5.csproj" (target "_CleanRecordFileWrites" depends on it):
       Using "ReadLinesFromFile" task from assembly "Microsoft.Build.Tasks.Core, Version=15.1.0.0, Culture=neutral, PublicKeyToken=b03f5f7f11d50a3a".
       Task "ReadLinesFromFile"
       Done executing task "ReadLinesFromFile".
       Task "ConvertToAbsolutePath"
       Done executing task "ConvertToAbsolutePath".
       Using "FindUnderPath" task from assembly "Microsoft.Build.Tasks.Core, Version=15.1.0.0, Culture=neutral, PublicKeyToken=b03f5f7f11d50a3a".
       Task "FindUnderPath"
         Comparison path is "C:\Users\DELL\OneDrive\Desktop\Web spa\Long(ThanhToan_DatLich".
       Done executing task "FindUnderPath".
       Task "FindUnderPath"
         Comparison path is "bin\Debug\net8.0\".
       Done executing task "FindUnderPath".
       Task "FindUnderPath"
         Comparison path is "obj\Debug\net8.0\".
       Done executing task "FindUnderPath".
       Task "RemoveDuplicates"
       Done executing task "RemoveDuplicates".
   2:6>Done building target "_CleanGetCurrentAndPriorFileWrites" in project "SpaN5.csproj".
   2:6>Target "_CleanRecordFileWrites" in file "C:\Program Files\dotnet\sdk\9.0.308\Microsoft.Common.CurrentVersion.targets" from project "C:\Users\DELL\OneDrive\Desktop\Web spa\Long(ThanhToan_DatLich\SpaN5.csproj" (target "CoreBuild" depends on it):
       Task "RemoveDuplicates"
       Done executing task "RemoveDuplicates".
       Task "MakeDir"
       Done executing task "MakeDir".
       Task "WriteLinesToFile"
         Skipping write to file "obj\Debug\net8.0\SpaN5.csproj.FileListAbsolute.txt" because content would not change.
       Done executing task "WriteLinesToFile".
   2:6>Done building target "_CleanRecordFileWrites" in project "SpaN5.csproj".
   2:6>Done Building Project "C:\Users\DELL\OneDrive\Desktop\Web spa\Long(ThanhToan_DatLich\SpaN5.csproj" (default targets) -- FAILED.
   1:2>Done executing task "MSBuild" -- FAILED.
   1:2>Done building target "Build" in project "SpaN5.sln" -- FAILED.
   1:2>Done Building Project "C:\Users\DELL\OneDrive\Desktop\Web spa\Long(ThanhToan_DatLich\SpaN5.sln" (default targets) -- FAILED.

Build FAILED.

       "C:\Users\DELL\OneDrive\Desktop\Web spa\Long(ThanhToan_DatLich\SpaN5.sln" (default target) (1:2) ->
       "C:\Users\DELL\OneDrive\Desktop\Web spa\Long(ThanhToan_DatLich\SpaN5.csproj" (default target) (2:6) ->
       (CopyFilesToOutputDirectory target) -> 
         C:\Program Files\dotnet\sdk\9.0.308\Microsoft.Common.CurrentVersion.targets(4916,5): warning MSB3026: Could not copy "obj\Debug\net8.0\SpaN5.dll" to "bin\Debug\net8.0\SpaN5.dll". Beginning retry 1 in 1000ms. The process cannot access the file 'C:\Users\DELL\OneDrive\Desktop\Web spa\Long(ThanhToan_DatLich\bin\Debug\net8.0\SpaN5.dll' because it is being used by another process. The file is locked by: ".NET Host (22172)" [C:\Users\DELL\OneDrive\Desktop\Web spa\Long(ThanhToan_DatLich\SpaN5.csproj]
         C:\Program Files\dotnet\sdk\9.0.308\Microsoft.Common.CurrentVersion.targets(4916,5): warning MSB3026: Could not copy "obj\Debug\net8.0\SpaN5.dll" to "bin\Debug\net8.0\SpaN5.dll". Beginning retry 2 in 1000ms. The process cannot access the file 'C:\Users\DELL\OneDrive\Desktop\Web spa\Long(ThanhToan_DatLich\bin\Debug\net8.0\SpaN5.dll' because it is being used by another process. The file is locked by: ".NET Host (22172)" [C:\Users\DELL\OneDrive\Desktop\Web spa\Long(ThanhToan_DatLich\SpaN5.csproj]
         C:\Program Files\dotnet\sdk\9.0.308\Microsoft.Common.CurrentVersion.targets(4916,5): warning MSB3026: Could not copy "obj\Debug\net8.0\SpaN5.dll" to "bin\Debug\net8.0\SpaN5.dll". Beginning retry 3 in 1000ms. The process cannot access the file 'C:\Users\DELL\OneDrive\Desktop\Web spa\Long(ThanhToan_DatLich\bin\Debug\net8.0\SpaN5.dll' because it is being used by another process. The file is locked by: ".NET Host (22172)" [C:\Users\DELL\OneDrive\Desktop\Web spa\Long(ThanhToan_DatLich\SpaN5.csproj]
         C:\Program Files\dotnet\sdk\9.0.308\Microsoft.Common.CurrentVersion.targets(4916,5): warning MSB3026: Could not copy "obj\Debug\net8.0\SpaN5.dll" to "bin\Debug\net8.0\SpaN5.dll". Beginning retry 4 in 1000ms. The process cannot access the file 'C:\Users\DELL\OneDrive\Desktop\Web spa\Long(ThanhToan_DatLich\bin\Debug\net8.0\SpaN5.dll' because it is being used by another process. The file is locked by: ".NET Host (22172)" [C:\Users\DELL\OneDrive\Desktop\Web spa\Long(ThanhToan_DatLich\SpaN5.csproj]
         C:\Program Files\dotnet\sdk\9.0.308\Microsoft.Common.CurrentVersion.targets(4916,5): warning MSB3026: Could not copy "obj\Debug\net8.0\SpaN5.dll" to "bin\Debug\net8.0\SpaN5.dll". Beginning retry 5 in 1000ms. The process cannot access the file 'C:\Users\DELL\OneDrive\Desktop\Web spa\Long(ThanhToan_DatLich\bin\Debug\net8.0\SpaN5.dll' because it is being used by another process. The file is locked by: ".NET Host (22172)" [C:\Users\DELL\OneDrive\Desktop\Web spa\Long(ThanhToan_DatLich\SpaN5.csproj]
         C:\Program Files\dotnet\sdk\9.0.308\Microsoft.Common.CurrentVersion.targets(4916,5): warning MSB3026: Could not copy "obj\Debug\net8.0\SpaN5.dll" to "bin\Debug\net8.0\SpaN5.dll". Beginning retry 6 in 1000ms. The process cannot access the file 'C:\Users\DELL\OneDrive\Desktop\Web spa\Long(ThanhToan_DatLich\bin\Debug\net8.0\SpaN5.dll' because it is being used by another process. The file is locked by: ".NET Host (22172)" [C:\Users\DELL\OneDrive\Desktop\Web spa\Long(ThanhToan_DatLich\SpaN5.csproj]
         C:\Program Files\dotnet\sdk\9.0.308\Microsoft.Common.CurrentVersion.targets(4916,5): warning MSB3026: Could not copy "obj\Debug\net8.0\SpaN5.dll" to "bin\Debug\net8.0\SpaN5.dll". Beginning retry 7 in 1000ms. The process cannot access the file 'C:\Users\DELL\OneDrive\Desktop\Web spa\Long(ThanhToan_DatLich\bin\Debug\net8.0\SpaN5.dll' because it is being used by another process. The file is locked by: ".NET Host (22172)" [C:\Users\DELL\OneDrive\Desktop\Web spa\Long(ThanhToan_DatLich\SpaN5.csproj]
         C:\Program Files\dotnet\sdk\9.0.308\Microsoft.Common.CurrentVersion.targets(4916,5): warning MSB3026: Could not copy "obj\Debug\net8.0\SpaN5.dll" to "bin\Debug\net8.0\SpaN5.dll". Beginning retry 8 in 1000ms. The process cannot access the file 'C:\Users\DELL\OneDrive\Desktop\Web spa\Long(ThanhToan_DatLich\bin\Debug\net8.0\SpaN5.dll' because it is being used by another process. The file is locked by: ".NET Host (22172)" [C:\Users\DELL\OneDrive\Desktop\Web spa\Long(ThanhToan_DatLich\SpaN5.csproj]
         C:\Program Files\dotnet\sdk\9.0.308\Microsoft.Common.CurrentVersion.targets(4916,5): warning MSB3026: Could not copy "obj\Debug\net8.0\SpaN5.dll" to "bin\Debug\net8.0\SpaN5.dll". Beginning retry 9 in 1000ms. The process cannot access the file 'C:\Users\DELL\OneDrive\Desktop\Web spa\Long(ThanhToan_DatLich\bin\Debug\net8.0\SpaN5.dll' because it is being used by another process. The file is locked by: ".NET Host (22172)" [C:\Users\DELL\OneDrive\Desktop\Web spa\Long(ThanhToan_DatLich\SpaN5.csproj]
         C:\Program Files\dotnet\sdk\9.0.308\Microsoft.Common.CurrentVersion.targets(4916,5): warning MSB3026: Could not copy "obj\Debug\net8.0\SpaN5.dll" to "bin\Debug\net8.0\SpaN5.dll". Beginning retry 10 in 1000ms. The process cannot access the file 'C:\Users\DELL\OneDrive\Desktop\Web spa\Long(ThanhToan_DatLich\bin\Debug\net8.0\SpaN5.dll' because it is being used by another process. The file is locked by: ".NET Host (22172)" [C:\Users\DELL\OneDrive\Desktop\Web spa\Long(ThanhToan_DatLich\SpaN5.csproj]


       "C:\Users\DELL\OneDrive\Desktop\Web spa\Long(ThanhToan_DatLich\SpaN5.sln" (default target) (1:2) ->
       "C:\Users\DELL\OneDrive\Desktop\Web spa\Long(ThanhToan_DatLich\SpaN5.csproj" (default target) (2:6) ->
       (CopyFilesToOutputDirectory target) -> 
         C:\Program Files\dotnet\sdk\9.0.308\Microsoft.Common.CurrentVersion.targets(4916,5): error MSB3027: Could not copy "obj\Debug\net8.0\SpaN5.dll" to "bin\Debug\net8.0\SpaN5.dll". Exceeded retry count of 10. Failed. The file is locked by: ".NET Host (22172)" [C:\Users\DELL\OneDrive\Desktop\Web spa\Long(ThanhToan_DatLich\SpaN5.csproj]
         C:\Program Files\dotnet\sdk\9.0.308\Microsoft.Common.CurrentVersion.targets(4916,5): error MSB3021: Unable to copy file "obj\Debug\net8.0\SpaN5.dll" to "bin\Debug\net8.0\SpaN5.dll". The process cannot access the file 'C:\Users\DELL\OneDrive\Desktop\Web spa\Long(ThanhToan_DatLich\bin\Debug\net8.0\SpaN5.dll' because it is being used by another process. [C:\Users\DELL\OneDrive\Desktop\Web spa\Long(ThanhToan_DatLich\SpaN5.csproj]

    10 Warning(s)
    2 Error(s)

Time Elapsed 00:00:12.45
