  Determining projects to restore...
  All projects are up-to-date for restore.
C:\Users\DELL\OneDrive\Desktop\Web spa\Long(ThanhToan_DatLich\WEBSPA5-NH-M-5\Views\Booking\Success.cshtml(20,6): error CS0103: The name 'keyframes' does not exist in the current context [C:\Users\DELL\OneDrive\Desktop\Web spa\Long(ThanhToan_DatLich\WEBSPA5-NH-M-5\SpaN5.csproj]
C:\Users\DELL\OneDrive\Desktop\Web spa\Long(ThanhToan_DatLich\WEBSPA5-NH-M-5\Models\StockTransaction.cs(11,25): warning CS8618: Non-nullable property 'Material' must contain a non-null value when exiting constructor. Consider adding the 'required' modifier or declaring the property as nullable. [C:\Users\DELL\OneDrive\Desktop\Web spa\Long(ThanhToan_DatLich\WEBSPA5-NH-M-5\SpaN5.csproj]
C:\Users\DELL\OneDrive\Desktop\Web spa\Long(ThanhToan_DatLich\WEBSPA5-NH-M-5\Models\StockTransaction.cs(13,23): warning CS8618: Non-nullable property 'Type' must contain a non-null value when exiting constructor. Consider adding the 'required' modifier or declaring the property as nullable. [C:\Users\DELL\OneDrive\Desktop\Web spa\Long(ThanhToan_DatLich\WEBSPA5-NH-M-5\SpaN5.csproj]
C:\Users\DELL\OneDrive\Desktop\Web spa\Long(ThanhToan_DatLich\WEBSPA5-NH-M-5\Models\BookingViewModel.cs(14,23): warning CS8618: Non-nullable property 'Date' must contain a non-null value when exiting constructor. Consider adding the 'required' modifier or declaring the property as nullable. [C:\Users\DELL\OneDrive\Desktop\Web spa\Long(ThanhToan_DatLich\WEBSPA5-NH-M-5\SpaN5.csproj]
C:\Users\DELL\OneDrive\Desktop\Web spa\Long(ThanhToan_DatLich\WEBSPA5-NH-M-5\Models\BookingViewModel.cs(17,23): warning CS8618: Non-nullable property 'Time' must contain a non-null value when exiting constructor. Consider adding the 'required' modifier or declaring the property as nullable. [C:\Users\DELL\OneDrive\Desktop\Web spa\Long(ThanhToan_DatLich\WEBSPA5-NH-M-5\SpaN5.csproj]
C:\Users\DELL\OneDrive\Desktop\Web spa\Long(ThanhToan_DatLich\WEBSPA5-NH-M-5\Models\BookingViewModel.cs(20,23): warning CS8618: Non-nullable property 'CustomerName' must contain a non-null value when exiting constructor. Consider adding the 'required' modifier or declaring the property as nullable. [C:\Users\DELL\OneDrive\Desktop\Web spa\Long(ThanhToan_DatLich\WEBSPA5-NH-M-5\SpaN5.csproj]
C:\Users\DELL\OneDrive\Desktop\Web spa\Long(ThanhToan_DatLich\WEBSPA5-NH-M-5\Models\BookingViewModel.cs(24,23): warning CS8618: Non-nullable property 'PhoneNumber' must contain a non-null value when exiting constructor. Consider adding the 'required' modifier or declaring the property as nullable. [C:\Users\DELL\OneDrive\Desktop\Web spa\Long(ThanhToan_DatLich\WEBSPA5-NH-M-5\SpaN5.csproj]
C:\Users\DELL\OneDrive\Desktop\Web spa\Long(ThanhToan_DatLich\WEBSPA5-NH-M-5\Models\Booking.cs(9,23): warning CS8618: Non-nullable property 'BookingCode' must contain a non-null value when exiting constructor. Consider adding the 'required' modifier or declaring the property as nullable. [C:\Users\DELL\OneDrive\Desktop\Web spa\Long(ThanhToan_DatLich\WEBSPA5-NH-M-5\SpaN5.csproj]
C:\Users\DELL\OneDrive\Desktop\Web spa\Long(ThanhToan_DatLich\WEBSPA5-NH-M-5\Models\Booking.cs(12,25): warning CS8618: Non-nullable property 'Customer' must contain a non-null value when exiting constructor. Consider adding the 'required' modifier or declaring the property as nullable. [C:\Users\DELL\OneDrive\Desktop\Web spa\Long(ThanhToan_DatLich\WEBSPA5-NH-M-5\SpaN5.csproj]
C:\Users\DELL\OneDrive\Desktop\Web spa\Long(ThanhToan_DatLich\WEBSPA5-NH-M-5\Models\Booking.cs(15,23): warning CS8618: Non-nullable property 'Branch' must contain a non-null value when exiting constructor. Consider adding the 'required' modifier or declaring the property as nullable. [C:\Users\DELL\OneDrive\Desktop\Web spa\Long(ThanhToan_DatLich\WEBSPA5-NH-M-5\SpaN5.csproj]
C:\Users\DELL\OneDrive\Desktop\Web spa\Long(ThanhToan_DatLich\WEBSPA5-NH-M-5\Models\ServiceCategory.cs(8,27): warning CS8618: Non-nullable property 'Name' must contain a non-null value when exiting constructor. Consider adding the 'required' modifier or declaring the property as nullable. [C:\Users\DELL\OneDrive\Desktop\Web spa\Long(ThanhToan_DatLich\WEBSPA5-NH-M-5\SpaN5.csproj]
C:\Users\DELL\OneDrive\Desktop\Web spa\Long(ThanhToan_DatLich\WEBSPA5-NH-M-5\Models\ServiceMaterial.cs(8,24): warning CS8618: Non-nullable property 'Service' must contain a non-null value when exiting constructor. Consider adding the 'required' modifier or declaring the property as nullable. [C:\Users\DELL\OneDrive\Desktop\Web spa\Long(ThanhToan_DatLich\WEBSPA5-NH-M-5\SpaN5.csproj]
C:\Users\DELL\OneDrive\Desktop\Web spa\Long(ThanhToan_DatLich\WEBSPA5-NH-M-5\Models\ServiceMaterial.cs(11,25): warning CS8618: Non-nullable property 'Material' must contain a non-null value when exiting constructor. Consider adding the 'required' modifier or declaring the property as nullable. [C:\Users\DELL\OneDrive\Desktop\Web spa\Long(ThanhToan_DatLich\WEBSPA5-NH-M-5\SpaN5.csproj]
C:\Users\DELL\OneDrive\Desktop\Web spa\Long(ThanhToan_DatLich\WEBSPA5-NH-M-5\Models\BookingDetail.cs(11,24): warning CS8618: Non-nullable property 'Booking' must contain a non-null value when exiting constructor. Consider adding the 'required' modifier or declaring the property as nullable. [C:\Users\DELL\OneDrive\Desktop\Web spa\Long(ThanhToan_DatLich\WEBSPA5-NH-M-5\SpaN5.csproj]
C:\Users\DELL\OneDrive\Desktop\Web spa\Long(ThanhToan_DatLich\WEBSPA5-NH-M-5\Models\BookingDetail.cs(14,24): warning CS8618: Non-nullable property 'Service' must contain a non-null value when exiting constructor. Consider adding the 'required' modifier or declaring the property as nullable. [C:\Users\DELL\OneDrive\Desktop\Web spa\Long(ThanhToan_DatLich\WEBSPA5-NH-M-5\SpaN5.csproj]
C:\Users\DELL\OneDrive\Desktop\Web spa\Long(ThanhToan_DatLich\WEBSPA5-NH-M-5\Models\Payment.cs(10,24): warning CS8618: Non-nullable property 'Booking' must contain a non-null value when exiting constructor. Consider adding the 'required' modifier or declaring the property as nullable. [C:\Users\DELL\OneDrive\Desktop\Web spa\Long(ThanhToan_DatLich\WEBSPA5-NH-M-5\SpaN5.csproj]
C:\Users\DELL\OneDrive\Desktop\Web spa\Long(ThanhToan_DatLich\WEBSPA5-NH-M-5\Models\Material.cs(10,23): warning CS8618: Non-nullable property 'MaterialName' must contain a non-null value when exiting constructor. Consider adding the 'required' modifier or declaring the property as nullable. [C:\Users\DELL\OneDrive\Desktop\Web spa\Long(ThanhToan_DatLich\WEBSPA5-NH-M-5\SpaN5.csproj]
C:\Users\DELL\OneDrive\Desktop\Web spa\Long(ThanhToan_DatLich\WEBSPA5-NH-M-5\Models\Material.cs(11,23): warning CS8618: Non-nullable property 'Unit' must contain a non-null value when exiting constructor. Consider adding the 'required' modifier or declaring the property as nullable. [C:\Users\DELL\OneDrive\Desktop\Web spa\Long(ThanhToan_DatLich\WEBSPA5-NH-M-5\SpaN5.csproj]
C:\Users\DELL\OneDrive\Desktop\Web spa\Long(ThanhToan_DatLich\WEBSPA5-NH-M-5\Models\Service.cs(10,23): warning CS8618: Non-nullable property 'ServiceName' must contain a non-null value when exiting constructor. Consider adding the 'required' modifier or declaring the property as nullable. [C:\Users\DELL\OneDrive\Desktop\Web spa\Long(ThanhToan_DatLich\WEBSPA5-NH-M-5\SpaN5.csproj]
C:\Users\DELL\OneDrive\Desktop\Web spa\Long(ThanhToan_DatLich\WEBSPA5-NH-M-5\Models\Service.cs(24,32): warning CS8618: Non-nullable property 'Category' must contain a non-null value when exiting constructor. Consider adding the 'required' modifier or declaring the property as nullable. [C:\Users\DELL\OneDrive\Desktop\Web spa\Long(ThanhToan_DatLich\WEBSPA5-NH-M-5\SpaN5.csproj]
C:\Users\DELL\OneDrive\Desktop\Web spa\Long(ThanhToan_DatLich\WEBSPA5-NH-M-5\Models\Customer.cs(7,23): warning CS8618: Non-nullable property 'FullName' must contain a non-null value when exiting constructor. Consider adding the 'required' modifier or declaring the property as nullable. [C:\Users\DELL\OneDrive\Desktop\Web spa\Long(ThanhToan_DatLich\WEBSPA5-NH-M-5\SpaN5.csproj]
C:\Users\DELL\OneDrive\Desktop\Web spa\Long(ThanhToan_DatLich\WEBSPA5-NH-M-5\Models\Customer.cs(8,23): warning CS8618: Non-nullable property 'Phone' must contain a non-null value when exiting constructor. Consider adding the 'required' modifier or declaring the property as nullable. [C:\Users\DELL\OneDrive\Desktop\Web spa\Long(ThanhToan_DatLich\WEBSPA5-NH-M-5\SpaN5.csproj]
C:\Users\DELL\OneDrive\Desktop\Web spa\Long(ThanhToan_DatLich\WEBSPA5-NH-M-5\Controllers\BookingController.cs(96,29): error CS0117: 'BookingDetail' does not contain a definition for 'Price' [C:\Users\DELL\OneDrive\Desktop\Web spa\Long(ThanhToan_DatLich\WEBSPA5-NH-M-5\SpaN5.csproj]
C:\Users\DELL\OneDrive\Desktop\Web spa\Long(ThanhToan_DatLich\WEBSPA5-NH-M-5\Controllers\BookingController.cs(97,29): error CS0117: 'BookingDetail' does not contain a definition for 'Quantity' [C:\Users\DELL\OneDrive\Desktop\Web spa\Long(ThanhToan_DatLich\WEBSPA5-NH-M-5\SpaN5.csproj]
C:\Users\DELL\OneDrive\Desktop\Web spa\Long(ThanhToan_DatLich\WEBSPA5-NH-M-5\Views\Booking\Index.cshtml(111,6): error CS0103: The name 'keyframes' does not exist in the current context [C:\Users\DELL\OneDrive\Desktop\Web spa\Long(ThanhToan_DatLich\WEBSPA5-NH-M-5\SpaN5.csproj]

Build FAILED.

C:\Users\DELL\OneDrive\Desktop\Web spa\Long(ThanhToan_DatLich\WEBSPA5-NH-M-5\Models\StockTransaction.cs(11,25): warning CS8618: Non-nullable property 'Material' must contain a non-null value when exiting constructor. Consider adding the 'required' modifier or declaring the property as nullable. [C:\Users\DELL\OneDrive\Desktop\Web spa\Long(ThanhToan_DatLich\WEBSPA5-NH-M-5\SpaN5.csproj]
C:\Users\DELL\OneDrive\Desktop\Web spa\Long(ThanhToan_DatLich\WEBSPA5-NH-M-5\Models\StockTransaction.cs(13,23): warning CS8618: Non-nullable property 'Type' must contain a non-null value when exiting constructor. Consider adding the 'required' modifier or declaring the property as nullable. [C:\Users\DELL\OneDrive\Desktop\Web spa\Long(ThanhToan_DatLich\WEBSPA5-NH-M-5\SpaN5.csproj]
C:\Users\DELL\OneDrive\Desktop\Web spa\Long(ThanhToan_DatLich\WEBSPA5-NH-M-5\Models\BookingViewModel.cs(14,23): warning CS8618: Non-nullable property 'Date' must contain a non-null value when exiting constructor. Consider adding the 'required' modifier or declaring the property as nullable. [C:\Users\DELL\OneDrive\Desktop\Web spa\Long(ThanhToan_DatLich\WEBSPA5-NH-M-5\SpaN5.csproj]
C:\Users\DELL\OneDrive\Desktop\Web spa\Long(ThanhToan_DatLich\WEBSPA5-NH-M-5\Models\BookingViewModel.cs(17,23): warning CS8618: Non-nullable property 'Time' must contain a non-null value when exiting constructor. Consider adding the 'required' modifier or declaring the property as nullable. [C:\Users\DELL\OneDrive\Desktop\Web spa\Long(ThanhToan_DatLich\WEBSPA5-NH-M-5\SpaN5.csproj]
C:\Users\DELL\OneDrive\Desktop\Web spa\Long(ThanhToan_DatLich\WEBSPA5-NH-M-5\Models\BookingViewModel.cs(20,23): warning CS8618: Non-nullable property 'CustomerName' must contain a non-null value when exiting constructor. Consider adding the 'required' modifier or declaring the property as nullable. [C:\Users\DELL\OneDrive\Desktop\Web spa\Long(ThanhToan_DatLich\WEBSPA5-NH-M-5\SpaN5.csproj]
C:\Users\DELL\OneDrive\Desktop\Web spa\Long(ThanhToan_DatLich\WEBSPA5-NH-M-5\Models\BookingViewModel.cs(24,23): warning CS8618: Non-nullable property 'PhoneNumber' must contain a non-null value when exiting constructor. Consider adding the 'required' modifier or declaring the property as nullable. [C:\Users\DELL\OneDrive\Desktop\Web spa\Long(ThanhToan_DatLich\WEBSPA5-NH-M-5\SpaN5.csproj]
C:\Users\DELL\OneDrive\Desktop\Web spa\Long(ThanhToan_DatLich\WEBSPA5-NH-M-5\Models\Booking.cs(9,23): warning CS8618: Non-nullable property 'BookingCode' must contain a non-null value when exiting constructor. Consider adding the 'required' modifier or declaring the property as nullable. [C:\Users\DELL\OneDrive\Desktop\Web spa\Long(ThanhToan_DatLich\WEBSPA5-NH-M-5\SpaN5.csproj]
C:\Users\DELL\OneDrive\Desktop\Web spa\Long(ThanhToan_DatLich\WEBSPA5-NH-M-5\Models\Booking.cs(12,25): warning CS8618: Non-nullable property 'Customer' must contain a non-null value when exiting constructor. Consider adding the 'required' modifier or declaring the property as nullable. [C:\Users\DELL\OneDrive\Desktop\Web spa\Long(ThanhToan_DatLich\WEBSPA5-NH-M-5\SpaN5.csproj]
C:\Users\DELL\OneDrive\Desktop\Web spa\Long(ThanhToan_DatLich\WEBSPA5-NH-M-5\Models\Booking.cs(15,23): warning CS8618: Non-nullable property 'Branch' must contain a non-null value when exiting constructor. Consider adding the 'required' modifier or declaring the property as nullable. [C:\Users\DELL\OneDrive\Desktop\Web spa\Long(ThanhToan_DatLich\WEBSPA5-NH-M-5\SpaN5.csproj]
C:\Users\DELL\OneDrive\Desktop\Web spa\Long(ThanhToan_DatLich\WEBSPA5-NH-M-5\Models\ServiceCategory.cs(8,27): warning CS8618: Non-nullable property 'Name' must contain a non-null value when exiting constructor. Consider adding the 'required' modifier or declaring the property as nullable. [C:\Users\DELL\OneDrive\Desktop\Web spa\Long(ThanhToan_DatLich\WEBSPA5-NH-M-5\SpaN5.csproj]
C:\Users\DELL\OneDrive\Desktop\Web spa\Long(ThanhToan_DatLich\WEBSPA5-NH-M-5\Models\ServiceMaterial.cs(8,24): warning CS8618: Non-nullable property 'Service' must contain a non-null value when exiting constructor. Consider adding the 'required' modifier or declaring the property as nullable. [C:\Users\DELL\OneDrive\Desktop\Web spa\Long(ThanhToan_DatLich\WEBSPA5-NH-M-5\SpaN5.csproj]
C:\Users\DELL\OneDrive\Desktop\Web spa\Long(ThanhToan_DatLich\WEBSPA5-NH-M-5\Models\ServiceMaterial.cs(11,25): warning CS8618: Non-nullable property 'Material' must contain a non-null value when exiting constructor. Consider adding the 'required' modifier or declaring the property as nullable. [C:\Users\DELL\OneDrive\Desktop\Web spa\Long(ThanhToan_DatLich\WEBSPA5-NH-M-5\SpaN5.csproj]
C:\Users\DELL\OneDrive\Desktop\Web spa\Long(ThanhToan_DatLich\WEBSPA5-NH-M-5\Models\BookingDetail.cs(11,24): warning CS8618: Non-nullable property 'Booking' must contain a non-null value when exiting constructor. Consider adding the 'required' modifier or declaring the property as nullable. [C:\Users\DELL\OneDrive\Desktop\Web spa\Long(ThanhToan_DatLich\WEBSPA5-NH-M-5\SpaN5.csproj]
C:\Users\DELL\OneDrive\Desktop\Web spa\Long(ThanhToan_DatLich\WEBSPA5-NH-M-5\Models\BookingDetail.cs(14,24): warning CS8618: Non-nullable property 'Service' must contain a non-null value when exiting constructor. Consider adding the 'required' modifier or declaring the property as nullable. [C:\Users\DELL\OneDrive\Desktop\Web spa\Long(ThanhToan_DatLich\WEBSPA5-NH-M-5\SpaN5.csproj]
C:\Users\DELL\OneDrive\Desktop\Web spa\Long(ThanhToan_DatLich\WEBSPA5-NH-M-5\Models\Payment.cs(10,24): warning CS8618: Non-nullable property 'Booking' must contain a non-null value when exiting constructor. Consider adding the 'required' modifier or declaring the property as nullable. [C:\Users\DELL\OneDrive\Desktop\Web spa\Long(ThanhToan_DatLich\WEBSPA5-NH-M-5\SpaN5.csproj]
C:\Users\DELL\OneDrive\Desktop\Web spa\Long(ThanhToan_DatLich\WEBSPA5-NH-M-5\Models\Material.cs(10,23): warning CS8618: Non-nullable property 'MaterialName' must contain a non-null value when exiting constructor. Consider adding the 'required' modifier or declaring the property as nullable. [C:\Users\DELL\OneDrive\Desktop\Web spa\Long(ThanhToan_DatLich\WEBSPA5-NH-M-5\SpaN5.csproj]
C:\Users\DELL\OneDrive\Desktop\Web spa\Long(ThanhToan_DatLich\WEBSPA5-NH-M-5\Models\Material.cs(11,23): warning CS8618: Non-nullable property 'Unit' must contain a non-null value when exiting constructor. Consider adding the 'required' modifier or declaring the property as nullable. [C:\Users\DELL\OneDrive\Desktop\Web spa\Long(ThanhToan_DatLich\WEBSPA5-NH-M-5\SpaN5.csproj]
C:\Users\DELL\OneDrive\Desktop\Web spa\Long(ThanhToan_DatLich\WEBSPA5-NH-M-5\Models\Service.cs(10,23): warning CS8618: Non-nullable property 'ServiceName' must contain a non-null value when exiting constructor. Consider adding the 'required' modifier or declaring the property as nullable. [C:\Users\DELL\OneDrive\Desktop\Web spa\Long(ThanhToan_DatLich\WEBSPA5-NH-M-5\SpaN5.csproj]
C:\Users\DELL\OneDrive\Desktop\Web spa\Long(ThanhToan_DatLich\WEBSPA5-NH-M-5\Models\Service.cs(24,32): warning CS8618: Non-nullable property 'Category' must contain a non-null value when exiting constructor. Consider adding the 'required' modifier or declaring the property as nullable. [C:\Users\DELL\OneDrive\Desktop\Web spa\Long(ThanhToan_DatLich\WEBSPA5-NH-M-5\SpaN5.csproj]
C:\Users\DELL\OneDrive\Desktop\Web spa\Long(ThanhToan_DatLich\WEBSPA5-NH-M-5\Models\Customer.cs(7,23): warning CS8618: Non-nullable property 'FullName' must contain a non-null value when exiting constructor. Consider adding the 'required' modifier or declaring the property as nullable. [C:\Users\DELL\OneDrive\Desktop\Web spa\Long(ThanhToan_DatLich\WEBSPA5-NH-M-5\SpaN5.csproj]
C:\Users\DELL\OneDrive\Desktop\Web spa\Long(ThanhToan_DatLich\WEBSPA5-NH-M-5\Models\Customer.cs(8,23): warning CS8618: Non-nullable property 'Phone' must contain a non-null value when exiting constructor. Consider adding the 'required' modifier or declaring the property as nullable. [C:\Users\DELL\OneDrive\Desktop\Web spa\Long(ThanhToan_DatLich\WEBSPA5-NH-M-5\SpaN5.csproj]
C:\Users\DELL\OneDrive\Desktop\Web spa\Long(ThanhToan_DatLich\WEBSPA5-NH-M-5\Views\Booking\Success.cshtml(20,6): error CS0103: The name 'keyframes' does not exist in the current context [C:\Users\DELL\OneDrive\Desktop\Web spa\Long(ThanhToan_DatLich\WEBSPA5-NH-M-5\SpaN5.csproj]
C:\Users\DELL\OneDrive\Desktop\Web spa\Long(ThanhToan_DatLich\WEBSPA5-NH-M-5\Controllers\BookingController.cs(96,29): error CS0117: 'BookingDetail' does not contain a definition for 'Price' [C:\Users\DELL\OneDrive\Desktop\Web spa\Long(ThanhToan_DatLich\WEBSPA5-NH-M-5\SpaN5.csproj]
C:\Users\DELL\OneDrive\Desktop\Web spa\Long(ThanhToan_DatLich\WEBSPA5-NH-M-5\Controllers\BookingController.cs(97,29): error CS0117: 'BookingDetail' does not contain a definition for 'Quantity' [C:\Users\DELL\OneDrive\Desktop\Web spa\Long(ThanhToan_DatLich\WEBSPA5-NH-M-5\SpaN5.csproj]
C:\Users\DELL\OneDrive\Desktop\Web spa\Long(ThanhToan_DatLich\WEBSPA5-NH-M-5\Views\Booking\Index.cshtml(111,6): error CS0103: The name 'keyframes' does not exist in the current context [C:\Users\DELL\OneDrive\Desktop\Web spa\Long(ThanhToan_DatLich\WEBSPA5-NH-M-5\SpaN5.csproj]
    21 Warning(s)
    4 Error(s)

Time Elapsed 00:00:02.16
