  Determining projects to restore...
  All projects are up-to-date for restore.
C:\Users\DELL\OneDrive\Desktop\Web spa\Long(ThanhToan_DatLich\Controllers\StaffController.cs(68,42): warning CS1998: This async method lacks 'await' operators and will run synchronously. Consider using the 'await' operator to await non-blocking API calls, or 'await Task.Run(...)' to do CPU-bound work on a background thread. [C:\Users\DELL\OneDrive\Desktop\Web spa\Long(ThanhToan_DatLich\SpaN5.csproj]
C:\Users\DELL\OneDrive\Desktop\Web spa\Long(ThanhToan_DatLich\Models\ServiceMaterial.cs(8,24): warning CS8618: Non-nullable property 'Service' must contain a non-null value when exiting constructor. Consider adding the 'required' modifier or declaring the property as nullable. [C:\Users\DELL\OneDrive\Desktop\Web spa\Long(ThanhToan_DatLich\SpaN5.csproj]
C:\Users\DELL\OneDrive\Desktop\Web spa\Long(ThanhToan_DatLich\Models\ServiceMaterial.cs(11,25): warning CS8618: Non-nullable property 'Material' must contain a non-null value when exiting constructor. Consider adding the 'required' modifier or declaring the property as nullable. [C:\Users\DELL\OneDrive\Desktop\Web spa\Long(ThanhToan_DatLich\SpaN5.csproj]
C:\Users\DELL\OneDrive\Desktop\Web spa\Long(ThanhToan_DatLich\Models\Service.cs(10,23): warning CS8618: Non-nullable property 'ServiceName' must contain a non-null value when exiting constructor. Consider adding the 'required' modifier or declaring the property as nullable. [C:\Users\DELL\OneDrive\Desktop\Web spa\Long(ThanhToan_DatLich\SpaN5.csproj]
C:\Users\DELL\OneDrive\Desktop\Web spa\Long(ThanhToan_DatLich\Models\Service.cs(27,32): warning CS8618: Non-nullable property 'Category' must contain a non-null value when exiting constructor. Consider adding the 'required' modifier or declaring the property as nullable. [C:\Users\DELL\OneDrive\Desktop\Web spa\Long(ThanhToan_DatLich\SpaN5.csproj]
C:\Users\DELL\OneDrive\Desktop\Web spa\Long(ThanhToan_DatLich\Models\Review.cs(11,24): warning CS8618: Non-nullable property 'Service' must contain a non-null value when exiting constructor. Consider adding the 'required' modifier or declaring the property as nullable. [C:\Users\DELL\OneDrive\Desktop\Web spa\Long(ThanhToan_DatLich\SpaN5.csproj]
C:\Users\DELL\OneDrive\Desktop\Web spa\Long(ThanhToan_DatLich\Models\Review.cs(14,25): warning CS8618: Non-nullable property 'Customer' must contain a non-null value when exiting constructor. Consider adding the 'required' modifier or declaring the property as nullable. [C:\Users\DELL\OneDrive\Desktop\Web spa\Long(ThanhToan_DatLich\SpaN5.csproj]
C:\Users\DELL\OneDrive\Desktop\Web spa\Long(ThanhToan_DatLich\Models\Payment.cs(10,24): warning CS8618: Non-nullable property 'Booking' must contain a non-null value when exiting constructor. Consider adding the 'required' modifier or declaring the property as nullable. [C:\Users\DELL\OneDrive\Desktop\Web spa\Long(ThanhToan_DatLich\SpaN5.csproj]
C:\Users\DELL\OneDrive\Desktop\Web spa\Long(ThanhToan_DatLich\Models\Material.cs(10,23): warning CS8618: Non-nullable property 'MaterialName' must contain a non-null value when exiting constructor. Consider adding the 'required' modifier or declaring the property as nullable. [C:\Users\DELL\OneDrive\Desktop\Web spa\Long(ThanhToan_DatLich\SpaN5.csproj]
C:\Users\DELL\OneDrive\Desktop\Web spa\Long(ThanhToan_DatLich\Models\Material.cs(11,23): warning CS8618: Non-nullable property 'Unit' must contain a non-null value when exiting constructor. Consider adding the 'required' modifier or declaring the property as nullable. [C:\Users\DELL\OneDrive\Desktop\Web spa\Long(ThanhToan_DatLich\SpaN5.csproj]
C:\Users\DELL\OneDrive\Desktop\Web spa\Long(ThanhToan_DatLich\Models\Feedback.cs(12,23): warning CS8618: Non-nullable property 'CustomerName' must contain a non-null value when exiting constructor. Consider adding the 'required' modifier or declaring the property as nullable. [C:\Users\DELL\OneDrive\Desktop\Web spa\Long(ThanhToan_DatLich\SpaN5.csproj]
C:\Users\DELL\OneDrive\Desktop\Web spa\Long(ThanhToan_DatLich\Models\ContactViewModel.cs(5,23): warning CS8618: Non-nullable property 'FullName' must contain a non-null value when exiting constructor. Consider adding the 'required' modifier or declaring the property as nullable. [C:\Users\DELL\OneDrive\Desktop\Web spa\Long(ThanhToan_DatLich\SpaN5.csproj]
C:\Users\DELL\OneDrive\Desktop\Web spa\Long(ThanhToan_DatLich\Models\ContactViewModel.cs(6,23): warning CS8618: Non-nullable property 'Phone' must contain a non-null value when exiting constructor. Consider adding the 'required' modifier or declaring the property as nullable. [C:\Users\DELL\OneDrive\Desktop\Web spa\Long(ThanhToan_DatLich\SpaN5.csproj]
C:\Users\DELL\OneDrive\Desktop\Web spa\Long(ThanhToan_DatLich\Models\ContactViewModel.cs(7,23): warning CS8618: Non-nullable property 'Email' must contain a non-null value when exiting constructor. Consider adding the 'required' modifier or declaring the property as nullable. [C:\Users\DELL\OneDrive\Desktop\Web spa\Long(ThanhToan_DatLich\SpaN5.csproj]
C:\Users\DELL\OneDrive\Desktop\Web spa\Long(ThanhToan_DatLich\Models\ContactViewModel.cs(8,23): warning CS8618: Non-nullable property 'Message' must contain a non-null value when exiting constructor. Consider adding the 'required' modifier or declaring the property as nullable. [C:\Users\DELL\OneDrive\Desktop\Web spa\Long(ThanhToan_DatLich\SpaN5.csproj]
C:\Users\DELL\OneDrive\Desktop\Web spa\Long(ThanhToan_DatLich\Models\Booking.cs(9,23): warning CS8618: Non-nullable property 'BookingCode' must contain a non-null value when exiting constructor. Consider adding the 'required' modifier or declaring the property as nullable. [C:\Users\DELL\OneDrive\Desktop\Web spa\Long(ThanhToan_DatLich\SpaN5.csproj]
C:\Users\DELL\OneDrive\Desktop\Web spa\Long(ThanhToan_DatLich\Models\Booking.cs(12,25): warning CS8618: Non-nullable property 'Customer' must contain a non-null value when exiting constructor. Consider adding the 'required' modifier or declaring the property as nullable. [C:\Users\DELL\OneDrive\Desktop\Web spa\Long(ThanhToan_DatLich\SpaN5.csproj]
C:\Users\DELL\OneDrive\Desktop\Web spa\Long(ThanhToan_DatLich\Models\Booking.cs(15,23): warning CS8618: Non-nullable property 'Branch' must contain a non-null value when exiting constructor. Consider adding the 'required' modifier or declaring the property as nullable. [C:\Users\DELL\OneDrive\Desktop\Web spa\Long(ThanhToan_DatLich\SpaN5.csproj]
C:\Users\DELL\OneDrive\Desktop\Web spa\Long(ThanhToan_DatLich\Areas\Staff\Views\Shared\_StaffLayout.cshtml(274,10): error CS0103: The name 'media' does not exist in the current context [C:\Users\DELL\OneDrive\Desktop\Web spa\Long(ThanhToan_DatLich\SpaN5.csproj]
C:\Users\DELL\OneDrive\Desktop\Web spa\Long(ThanhToan_DatLich\Controllers\AccountController.cs(191,30): warning CS8601: Possible null reference assignment. [C:\Users\DELL\OneDrive\Desktop\Web spa\Long(ThanhToan_DatLich\SpaN5.csproj]
C:\Users\DELL\OneDrive\Desktop\Web spa\Long(ThanhToan_DatLich\Controllers\BookingController.cs(204,72): warning CS8602: Dereference of a possibly null reference. [C:\Users\DELL\OneDrive\Desktop\Web spa\Long(ThanhToan_DatLich\SpaN5.csproj]
C:\Users\DELL\OneDrive\Desktop\Web spa\Long(ThanhToan_DatLich\Controllers\AdminController.cs(356,39): warning CS8602: Dereference of a possibly null reference. [C:\Users\DELL\OneDrive\Desktop\Web spa\Long(ThanhToan_DatLich\SpaN5.csproj]
C:\Users\DELL\OneDrive\Desktop\Web spa\Long(ThanhToan_DatLich\Views\Admin\CreateStockTransaction.cshtml(15,36): warning CS8602: Dereference of a possibly null reference. [C:\Users\DELL\OneDrive\Desktop\Web spa\Long(ThanhToan_DatLich\SpaN5.csproj]
C:\Users\DELL\OneDrive\Desktop\Web spa\Long(ThanhToan_DatLich\Controllers\HomeController.cs(82,34): warning CS8604: Possible null reference argument for parameter 'localUrl' in 'LocalRedirectResult ControllerBase.LocalRedirect(string localUrl)'. [C:\Users\DELL\OneDrive\Desktop\Web spa\Long(ThanhToan_DatLich\SpaN5.csproj]
C:\Users\DELL\OneDrive\Desktop\Web spa\Long(ThanhToan_DatLich\Views\Booking\Calendar.cshtml(30,46): warning CS8604: Possible null reference argument for parameter 'source' in 'IEnumerable<<anonymous type: dynamic title, dynamic start, dynamic end, string color, <anonymous type: dynamic status, dynamic code, dynamic branch, dynamic total> extendedProps>> Enumerable.Select<dynamic, <anonymous type: dynamic title, dynamic start, dynamic end, string color, <anonymous type: dynamic status, dynamic code, dynamic branch, dynamic total> extendedProps>>(IEnumerable<dynamic> source, Func<dynamic, <anonymous type: dynamic title, dynamic start, dynamic end, string color, <anonymous type: dynamic status, dynamic code, dynamic branch, dynamic total> extendedProps>> selector)'. [C:\Users\DELL\OneDrive\Desktop\Web spa\Long(ThanhToan_DatLich\SpaN5.csproj]
C:\Users\DELL\OneDrive\Desktop\Web spa\Long(ThanhToan_DatLich\Views\Services\Details.cshtml(139,15): warning CS8602: Dereference of a possibly null reference. [C:\Users\DELL\OneDrive\Desktop\Web spa\Long(ThanhToan_DatLich\SpaN5.csproj]
C:\Users\DELL\OneDrive\Desktop\Web spa\Long(ThanhToan_DatLich\Controllers\AdminController.cs(853,26): warning CS8602: Dereference of a possibly null reference. [C:\Users\DELL\OneDrive\Desktop\Web spa\Long(ThanhToan_DatLich\SpaN5.csproj]
C:\Users\DELL\OneDrive\Desktop\Web spa\Long(ThanhToan_DatLich\Controllers\AdminController.cs(848,34): warning CS1998: This async method lacks 'await' operators and will run synchronously. Consider using the 'await' operator to await non-blocking API calls, or 'await Task.Run(...)' to do CPU-bound work on a background thread. [C:\Users\DELL\OneDrive\Desktop\Web spa\Long(ThanhToan_DatLich\SpaN5.csproj]
C:\Users\DELL\OneDrive\Desktop\Web spa\Long(ThanhToan_DatLich\Controllers\AdminController.cs(904,26): warning CS8602: Dereference of a possibly null reference. [C:\Users\DELL\OneDrive\Desktop\Web spa\Long(ThanhToan_DatLich\SpaN5.csproj]
C:\Users\DELL\OneDrive\Desktop\Web spa\Long(ThanhToan_DatLich\Controllers\AdminController.cs(888,34): warning CS1998: This async method lacks 'await' operators and will run synchronously. Consider using the 'await' operator to await non-blocking API calls, or 'await Task.Run(...)' to do CPU-bound work on a background thread. [C:\Users\DELL\OneDrive\Desktop\Web spa\Long(ThanhToan_DatLich\SpaN5.csproj]

Build FAILED.

C:\Users\DELL\OneDrive\Desktop\Web spa\Long(ThanhToan_DatLich\Controllers\StaffController.cs(68,42): warning CS1998: This async method lacks 'await' operators and will run synchronously. Consider using the 'await' operator to await non-blocking API calls, or 'await Task.Run(...)' to do CPU-bound work on a background thread. [C:\Users\DELL\OneDrive\Desktop\Web spa\Long(ThanhToan_DatLich\SpaN5.csproj]
C:\Users\DELL\OneDrive\Desktop\Web spa\Long(ThanhToan_DatLich\Models\ServiceMaterial.cs(8,24): warning CS8618: Non-nullable property 'Service' must contain a non-null value when exiting constructor. Consider adding the 'required' modifier or declaring the property as nullable. [C:\Users\DELL\OneDrive\Desktop\Web spa\Long(ThanhToan_DatLich\SpaN5.csproj]
C:\Users\DELL\OneDrive\Desktop\Web spa\Long(ThanhToan_DatLich\Models\ServiceMaterial.cs(11,25): warning CS8618: Non-nullable property 'Material' must contain a non-null value when exiting constructor. Consider adding the 'required' modifier or declaring the property as nullable. [C:\Users\DELL\OneDrive\Desktop\Web spa\Long(ThanhToan_DatLich\SpaN5.csproj]
C:\Users\DELL\OneDrive\Desktop\Web spa\Long(ThanhToan_DatLich\Models\Service.cs(10,23): warning CS8618: Non-nullable property 'ServiceName' must contain a non-null value when exiting constructor. Consider adding the 'required' modifier or declaring the property as nullable. [C:\Users\DELL\OneDrive\Desktop\Web spa\Long(ThanhToan_DatLich\SpaN5.csproj]
C:\Users\DELL\OneDrive\Desktop\Web spa\Long(ThanhToan_DatLich\Models\Service.cs(27,32): warning CS8618: Non-nullable property 'Category' must contain a non-null value when exiting constructor. Consider adding the 'required' modifier or declaring the property as nullable. [C:\Users\DELL\OneDrive\Desktop\Web spa\Long(ThanhToan_DatLich\SpaN5.csproj]
C:\Users\DELL\OneDrive\Desktop\Web spa\Long(ThanhToan_DatLich\Models\Review.cs(11,24): warning CS8618: Non-nullable property 'Service' must contain a non-null value when exiting constructor. Consider adding the 'required' modifier or declaring the property as nullable. [C:\Users\DELL\OneDrive\Desktop\Web spa\Long(ThanhToan_DatLich\SpaN5.csproj]
C:\Users\DELL\OneDrive\Desktop\Web spa\Long(ThanhToan_DatLich\Models\Review.cs(14,25): warning CS8618: Non-nullable property 'Customer' must contain a non-null value when exiting constructor. Consider adding the 'required' modifier or declaring the property as nullable. [C:\Users\DELL\OneDrive\Desktop\Web spa\Long(ThanhToan_DatLich\SpaN5.csproj]
C:\Users\DELL\OneDrive\Desktop\Web spa\Long(ThanhToan_DatLich\Models\Payment.cs(10,24): warning CS8618: Non-nullable property 'Booking' must contain a non-null value when exiting constructor. Consider adding the 'required' modifier or declaring the property as nullable. [C:\Users\DELL\OneDrive\Desktop\Web spa\Long(ThanhToan_DatLich\SpaN5.csproj]
C:\Users\DELL\OneDrive\Desktop\Web spa\Long(ThanhToan_DatLich\Models\Material.cs(10,23): warning CS8618: Non-nullable property 'MaterialName' must contain a non-null value when exiting constructor. Consider adding the 'required' modifier or declaring the property as nullable. [C:\Users\DELL\OneDrive\Desktop\Web spa\Long(ThanhToan_DatLich\SpaN5.csproj]
C:\Users\DELL\OneDrive\Desktop\Web spa\Long(ThanhToan_DatLich\Models\Material.cs(11,23): warning CS8618: Non-nullable property 'Unit' must contain a non-null value when exiting constructor. Consider adding the 'required' modifier or declaring the property as nullable. [C:\Users\DELL\OneDrive\Desktop\Web spa\Long(ThanhToan_DatLich\SpaN5.csproj]
C:\Users\DELL\OneDrive\Desktop\Web spa\Long(ThanhToan_DatLich\Models\Feedback.cs(12,23): warning CS8618: Non-nullable property 'CustomerName' must contain a non-null value when exiting constructor. Consider adding the 'required' modifier or declaring the property as nullable. [C:\Users\DELL\OneDrive\Desktop\Web spa\Long(ThanhToan_DatLich\SpaN5.csproj]
C:\Users\DELL\OneDrive\Desktop\Web spa\Long(ThanhToan_DatLich\Models\ContactViewModel.cs(5,23): warning CS8618: Non-nullable property 'FullName' must contain a non-null value when exiting constructor. Consider adding the 'required' modifier or declaring the property as nullable. [C:\Users\DELL\OneDrive\Desktop\Web spa\Long(ThanhToan_DatLich\SpaN5.csproj]
C:\Users\DELL\OneDrive\Desktop\Web spa\Long(ThanhToan_DatLich\Models\ContactViewModel.cs(6,23): warning CS8618: Non-nullable property 'Phone' must contain a non-null value when exiting constructor. Consider adding the 'required' modifier or declaring the property as nullable. [C:\Users\DELL\OneDrive\Desktop\Web spa\Long(ThanhToan_DatLich\SpaN5.csproj]
C:\Users\DELL\OneDrive\Desktop\Web spa\Long(ThanhToan_DatLich\Models\ContactViewModel.cs(7,23): warning CS8618: Non-nullable property 'Email' must contain a non-null value when exiting constructor. Consider adding the 'required' modifier or declaring the property as nullable. [C:\Users\DELL\OneDrive\Desktop\Web spa\Long(ThanhToan_DatLich\SpaN5.csproj]
C:\Users\DELL\OneDrive\Desktop\Web spa\Long(ThanhToan_DatLich\Models\ContactViewModel.cs(8,23): warning CS8618: Non-nullable property 'Message' must contain a non-null value when exiting constructor. Consider adding the 'required' modifier or declaring the property as nullable. [C:\Users\DELL\OneDrive\Desktop\Web spa\Long(ThanhToan_DatLich\SpaN5.csproj]
C:\Users\DELL\OneDrive\Desktop\Web spa\Long(ThanhToan_DatLich\Models\Booking.cs(9,23): warning CS8618: Non-nullable property 'BookingCode' must contain a non-null value when exiting constructor. Consider adding the 'required' modifier or declaring the property as nullable. [C:\Users\DELL\OneDrive\Desktop\Web spa\Long(ThanhToan_DatLich\SpaN5.csproj]
C:\Users\DELL\OneDrive\Desktop\Web spa\Long(ThanhToan_DatLich\Models\Booking.cs(12,25): warning CS8618: Non-nullable property 'Customer' must contain a non-null value when exiting constructor. Consider adding the 'required' modifier or declaring the property as nullable. [C:\Users\DELL\OneDrive\Desktop\Web spa\Long(ThanhToan_DatLich\SpaN5.csproj]
C:\Users\DELL\OneDrive\Desktop\Web spa\Long(ThanhToan_DatLich\Models\Booking.cs(15,23): warning CS8618: Non-nullable property 'Branch' must contain a non-null value when exiting constructor. Consider adding the 'required' modifier or declaring the property as nullable. [C:\Users\DELL\OneDrive\Desktop\Web spa\Long(ThanhToan_DatLich\SpaN5.csproj]
C:\Users\DELL\OneDrive\Desktop\Web spa\Long(ThanhToan_DatLich\Controllers\AccountController.cs(191,30): warning CS8601: Possible null reference assignment. [C:\Users\DELL\OneDrive\Desktop\Web spa\Long(ThanhToan_DatLich\SpaN5.csproj]
C:\Users\DELL\OneDrive\Desktop\Web spa\Long(ThanhToan_DatLich\Controllers\BookingController.cs(204,72): warning CS8602: Dereference of a possibly null reference. [C:\Users\DELL\OneDrive\Desktop\Web spa\Long(ThanhToan_DatLich\SpaN5.csproj]
C:\Users\DELL\OneDrive\Desktop\Web spa\Long(ThanhToan_DatLich\Controllers\AdminController.cs(356,39): warning CS8602: Dereference of a possibly null reference. [C:\Users\DELL\OneDrive\Desktop\Web spa\Long(ThanhToan_DatLich\SpaN5.csproj]
C:\Users\DELL\OneDrive\Desktop\Web spa\Long(ThanhToan_DatLich\Views\Admin\CreateStockTransaction.cshtml(15,36): warning CS8602: Dereference of a possibly null reference. [C:\Users\DELL\OneDrive\Desktop\Web spa\Long(ThanhToan_DatLich\SpaN5.csproj]
C:\Users\DELL\OneDrive\Desktop\Web spa\Long(ThanhToan_DatLich\Controllers\HomeController.cs(82,34): warning CS8604: Possible null reference argument for parameter 'localUrl' in 'LocalRedirectResult ControllerBase.LocalRedirect(string localUrl)'. [C:\Users\DELL\OneDrive\Desktop\Web spa\Long(ThanhToan_DatLich\SpaN5.csproj]
C:\Users\DELL\OneDrive\Desktop\Web spa\Long(ThanhToan_DatLich\Views\Booking\Calendar.cshtml(30,46): warning CS8604: Possible null reference argument for parameter 'source' in 'IEnumerable<<anonymous type: dynamic title, dynamic start, dynamic end, string color, <anonymous type: dynamic status, dynamic code, dynamic branch, dynamic total> extendedProps>> Enumerable.Select<dynamic, <anonymous type: dynamic title, dynamic start, dynamic end, string color, <anonymous type: dynamic status, dynamic code, dynamic branch, dynamic total> extendedProps>>(IEnumerable<dynamic> source, Func<dynamic, <anonymous type: dynamic title, dynamic start, dynamic end, string color, <anonymous type: dynamic status, dynamic code, dynamic branch, dynamic total> extendedProps>> selector)'. [C:\Users\DELL\OneDrive\Desktop\Web spa\Long(ThanhToan_DatLich\SpaN5.csproj]
C:\Users\DELL\OneDrive\Desktop\Web spa\Long(ThanhToan_DatLich\Views\Services\Details.cshtml(139,15): warning CS8602: Dereference of a possibly null reference. [C:\Users\DELL\OneDrive\Desktop\Web spa\Long(ThanhToan_DatLich\SpaN5.csproj]
C:\Users\DELL\OneDrive\Desktop\Web spa\Long(ThanhToan_DatLich\Controllers\AdminController.cs(853,26): warning CS8602: Dereference of a possibly null reference. [C:\Users\DELL\OneDrive\Desktop\Web spa\Long(ThanhToan_DatLich\SpaN5.csproj]
C:\Users\DELL\OneDrive\Desktop\Web spa\Long(ThanhToan_DatLich\Controllers\AdminController.cs(848,34): warning CS1998: This async method lacks 'await' operators and will run synchronously. Consider using the 'await' operator to await non-blocking API calls, or 'await Task.Run(...)' to do CPU-bound work on a background thread. [C:\Users\DELL\OneDrive\Desktop\Web spa\Long(ThanhToan_DatLich\SpaN5.csproj]
C:\Users\DELL\OneDrive\Desktop\Web spa\Long(ThanhToan_DatLich\Controllers\AdminController.cs(904,26): warning CS8602: Dereference of a possibly null reference. [C:\Users\DELL\OneDrive\Desktop\Web spa\Long(ThanhToan_DatLich\SpaN5.csproj]
C:\Users\DELL\OneDrive\Desktop\Web spa\Long(ThanhToan_DatLich\Controllers\AdminController.cs(888,34): warning CS1998: This async method lacks 'await' operators and will run synchronously. Consider using the 'await' operator to await non-blocking API calls, or 'await Task.Run(...)' to do CPU-bound work on a background thread. [C:\Users\DELL\OneDrive\Desktop\Web spa\Long(ThanhToan_DatLich\SpaN5.csproj]
C:\Users\DELL\OneDrive\Desktop\Web spa\Long(ThanhToan_DatLich\Areas\Staff\Views\Shared\_StaffLayout.cshtml(274,10): error CS0103: The name 'media' does not exist in the current context [C:\Users\DELL\OneDrive\Desktop\Web spa\Long(ThanhToan_DatLich\SpaN5.csproj]
    29 Warning(s)
    1 Error(s)

Time Elapsed 00:00:07.65
